Archive member included to satisfy reference by file (symbol)

obj_cooja/mtype101.a(simEnvChange.o)
                              obj_cooja/mtype101.o (simDontFallAsleep)
obj_cooja/mtype101.a(cooja_mt.o)
                              obj_cooja/mtype101.o (cooja_mt_start)
obj_cooja/mtype101.a(cooja_mtarch.o)
                              obj_cooja/mtype101.a(cooja_mt.o) (cooja_mtarch_start)
obj_cooja/mtype101.a(rtimer-arch.o)
                              obj_cooja/mtype101.o (rtimer_arch_check)
obj_cooja/mtype101.a(beep.o)  obj_cooja/mtype101.o (beep_interface)
obj_cooja/mtype101.a(button-sensor.o)
                              obj_cooja/mtype101.o (button_interface)
obj_cooja/mtype101.a(leds-arch.o)
                              obj_cooja/mtype101.o (leds_interface)
obj_cooja/mtype101.a(moteid.o)
                              obj_cooja/mtype101.o (moteid_interface)
obj_cooja/mtype101.a(pir-sensor.o)
                              obj_cooja/mtype101.o (pir_interface)
obj_cooja/mtype101.a(rs232.o)
                              obj_cooja/mtype101.o (rs232_interface)
obj_cooja/mtype101.a(vib-sensor.o)
                              obj_cooja/mtype101.o (vib_interface)
obj_cooja/mtype101.a(clock.o)
                              obj_cooja/mtype101.o (clock_interface)
obj_cooja/mtype101.a(cooja-log.o)
                              obj_cooja/mtype101.o (simlog_interface)
obj_cooja/mtype101.a(cfs-cooja.o)
                              obj_cooja/mtype101.o (cfs_interface)
obj_cooja/mtype101.a(cooja-radio.o)
                              obj_cooja/mtype101.o (radio_interface)
obj_cooja/mtype101.a(eeprom.o)
                              obj_cooja/mtype101.o (eeprom_interface)
obj_cooja/mtype101.a(random.o)
                              obj_cooja/mtype101.a(moteid.o) (random_init)
obj_cooja/mtype101.a(sensors.o)
                              obj_cooja/mtype101.a(button-sensor.o) (sensors_changed)
obj_cooja/mtype101.a(leds.o)  mqtt-demo.o (leds_on)
obj_cooja/mtype101.a(mqtt.o)  mqtt-demo.o (mqtt_disconnect)
obj_cooja/mtype101.a(contiki-main.o)
                              obj_cooja/mtype101.o (main)
obj_cooja/mtype101.a(autostart.o)
                              obj_cooja/mtype101.a(contiki-main.o) (autostart_start)
obj_cooja/mtype101.a(ctimer.o)
                              obj_cooja/mtype101.a(contiki-main.o) (ctimer_init)
obj_cooja/mtype101.a(energest.o)
                              obj_cooja/mtype101.a(contiki-main.o) (energest_init)
obj_cooja/mtype101.a(etimer.o)
                              obj_cooja/mtype101.a(contiki-main.o) (etimer_process)
obj_cooja/mtype101.a(log.o)   obj_cooja/mtype101.a(contiki-main.o) (curr_log_level_main)
obj_cooja/mtype101.a(process.o)
                              obj_cooja/mtype101.a(mqtt.o) (process_current)
obj_cooja/mtype101.a(rtimer.o)
                              obj_cooja/mtype101.a(contiki-main.o) (rtimer_init)
obj_cooja/mtype101.a(node-id.o)
                              obj_cooja/mtype101.a(contiki-main.o) (node_id)
obj_cooja/mtype101.a(timer.o)
                              mqtt-demo.o (timer_set)
obj_cooja/mtype101.a(serial-line.o)
                              obj_cooja/mtype101.a(rs232.o) (serial_line_input_byte)
obj_cooja/mtype101.a(list.o)  obj_cooja/mtype101.a(mqtt.o) (list_init)
obj_cooja/mtype101.a(ringbuf.o)
                              obj_cooja/mtype101.a(serial-line.o) (ringbuf_init)
obj_cooja/mtype101.a(packetbuf.o)
                              obj_cooja/mtype101.a(cooja-radio.o) (packetbuf_clear)
obj_cooja/mtype101.a(netstack.o)
                              obj_cooja/mtype101.a(contiki-main.o) (netstack_init)
obj_cooja/mtype101.a(linkaddr.o)
                              mqtt-demo.o (linkaddr_node_addr)
obj_cooja/mtype101.a(csma.o)  obj_cooja/mtype101.a(cooja-radio.o) (csma_driver)
obj_cooja/mtype101.a(csma-output.o)
                              obj_cooja/mtype101.a(csma.o) (csma_output_packet)
obj_cooja/mtype101.a(uip-ds6.o)
                              obj_cooja/mtype101.a(contiki-main.o) (uip_ds6_get_link_local)
obj_cooja/mtype101.a(tcp-socket.o)
                              obj_cooja/mtype101.a(mqtt.o) (tcp_socket_register)
obj_cooja/mtype101.a(tcpip.o)
                              obj_cooja/mtype101.a(tcp-socket.o) (tcpip_event)
obj_cooja/mtype101.a(uip-ds6-route.o)
                              obj_cooja/mtype101.a(uip-ds6.o) (uip_ds6_route_init)
obj_cooja/mtype101.a(uip6.o)  obj_cooja/mtype101.a(contiki-main.o) (uip_lladdr)
obj_cooja/mtype101.a(uip-ds6-nbr.o)
                              obj_cooja/mtype101.a(uip-ds6.o) (uip_ds6_neighbors_init)
obj_cooja/mtype101.a(uip-nd6.o)
                              obj_cooja/mtype101.a(uip6.o) (uip_nd6_init)
obj_cooja/mtype101.a(sicslowpan.o)
                              obj_cooja/mtype101.a(contiki-main.o) (sicslowpan_driver)
obj_cooja/mtype101.a(uiplib.o)
                              obj_cooja/mtype101.a(mqtt.o) (uiplib_ip6addrconv)
[...]
Memory Configuration

Name             Origin             Length             Attributes
*default*        0x0000000000000000 0xffffffffffffffff

Linker script and memory map

LOAD /usr/lib/gcc/i686-linux-gnu/5/../../../i386-linux-gnu/crti.o
LOAD /usr/lib/gcc/i686-linux-gnu/5/crtbeginS.o
LOAD mqtt-demo.o
LOAD obj_cooja/mtype101.o
LOAD obj_cooja/mtype101.a
LOAD /usr/lib/gcc/i686-linux-gnu/5/libgcc.a
LOAD /usr/lib/gcc/i686-linux-gnu/5/libgcc_s.so
LOAD /usr/lib/gcc/i686-linux-gnu/5/../../../i386-linux-gnu/libc.so
START GROUP
LOAD /lib/i386-linux-gnu/libc.so.6
LOAD /usr/lib/i386-linux-gnu/libc_nonshared.a
LOAD /lib/i386-linux-gnu/ld-linux.so.2
END GROUP
LOAD /usr/lib/gcc/i686-linux-gnu/5/libgcc.a
LOAD /usr/lib/gcc/i686-linux-gnu/5/libgcc_s.so
LOAD /usr/lib/gcc/i686-linux-gnu/5/crtendS.o
LOAD /usr/lib/gcc/i686-linux-gnu/5/../../../i386-linux-gnu/crtn.o
                0x0000000000000114                . = (0x0 + SIZEOF_HEADERS)

.note.gnu.build-id
                0x0000000000000114       0x24
 *(.note.gnu.build-id)
 .note.gnu.build-id
                0x0000000000000114       0x24 /usr/lib/gcc/i686-linux-gnu/5/../../../i386-linux-gnu/crti.o

.hash
 *(.hash)

.gnu.hash       0x0000000000000138     0x13c8
 *(.gnu.hash)
 .gnu.hash      0x0000000000000138     0x13c8 /usr/lib/gcc/i686-linux-gnu/5/../../../i386-linux-gnu/crti.o

.dynsym         0x0000000000001500     0x2770
 *(.dynsym)
 .dynsym        0x0000000000001500     0x2770 /usr/lib/gcc/i686-linux-gnu/5/../../../i386-linux-gnu/crti.o

.dynstr         0x0000000000003c70     0x2ade
 *(.dynstr)
 .dynstr        0x0000000000003c70     0x2ade /usr/lib/gcc/i686-linux-gnu/5/../../../i386-linux-gnu/crti.o

.gnu.version    0x000000000000674e      0x4ee
 *(.gnu.version)
 .gnu.version   0x000000000000674e      0x4ee /usr/lib/gcc/i686-linux-gnu/5/../../../i386-linux-gnu/crti.o

.gnu.version_d  0x0000000000006c3c        0x0
 *(.gnu.version_d)
 .gnu.version_d
                0x0000000000006c3c        0x0 /usr/lib/gcc/i686-linux-gnu/5/../../../i386-linux-gnu/crti.o

.gnu.version_r  0x0000000000006c3c       0x40
 *(.gnu.version_r)
 .gnu.version_r
                0x0000000000006c3c       0x40 /usr/lib/gcc/i686-linux-gnu/5/../../../i386-linux-gnu/crti.o

.rel.dyn        0x0000000000006c7c     0xa200
 *(.rel.init)
 .rel.init      0x0000000000006c7c        0x0 /usr/lib/gcc/i686-linux-gnu/5/../../../i386-linux-gnu/crti.o
 *(.rel.text .rel.text.* .rel.gnu.linkonce.t.*)
 .rel.text      0x0000000000006c7c     0x98f8 /usr/lib/gcc/i686-linux-gnu/5/../../../i386-linux-gnu/crti.o
 *(.rel.fini)
 .rel.fini      0x0000000000010574        0x0 /usr/lib/gcc/i686-linux-gnu/5/../../../i386-linux-gnu/crti.o
 *(.rel.rodata .rel.rodata.* .rel.gnu.linkonce.r.*)
 .rel.rodata    0x0000000000010574      0x578 /usr/lib/gcc/i686-linux-gnu/5/../../../i386-linux-gnu/crti.o
 *(.rel.data.rel.ro .rel.data.rel.ro.* .rel.gnu.linkonce.d.rel.ro.*)
 *(.rel.data .rel.data.* .rel.gnu.linkonce.d.*)
 .rel.data.rel.local
                0x0000000000010aec        0x8 /usr/lib/gcc/i686-linux-gnu/5/../../../i386-linux-gnu/crti.o
 .rel.data      0x0000000000010af4      0x350 /usr/lib/gcc/i686-linux-gnu/5/../../../i386-linux-gnu/crti.o
 *(.rel.tdata .rel.tdata.* .rel.gnu.linkonce.td.*)
 *(.rel.tbss .rel.tbss.* .rel.gnu.linkonce.tb.*)
 *(.rel.ctors)
 *(.rel.dtors)
 *(.rel.got)
 .rel.got       0x0000000000010e44       0x28 /usr/lib/gcc/i686-linux-gnu/5/../../../i386-linux-gnu/crti.o
 *(.rel.bss .rel.bss.* .rel.gnu.linkonce.b.*)
 *(.rel.ifunc)
 .rel.ifunc     0x0000000000010e6c        0x0 /usr/lib/gcc/i686-linux-gnu/5/../../../i386-linux-gnu/crti.o
 .rel.fini_array
                0x0000000000010e6c        0x8 /usr/lib/gcc/i686-linux-gnu/5/../../../i386-linux-gnu/crti.o
 .rel.init_array
                0x0000000000010e74        0x8 /usr/lib/gcc/i686-linux-gnu/5/../../../i386-linux-gnu/crti.o

.rel.plt        0x0000000000010e7c        0x0
 *(.rel.plt)
 .rel.plt       0x0000000000010e7c        0x0 /usr/lib/gcc/i686-linux-gnu/5/../../../i386-linux-gnu/crti.o
 *(.rel.iplt)

.init           0x0000000000010e7c       0x23
 *(SORT(.init))
 .init          0x0000000000010e7c       0x1e /usr/lib/gcc/i686-linux-gnu/5/../../../i386-linux-gnu/crti.o
                0x0000000000010e7c                _init
 .init          0x0000000000010e9a        0x5 /usr/lib/gcc/i686-linux-gnu/5/../../../i386-linux-gnu/crtn.o

.plt            0x0000000000010ea0       0x10
 *(.plt)
 .plt           0x0000000000010ea0       0x10 /usr/lib/gcc/i686-linux-gnu/5/../../../i386-linux-gnu/crti.o
 *(.iplt)

.plt.got        0x0000000000010eb0       0x10
 *(.plt.got)
 .plt.got       0x0000000000010eb0       0x10 /usr/lib/gcc/i686-linux-gnu/5/../../../i386-linux-gnu/crti.o

.text           0x0000000000010ec0    0x19664
 *(.text.unlikely .text.*_unlikely .text.unlikely.*)
 .text.unlikely
                0x0000000000010ec0        0x0 /usr/lib/gcc/i686-linux-gnu/5/crtbeginS.o
 *(.text.exit .text.exit.*)
 *(.text.startup .text.startup.*)
 *(.text.hot .text.hot.*)
 *(.text .stub .text.* .gnu.linkonce.t.*)
 .text          0x0000000000010ec0        0x0 /usr/lib/gcc/i686-linux-gnu/5/../../../i386-linux-gnu/crti.o
 .gnu.linkonce.t.__x86.get_pc_thunk.bx
                0x0000000000010ec0        0x4 /usr/lib/gcc/i686-linux-gnu/5/../../../i386-linux-gnu/crti.o
                0x0000000000010ec0                __x86.get_pc_thunk.bx
 *fill*         0x0000000000010ec4        0xc 
 .text          0x0000000000010ed0      0x11c /usr/lib/gcc/i686-linux-gnu/5/crtbeginS.o
 .text.__x86.get_pc_thunk.dx
                0x0000000000010fec        0x4 /usr/lib/gcc/i686-linux-gnu/5/crtbeginS.o
                0x0000000000010fec                __x86.get_pc_thunk.dx
 .text          0x0000000000010ff0      0xe5d mqtt-demo.o
                0x0000000000010ff0                ipaddr_sprintf
 .text          0x0000000000011e4d      0x271 obj_cooja/mtype101.o
                0x0000000000011edf                platform_init_stage_one
                0x0000000000011ee5                platform_init_stage_two
                0x0000000000011ef3                platform_init_stage_three
                0x0000000000011f06                platform_main_loop
                0x0000000000011f79                Java_org_contikios_cooja_corecomm_Lib2_init
                0x0000000000011fb0                Java_org_contikios_cooja_corecomm_Lib2_getMemory
                0x0000000000011fe3                Java_org_contikios_cooja_corecomm_Lib2_setMemory
                0x0000000000012043                Java_org_contikios_cooja_corecomm_Lib2_tick
                0x00000000000120ab                Java_org_contikios_cooja_corecomm_Lib2_setReferenceAddress
 .text          0x00000000000120be       0x65 obj_cooja/mtype101.a(simEnvChange.o)
                0x00000000000120be                doActionsBeforeTick
                0x00000000000120f0                doActionsAfterTick
 .text          0x0000000000012123       0x83 obj_cooja/mtype101.a(cooja_mt.o)
                0x0000000000012123                cooja_mt_start
                0x000000000001214d                cooja_mt_exec
                0x0000000000012183                cooja_mt_yield
 .text          0x00000000000121a6       0xbe obj_cooja/mtype101.a(cooja_mtarch.o)
                0x00000000000121a6                cooja_mtarch_start
                0x0000000000012219                cooja_sw
                0x000000000001223c                cooja_mtarch_exec
                0x0000000000012259                cooja_mtarch_yield
 .text          0x0000000000012264       0xc5 obj_cooja/mtype101.a(rtimer-arch.o)
                0x0000000000012264                rtimer_arch_init
                0x0000000000012288                rtimer_arch_schedule
                0x00000000000122b8                rtimer_arch_next
                0x00000000000122c8                rtimer_arch_pending
                0x00000000000122d2                rtimer_arch_check
                0x0000000000012319                rtimer_arch_now
 .text          0x0000000000012329       0x81 obj_cooja/mtype101.a(beep.o)
                0x0000000000012329                beep_alarm
                0x0000000000012336                beep_beep
                0x0000000000012343                beep
                0x0000000000012350                beep_down
                0x000000000001235d                beep_on
                0x000000000001236a                beep_off
                0x0000000000012377                beep_spinup
                0x0000000000012384                beep_quick
                0x0000000000012391                beep_long
 .text          0x00000000000123aa      0x10d obj_cooja/mtype101.a(button-sensor.o)
 .text          0x00000000000124b7       0x49 obj_cooja/mtype101.a(leds-arch.o)
                0x00000000000124b7                leds_arch_init
                0x00000000000124c4                leds_arch_get
                0x00000000000124d0                leds_arch_set
 .text          0x0000000000012500       0x35 obj_cooja/mtype101.a(moteid.o)
 .text          0x0000000000012535       0xb7 obj_cooja/mtype101.a(pir-sensor.o)
 .text          0x00000000000125ec      0x148 obj_cooja/mtype101.a(rs232.o)
                0x00000000000125ec                rs232_init
                0x00000000000125f2                rs232_set_speed
                0x0000000000012601                rs232_set_input
                0x000000000001260f                rs232_send
                0x0000000000012633                rs232_print
                0x000000000001264f                slip_arch_writeb
 .text          0x0000000000012734       0xb7 obj_cooja/mtype101.a(vib-sensor.o)
 .text          0x00000000000127eb       0x38 obj_cooja/mtype101.a(clock.o)
                0x00000000000127eb                clock_init
                0x00000000000127f1                clock_time
                0x00000000000127fb                clock_seconds
                0x0000000000012811                clock_delay
 .text          0x0000000000012823      0x219 obj_cooja/mtype101.a(cooja-log.o)
                0x0000000000012823                simlog_char
                0x0000000000012866                simlog
                0x00000000000128dc                log_message
                0x000000000001290d                log_set_putchar_with_slip
                0x000000000001291b                log_putchar
                0x0000000000012996                log_puts
                0x00000000000129be                log_printf
 .text          0x0000000000012a3c      0x2b9 obj_cooja/mtype101.a(cfs-cooja.o)
                0x0000000000012a3c                cfs_open
                0x0000000000012aa5                cfs_close
                0x0000000000012ab2                cfs_read
                0x0000000000012b47                cfs_write
                0x0000000000012c23                cfs_seek
                0x0000000000012cab                cfs_remove
                0x0000000000012ccf                cfs_opendir
                0x0000000000012cd9                cfs_readdir
                0x0000000000012ce3                cfs_closedir
 .text          0x0000000000012cf5      0x605 obj_cooja/mtype101.a(cooja-radio.o)
                0x0000000000012d37                radio_set_channel
                0x0000000000012d45                radio_set_txpower
                0x0000000000012d5d                radio_signal_strength_last
                0x0000000000012d67                radio_signal_strength_current
                0x0000000000012d71                radio_LQI
 .text          0x00000000000132fa       0xee obj_cooja/mtype101.a(eeprom.o)
                0x00000000000132fa                eeprom_init
                0x0000000000013300                eeprom_read
                0x000000000001336e                eeprom_write
 .text          0x00000000000133e8       0x2d obj_cooja/mtype101.a(random.o)
                0x00000000000133e8                random_init
                0x0000000000013408                random_rand
 .text          0x0000000000013415      0x29c obj_cooja/mtype101.a(sensors.o)
                0x0000000000013450                sensors_first
                0x000000000001345a                sensors_next
                0x0000000000013474                sensors_changed
                0x00000000000134a8                sensors_find
 .text          0x00000000000136b1       0xf6 obj_cooja/mtype101.a(leds.o)
                0x00000000000136b1                leds_init
                0x00000000000136bf                leds_blink
                0x0000000000013702                leds_get
                0x000000000001370f                leds_set
                0x000000000001372e                leds_on
                0x0000000000013754                leds_off
                0x0000000000013781                leds_toggle
 .text          0x00000000000137a7     0x3779 obj_cooja/mtype101.a(mqtt.o)
                0x000000000001694a                mqtt_init
                0x0000000000016a08                mqtt_register
                0x0000000000016aa5                mqtt_connect
                0x0000000000016bb7                mqtt_disconnect
                0x0000000000016bf5                mqtt_subscribe
                0x0000000000016cb2                mqtt_unsubscribe
                0x0000000000016d60                mqtt_publish
                0x0000000000016e41                mqtt_set_username_password
                0x0000000000016ecc                mqtt_set_last_will
 .text          0x0000000000016f20      0x328 obj_cooja/mtype101.a(contiki-main.o)
                0x0000000000016f20                main
 .text          0x0000000000017248       0x92 obj_cooja/mtype101.a(autostart.o)
                0x0000000000017248                autostart_start
                0x0000000000017292                autostart_exit
 .text          0x00000000000172da      0x355 obj_cooja/mtype101.a(ctimer.o)
                0x0000000000017402                ctimer_init
                0x0000000000017435                ctimer_set
                0x000000000001745b                ctimer_set_with_process
                0x00000000000174d8                ctimer_reset
                0x000000000001752c                ctimer_restart
                0x0000000000017580                ctimer_stop
                0x00000000000175d0                ctimer_expired
 .text          0x000000000001762f       0x1b obj_cooja/mtype101.a(energest.o)
                0x000000000001762f                energest_init
                0x0000000000017635                energest_flush
                0x000000000001763b                energest_get_total_time
 .text          0x000000000001764a      0x43f obj_cooja/mtype101.a(etimer.o)
                0x000000000001786e                etimer_request_poll
                0x00000000000178f7                etimer_set
                0x0000000000017920                etimer_reset_with_new_interval
                0x000000000001794f                etimer_reset
                0x0000000000017975                etimer_restart
                0x000000000001799b                etimer_adjust
                0x00000000000179b8                etimer_expired
                0x00000000000179cb                etimer_expiration_time
                0x00000000000179dd                etimer_start_time
                0x00000000000179e7                etimer_pending
                0x00000000000179f9                etimer_next_expiration_time
                0x0000000000017a13                etimer_stop
 .text          0x0000000000017a89      0x394 obj_cooja/mtype101.a(log.o)
                0x0000000000017a89                log_6addr
                0x0000000000017adc                log_6addr_compact_snprint
                0x0000000000017b7a                log_6addr_compact
                0x0000000000017bcd                log_lladdr
                0x0000000000017c3f                log_lladdr_compact
                0x0000000000017ca7                log_set_level
                0x0000000000017d62                log_get_level
                0x0000000000017ddb                log_level_to_str
 .text          0x0000000000017e1d      0x4fb obj_cooja/mtype101.a(process.o)
                0x0000000000017e1d                process_alloc_event
                0x0000000000017e32                process_start
                0x000000000001800c                process_exit
                0x0000000000018029                process_init
                0x00000000000181be                process_run
                0x00000000000181f1                process_nevents
                0x000000000001820c                process_post
                0x000000000001829f                process_post_synch
                0x00000000000182d4                process_poll
                0x0000000000018304                process_is_running
 .text          0x0000000000018318       0xeb obj_cooja/mtype101.a(rtimer.o)
                0x0000000000018318                rtimer_init
                0x0000000000018326                rtimer_set
                0x00000000000183a1                rtimer_run_next
 .text          0x0000000000018403       0x25 obj_cooja/mtype101.a(node-id.o)
                0x0000000000018403                node_id_init
 .text          0x0000000000018428       0x9c obj_cooja/mtype101.a(timer.o)
                0x0000000000018428                timer_set
                0x0000000000018446                timer_reset
                0x000000000001845e                timer_restart
                0x0000000000018473                timer_expired
                0x00000000000184a0                timer_remaining
 .text          0x00000000000184c4      0x1eb obj_cooja/mtype101.a(serial-line.o)
                0x00000000000184c4                serial_line_input_byte
                0x000000000001867a                serial_line_init
 .text          0x00000000000186af      0x28f obj_cooja/mtype101.a(list.o)
                0x00000000000186af                list_init
                0x00000000000186be                list_head
                0x00000000000186c8                list_copy
                0x00000000000186d8                list_tail
                0x000000000001870e                list_add
                0x000000000001875a                list_push
                0x0000000000018786                list_chop
                0x00000000000187f0                list_pop
                0x0000000000018818                list_remove
                0x0000000000018880                list_length
                0x00000000000188ae                list_insert
                0x00000000000188f3                list_item_next
                0x000000000001890a                list_contains
 .text          0x000000000001893e      0x156 obj_cooja/mtype101.a(ringbuf.o)
                0x000000000001893e                ringbuf_init
                0x0000000000018970                ringbuf_put
                0x00000000000189ee                ringbuf_get
                0x0000000000018a5b                ringbuf_size
                0x0000000000018a6d                ringbuf_elements
 .text          0x0000000000018a94      0x407 obj_cooja/mtype101.a(packetbuf.o)
                0x0000000000018a94                packetbuf_clear
                0x0000000000018abf                packetbuf_copyfrom
                0x0000000000018b0e                packetbuf_copyto
                0x0000000000018ba1                packetbuf_hdralloc
                0x0000000000018c1d                packetbuf_hdrreduce
                0x0000000000018c63                packetbuf_set_datalen
                0x0000000000018c7d                packetbuf_dataptr
                0x0000000000018c9a                packetbuf_hdrptr
                0x0000000000018ca4                packetbuf_datalen
                0x0000000000018cb0                packetbuf_hdrlen
                0x0000000000018cc7                packetbuf_totlen
                0x0000000000018cdd                packetbuf_remaininglen
                0x0000000000018cf0                packetbuf_attr_clear
                0x0000000000018d3c                packetbuf_attr_copyto
                0x0000000000018d94                packetbuf_attr_copyfrom
                0x0000000000018dec                packetbuf_set_attr
                0x0000000000018e16                packetbuf_attr
                0x0000000000018e30                packetbuf_set_addr
                0x0000000000018e61                packetbuf_addr
                0x0000000000018e7e                packetbuf_holds_broadcast
 .text          0x0000000000018e9b       0xef obj_cooja/mtype101.a(netstack.o)
                0x0000000000018e9b                netstack_process_ip_callback
                0x0000000000018f2c                netstack_ip_packet_processor_add
                0x0000000000018f4f                uip_ds6_ip_packet_processor_rm
                0x0000000000018f6c                netstack_init
 .text          0x0000000000018f8a       0x4f obj_cooja/mtype101.a(linkaddr.o)
                0x0000000000018f8a                linkaddr_copy
                0x0000000000018fa0                linkaddr_cmp
                0x0000000000018fc3                linkaddr_set_node_addr
 .text          0x0000000000018fd9      0x165 obj_cooja/mtype101.a(csma.o)
 .text          0x000000000001913e      0x944 obj_cooja/mtype101.a(csma-output.o)
                0x00000000000197b7                csma_output_packet
                0x0000000000019a44                csma_output_init
 .text          0x0000000000019a82      0xb25 obj_cooja/mtype101.a(uip-ds6.o)
                0x0000000000019a82                uip_ds6_init
                0x0000000000019c2d                uip_ds6_periodic
                0x0000000000019cb4                uip_ds6_list_loop
                0x0000000000019d74                uip_ds6_prefix_add
                0x0000000000019e20                uip_ds6_prefix_rm
                0x0000000000019e33                uip_ds6_prefix_lookup
                0x0000000000019e72                uip_ds6_is_addr_onlink
                0x0000000000019ee5                uip_ds6_addr_add
                0x000000000001a005                uip_ds6_addr_rm
                0x000000000001a0ae                uip_ds6_addr_lookup
                0x000000000001a0e7                uip_ds6_get_link_local
                0x000000000001a168                uip_ds6_get_global
                0x000000000001a1e9                uip_ds6_maddr_add
                0x000000000001a249                uip_ds6_maddr_rm
                0x000000000001a25c                uip_ds6_maddr_lookup
                0x000000000001a295                uip_ds6_aaddr_add
                0x000000000001a2f5                uip_ds6_aaddr_rm
                0x000000000001a308                uip_ds6_aaddr_lookup
                0x000000000001a341                uip_ds6_select_src
                0x000000000001a48a                uip_ds6_set_addr_iid
                0x000000000001a4b5                uip_ds6_set_lladdr_from_iid
                0x000000000001a4de                get_match_length
                0x000000000001a56f                uip_ds6_compute_reachable_time
 .text          0x000000000001a5a7      0x9d5 obj_cooja/mtype101.a(tcp-socket.o)
                0x000000000001abf2                tcp_socket_register
                0x000000000001ac83                tcp_socket_connect
                0x000000000001ad1a                tcp_socket_listen
                0x000000000001ad91                tcp_socket_unlisten
                0x000000000001ae05                tcp_socket_send
                0x000000000001aea5                tcp_socket_send_str
                0x000000000001aecd                tcp_socket_close
                0x000000000001aef6                tcp_socket_unregister
                0x000000000001af50                tcp_socket_max_sendlen
                0x000000000001af6d                tcp_socket_queuelen
 .text          0x000000000001af7c      0xa72 obj_cooja/mtype101.a(tcpip.o)
                0x000000000001af96                tcpip_output
                0x000000000001b07a                tcp_connect
                0x000000000001b0d2                tcp_unlisten
                0x000000000001b132                tcp_listen
                0x000000000001b190                tcp_attach
                0x000000000001b1a8                udp_attach
                0x000000000001b1c0                udp_new
                0x000000000001b20a                udp_broadcast_new
                0x000000000001b48f                tcpip_input
                0x000000000001b62f                tcpip_ipv6_output
                0x000000000001b843                tcpip_poll_udp
                0x000000000001b861                tcpip_poll_tcp
                0x000000000001b87f                tcpip_uipcall
 .text          0x000000000001b9ee      0x35b obj_cooja/mtype101.a(uip-ds6-route.o)
                0x000000000001ba3f                uip_ds6_route_init
                0x000000000001ba69                uip_ds6_route_nexthop
                0x000000000001ba73                uip_ds6_route_head
                0x000000000001ba7d                uip_ds6_route_next
                0x000000000001ba87                uip_ds6_route_is_nexthop
                0x000000000001ba91                uip_ds6_route_num_routes
                0x000000000001ba9b                uip_ds6_route_lookup
                0x000000000001baa5                uip_ds6_route_add
                0x000000000001bab8                uip_ds6_route_rm
                0x000000000001babe                uip_ds6_route_rm_by_nexthop
                0x000000000001bac4                uip_ds6_defrt_head
                0x000000000001badd                uip_ds6_defrt_add
                0x000000000001bb8b                uip_ds6_defrt_rm
                0x000000000001bbf1                uip_ds6_defrt_lookup
                0x000000000001bc58                uip_ds6_defrt_choose
                0x000000000001bcce                uip_ds6_defrt_periodic
 .text          0x000000000001bd49     0x2802 obj_cooja/mtype101.a(uip6.o)
                0x000000000001bd49                uip_add32
                0x000000000001bee3                uip_chksum
                0x000000000001bfc4                uip_icmp6chksum
                0x000000000001bfd9                uip_tcpchksum
                0x000000000001bfee                uip_udpchksum
                0x000000000001c003                uip_init
                0x000000000001c08e                uip_connect
                0x000000000001c217                remove_ext_hdr
                0x000000000001c2fc                uip_udp_new
                0x000000000001c41e                uip_unlisten
                0x000000000001c460                uip_listen
                0x000000000001c701                uip_process
                0x000000000001e446                uip_htons
                0x000000000001e468                uip_htonl
                0x000000000001e4a6                uip_send
 .text          0x000000000001e54b      0x374 obj_cooja/mtype101.a(uip-ds6-nbr.o)
                0x000000000001e54b                uip_ds6_neighbors_init
                0x000000000001e56f                uip_ds6_nbr_add
                0x000000000001e5f5                uip_ds6_nbr_rm
                0x000000000001e640                uip_ds6_nbr_update_ll
                0x000000000001e72e                uip_ds6_nbr_get_ipaddr
                0x000000000001e743                uip_ds6_nbr_get_ll
                0x000000000001e75f                uip_ds6_nbr_num
                0x000000000001e7a8                uip_ds6_nbr_head
                0x000000000001e7c1                uip_ds6_nbr_next
                0x000000000001e7dd                uip_ds6_nbr_lookup
                0x000000000001e840                uip_ds6_nbr_ll_lookup
                0x000000000001e85c                uip_ds6_nbr_ipaddr_from_lladdr
                0x000000000001e885                uip_ds6_nbr_lladdr_from_ipaddr
                0x000000000001e8b9                uip_ds6_link_callback
 .text          0x000000000001e8bf      0x6b5 obj_cooja/mtype101.a(uip-nd6.o)
                0x000000000001ef5b                uip_nd6_init
 .text          0x000000000001ef74     0x2a78 obj_cooja/mtype101.a(sicslowpan.o)
                0x000000000001f472                netstack_sniffer_add
                0x000000000001f480                netstack_sniffer_remove
                0x00000000000219b8                sicslowpan_init
                0x00000000000219e2                sicslowpan_get_last_rssi
 .text          0x00000000000219ec      0x4d1 obj_cooja/mtype101.a(uiplib.o)
                0x00000000000219ec                uiplib_ip6addrconv
                0x0000000000021ba4                uiplib_ip4addrconv
                0x0000000000021c67                uiplib_ipaddr_print
                0x0000000000021cba                uiplib_ipaddr_snprint
 .text          0x0000000000021ebd      0x4c9 obj_cooja/mtype101.a(rpl.o)
                0x0000000000021ebd                rpl_lollipop_greater_than
                0x0000000000021f17                rpl_get_global_address
                0x000000000002200f                rpl_link_callback
                0x0000000000022053                rpl_has_joined
                0x0000000000022078                rpl_is_reachable
                0x00000000000220f9                rpl_reset_prefix
                0x0000000000022163                rpl_set_prefix_from_addr
                0x0000000000022248                rpl_set_prefix
                0x0000000000022362                rpl_set_leaf_only
                0x000000000002237a                rpl_get_leaf_only
 .text          0x0000000000022386     0x13cb obj_cooja/mtype101.a(rpl-icmp6.o)
                0x00000000000224ab                rpl_icmp6_update_nbr_table
                0x0000000000022544                rpl_icmp6_dis_output
                0x0000000000022b9a                rpl_icmp6_dio_output
                0x00000000000233a7                rpl_icmp6_dao_output
                0x0000000000023698                rpl_icmp6_dao_ack_output
                0x0000000000023708                rpl_icmp6_init
 .text          0x0000000000023751      0xe51 obj_cooja/mtype101.a(rpl-dag.o)
                0x0000000000023751                rpl_dag_state_to_str
                0x0000000000023790                rpl_dag_get_root_ipaddr
                0x00000000000237d8                rpl_dag_leave
                0x0000000000023861                rpl_dag_poison_and_leave
                0x0000000000023879                rpl_dag_periodic
                0x0000000000023901                rpl_is_addr_in_our_dag
                0x0000000000023945                rpl_get_default_instance
                0x0000000000023961                rpl_get_any_dag
                0x00000000000239ba                rpl_refresh_routes
                0x00000000000239fa                rpl_global_repair
                0x0000000000023a86                rpl_local_repair
                0x0000000000023ad0                rpl_dag_ready_to_advertise
                0x0000000000023b13                rpl_dag_update_state
                0x0000000000024237                rpl_process_dio
                0x00000000000242b8                rpl_process_dis
                0x00000000000242fd                rpl_process_dao
                0x000000000002438c                rpl_process_dao_ack
                0x000000000002441e                rpl_process_hbh
                0x000000000002446e                rpl_dag_init_root
                0x0000000000024582                rpl_dag_init
 .text          0x00000000000245a2      0x286 obj_cooja/mtype101.a(rpl-dag-root.o)
                0x00000000000245a2                rpl_dag_root_print_links
                0x00000000000246f0                rpl_dag_root_set_prefix
                0x000000000002471c                rpl_dag_root_start
                0x00000000000247f9                rpl_dag_root_is_root
 .text          0x0000000000024828       0x1e obj_cooja/mtype101.a(watchdog.o)
                0x0000000000024828                watchdog_init
                0x000000000002482e                watchdog_start
                0x0000000000024834                watchdog_periodic
                0x000000000002483a                watchdog_stop
                0x0000000000024840                watchdog_reboot
 .text          0x0000000000024846       0xb2 obj_cooja/mtype101.a(stimer.o)
                0x0000000000024846                stimer_set
                0x0000000000024864                stimer_reset
                0x000000000002487c                stimer_restart
                0x0000000000024891                stimer_expired
                0x00000000000248bc                stimer_remaining
                0x00000000000248e0                stimer_elapsed
 .text          0x00000000000248f8      0x1b8 obj_cooja/mtype101.a(memb.o)
                0x00000000000248f8                memb_init
                0x000000000002494d                memb_alloc
                0x00000000000249b2                memb_free
                0x0000000000024a2d                memb_inmemb
                0x0000000000024a6c                memb_numfree
 .text          0x0000000000024ab0      0x2e7 obj_cooja/mtype101.a(queuebuf.o)
                0x0000000000024aba                queuebuf_init
                0x0000000000024ae3                queuebuf_numfree
                0x0000000000024afb                queuebuf_new_from_packetbuf
                0x0000000000024b9a                queuebuf_update_attr_from_packetbuf
                0x0000000000024bcf                queuebuf_update_from_packetbuf
                0x0000000000024c1f                queuebuf_free
                0x0000000000024c68                queuebuf_to_packetbuf
                0x0000000000024cd4                queuebuf_dataptr
                0x0000000000024d0e                queuebuf_datalen
                0x0000000000024d31                queuebuf_addr
                0x0000000000024d66                queuebuf_attr
                0x0000000000024d91                queuebuf_debug_print
 .text          0x0000000000024d97      0x78b obj_cooja/mtype101.a(nbr-table.o)
                0x0000000000025210                nbr_table_register
                0x000000000002527d                nbr_table_is_registered
                0x00000000000252b8                nbr_table_head
                0x0000000000025313                nbr_table_next
                0x0000000000025374                nbr_table_add_lladdr
                0x000000000002543e                nbr_table_get_from_lladdr
                0x000000000002548a                nbr_table_remove
                0x00000000000254c2                nbr_table_lock
                0x00000000000254dc                nbr_table_unlock
                0x00000000000254f6                nbr_table_get_lladdr
 .text          0x0000000000025522      0x37c obj_cooja/mtype101.a(link-stats.o)
                0x0000000000025522                link_stats_from_lladdr
                0x000000000002553e                link_stats_is_fresh
                0x000000000002557a                guess_etx_from_rssi
                0x00000000000255f6                link_stats_packet_sent
                0x0000000000025709                link_stats_input_callback
                0x0000000000025819                link_stats_reset
                0x0000000000025869                link_stats_init
 .text          0x000000000002589e      0x187 obj_cooja/mtype101.a(mac-sequence.o)
                0x000000000002589e                mac_sequence_is_duplicate
                0x000000000002593e                mac_sequence_register_seqno
 .text          0x0000000000025a25       0x23 obj_cooja/mtype101.a(mac.o)
                0x0000000000025a25                mac_call_sent_callback
 .text          0x0000000000025a48      0x41d obj_cooja/mtype101.a(framer-802154.o)
                0x0000000000025bd7                framer_802154_setup_params
 .text          0x0000000000025e65      0xb6f obj_cooja/mtype101.a(frame802154.o)
                0x0000000000025e96                frame802154_get_pan_id
                0x0000000000025ea2                frame802154_set_pan_id
                0x0000000000025ebc                frame802154_has_panid
                0x000000000002606b                frame802154_check_dest_panid
                0x00000000000260f3                frame802154_is_broadcast_addr
                0x0000000000026140                frame802154_extract_linkaddr
                0x00000000000263a5                frame802154_hdrlen
                0x0000000000026418                frame802154_create_fcf
                0x00000000000264d0                frame802154_create
                0x0000000000026645                frame802154_parse_fcf
                0x0000000000026727                frame802154_parse
 .text          0x00000000000269d4      0x1ec obj_cooja/mtype101.a(uipbuf.o)
                0x00000000000269d4                uipbuf_get_next_header
                0x0000000000026a43                uipbuf_get_last_header
                0x0000000000026aca                uipbuf_get_attr
                0x0000000000026af1                uipbuf_set_attr
                0x0000000000026b28                uipbuf_clear_attr
                0x0000000000026b54                uipbuf_set_attr_flag
                0x0000000000026b75                uipbuf_clr_attr_flag
                0x0000000000026b9c                uipbuf_is_attr_flag
 .text          0x0000000000026bc0      0x96e obj_cooja/mtype101.a(uip-icmp6.o)
                0x0000000000026c35                uip_icmp6_input
                0x0000000000026c8c                uip_icmp6_register_input_handler
                0x0000000000026e98                uip_icmp6_error_output
                0x00000000000271f7                uip_icmp6_send
                0x00000000000274b6                uip_icmp6_echo_reply_callback_add
                0x00000000000274e8                uip_icmp6_echo_reply_callback_rm
                0x0000000000027505                uip_icmp6_init
 .text          0x000000000002752e      0x69b obj_cooja/mtype101.a(uip-sr.o)
                0x000000000002752e                uip_sr_num_nodes
                0x00000000000275bc                uip_sr_get_node
                0x0000000000027613                uip_sr_is_addr_reachable
                0x00000000000276c1                uip_sr_expire_parent
                0x000000000002770a                uip_sr_update_node
                0x000000000002783a                uip_sr_init
                0x000000000002786e                uip_sr_node_head
                0x0000000000027887                uip_sr_node_next
                0x000000000002789d                uip_sr_periodic
                0x00000000000279a3                uip_sr_free_all
                0x0000000000027a13                uip_sr_link_snprint
 .text          0x0000000000027bc9      0x146 obj_cooja/mtype101.a(uip-packetqueue)
                0x0000000000027bf7                uip_packetqueue_new
                0x0000000000027c06                uip_packetqueue_alloc
                0x0000000000027c61                uip_packetqueue_free
                0x0000000000027ca8                uip_packetqueue_buf
                0x0000000000027cc5                uip_packetqueue_buflen
                0x0000000000027ce6                uip_packetqueue_set_buflen
 .text          0x0000000000027d0f      0x1c8 obj_cooja/mtype101.a(rpl-nbr-policy.)
                0x0000000000027e94                rpl_nbr_policy_find_removable
 .text          0x0000000000027ed7      0x8ed obj_cooja/mtype101.a(rpl-neighbor.o)
                0x0000000000027f53                rpl_neighbor_snprint
                0x0000000000028200                rpl_neighbor_print_list
                0x00000000000282b5                rpl_neighbor_count
                0x000000000002835c                rpl_neighbor_get_from_lladdr
                0x0000000000028378                rpl_neighbor_is_acceptable_parent
                0x00000000000283ac                rpl_neighbor_get_link_metric
                0x00000000000283e0                rpl_neighbor_rank_via_nbr
                0x0000000000028414                rpl_neighbor_get_lladdr
                0x0000000000028430                rpl_neighbor_get_ipaddr
                0x0000000000028457                rpl_neighbor_get_link_stats
                0x000000000002847e                rpl_neighbor_is_fresh
                0x00000000000284a5                rpl_neighbor_is_reachable
                0x00000000000284f0                rpl_neighbor_is_parent
                0x000000000002851a                rpl_neighbor_set_preferred_parent
                0x00000000000285a6                rpl_neighbor_remove_all
                0x00000000000285f5                rpl_neighbor_get_from_ipaddr
                0x00000000000286f9                rpl_neighbor_select_best
                0x00000000000287a5                rpl_neighbor_init
 .text          0x00000000000287c4      0xa19 obj_cooja/mtype101.a(rpl-timers.o)
                0x00000000000287c4                rpl_timers_schedule_periodic_dis
                0x0000000000028912                rpl_timers_dio_reset
                0x0000000000028a03                rpl_timers_schedule_unicast_dio
                0x0000000000028b89                rpl_timers_schedule_dao
                0x0000000000028cc3                rpl_timers_schedule_dao_ack
                0x0000000000028d49                get_probing_delay
                0x0000000000028d7d                get_probing_target
                0x0000000000028f67                rpl_schedule_probing
                0x0000000000028f95                rpl_schedule_probing_now
                0x0000000000028fff                rpl_timers_unschedule_leaving
                0x0000000000029037                rpl_timers_schedule_leaving
                0x0000000000029078                rpl_timers_init
                0x0000000000029108                rpl_timers_stop_dag_timers
                0x0000000000029181                rpl_timers_unschedule_state_update
                0x00000000000291a5                rpl_timers_schedule_state_update
 .text          0x00000000000291dd     0x102c obj_cooja/mtype101.a(rpl-ext-header.)
                0x00000000000291dd                rpl_ext_header_srh_get_next_hop
                0x0000000000029359                rpl_ext_header_srh_update
                0x0000000000029a52                rpl_ext_header_hbh_update
                0x0000000000029fa7                rpl_ext_header_update
                0x000000000002a030                rpl_ext_header_remove
 .text          0x000000000002a209      0x31b obj_cooja/mtype101.a(rpl-mrhof.o)
 .text          0x000000000002a524        0x0 /usr/lib/gcc/i686-linux-gnu/5/crtendS.o
 .text          0x000000000002a524        0x0 /usr/lib/gcc/i686-linux-gnu/5/../../../i386-linux-gnu/crtn.o
 *(.gnu.warning)

.fini           0x000000000002a524       0x14
 *(SORT(.fini))
 .fini          0x000000000002a524        0xf /usr/lib/gcc/i686-linux-gnu/5/../../../i386-linux-gnu/crti.o
                0x000000000002a524                _fini
 .fini          0x000000000002a533        0x5 /usr/lib/gcc/i686-linux-gnu/5/../../../i386-linux-gnu/crtn.o
                [!provide]                        PROVIDE (__etext, .)
                [!provide]                        PROVIDE (_etext, .)
                [!provide]                        PROVIDE (etext, .)

.rodata         0x000000000002a540      0xba0
 *(.rodata .rodata.* .gnu.linkonce.r.*)
 .rodata        0x000000000002a540      0x436 mqtt-demo.o
                0x000000000002a548                autostart_processes
 *fill*         0x000000000002a976        0x2 
 .rodata        0x000000000002a978        0x8 obj_cooja/mtype101.a(beep.o)
                0x000000000002a978                beep_interface
 .rodata        0x000000000002a980       0x20 obj_cooja/mtype101.a(button-sensor.o)
                0x000000000002a980                button_interface
                0x000000000002a990                button_sensor
 .rodata        0x000000000002a9a0        0x8 obj_cooja/mtype101.a(leds-arch.o)
                0x000000000002a9a0                leds_interface
 .rodata        0x000000000002a9a8        0x8 obj_cooja/mtype101.a(moteid.o)
                0x000000000002a9a8                moteid_interface
 .rodata        0x000000000002a9b0       0x1c obj_cooja/mtype101.a(pir-sensor.o)
                0x000000000002a9b0                pir_interface
                0x000000000002a9bc                pir_sensor
 .rodata        0x000000000002a9cc        0xe obj_cooja/mtype101.a(rs232.o)
                0x000000000002a9cc                rs232_interface
 *fill*         0x000000000002a9da        0x2 
 .rodata        0x000000000002a9dc       0x24 obj_cooja/mtype101.a(vib-sensor.o)
                0x000000000002a9dc                vib_interface
                0x000000000002a9f0                vib_sensor
 .rodata        0x000000000002aa00        0x8 obj_cooja/mtype101.a(clock.o)
                0x000000000002aa00                clock_interface
 .rodata        0x000000000002aa08        0x8 obj_cooja/mtype101.a(cooja-log.o)
                0x000000000002aa08                simlog_interface
 .rodata        0x000000000002aa10       0x2f obj_cooja/mtype101.a(cfs-cooja.o)
                0x000000000002aa10                cfs_interface
 *fill*         0x000000000002aa3f        0x1 
 .rodata        0x000000000002aa40       0x58 obj_cooja/mtype101.a(cooja-radio.o)
                0x000000000002aa40                radio_interface
                0x000000000002aa60                cooja_radio_driver
 .rodata        0x000000000002aa98        0x8 obj_cooja/mtype101.a(eeprom.o)
                0x000000000002aa98                eeprom_interface
 .rodata        0x000000000002aaa0        0x8 obj_cooja/mtype101.a(sensors.o)
 .rodata        0x000000000002aaa8       0x14 obj_cooja/mtype101.a(mqtt.o)
 .rodata        0x000000000002aabc       0xf8 obj_cooja/mtype101.a(contiki-main.o)
 .rodata        0x000000000002abb4        0xf obj_cooja/mtype101.a(ctimer.o)
 .rodata        0x000000000002abc3        0xc obj_cooja/mtype101.a(etimer.o)
 *fill*         0x000000000002abcf        0x1 
 .rodata        0x000000000002abd0       0xc0 obj_cooja/mtype101.a(log.o)
 .rodata        0x000000000002ac90        0xe obj_cooja/mtype101.a(serial-line.o)
 *fill*         0x000000000002ac9e        0x2 
 .rodata        0x000000000002aca0        0x8 obj_cooja/mtype101.a(linkaddr.o)
                0x000000000002aca0                linkaddr_null
 .rodata        0x000000000002aca8       0x20 obj_cooja/mtype101.a(csma.o)
                0x000000000002acb0                csma_driver
 .rodata        0x000000000002acc8       0x13 obj_cooja/mtype101.a(tcp-socket.o)
 .rodata        0x000000000002acdb        0xd obj_cooja/mtype101.a(tcpip.o)
 .rodata        0x000000000002ace8       0x4d obj_cooja/mtype101.a(uip-ds6-route.o)
 *fill*         0x000000000002ad35        0x3 
 .rodata        0x000000000002ad38      0x13c obj_cooja/mtype101.a(uip6.o)
 .rodata        0x000000000002ae74       0x30 obj_cooja/mtype101.a(sicslowpan.o)
                0x000000000002ae74                unc_llconf
                0x000000000002ae78                unc_ctxconf
                0x000000000002ae7c                unc_mxconf
                0x000000000002ae80                llprefix
                0x000000000002ae94                sicslowpan_driver
 .rodata        0x000000000002aea4       0x2d obj_cooja/mtype101.a(uiplib.o)
 *fill*         0x000000000002aed1        0xf 
 .rodata        0x000000000002aee0       0x70 obj_cooja/mtype101.a(rpl.o)
                0x000000000002af00                rpl_lite_driver
 .rodata        0x000000000002af50       0xdb obj_cooja/mtype101.a(rpl-dag.o)
 *fill*         0x000000000002b02b        0x1 
 .rodata        0x000000000002b02c        0xc obj_cooja/mtype101.a(framer-802154.o)
                0x000000000002b02c                framer_802154
 .rodata        0x000000000002b038       0x44 obj_cooja/mtype101.a(uip-sr.o)
 .rodata        0x000000000002b07c       0x58 obj_cooja/mtype101.a(rpl-neighbor.o)
 .rodata        0x000000000002b0d4        0xc obj_cooja/mtype101.a(rpl-timers.o)

.rodata1
 *(.rodata1)

.eh_frame_hdr   0x000000000002b0e0     0x1664
 *(.eh_frame_hdr)
 .eh_frame_hdr  0x000000000002b0e0     0x1664 mqtt-demo.o
                0x000000000002b0e0                __GNU_EH_FRAME_HDR
 *(.eh_frame_entry .eh_frame_entry.*)

.eh_frame       0x000000000002c744     0x5ab8
 *(.eh_frame)
 .eh_frame      0x000000000002c744       0x3c /usr/lib/gcc/i686-linux-gnu/5/../../../i386-linux-gnu/crti.o
                                         0x40 (size before relaxing)
 .eh_frame      0x000000000002c780      0x208 mqtt-demo.o
                                        0x220 (size before relaxing)
 .eh_frame      0x000000000002c988      0x178 obj_cooja/mtype101.o
                                        0x190 (size before relaxing)
 .eh_frame      0x000000000002cb00       0x40 obj_cooja/mtype101.a(simEnvChange.o)
                                         0x58 (size before relaxing)
 .eh_frame      0x000000000002cb40       0x60 obj_cooja/mtype101.a(cooja_mt.o)
                                         0x78 (size before relaxing)
 .eh_frame      0x000000000002cba0       0x80 obj_cooja/mtype101.a(cooja_mtarch.o)
                                         0x98 (size before relaxing)
 .eh_frame      0x000000000002cc20       0xc8 obj_cooja/mtype101.a(rtimer-arch.o)
                                         0xe0 (size before relaxing)
 .eh_frame      0x000000000002cce8      0x160 obj_cooja/mtype101.a(beep.o)
                                        0x178 (size before relaxing)
 .eh_frame      0x000000000002ce48       0xa0 obj_cooja/mtype101.a(button-sensor.o)
                                         0xb8 (size before relaxing)
 .eh_frame      0x000000000002cee8       0xa0 obj_cooja/mtype101.a(leds-arch.o)
                                         0xb8 (size before relaxing)
 .eh_frame      0x000000000002cf88       0x40 obj_cooja/mtype101.a(moteid.o)
                                         0x58 (size before relaxing)
 .eh_frame      0x000000000002cfc8       0xa0 obj_cooja/mtype101.a(pir-sensor.o)
                                         0xb8 (size before relaxing)
 .eh_frame      0x000000000002d068      0x100 obj_cooja/mtype101.a(rs232.o)
                                        0x118 (size before relaxing)
 .eh_frame      0x000000000002d168       0xa0 obj_cooja/mtype101.a(vib-sensor.o)
                                         0xb8 (size before relaxing)
 .eh_frame      0x000000000002d208       0xc0 obj_cooja/mtype101.a(clock.o)
                                         0xd8 (size before relaxing)
 .eh_frame      0x000000000002d2c8      0x120 obj_cooja/mtype101.a(cooja-log.o)
                                        0x138 (size before relaxing)
 .eh_frame      0x000000000002d3e8      0x160 obj_cooja/mtype101.a(cfs-cooja.o)
                                        0x178 (size before relaxing)
 .eh_frame      0x000000000002d548      0x340 obj_cooja/mtype101.a(cooja-radio.o)
                                        0x358 (size before relaxing)
 .eh_frame      0x000000000002d888       0xa0 obj_cooja/mtype101.a(eeprom.o)
                                         0xb8 (size before relaxing)
 .eh_frame      0x000000000002d928       0x40 obj_cooja/mtype101.a(random.o)
                                         0x58 (size before relaxing)
 .eh_frame      0x000000000002d968       0xc0 obj_cooja/mtype101.a(sensors.o)
                                         0xd8 (size before relaxing)
 .eh_frame      0x000000000002da28       0xe0 obj_cooja/mtype101.a(leds.o)
                                         0xf8 (size before relaxing)
 .eh_frame      0x000000000002db08      0x4a4 obj_cooja/mtype101.a(mqtt.o)
                                        0x4bc (size before relaxing)
 .eh_frame      0x000000000002dfac       0x30 obj_cooja/mtype101.a(contiki-main.o)
                                         0x48 (size before relaxing)
 .eh_frame      0x000000000002dfdc       0x40 obj_cooja/mtype101.a(autostart.o)
                                         0x58 (size before relaxing)
 .eh_frame      0x000000000002e01c      0x100 obj_cooja/mtype101.a(ctimer.o)
                                        0x118 (size before relaxing)
 .eh_frame      0x000000000002e11c       0x60 obj_cooja/mtype101.a(energest.o)
                                         0x78 (size before relaxing)
 .eh_frame      0x000000000002e17c      0x1e0 obj_cooja/mtype101.a(etimer.o)
                                        0x1f8 (size before relaxing)
 .eh_frame      0x000000000002e35c      0x100 obj_cooja/mtype101.a(log.o)
                                        0x118 (size before relaxing)
 .eh_frame      0x000000000002e45c      0x1c4 obj_cooja/mtype101.a(process.o)
                                        0x1dc (size before relaxing)
 .eh_frame      0x000000000002e620       0x60 obj_cooja/mtype101.a(rtimer.o)
                                         0x78 (size before relaxing)
 .eh_frame      0x000000000002e680       0x20 obj_cooja/mtype101.a(node-id.o)
                                         0x38 (size before relaxing)
 .eh_frame      0x000000000002e6a0       0xa4 obj_cooja/mtype101.a(timer.o)
                                         0xbc (size before relaxing)
 .eh_frame      0x000000000002e744       0x60 obj_cooja/mtype101.a(serial-line.o)
                                         0x78 (size before relaxing)
 .eh_frame      0x000000000002e7a4      0x1a0 obj_cooja/mtype101.a(list.o)
                                        0x1b8 (size before relaxing)
 .eh_frame      0x000000000002e944       0xa0 obj_cooja/mtype101.a(ringbuf.o)
                                         0xb8 (size before relaxing)
 .eh_frame      0x000000000002e9e4      0x28c obj_cooja/mtype101.a(packetbuf.o)
                                        0x2a4 (size before relaxing)
 .eh_frame      0x000000000002ec70       0x80 obj_cooja/mtype101.a(netstack.o)
                                         0x98 (size before relaxing)
 .eh_frame      0x000000000002ecf0       0x60 obj_cooja/mtype101.a(linkaddr.o)
                                         0x78 (size before relaxing)
 .eh_frame      0x000000000002ed50       0xa0 obj_cooja/mtype101.a(csma.o)
                                         0xb8 (size before relaxing)
 .eh_frame      0x000000000002edf0      0x1d4 obj_cooja/mtype101.a(csma-output.o)
                                        0x1ec (size before relaxing)
 .eh_frame      0x000000000002efc4      0x2e8 obj_cooja/mtype101.a(uip-ds6.o)
                                        0x300 (size before relaxing)
 .eh_frame      0x000000000002f2ac      0x248 obj_cooja/mtype101.a(tcp-socket.o)
                                        0x260 (size before relaxing)
 .eh_frame      0x000000000002f4f4      0x308 obj_cooja/mtype101.a(tcpip.o)
                                        0x320 (size before relaxing)
 .eh_frame      0x000000000002f7fc      0x220 obj_cooja/mtype101.a(uip-ds6-route.o)
                                        0x238 (size before relaxing)
 .eh_frame      0x000000000002fa1c      0x274 obj_cooja/mtype101.a(uip6.o)
                                        0x28c (size before relaxing)
 .eh_frame      0x000000000002fc90      0x1c0 obj_cooja/mtype101.a(uip-ds6-nbr.o)
                                        0x1d8 (size before relaxing)
 .eh_frame      0x000000000002fe50       0x84 obj_cooja/mtype101.a(uip-nd6.o)
                                         0x9c (size before relaxing)
 .eh_frame      0x000000000002fed4      0x2f8 obj_cooja/mtype101.a(sicslowpan.o)
                                        0x310 (size before relaxing)
 .eh_frame      0x00000000000301cc       0x88 obj_cooja/mtype101.a(uiplib.o)
                                         0xa0 (size before relaxing)
 .eh_frame      0x0000000000030254      0x1e0 obj_cooja/mtype101.a(rpl.o)
                                        0x1f8 (size before relaxing)
 .eh_frame      0x0000000000030434      0x1c4 obj_cooja/mtype101.a(rpl-icmp6.o)
                                        0x1dc (size before relaxing)
 .eh_frame      0x00000000000305f8      0x370 obj_cooja/mtype101.a(rpl-dag.o)
                                        0x388 (size before relaxing)
 .eh_frame      0x0000000000030968       0xa0 obj_cooja/mtype101.a(rpl-dag-root.o)
                                         0xb8 (size before relaxing)
 .eh_frame      0x0000000000030a08       0xa0 obj_cooja/mtype101.a(watchdog.o)
                                         0xb8 (size before relaxing)
 .eh_frame      0x0000000000030aa8       0xc4 obj_cooja/mtype101.a(stimer.o)
                                         0xdc (size before relaxing)
 .eh_frame      0x0000000000030b6c       0xa0 obj_cooja/mtype101.a(memb.o)
                                         0xb8 (size before relaxing)
 .eh_frame      0x0000000000030c0c      0x1a0 obj_cooja/mtype101.a(queuebuf.o)
                                        0x1b8 (size before relaxing)
 .eh_frame      0x0000000000030dac      0x2ac obj_cooja/mtype101.a(nbr-table.o)
                                        0x2c4 (size before relaxing)
 .eh_frame      0x0000000000031058      0x100 obj_cooja/mtype101.a(link-stats.o)
                                        0x118 (size before relaxing)
 .eh_frame      0x0000000000031158       0x48 obj_cooja/mtype101.a(mac-sequence.o)
                                         0x60 (size before relaxing)
 .eh_frame      0x00000000000311a0       0x20 obj_cooja/mtype101.a(mac.o)
                                         0x38 (size before relaxing)
 .eh_frame      0x00000000000311c0       0xa4 obj_cooja/mtype101.a(framer-802154.o)
                                         0xbc (size before relaxing)
 .eh_frame      0x0000000000031264      0x1a4 obj_cooja/mtype101.a(frame802154.o)
                                        0x1bc (size before relaxing)
 .eh_frame      0x0000000000031408      0x100 obj_cooja/mtype101.a(uipbuf.o)
                                        0x118 (size before relaxing)
 .eh_frame      0x0000000000031508      0x160 obj_cooja/mtype101.a(uip-icmp6.o)
                                        0x178 (size before relaxing)
 .eh_frame      0x0000000000031668      0x184 obj_cooja/mtype101.a(uip-sr.o)
                                        0x19c (size before relaxing)
 .eh_frame      0x00000000000317ec       0xe0 obj_cooja/mtype101.a(uip-packetqueue)
                                         0xf8 (size before relaxing)
 .eh_frame      0x00000000000318cc       0x80 obj_cooja/mtype101.a(rpl-nbr-policy.)
                                         0x98 (size before relaxing)
 .eh_frame      0x000000000003194c      0x2d4 obj_cooja/mtype101.a(rpl-neighbor.o)
                                        0x2ec (size before relaxing)
 .eh_frame      0x0000000000031c20      0x368 obj_cooja/mtype101.a(rpl-timers.o)
                                        0x380 (size before relaxing)
 .eh_frame      0x0000000000031f88      0x128 obj_cooja/mtype101.a(rpl-ext-header.)
                                        0x140 (size before relaxing)
 .eh_frame      0x00000000000320b0      0x148 obj_cooja/mtype101.a(rpl-mrhof.o)
                                        0x160 (size before relaxing)
 .eh_frame      0x00000000000321f8        0x4 /usr/lib/gcc/i686-linux-gnu/5/crtendS.o
 *(.eh_frame.*)

.gcc_except_table
 *(.gcc_except_table .gcc_except_table.*)

.gnu_extab
 *(.gnu_extab*)

.exception_ranges
 *(.exception_ranges .exception_ranges*)
                0x0000000000033f10                . = DATA_SEGMENT_ALIGN (0x1000, 0x1000)

.eh_frame
 *(.eh_frame)
 *(.eh_frame.*)

.gnu_extab
 *(.gnu_extab)

.gcc_except_table
 *(.gcc_except_table .gcc_except_table.*)

.exception_ranges
 *(.exception_ranges .exception_ranges*)

.tdata
 *(.tdata .tdata.* .gnu.linkonce.td.*)

.tbss
 *(.tbss .tbss.* .gnu.linkonce.tb.*)
 *(.tcommon)

.preinit_array
 *(.preinit_array)

.init_array     0x0000000000033f10        0x4
 *(SORT(.init_array.*) SORT(.ctors.*))
 *(.init_array EXCLUDE_FILE(*crtend?.o *crtend.o *crtbegin?.o *crtbegin.o) .ctors)
 .init_array    0x0000000000033f10        0x4 /usr/lib/gcc/i686-linux-gnu/5/crtbeginS.o

.fini_array     0x0000000000033f14        0x4
 *(SORT(.fini_array.*) SORT(.dtors.*))
 *(.fini_array EXCLUDE_FILE(*crtend?.o *crtend.o *crtbegin?.o *crtbegin.o) .dtors)
 .fini_array    0x0000000000033f14        0x4 /usr/lib/gcc/i686-linux-gnu/5/crtbeginS.o

.ctors
 *crtbegin.o(.ctors)
 *crtbegin?.o(.ctors)
 *(EXCLUDE_FILE(*crtend?.o *crtend.o) .ctors)
 *(SORT(.ctors.*))
 *(.ctors)

.dtors
 *crtbegin.o(.dtors)
 *crtbegin?.o(.dtors)
 *(EXCLUDE_FILE(*crtend?.o *crtend.o) .dtors)
 *(SORT(.dtors.*))
 *(.dtors)

.jcr            0x0000000000033f18        0x4
 *(.jcr)
 .jcr           0x0000000000033f18        0x0 /usr/lib/gcc/i686-linux-gnu/5/crtbeginS.o
 .jcr           0x0000000000033f18        0x4 /usr/lib/gcc/i686-linux-gnu/5/crtendS.o

.data.rel.ro
 *(.data.rel.ro.local* .gnu.linkonce.d.rel.ro.local.*)
 *(.data.rel.ro .data.rel.ro.* .gnu.linkonce.d.rel.ro.*)

.dynamic        0x0000000000033f1c       0xd0
 *(.dynamic)
 .dynamic       0x0000000000033f1c       0xd0 /usr/lib/gcc/i686-linux-gnu/5/../../../i386-linux-gnu/crti.o
                0x0000000000033f1c                _DYNAMIC

.got            0x0000000000033fec       0x14
 *(.got)
 .got           0x0000000000033fec       0x14 /usr/lib/gcc/i686-linux-gnu/5/../../../i386-linux-gnu/crti.o
 *(.igot)
                0x0000000000034ff4                . = DATA_SEGMENT_RELRO_END (., (SIZEOF (.got.plt) >= 0xc)?0xc:0x0)

.got.plt        0x0000000000034000        0xc
 *(.got.plt)
 .got.plt       0x0000000000034000        0xc /usr/lib/gcc/i686-linux-gnu/5/../../../i386-linux-gnu/crti.o
                0x0000000000034000                _GLOBAL_OFFSET_TABLE_
 *(.igot.plt)

.data           0x0000000000034020      0x324
 *(.data .data.* .gnu.linkonce.d.*)
 .data          0x0000000000034020        0x0 /usr/lib/gcc/i686-linux-gnu/5/../../../i386-linux-gnu/crti.o
 .data          0x0000000000034020        0x0 /usr/lib/gcc/i686-linux-gnu/5/crtbeginS.o
 .data.rel.local
                0x0000000000034020        0x4 /usr/lib/gcc/i686-linux-gnu/5/crtbeginS.o
                0x0000000000034020                __dso_handle
 .data          0x0000000000034024       0x14 mqtt-demo.o
                0x0000000000034028                mqtt_demo_process
 *fill*         0x0000000000034038        0x8 
 .data          0x0000000000034040       0x44 obj_cooja/mtype101.o
                0x0000000000034040                simInterfaces
                0x0000000000034074                sensors
 .data          0x0000000000034084        0x0 obj_cooja/mtype101.a(simEnvChange.o)
 .data          0x0000000000034084        0x0 obj_cooja/mtype101.a(cooja_mt.o)
 .data          0x0000000000034084        0x0 obj_cooja/mtype101.a(cooja_mtarch.o)
 .data          0x0000000000034084        0x0 obj_cooja/mtype101.a(rtimer-arch.o)
 .data          0x0000000000034084        0x0 obj_cooja/mtype101.a(beep.o)
 .data          0x0000000000034084        0x0 obj_cooja/mtype101.a(button-sensor.o)
 .data          0x0000000000034084        0x0 obj_cooja/mtype101.a(leds-arch.o)
 .data          0x0000000000034084        0x0 obj_cooja/mtype101.a(moteid.o)
 .data          0x0000000000034084        0x0 obj_cooja/mtype101.a(pir-sensor.o)
 .data          0x0000000000034084        0x0 obj_cooja/mtype101.a(rs232.o)
 .data          0x0000000000034084        0x0 obj_cooja/mtype101.a(vib-sensor.o)
 .data          0x0000000000034084        0x0 obj_cooja/mtype101.a(clock.o)
 .data          0x0000000000034084        0x0 obj_cooja/mtype101.a(cooja-log.o)
 .data          0x0000000000034084        0x0 obj_cooja/mtype101.a(cfs-cooja.o)
 .data          0x0000000000034084       0x2c obj_cooja/mtype101.a(cooja-radio.o)
                0x0000000000034084                simRadioHWOn
                0x0000000000034088                simSignalStrength
                0x000000000003408c                simLastSignalStrength
                0x0000000000034090                simPower
                0x0000000000034094                simRadioChannel
                0x0000000000034098                simLQI
                0x00000000000340a0                cooja_radio_process
 .data          0x00000000000340b0        0x0 obj_cooja/mtype101.a(eeprom.o)
 .data          0x00000000000340b0        0x0 obj_cooja/mtype101.a(random.o)
 .data          0x00000000000340b0       0x10 obj_cooja/mtype101.a(sensors.o)
                0x00000000000340b0                sensors_process
 .data          0x00000000000340c0        0x0 obj_cooja/mtype101.a(leds.o)
 .data          0x00000000000340c0       0x14 obj_cooja/mtype101.a(mqtt.o)
                0x00000000000340c4                mqtt_process
 .data          0x00000000000340d4        0x0 obj_cooja/mtype101.a(contiki-main.o)
 .data          0x00000000000340d4        0x0 obj_cooja/mtype101.a(autostart.o)
 .data          0x00000000000340d4       0x14 obj_cooja/mtype101.a(ctimer.o)
                0x00000000000340d8                ctimer_process
 .data          0x00000000000340e8        0x0 obj_cooja/mtype101.a(energest.o)
 .data          0x00000000000340e8       0x10 obj_cooja/mtype101.a(etimer.o)
                0x00000000000340e8                etimer_process
 *fill*         0x00000000000340f8        0x8 
 .data          0x0000000000034100       0xb0 obj_cooja/mtype101.a(log.o)
                0x0000000000034100                curr_log_level_main
                0x0000000000034120                all_modules
 .data          0x00000000000341b0        0x0 obj_cooja/mtype101.a(process.o)
 .data          0x00000000000341b0        0x0 obj_cooja/mtype101.a(rtimer.o)
 .data          0x00000000000341b0        0x0 obj_cooja/mtype101.a(node-id.o)
 .data          0x00000000000341b0        0x0 obj_cooja/mtype101.a(timer.o)
 .data          0x00000000000341b0       0x10 obj_cooja/mtype101.a(serial-line.o)
                0x00000000000341b0                serial_line_process
 .data          0x00000000000341c0        0x0 obj_cooja/mtype101.a(list.o)
 .data          0x00000000000341c0        0x0 obj_cooja/mtype101.a(ringbuf.o)
 .data          0x00000000000341c0        0x4 obj_cooja/mtype101.a(packetbuf.o)
 .data          0x00000000000341c4        0x4 obj_cooja/mtype101.a(netstack.o)
 .data          0x00000000000341c8        0x0 obj_cooja/mtype101.a(linkaddr.o)
 .data          0x00000000000341c8        0x0 obj_cooja/mtype101.a(csma.o)
 .data          0x00000000000341c8       0x28 obj_cooja/mtype101.a(csma-output.o)
 .data          0x00000000000341f0        0x0 obj_cooja/mtype101.a(uip-ds6.o)
 .data          0x00000000000341f0       0x14 obj_cooja/mtype101.a(tcp-socket.o)
                0x00000000000341f4                tcp_socket_process
 .data          0x0000000000034204       0x10 obj_cooja/mtype101.a(tcpip.o)
                0x0000000000034204                tcpip_process
 .data          0x0000000000034214       0x10 obj_cooja/mtype101.a(uip-ds6-route.o)
 .data          0x0000000000034224        0x0 obj_cooja/mtype101.a(uip6.o)
 .data          0x0000000000034224       0x14 obj_cooja/mtype101.a(uip-ds6-nbr.o)
                0x0000000000034234                ds6_neighbors
 .data          0x0000000000034238        0xc obj_cooja/mtype101.a(uip-nd6.o)
 .data          0x0000000000034244        0x0 obj_cooja/mtype101.a(sicslowpan.o)
 .data          0x0000000000034244        0x0 obj_cooja/mtype101.a(uiplib.o)
 .data          0x0000000000034244        0x0 obj_cooja/mtype101.a(rpl.o)
 .data          0x0000000000034244       0x30 obj_cooja/mtype101.a(rpl-icmp6.o)
 .data          0x0000000000034274        0x0 obj_cooja/mtype101.a(rpl-dag.o)
 .data          0x0000000000034274        0x0 obj_cooja/mtype101.a(rpl-dag-root.o)
 .data          0x0000000000034274        0x0 obj_cooja/mtype101.a(watchdog.o)
 .data          0x0000000000034274        0x0 obj_cooja/mtype101.a(stimer.o)
 .data          0x0000000000034274        0x0 obj_cooja/mtype101.a(memb.o)
 .data          0x0000000000034274       0x18 obj_cooja/mtype101.a(queuebuf.o)
 .data          0x000000000003428c       0x10 obj_cooja/mtype101.a(nbr-table.o)
 .data          0x000000000003429c       0x14 obj_cooja/mtype101.a(link-stats.o)
 .data          0x00000000000342b0        0x0 obj_cooja/mtype101.a(mac-sequence.o)
 .data          0x00000000000342b0        0x0 obj_cooja/mtype101.a(mac.o)
 .data          0x00000000000342b0        0x0 obj_cooja/mtype101.a(framer-802154.o)
 .data          0x00000000000342b0        0x2 obj_cooja/mtype101.a(frame802154.o)
 .data          0x00000000000342b2        0x0 obj_cooja/mtype101.a(uipbuf.o)
 *fill*         0x00000000000342b2        0x2 
 .data          0x00000000000342b4       0x20 obj_cooja/mtype101.a(uip-icmp6.o)
 .data          0x00000000000342d4       0x10 obj_cooja/mtype101.a(uip-sr.o)
 .data          0x00000000000342e4        0xc obj_cooja/mtype101.a(uip-packetqueue)
 .data          0x00000000000342f0        0x0 obj_cooja/mtype101.a(rpl-nbr-policy.)
 .data          0x00000000000342f0       0x14 obj_cooja/mtype101.a(rpl-neighbor.o)
                0x0000000000034300                rpl_neighbors
 .data          0x0000000000034304        0x0 obj_cooja/mtype101.a(rpl-timers.o)
 .data          0x0000000000034304        0x0 obj_cooja/mtype101.a(rpl-ext-header.)
 *fill*         0x0000000000034304       0x1c 
 .data          0x0000000000034320       0x24 obj_cooja/mtype101.a(rpl-mrhof.o)
                0x0000000000034320                rpl_mrhof
 .data          0x0000000000034344        0x0 /usr/lib/gcc/i686-linux-gnu/5/crtendS.o
 .data          0x0000000000034344        0x0 /usr/lib/gcc/i686-linux-gnu/5/../../../i386-linux-gnu/crtn.o

.tm_clone_table
                0x0000000000034344        0x0
 .tm_clone_table
                0x0000000000034344        0x0 /usr/lib/gcc/i686-linux-gnu/5/crtbeginS.o
 .tm_clone_table
                0x0000000000034344        0x0 /usr/lib/gcc/i686-linux-gnu/5/crtendS.o

.data1
 *(.data1)
                0x0000000000034344                _edata = .
                [!provide]                        PROVIDE (edata, .)
                0x0000000000034344                . = .
                0x0000000000034344                __bss_start = .

.bss            0x0000000000034360    0x14600
 *(.dynbss)
 .dynbss        0x0000000000034360        0x0 /usr/lib/gcc/i686-linux-gnu/5/../../../i386-linux-gnu/crti.o
 *(.bss .bss.* .gnu.linkonce.b.*)
 .bss           0x0000000000034360        0x0 /usr/lib/gcc/i686-linux-gnu/5/../../../i386-linux-gnu/crti.o
 .bss           0x0000000000034360        0x1 /usr/lib/gcc/i686-linux-gnu/5/crtbeginS.o
 *fill*         0x0000000000034361       0x1f 
 .bss           0x0000000000034380      0xb70 mqtt-demo.o
 *fill*         0x0000000000034ef0       0x10 
 .bss           0x0000000000034f00     0x2030 obj_cooja/mtype101.o
 .bss           0x0000000000036f30        0x1 obj_cooja/mtype101.a(simEnvChange.o)
                0x0000000000036f30                simDontFallAsleep
 *fill*         0x0000000000036f31        0x3 
 .bss           0x0000000000036f34        0x4 obj_cooja/mtype101.a(cooja_mt.o)
 .bss           0x0000000000036f38        0x4 obj_cooja/mtype101.a(cooja_mtarch.o)
 .bss           0x0000000000036f3c        0x0 obj_cooja/mtype101.a(rtimer-arch.o)
 .bss           0x0000000000036f3c        0x0 obj_cooja/mtype101.a(beep.o)
 .bss           0x0000000000036f3c        0x8 obj_cooja/mtype101.a(button-sensor.o)
 .bss           0x0000000000036f44        0x0 obj_cooja/mtype101.a(leds-arch.o)
 .bss           0x0000000000036f44        0x0 obj_cooja/mtype101.a(moteid.o)
 .bss           0x0000000000036f44        0x1 obj_cooja/mtype101.a(pir-sensor.o)
                0x0000000000036f44                simPirValue
 *fill*         0x0000000000036f45        0x3 
 .bss           0x0000000000036f48        0x4 obj_cooja/mtype101.a(rs232.o)
 .bss           0x0000000000036f4c        0x1 obj_cooja/mtype101.a(vib-sensor.o)
                0x0000000000036f4c                simVibValue
 .bss           0x0000000000036f4d        0x0 obj_cooja/mtype101.a(clock.o)
 *fill*         0x0000000000036f4d       0x13 
 .bss           0x0000000000036f60     0x2020 obj_cooja/mtype101.a(cooja-log.o)
 .bss           0x0000000000038f80      0xfc0 obj_cooja/mtype101.a(cfs-cooja.o)
                0x0000000000038f80                simCFSData
                0x0000000000039f20                simCFSSize
                0x0000000000039f24                simCFSChanged
                0x0000000000039f28                simCFSRead
                0x0000000000039f2c                simCFSWritten
 .bss           0x0000000000039f40       0x24 obj_cooja/mtype101.a(cooja-radio.o)
                0x0000000000039f40                simReceiving
                0x0000000000039f44                simInSize
                0x0000000000039f48                simLastPacketTimestamp
                0x0000000000039f50                simOutSize
 .bss           0x0000000000039f64        0xc obj_cooja/mtype101.a(eeprom.o)
                0x0000000000039f64                simEEPROMChanged
                0x0000000000039f68                simEEPROMRead
                0x0000000000039f6c                simEEPROMWritten
 .bss           0x0000000000039f70        0x0 obj_cooja/mtype101.a(random.o)
 .bss           0x0000000000039f70        0xc obj_cooja/mtype101.a(sensors.o)
 .bss           0x0000000000039f7c        0x0 obj_cooja/mtype101.a(leds.o)
 .bss           0x0000000000039f7c       0x15 obj_cooja/mtype101.a(mqtt.o)
 .bss           0x0000000000039f91        0x0 obj_cooja/mtype101.a(contiki-main.o)
 .bss           0x0000000000039f91        0x0 obj_cooja/mtype101.a(autostart.o)
 *fill*         0x0000000000039f91        0x3 
 .bss           0x0000000000039f94        0x5 obj_cooja/mtype101.a(ctimer.o)
 .bss           0x0000000000039f99        0x0 obj_cooja/mtype101.a(energest.o)
 *fill*         0x0000000000039f99        0x3 
 .bss           0x0000000000039f9c        0x8 obj_cooja/mtype101.a(etimer.o)
 .bss           0x0000000000039fa4       0x28 obj_cooja/mtype101.a(log.o)
                0x0000000000039fa4                curr_log_level_rpl
                0x0000000000039fa8                curr_log_level_tcpip
                0x0000000000039fac                curr_log_level_ipv6
                0x0000000000039fb0                curr_log_level_6lowpan
                0x0000000000039fb4                curr_log_level_nullnet
                0x0000000000039fb8                curr_log_level_mac
                0x0000000000039fbc                curr_log_level_framer
                0x0000000000039fc0                curr_log_level_6top
                0x0000000000039fc4                curr_log_level_coap
                0x0000000000039fc8                curr_log_level_lwm2m
 *fill*         0x0000000000039fcc       0x14 
 .bss           0x0000000000039fe0      0x1a1 obj_cooja/mtype101.a(process.o)
                0x0000000000039fe0                process_list
                0x0000000000039fe4                process_current
 *fill*         0x000000000003a181        0x3 
 .bss           0x000000000003a184        0x4 obj_cooja/mtype101.a(rtimer.o)
 .bss           0x000000000003a188        0x2 obj_cooja/mtype101.a(node-id.o)
                0x000000000003a188                node_id
 .bss           0x000000000003a18a        0x0 obj_cooja/mtype101.a(timer.o)
 *fill*         0x000000000003a18a       0x16 
 .bss           0x000000000003a1a0      0x140 obj_cooja/mtype101.a(serial-line.o)
 .bss           0x000000000003a2e0        0x0 obj_cooja/mtype101.a(list.o)
 .bss           0x000000000003a2e0        0x0 obj_cooja/mtype101.a(ringbuf.o)
 .bss           0x000000000003a2e0       0xa0 obj_cooja/mtype101.a(packetbuf.o)
 .bss           0x000000000003a380        0x4 obj_cooja/mtype101.a(netstack.o)
 .bss           0x000000000003a384        0x0 obj_cooja/mtype101.a(linkaddr.o)
 .bss           0x000000000003a384        0x0 obj_cooja/mtype101.a(csma.o)
 *fill*         0x000000000003a384       0x1c 
 .bss           0x000000000003a3a0      0x726 obj_cooja/mtype101.a(csma-output.o)
 *fill*         0x000000000003aac6        0x2 
 .bss           0x000000000003aac8       0x20 obj_cooja/mtype101.a(uip-ds6.o)
 .bss           0x000000000003aae8        0x5 obj_cooja/mtype101.a(tcp-socket.o)
 *fill*         0x000000000003aaed       0x13 
 .bss           0x000000000003ab00       0xc4 obj_cooja/mtype101.a(tcpip.o)
 *fill*         0x000000000003abc4       0x1c 
 .bss           0x000000000003abe0       0x60 obj_cooja/mtype101.a(uip-ds6-route.o)
 .bss           0x000000000003ac40        0xc obj_cooja/mtype101.a(uip6.o)
                0x000000000003ac40                uip_ext_bitmap
                0x000000000003ac41                uip_ext_len
                0x000000000003ac42                uip_ext_opt_offset
 *fill*         0x000000000003ac4c       0x14 
 .bss           0x000000000003ac60     0x1c20 obj_cooja/mtype101.a(uip-ds6-nbr.o)
 .bss           0x000000000003c880       0x10 obj_cooja/mtype101.a(uip-nd6.o)
 *fill*         0x000000000003c890       0x10 
 .bss           0x000000000003c8a0      0x724 obj_cooja/mtype101.a(sicslowpan.o)
 .bss           0x000000000003cfc4        0x0 obj_cooja/mtype101.a(uiplib.o)
 .bss           0x000000000003cfc4        0x1 obj_cooja/mtype101.a(rpl.o)
 .bss           0x000000000003cfc5        0x0 obj_cooja/mtype101.a(rpl-icmp6.o)
 .bss           0x000000000003cfc5        0x0 obj_cooja/mtype101.a(rpl-dag.o)
 *fill*         0x000000000003cfc5        0x3 
 .bss           0x000000000003cfc8       0x11 obj_cooja/mtype101.a(rpl-dag-root.o)
 .bss           0x000000000003cfd9        0x0 obj_cooja/mtype101.a(watchdog.o)
 .bss           0x000000000003cfd9        0x0 obj_cooja/mtype101.a(stimer.o)
 .bss           0x000000000003cfd9        0x0 obj_cooja/mtype101.a(memb.o)
 *fill*         0x000000000003cfd9        0x7 
 .bss           0x000000000003cfe0     0x2c80 obj_cooja/mtype101.a(queuebuf.o)
 .bss           0x000000000003fc60     0x1214 obj_cooja/mtype101.a(nbr-table.o)
 *fill*         0x0000000000040e74        0xc 
 .bss           0x0000000000040e80      0xe10 obj_cooja/mtype101.a(link-stats.o)
 *fill*         0x0000000000041c90       0x10 
 .bss           0x0000000000041ca0      0x100 obj_cooja/mtype101.a(mac-sequence.o)
 .bss           0x0000000000041da0        0x0 obj_cooja/mtype101.a(mac.o)
 .bss           0x0000000000041da0        0x2 obj_cooja/mtype101.a(framer-802154.o)
 .bss           0x0000000000041da2        0x0 obj_cooja/mtype101.a(frame802154.o)
 *fill*         0x0000000000041da2        0x2 
 .bss           0x0000000000041da4        0xc obj_cooja/mtype101.a(uipbuf.o)
 .bss           0x0000000000041db0       0x18 obj_cooja/mtype101.a(uip-icmp6.o)
 *fill*         0x0000000000041dc8       0x18 
 .bss           0x0000000000041de0     0x1d80 obj_cooja/mtype101.a(uip-sr.o)
 .bss           0x0000000000043b60      0xa78 obj_cooja/mtype101.a(uip-packetqueue)
 .bss           0x00000000000445d8        0xe obj_cooja/mtype101.a(rpl-nbr-policy.)
 *fill*         0x00000000000445e6       0x1a 
 .bss           0x0000000000044600      0x960 obj_cooja/mtype101.a(rpl-neighbor.o)
 .bss           0x0000000000044f60       0x40 obj_cooja/mtype101.a(rpl-timers.o)
 .bss           0x0000000000044fa0        0x0 obj_cooja/mtype101.a(rpl-ext-header.)
 .bss           0x0000000000044fa0        0x0 obj_cooja/mtype101.a(rpl-mrhof.o)
 .bss           0x0000000000044fa0        0x0 /usr/lib/gcc/i686-linux-gnu/5/crtendS.o
 .bss           0x0000000000044fa0        0x0 /usr/lib/gcc/i686-linux-gnu/5/../../../i386-linux-gnu/crtn.o
 *(COMMON)
 COMMON         0x0000000000044fa0        0x8 obj_cooja/mtype101.o
                0x0000000000044fa0                referenceVar
                0x0000000000044fa4                sensors_flags
 COMMON         0x0000000000044fa8        0xc obj_cooja/mtype101.a(simEnvChange.o)
                0x0000000000044fa8                simEtimerPending
                0x0000000000044fac                simProcessRunValue
                0x0000000000044fb0                simEtimerNextExpirationTime
 *fill*         0x0000000000044fb4        0x4 
 COMMON         0x0000000000044fb8       0x18 obj_cooja/mtype101.a(rtimer-arch.o)
                0x0000000000044fb8                simRtimerPending
                0x0000000000044fc0                simRtimerCurrentTicks
                0x0000000000044fc8                simRtimerNextExpirationTime
 COMMON         0x0000000000044fd0        0x1 obj_cooja/mtype101.a(beep.o)
                0x0000000000044fd0                simBeeped
 COMMON         0x0000000000044fd1        0x3 obj_cooja/mtype101.a(button-sensor.o)
                0x0000000000044fd1                simButtonIsActive
                0x0000000000044fd2                simButtonIsDown
                0x0000000000044fd3                simButtonChanged
 COMMON         0x0000000000044fd4        0x1 obj_cooja/mtype101.a(leds-arch.o)
                0x0000000000044fd4                simLedsValue
 *fill*         0x0000000000044fd5        0x3 
 COMMON         0x0000000000044fd8        0xc obj_cooja/mtype101.a(moteid.o)
                0x0000000000044fd8                simRandomSeed
                0x0000000000044fdc                simMoteIDChanged
                0x0000000000044fe0                simMoteID
 COMMON         0x0000000000044fe4        0x2 obj_cooja/mtype101.a(pir-sensor.o)
                0x0000000000044fe4                simPirIsActive
                0x0000000000044fe5                simPirChanged
 *fill*         0x0000000000044fe6       0x1a 
 COMMON         0x0000000000045000      0x820 obj_cooja/mtype101.a(rs232.o)
                0x0000000000045000                simSerialReceivingFlag
                0x0000000000045004                simSerialReceivingLength
                0x0000000000045020                simSerialReceivingData
 COMMON         0x0000000000045820        0x2 obj_cooja/mtype101.a(vib-sensor.o)
                0x0000000000045820                simVibChanged
                0x0000000000045821                simVibIsActive
 *fill*         0x0000000000045822        0x2 
 COMMON         0x0000000000045824        0x4 obj_cooja/mtype101.a(clock.o)
                0x0000000000045824                simCurrentTime
 *fill*         0x0000000000045828       0x18 
 COMMON         0x0000000000045840     0x2020 obj_cooja/mtype101.a(cooja-log.o)
                0x0000000000045840                simLoggedLength
                0x0000000000045844                simLoggedFlag
                0x0000000000045860                simLoggedData
 COMMON         0x0000000000047860      0x100 obj_cooja/mtype101.a(cooja-radio.o)
                0x0000000000047860                simOutDataBuffer
                0x00000000000478e0                simInDataBuffer
 COMMON         0x0000000000047960      0x400 obj_cooja/mtype101.a(eeprom.o)
                0x0000000000047960                simEEPROMData
 COMMON         0x0000000000047d60        0x1 obj_cooja/mtype101.a(sensors.o)
                0x0000000000047d60                sensors_event
 COMMON         0x0000000000047d61        0x1 obj_cooja/mtype101.a(mqtt.o)
                0x0000000000047d61                mqtt_update_event
 *fill*         0x0000000000047d62        0x2 
 COMMON         0x0000000000047d64       0x50 obj_cooja/mtype101.a(contiki-main.o)
                0x0000000000047d64                eb_per_time_source
                0x0000000000047d78                unicast_per_neighbor_rpl_storing
                0x0000000000047d8c                unicast_per_neighbor_rpl_ns
                0x0000000000047da0                default_common
 COMMON         0x0000000000047db4        0x1 obj_cooja/mtype101.a(serial-line.o)
                0x0000000000047db4                serial_line_event_message
 *fill*         0x0000000000047db5        0x3 
 COMMON         0x0000000000047db8       0x2c obj_cooja/mtype101.a(packetbuf.o)
                0x0000000000047db8                packetbuf_attrs
                0x0000000000047dd4                packetbuf_addrs
 COMMON         0x0000000000047de4        0x8 obj_cooja/mtype101.a(linkaddr.o)
                0x0000000000047de4                linkaddr_node_addr
 *fill*         0x0000000000047dec       0x14 
 COMMON         0x0000000000047e00      0x181 obj_cooja/mtype101.a(uip-ds6.o)
                0x0000000000047e00                uip_ds6_prefix_list
                0x0000000000047e60                uip_ds6_timer_periodic
                0x0000000000047e70                uip_ds6_netif_addr_list_offset
                0x0000000000047e80                uip_ds6_if
                0x0000000000047f78                uip_ds6_timer_ra
                0x0000000000047f80                uip_ds6_addr_size
 COMMON         0x0000000000047f81        0x1 obj_cooja/mtype101.a(tcpip.o)
                0x0000000000047f81                tcpip_event
 *fill*         0x0000000000047f82       0x1e 
 COMMON         0x0000000000047fa0      0x80c obj_cooja/mtype101.a(uip6.o)
                0x0000000000047fa0                uip_slen
                0x0000000000047fa4                uip_acc32
                0x0000000000047fc0                uip_conns
                0x0000000000048140                uip_lladdr
                0x0000000000048148                uip_appdata
                0x000000000004814c                uip_flags
                0x0000000000048160                uip_aligned_buf
                0x0000000000048660                uip_listenports
                0x0000000000048688                uip_len
                0x000000000004868c                uip_sappdata
                0x00000000000486a0                uip_udp_conns
                0x00000000000487a0                uip_udp_conn
                0x00000000000487a4                uip_next_hdr
                0x00000000000487a8                uip_conn
 COMMON         0x00000000000487ac       0x10 obj_cooja/mtype101.a(rpl.o)
                0x00000000000487ac                rpl_multicast_addr
 *fill*         0x00000000000487bc        0x4 
 COMMON         0x00000000000487c0      0x164 obj_cooja/mtype101.a(rpl-dag.o)
                0x00000000000487c0                curr_instance
 *fill*         0x0000000000048924       0x1c 
 COMMON         0x0000000000048940       0x20 obj_cooja/mtype101.a(link-stats.o)
                0x0000000000048940                periodic_timer
                0x0000000000048960                . = ALIGN ((. != 0x0)?0x4:0x1)
                0x0000000000048960                . = ALIGN (0x4)
                0x0000000000048960                . = SEGMENT_START ("ldata-segment", .)
                0x0000000000048960                . = ALIGN (0x4)
                0x0000000000048960                _end = .
                [!provide]                        PROVIDE (end, .)
                0x0000000000048960                . = DATA_SEGMENT_END (.)

.stab
 *(.stab)

.stabstr
 *(.stabstr)

.stab.excl
 *(.stab.excl)

.stab.exclstr
 *(.stab.exclstr)

.stab.index
 *(.stab.index)

.stab.indexstr
 *(.stab.indexstr)

.comment        0x0000000000000000       0x35
 *(.comment)
 .comment       0x0000000000000000       0x35 /usr/lib/gcc/i686-linux-gnu/5/crtbeginS.o
                                         0x36 (size before relaxing)
 .comment       0x0000000000000035       0x36 mqtt-demo.o
 .comment       0x0000000000000035       0x36 obj_cooja/mtype101.o
 .comment       0x0000000000000035       0x36 obj_cooja/mtype101.a(simEnvChange.o)
 .comment       0x0000000000000035       0x36 obj_cooja/mtype101.a(cooja_mt.o)
 .comment       0x0000000000000035       0x36 obj_cooja/mtype101.a(cooja_mtarch.o)
 .comment       0x0000000000000035       0x36 obj_cooja/mtype101.a(rtimer-arch.o)
 .comment       0x0000000000000035       0x36 obj_cooja/mtype101.a(beep.o)
 .comment       0x0000000000000035       0x36 obj_cooja/mtype101.a(button-sensor.o)
 .comment       0x0000000000000035       0x36 obj_cooja/mtype101.a(leds-arch.o)
 .comment       0x0000000000000035       0x36 obj_cooja/mtype101.a(moteid.o)
 .comment       0x0000000000000035       0x36 obj_cooja/mtype101.a(pir-sensor.o)
 .comment       0x0000000000000035       0x36 obj_cooja/mtype101.a(rs232.o)
 .comment       0x0000000000000035       0x36 obj_cooja/mtype101.a(vib-sensor.o)
 .comment       0x0000000000000035       0x36 obj_cooja/mtype101.a(clock.o)
 .comment       0x0000000000000035       0x36 obj_cooja/mtype101.a(cooja-log.o)
 .comment       0x0000000000000035       0x36 obj_cooja/mtype101.a(cfs-cooja.o)
 .comment       0x0000000000000035       0x36 obj_cooja/mtype101.a(cooja-radio.o)
 .comment       0x0000000000000035       0x36 obj_cooja/mtype101.a(eeprom.o)
 .comment       0x0000000000000035       0x36 obj_cooja/mtype101.a(random.o)
 .comment       0x0000000000000035       0x36 obj_cooja/mtype101.a(sensors.o)
 .comment       0x0000000000000035       0x36 obj_cooja/mtype101.a(leds.o)
 .comment       0x0000000000000035       0x36 obj_cooja/mtype101.a(mqtt.o)
 .comment       0x0000000000000035       0x36 obj_cooja/mtype101.a(contiki-main.o)
 .comment       0x0000000000000035       0x36 obj_cooja/mtype101.a(autostart.o)
 .comment       0x0000000000000035       0x36 obj_cooja/mtype101.a(ctimer.o)
 .comment       0x0000000000000035       0x36 obj_cooja/mtype101.a(energest.o)
 .comment       0x0000000000000035       0x36 obj_cooja/mtype101.a(etimer.o)
 .comment       0x0000000000000035       0x36 obj_cooja/mtype101.a(log.o)
 .comment       0x0000000000000035       0x36 obj_cooja/mtype101.a(process.o)
 .comment       0x0000000000000035       0x36 obj_cooja/mtype101.a(rtimer.o)
 .comment       0x0000000000000035       0x36 obj_cooja/mtype101.a(node-id.o)
 .comment       0x0000000000000035       0x36 obj_cooja/mtype101.a(timer.o)
 .comment       0x0000000000000035       0x36 obj_cooja/mtype101.a(serial-line.o)
 .comment       0x0000000000000035       0x36 obj_cooja/mtype101.a(list.o)
 .comment       0x0000000000000035       0x36 obj_cooja/mtype101.a(ringbuf.o)
 .comment       0x0000000000000035       0x36 obj_cooja/mtype101.a(packetbuf.o)
 .comment       0x0000000000000035       0x36 obj_cooja/mtype101.a(netstack.o)
 .comment       0x0000000000000035       0x36 obj_cooja/mtype101.a(linkaddr.o)
 .comment       0x0000000000000035       0x36 obj_cooja/mtype101.a(csma.o)
 .comment       0x0000000000000035       0x36 obj_cooja/mtype101.a(csma-output.o)
 .comment       0x0000000000000035       0x36 obj_cooja/mtype101.a(uip-ds6.o)
 .comment       0x0000000000000035       0x36 obj_cooja/mtype101.a(tcp-socket.o)
 .comment       0x0000000000000035       0x36 obj_cooja/mtype101.a(tcpip.o)
 .comment       0x0000000000000035       0x36 obj_cooja/mtype101.a(uip-ds6-route.o)
 .comment       0x0000000000000035       0x36 obj_cooja/mtype101.a(uip6.o)
 .comment       0x0000000000000035       0x36 obj_cooja/mtype101.a(uip-ds6-nbr.o)
 .comment       0x0000000000000035       0x36 obj_cooja/mtype101.a(uip-nd6.o)
 .comment       0x0000000000000035       0x36 obj_cooja/mtype101.a(sicslowpan.o)
 .comment       0x0000000000000035       0x36 obj_cooja/mtype101.a(uiplib.o)
 .comment       0x0000000000000035       0x36 obj_cooja/mtype101.a(rpl.o)
 .comment       0x0000000000000035       0x36 obj_cooja/mtype101.a(rpl-icmp6.o)
 .comment       0x0000000000000035       0x36 obj_cooja/mtype101.a(rpl-dag.o)
 .comment       0x0000000000000035       0x36 obj_cooja/mtype101.a(rpl-dag-root.o)
 .comment       0x0000000000000035       0x36 obj_cooja/mtype101.a(watchdog.o)
 .comment       0x0000000000000035       0x36 obj_cooja/mtype101.a(stimer.o)
 .comment       0x0000000000000035       0x36 obj_cooja/mtype101.a(memb.o)
 .comment       0x0000000000000035       0x36 obj_cooja/mtype101.a(queuebuf.o)
 .comment       0x0000000000000035       0x36 obj_cooja/mtype101.a(nbr-table.o)
 .comment       0x0000000000000035       0x36 obj_cooja/mtype101.a(link-stats.o)
 .comment       0x0000000000000035       0x36 obj_cooja/mtype101.a(mac-sequence.o)
 .comment       0x0000000000000035       0x36 obj_cooja/mtype101.a(mac.o)
 .comment       0x0000000000000035       0x36 obj_cooja/mtype101.a(framer-802154.o)
 .comment       0x0000000000000035       0x36 obj_cooja/mtype101.a(frame802154.o)
 .comment       0x0000000000000035       0x36 obj_cooja/mtype101.a(uipbuf.o)
 .comment       0x0000000000000035       0x36 obj_cooja/mtype101.a(uip-icmp6.o)
 .comment       0x0000000000000035       0x36 obj_cooja/mtype101.a(uip-sr.o)
 .comment       0x0000000000000035       0x36 obj_cooja/mtype101.a(uip-packetqueue)
 .comment       0x0000000000000035       0x36 obj_cooja/mtype101.a(rpl-nbr-policy.)
 .comment       0x0000000000000035       0x36 obj_cooja/mtype101.a(rpl-neighbor.o)
 .comment       0x0000000000000035       0x36 obj_cooja/mtype101.a(rpl-timers.o)
 .comment       0x0000000000000035       0x36 obj_cooja/mtype101.a(rpl-ext-header.)
 .comment       0x0000000000000035       0x36 obj_cooja/mtype101.a(rpl-mrhof.o)
 .comment       0x0000000000000035       0x36 /usr/lib/gcc/i686-linux-gnu/5/crtendS.o

.debug
 *(.debug)

.line
 *(.line)

.debug_srcinfo
 *(.debug_srcinfo)

.debug_sfnames
 *(.debug_sfnames)

.debug_aranges  0x0000000000000000      0x900
 *(.debug_aranges)
 .debug_aranges
                0x0000000000000000       0x20 mqtt-demo.o
 .debug_aranges
                0x0000000000000020       0x20 obj_cooja/mtype101.o
 .debug_aranges
                0x0000000000000040       0x20 obj_cooja/mtype101.a(simEnvChange.o)
 .debug_aranges
                0x0000000000000060       0x20 obj_cooja/mtype101.a(cooja_mt.o)
 .debug_aranges
                0x0000000000000080       0x20 obj_cooja/mtype101.a(cooja_mtarch.o)
 .debug_aranges
                0x00000000000000a0       0x20 obj_cooja/mtype101.a(rtimer-arch.o)
 .debug_aranges
                0x00000000000000c0       0x20 obj_cooja/mtype101.a(beep.o)
 .debug_aranges
                0x00000000000000e0       0x20 obj_cooja/mtype101.a(button-sensor.o)
 .debug_aranges
                0x0000000000000100       0x20 obj_cooja/mtype101.a(leds-arch.o)
 .debug_aranges
                0x0000000000000120       0x20 obj_cooja/mtype101.a(moteid.o)
 .debug_aranges
                0x0000000000000140       0x20 obj_cooja/mtype101.a(pir-sensor.o)
 .debug_aranges
                0x0000000000000160       0x20 obj_cooja/mtype101.a(rs232.o)
 .debug_aranges