Archive member included to satisfy reference by file (symbol)

obj_cooja/mtype977.a(simEnvChange.o)
                              obj_cooja/mtype977.o (simDontFallAsleep)
obj_cooja/mtype977.a(cooja_mt.o)
                              obj_cooja/mtype977.o (cooja_mt_start)
obj_cooja/mtype977.a(cooja_mtarch.o)
                              obj_cooja/mtype977.a(cooja_mt.o) (cooja_mtarch_start)
obj_cooja/mtype977.a(rtimer-arch.o)
                              obj_cooja/mtype977.o (rtimer_arch_check)
obj_cooja/mtype977.a(beep.o)  obj_cooja/mtype977.o (beep_interface)
obj_cooja/mtype977.a(button-sensor.o)
                              obj_cooja/mtype977.o (button_interface)
obj_cooja/mtype977.a(leds-arch.o)
                              obj_cooja/mtype977.o (leds_interface)
obj_cooja/mtype977.a(moteid.o)
                              obj_cooja/mtype977.o (moteid_interface)
obj_cooja/mtype977.a(pir-sensor.o)
                              obj_cooja/mtype977.o (pir_interface)
obj_cooja/mtype977.a(rs232.o)
                              obj_cooja/mtype977.o (rs232_interface)
obj_cooja/mtype977.a(vib-sensor.o)
                              obj_cooja/mtype977.o (vib_interface)
obj_cooja/mtype977.a(clock.o)
                              obj_cooja/mtype977.o (clock_interface)
obj_cooja/mtype977.a(cooja-log.o)
                              obj_cooja/mtype977.o (simlog_interface)
obj_cooja/mtype977.a(cfs-cooja.o)
                              obj_cooja/mtype977.o (cfs_interface)
obj_cooja/mtype977.a(cooja-radio.o)
                              obj_cooja/mtype977.o (radio_interface)
obj_cooja/mtype977.a(eeprom.o)
                              obj_cooja/mtype977.o (eeprom_interface)
obj_cooja/mtype977.a(random.o)
                              obj_cooja/mtype977.a(moteid.o) (random_init)
obj_cooja/mtype977.a(sensors.o)
                              obj_cooja/mtype977.a(button-sensor.o) (sensors_changed)
obj_cooja/mtype977.a(leds.o)  mqtt-demo.o (leds_on)
obj_cooja/mtype977.a(mqtt.o)  mqtt-demo.o (mqtt_disconnect)
obj_cooja/mtype977.a(contiki-main.o)
                              obj_cooja/mtype977.o (main)
obj_cooja/mtype977.a(autostart.o)
                              obj_cooja/mtype977.a(contiki-main.o) (autostart_start)
obj_cooja/mtype977.a(ctimer.o)
                              obj_cooja/mtype977.a(contiki-main.o) (ctimer_init)
obj_cooja/mtype977.a(energest.o)
                              obj_cooja/mtype977.a(contiki-main.o) (energest_init)
obj_cooja/mtype977.a(etimer.o)
                              obj_cooja/mtype977.a(contiki-main.o) (etimer_process)
obj_cooja/mtype977.a(log.o)   obj_cooja/mtype977.a(contiki-main.o) (curr_log_level_main)
obj_cooja/mtype977.a(process.o)
                              obj_cooja/mtype977.a(mqtt.o) (process_current)
obj_cooja/mtype977.a(rtimer.o)
                              obj_cooja/mtype977.a(contiki-main.o) (rtimer_init)
obj_cooja/mtype977.a(node-id.o)
                              obj_cooja/mtype977.a(contiki-main.o) (node_id)
obj_cooja/mtype977.a(timer.o)
                              mqtt-demo.o (timer_set)
obj_cooja/mtype977.a(serial-line.o)
                              obj_cooja/mtype977.a(rs232.o) (serial_line_input_byte)
obj_cooja/mtype977.a(list.o)  obj_cooja/mtype977.a(mqtt.o) (list_init)
obj_cooja/mtype977.a(ringbuf.o)
                              obj_cooja/mtype977.a(serial-line.o) (ringbuf_init)
obj_cooja/mtype977.a(packetbuf.o)
                              obj_cooja/mtype977.a(cooja-radio.o) (packetbuf_clear)
obj_cooja/mtype977.a(netstack.o)
                              obj_cooja/mtype977.a(contiki-main.o) (netstack_init)
obj_cooja/mtype977.a(linkaddr.o)
                              mqtt-demo.o (linkaddr_node_addr)
obj_cooja/mtype977.a(csma.o)  obj_cooja/mtype977.a(cooja-radio.o) (csma_driver)
obj_cooja/mtype977.a(csma-output.o)
                              obj_cooja/mtype977.a(csma.o) (csma_output_packet)
obj_cooja/mtype977.a(uip-ds6.o)
                              obj_cooja/mtype977.a(contiki-main.o) (uip_ds6_get_link_local)
obj_cooja/mtype977.a(tcp-socket.o)
                              obj_cooja/mtype977.a(mqtt.o) (tcp_socket_register)
obj_cooja/mtype977.a(tcpip.o)
                              obj_cooja/mtype977.a(tcp-socket.o) (tcpip_event)
obj_cooja/mtype977.a(uip-ds6-route.o)
                              obj_cooja/mtype977.a(uip-ds6.o) (uip_ds6_route_init)
obj_cooja/mtype977.a(uip6.o)  obj_cooja/mtype977.a(contiki-main.o) (uip_lladdr)
obj_cooja/mtype977.a(uip-ds6-nbr.o)
                              obj_cooja/mtype977.a(uip-ds6.o) (uip_ds6_neighbors_init)
obj_cooja/mtype977.a(uip-nd6.o)
                              obj_cooja/mtype977.a(uip6.o) (uip_nd6_init)
obj_cooja/mtype977.a(sicslowpan.o)
                              obj_cooja/mtype977.a(contiki-main.o) (sicslowpan_driver)
obj_cooja/mtype977.a(uiplib.o)
                              obj_cooja/mtype977.a(mqtt.o) (uiplib_ip6addrconv)
[...]
Memory Configuration

Name             Origin             Length             Attributes
*default*        0x0000000000000000 0xffffffffffffffff

Linker script and memory map

LOAD /usr/lib/gcc/i686-linux-gnu/5/../../../i386-linux-gnu/crti.o
LOAD /usr/lib/gcc/i686-linux-gnu/5/crtbeginS.o
LOAD mqtt-demo.o
LOAD obj_cooja/mtype977.o
LOAD obj_cooja/mtype977.a
LOAD /usr/lib/gcc/i686-linux-gnu/5/libgcc.a
LOAD /usr/lib/gcc/i686-linux-gnu/5/libgcc_s.so
LOAD /usr/lib/gcc/i686-linux-gnu/5/../../../i386-linux-gnu/libc.so
START GROUP
LOAD /lib/i386-linux-gnu/libc.so.6
LOAD /usr/lib/i386-linux-gnu/libc_nonshared.a
LOAD /lib/i386-linux-gnu/ld-linux.so.2
END GROUP
LOAD /usr/lib/gcc/i686-linux-gnu/5/libgcc.a
LOAD /usr/lib/gcc/i686-linux-gnu/5/libgcc_s.so
LOAD /usr/lib/gcc/i686-linux-gnu/5/crtendS.o
LOAD /usr/lib/gcc/i686-linux-gnu/5/../../../i386-linux-gnu/crtn.o
                0x0000000000000114                . = (0x0 + SIZEOF_HEADERS)

.note.gnu.build-id
                0x0000000000000114       0x24
 *(.note.gnu.build-id)
 .note.gnu.build-id
                0x0000000000000114       0x24 /usr/lib/gcc/i686-linux-gnu/5/../../../i386-linux-gnu/crti.o

.hash
 *(.hash)

.gnu.hash       0x0000000000000138     0x13c8
 *(.gnu.hash)
 .gnu.hash      0x0000000000000138     0x13c8 /usr/lib/gcc/i686-linux-gnu/5/../../../i386-linux-gnu/crti.o

.dynsym         0x0000000000001500     0x2770
 *(.dynsym)
 .dynsym        0x0000000000001500     0x2770 /usr/lib/gcc/i686-linux-gnu/5/../../../i386-linux-gnu/crti.o

.dynstr         0x0000000000003c70     0x2ade
 *(.dynstr)
 .dynstr        0x0000000000003c70     0x2ade /usr/lib/gcc/i686-linux-gnu/5/../../../i386-linux-gnu/crti.o

.gnu.version    0x000000000000674e      0x4ee
 *(.gnu.version)
 .gnu.version   0x000000000000674e      0x4ee /usr/lib/gcc/i686-linux-gnu/5/../../../i386-linux-gnu/crti.o

.gnu.version_d  0x0000000000006c3c        0x0
 *(.gnu.version_d)
 .gnu.version_d
                0x0000000000006c3c        0x0 /usr/lib/gcc/i686-linux-gnu/5/../../../i386-linux-gnu/crti.o

.gnu.version_r  0x0000000000006c3c       0x40
 *(.gnu.version_r)
 .gnu.version_r
                0x0000000000006c3c       0x40 /usr/lib/gcc/i686-linux-gnu/5/../../../i386-linux-gnu/crti.o

.rel.dyn        0x0000000000006c7c     0xa200
 *(.rel.init)
 .rel.init      0x0000000000006c7c        0x0 /usr/lib/gcc/i686-linux-gnu/5/../../../i386-linux-gnu/crti.o
 *(.rel.text .rel.text.* .rel.gnu.linkonce.t.*)
 .rel.text      0x0000000000006c7c     0x98f8 /usr/lib/gcc/i686-linux-gnu/5/../../../i386-linux-gnu/crti.o
 *(.rel.fini)
 .rel.fini      0x0000000000010574        0x0 /usr/lib/gcc/i686-linux-gnu/5/../../../i386-linux-gnu/crti.o
 *(.rel.rodata .rel.rodata.* .rel.gnu.linkonce.r.*)
 .rel.rodata    0x0000000000010574      0x578 /usr/lib/gcc/i686-linux-gnu/5/../../../i386-linux-gnu/crti.o
 *(.rel.data.rel.ro .rel.data.rel.ro.* .rel.gnu.linkonce.d.rel.ro.*)
 *(.rel.data .rel.data.* .rel.gnu.linkonce.d.*)
 .rel.data.rel.local
                0x0000000000010aec        0x8 /usr/lib/gcc/i686-linux-gnu/5/../../../i386-linux-gnu/crti.o
 .rel.data      0x0000000000010af4      0x350 /usr/lib/gcc/i686-linux-gnu/5/../../../i386-linux-gnu/crti.o
 *(.rel.tdata .rel.tdata.* .rel.gnu.linkonce.td.*)
 *(.rel.tbss .rel.tbss.* .rel.gnu.linkonce.tb.*)
 *(.rel.ctors)
 *(.rel.dtors)
 *(.rel.got)
 .rel.got       0x0000000000010e44       0x28 /usr/lib/gcc/i686-linux-gnu/5/../../../i386-linux-gnu/crti.o
 *(.rel.bss .rel.bss.* .rel.gnu.linkonce.b.*)
 *(.rel.ifunc)
 .rel.ifunc     0x0000000000010e6c        0x0 /usr/lib/gcc/i686-linux-gnu/5/../../../i386-linux-gnu/crti.o
 .rel.fini_array
                0x0000000000010e6c        0x8 /usr/lib/gcc/i686-linux-gnu/5/../../../i386-linux-gnu/crti.o
 .rel.init_array
                0x0000000000010e74        0x8 /usr/lib/gcc/i686-linux-gnu/5/../../../i386-linux-gnu/crti.o

.rel.plt        0x0000000000010e7c        0x0
 *(.rel.plt)
 .rel.plt       0x0000000000010e7c        0x0 /usr/lib/gcc/i686-linux-gnu/5/../../../i386-linux-gnu/crti.o
 *(.rel.iplt)

.init           0x0000000000010e7c       0x23
 *(SORT(.init))
 .init          0x0000000000010e7c       0x1e /usr/lib/gcc/i686-linux-gnu/5/../../../i386-linux-gnu/crti.o
                0x0000000000010e7c                _init
 .init          0x0000000000010e9a        0x5 /usr/lib/gcc/i686-linux-gnu/5/../../../i386-linux-gnu/crtn.o

.plt            0x0000000000010ea0       0x10
 *(.plt)
 .plt           0x0000000000010ea0       0x10 /usr/lib/gcc/i686-linux-gnu/5/../../../i386-linux-gnu/crti.o
 *(.iplt)

.plt.got        0x0000000000010eb0       0x10
 *(.plt.got)
 .plt.got       0x0000000000010eb0       0x10 /usr/lib/gcc/i686-linux-gnu/5/../../../i386-linux-gnu/crti.o

.text           0x0000000000010ec0    0x19675
 *(.text.unlikely .text.*_unlikely .text.unlikely.*)
 .text.unlikely
                0x0000000000010ec0        0x0 /usr/lib/gcc/i686-linux-gnu/5/crtbeginS.o
 *(.text.exit .text.exit.*)
 *(.text.startup .text.startup.*)
 *(.text.hot .text.hot.*)
 *(.text .stub .text.* .gnu.linkonce.t.*)
 .text          0x0000000000010ec0        0x0 /usr/lib/gcc/i686-linux-gnu/5/../../../i386-linux-gnu/crti.o
 .gnu.linkonce.t.__x86.get_pc_thunk.bx
                0x0000000000010ec0        0x4 /usr/lib/gcc/i686-linux-gnu/5/../../../i386-linux-gnu/crti.o
                0x0000000000010ec0                __x86.get_pc_thunk.bx
 *fill*         0x0000000000010ec4        0xc 
 .text          0x0000000000010ed0      0x11c /usr/lib/gcc/i686-linux-gnu/5/crtbeginS.o
 .text.__x86.get_pc_thunk.dx
                0x0000000000010fec        0x4 /usr/lib/gcc/i686-linux-gnu/5/crtbeginS.o
                0x0000000000010fec                __x86.get_pc_thunk.dx
 .text          0x0000000000010ff0      0xe6e mqtt-demo.o
                0x0000000000010ff0                ipaddr_sprintf
 .text          0x0000000000011e5e      0x271 obj_cooja/mtype977.o
                0x0000000000011ef0                platform_init_stage_one
                0x0000000000011ef6                platform_init_stage_two
                0x0000000000011f04                platform_init_stage_three
                0x0000000000011f17                platform_main_loop
                0x0000000000011f8a                Java_org_contikios_cooja_corecomm_Lib2_init
                0x0000000000011fc1                Java_org_contikios_cooja_corecomm_Lib2_getMemory
                0x0000000000011ff4                Java_org_contikios_cooja_corecomm_Lib2_setMemory
                0x0000000000012054                Java_org_contikios_cooja_corecomm_Lib2_tick
                0x00000000000120bc                Java_org_contikios_cooja_corecomm_Lib2_setReferenceAddress
 .text          0x00000000000120cf       0x65 obj_cooja/mtype977.a(simEnvChange.o)
                0x00000000000120cf                doActionsBeforeTick
                0x0000000000012101                doActionsAfterTick
 .text          0x0000000000012134       0x83 obj_cooja/mtype977.a(cooja_mt.o)
                0x0000000000012134                cooja_mt_start
                0x000000000001215e                cooja_mt_exec
                0x0000000000012194                cooja_mt_yield
 .text          0x00000000000121b7       0xbe obj_cooja/mtype977.a(cooja_mtarch.o)
                0x00000000000121b7                cooja_mtarch_start
                0x000000000001222a                cooja_sw
                0x000000000001224d                cooja_mtarch_exec
                0x000000000001226a                cooja_mtarch_yield
 .text          0x0000000000012275       0xc5 obj_cooja/mtype977.a(rtimer-arch.o)
                0x0000000000012275                rtimer_arch_init
                0x0000000000012299                rtimer_arch_schedule
                0x00000000000122c9                rtimer_arch_next
                0x00000000000122d9                rtimer_arch_pending
                0x00000000000122e3                rtimer_arch_check
                0x000000000001232a                rtimer_arch_now
 .text          0x000000000001233a       0x81 obj_cooja/mtype977.a(beep.o)
                0x000000000001233a                beep_alarm
                0x0000000000012347                beep_beep
                0x0000000000012354                beep
                0x0000000000012361                beep_down
                0x000000000001236e                beep_on
                0x000000000001237b                beep_off
                0x0000000000012388                beep_spinup
                0x0000000000012395                beep_quick
                0x00000000000123a2                beep_long
 .text          0x00000000000123bb      0x10d obj_cooja/mtype977.a(button-sensor.o)
 .text          0x00000000000124c8       0x49 obj_cooja/mtype977.a(leds-arch.o)
                0x00000000000124c8                leds_arch_init
                0x00000000000124d5                leds_arch_get
                0x00000000000124e1                leds_arch_set
 .text          0x0000000000012511       0x35 obj_cooja/mtype977.a(moteid.o)
 .text          0x0000000000012546       0xb7 obj_cooja/mtype977.a(pir-sensor.o)
 .text          0x00000000000125fd      0x148 obj_cooja/mtype977.a(rs232.o)
                0x00000000000125fd                rs232_init
                0x0000000000012603                rs232_set_speed
                0x0000000000012612                rs232_set_input
                0x0000000000012620                rs232_send
                0x0000000000012644                rs232_print
                0x0000000000012660                slip_arch_writeb
 .text          0x0000000000012745       0xb7 obj_cooja/mtype977.a(vib-sensor.o)
 .text          0x00000000000127fc       0x38 obj_cooja/mtype977.a(clock.o)
                0x00000000000127fc                clock_init
                0x0000000000012802                clock_time
                0x000000000001280c                clock_seconds
                0x0000000000012822                clock_delay
 .text          0x0000000000012834      0x219 obj_cooja/mtype977.a(cooja-log.o)
                0x0000000000012834                simlog_char
                0x0000000000012877                simlog
                0x00000000000128ed                log_message
                0x000000000001291e                log_set_putchar_with_slip
                0x000000000001292c                log_putchar
                0x00000000000129a7                log_puts
                0x00000000000129cf                log_printf
 .text          0x0000000000012a4d      0x2b9 obj_cooja/mtype977.a(cfs-cooja.o)
                0x0000000000012a4d                cfs_open
                0x0000000000012ab6                cfs_close
                0x0000000000012ac3                cfs_read
                0x0000000000012b58                cfs_write
                0x0000000000012c34                cfs_seek
                0x0000000000012cbc                cfs_remove
                0x0000000000012ce0                cfs_opendir
                0x0000000000012cea                cfs_readdir
                0x0000000000012cf4                cfs_closedir
 .text          0x0000000000012d06      0x605 obj_cooja/mtype977.a(cooja-radio.o)
                0x0000000000012d48                radio_set_channel
                0x0000000000012d56                radio_set_txpower
                0x0000000000012d6e                radio_signal_strength_last
                0x0000000000012d78                radio_signal_strength_current
                0x0000000000012d82                radio_LQI
 .text          0x000000000001330b       0xee obj_cooja/mtype977.a(eeprom.o)
                0x000000000001330b                eeprom_init
                0x0000000000013311                eeprom_read
                0x000000000001337f                eeprom_write
 .text          0x00000000000133f9       0x2d obj_cooja/mtype977.a(random.o)
                0x00000000000133f9                random_init
                0x0000000000013419                random_rand
 .text          0x0000000000013426      0x29c obj_cooja/mtype977.a(sensors.o)
                0x0000000000013461                sensors_first
                0x000000000001346b                sensors_next
                0x0000000000013485                sensors_changed
                0x00000000000134b9                sensors_find
 .text          0x00000000000136c2       0xf6 obj_cooja/mtype977.a(leds.o)
                0x00000000000136c2                leds_init
                0x00000000000136d0                leds_blink
                0x0000000000013713                leds_get
                0x0000000000013720                leds_set
                0x000000000001373f                leds_on
                0x0000000000013765                leds_off
                0x0000000000013792                leds_toggle
 .text          0x00000000000137b8     0x3779 obj_cooja/mtype977.a(mqtt.o)
                0x000000000001695b                mqtt_init
                0x0000000000016a19                mqtt_register
                0x0000000000016ab6                mqtt_connect
                0x0000000000016bc8                mqtt_disconnect
                0x0000000000016c06                mqtt_subscribe
                0x0000000000016cc3                mqtt_unsubscribe
                0x0000000000016d71                mqtt_publish
                0x0000000000016e52                mqtt_set_username_password
                0x0000000000016edd                mqtt_set_last_will
 .text          0x0000000000016f31      0x328 obj_cooja/mtype977.a(contiki-main.o)
                0x0000000000016f31                main
 .text          0x0000000000017259       0x92 obj_cooja/mtype977.a(autostart.o)
                0x0000000000017259                autostart_start
                0x00000000000172a3                autostart_exit
 .text          0x00000000000172eb      0x355 obj_cooja/mtype977.a(ctimer.o)
                0x0000000000017413                ctimer_init
                0x0000000000017446                ctimer_set
                0x000000000001746c                ctimer_set_with_process
                0x00000000000174e9                ctimer_reset
                0x000000000001753d                ctimer_restart
                0x0000000000017591                ctimer_stop
                0x00000000000175e1                ctimer_expired
 .text          0x0000000000017640       0x1b obj_cooja/mtype977.a(energest.o)
                0x0000000000017640                energest_init
                0x0000000000017646                energest_flush
                0x000000000001764c                energest_get_total_time
 .text          0x000000000001765b      0x43f obj_cooja/mtype977.a(etimer.o)
                0x000000000001787f                etimer_request_poll
                0x0000000000017908                etimer_set
                0x0000000000017931                etimer_reset_with_new_interval
                0x0000000000017960                etimer_reset
                0x0000000000017986                etimer_restart
                0x00000000000179ac                etimer_adjust
                0x00000000000179c9                etimer_expired
                0x00000000000179dc                etimer_expiration_time
                0x00000000000179ee                etimer_start_time
                0x00000000000179f8                etimer_pending
                0x0000000000017a0a                etimer_next_expiration_time
                0x0000000000017a24                etimer_stop
 .text          0x0000000000017a9a      0x394 obj_cooja/mtype977.a(log.o)
                0x0000000000017a9a                log_6addr
                0x0000000000017aed                log_6addr_compact_snprint
                0x0000000000017b8b                log_6addr_compact
                0x0000000000017bde                log_lladdr
                0x0000000000017c50                log_lladdr_compact
                0x0000000000017cb8                log_set_level
                0x0000000000017d73                log_get_level
                0x0000000000017dec                log_level_to_str
 .text          0x0000000000017e2e      0x4fb obj_cooja/mtype977.a(process.o)
                0x0000000000017e2e                process_alloc_event
                0x0000000000017e43                process_start
                0x000000000001801d                process_exit
                0x000000000001803a                process_init
                0x00000000000181cf                process_run
                0x0000000000018202                process_nevents
                0x000000000001821d                process_post
                0x00000000000182b0                process_post_synch
                0x00000000000182e5                process_poll
                0x0000000000018315                process_is_running
 .text          0x0000000000018329       0xeb obj_cooja/mtype977.a(rtimer.o)
                0x0000000000018329                rtimer_init
                0x0000000000018337                rtimer_set
                0x00000000000183b2                rtimer_run_next
 .text          0x0000000000018414       0x25 obj_cooja/mtype977.a(node-id.o)
                0x0000000000018414                node_id_init
 .text          0x0000000000018439       0x9c obj_cooja/mtype977.a(timer.o)
                0x0000000000018439                timer_set
                0x0000000000018457                timer_reset
                0x000000000001846f                timer_restart
                0x0000000000018484                timer_expired
                0x00000000000184b1                timer_remaining
 .text          0x00000000000184d5      0x1eb obj_cooja/mtype977.a(serial-line.o)
                0x00000000000184d5                serial_line_input_byte
                0x000000000001868b                serial_line_init
 .text          0x00000000000186c0      0x28f obj_cooja/mtype977.a(list.o)
                0x00000000000186c0                list_init
                0x00000000000186cf                list_head
                0x00000000000186d9                list_copy
                0x00000000000186e9                list_tail
                0x000000000001871f                list_add
                0x000000000001876b                list_push
                0x0000000000018797                list_chop
                0x0000000000018801                list_pop
                0x0000000000018829                list_remove
                0x0000000000018891                list_length
                0x00000000000188bf                list_insert
                0x0000000000018904                list_item_next
                0x000000000001891b                list_contains
 .text          0x000000000001894f      0x156 obj_cooja/mtype977.a(ringbuf.o)
                0x000000000001894f                ringbuf_init
                0x0000000000018981                ringbuf_put
                0x00000000000189ff                ringbuf_get
                0x0000000000018a6c                ringbuf_size
                0x0000000000018a7e                ringbuf_elements
 .text          0x0000000000018aa5      0x407 obj_cooja/mtype977.a(packetbuf.o)
                0x0000000000018aa5                packetbuf_clear
                0x0000000000018ad0                packetbuf_copyfrom
                0x0000000000018b1f                packetbuf_copyto
                0x0000000000018bb2                packetbuf_hdralloc
                0x0000000000018c2e                packetbuf_hdrreduce
                0x0000000000018c74                packetbuf_set_datalen
                0x0000000000018c8e                packetbuf_dataptr
                0x0000000000018cab                packetbuf_hdrptr
                0x0000000000018cb5                packetbuf_datalen
                0x0000000000018cc1                packetbuf_hdrlen
                0x0000000000018cd8                packetbuf_totlen
                0x0000000000018cee                packetbuf_remaininglen
                0x0000000000018d01                packetbuf_attr_clear
                0x0000000000018d4d                packetbuf_attr_copyto
                0x0000000000018da5                packetbuf_attr_copyfrom
                0x0000000000018dfd                packetbuf_set_attr
                0x0000000000018e27                packetbuf_attr
                0x0000000000018e41                packetbuf_set_addr
                0x0000000000018e72                packetbuf_addr
                0x0000000000018e8f                packetbuf_holds_broadcast
 .text          0x0000000000018eac       0xef obj_cooja/mtype977.a(netstack.o)
                0x0000000000018eac                netstack_process_ip_callback
                0x0000000000018f3d                netstack_ip_packet_processor_add
                0x0000000000018f60                uip_ds6_ip_packet_processor_rm
                0x0000000000018f7d                netstack_init
 .text          0x0000000000018f9b       0x4f obj_cooja/mtype977.a(linkaddr.o)
                0x0000000000018f9b                linkaddr_copy
                0x0000000000018fb1                linkaddr_cmp
                0x0000000000018fd4                linkaddr_set_node_addr
 .text          0x0000000000018fea      0x165 obj_cooja/mtype977.a(csma.o)
 .text          0x000000000001914f      0x944 obj_cooja/mtype977.a(csma-output.o)
                0x00000000000197c8                csma_output_packet
                0x0000000000019a55                csma_output_init
 .text          0x0000000000019a93      0xb25 obj_cooja/mtype977.a(uip-ds6.o)
                0x0000000000019a93                uip_ds6_init
                0x0000000000019c3e                uip_ds6_periodic
                0x0000000000019cc5                uip_ds6_list_loop
                0x0000000000019d85                uip_ds6_prefix_add
                0x0000000000019e31                uip_ds6_prefix_rm
                0x0000000000019e44                uip_ds6_prefix_lookup
                0x0000000000019e83                uip_ds6_is_addr_onlink
                0x0000000000019ef6                uip_ds6_addr_add
                0x000000000001a016                uip_ds6_addr_rm
                0x000000000001a0bf                uip_ds6_addr_lookup
                0x000000000001a0f8                uip_ds6_get_link_local
                0x000000000001a179                uip_ds6_get_global
                0x000000000001a1fa                uip_ds6_maddr_add
                0x000000000001a25a                uip_ds6_maddr_rm
                0x000000000001a26d                uip_ds6_maddr_lookup
                0x000000000001a2a6                uip_ds6_aaddr_add
                0x000000000001a306                uip_ds6_aaddr_rm
                0x000000000001a319                uip_ds6_aaddr_lookup
                0x000000000001a352                uip_ds6_select_src
                0x000000000001a49b                uip_ds6_set_addr_iid
                0x000000000001a4c6                uip_ds6_set_lladdr_from_iid
                0x000000000001a4ef                get_match_length
                0x000000000001a580                uip_ds6_compute_reachable_time
 .text          0x000000000001a5b8      0x9d5 obj_cooja/mtype977.a(tcp-socket.o)
                0x000000000001ac03                tcp_socket_register
                0x000000000001ac94                tcp_socket_connect
                0x000000000001ad2b                tcp_socket_listen
                0x000000000001ada2                tcp_socket_unlisten
                0x000000000001ae16                tcp_socket_send
                0x000000000001aeb6                tcp_socket_send_str
                0x000000000001aede                tcp_socket_close
                0x000000000001af07                tcp_socket_unregister
                0x000000000001af61                tcp_socket_max_sendlen
                0x000000000001af7e                tcp_socket_queuelen
 .text          0x000000000001af8d      0xa72 obj_cooja/mtype977.a(tcpip.o)
                0x000000000001afa7                tcpip_output
                0x000000000001b08b                tcp_connect
                0x000000000001b0e3                tcp_unlisten
                0x000000000001b143                tcp_listen
                0x000000000001b1a1                tcp_attach
                0x000000000001b1b9                udp_attach
                0x000000000001b1d1                udp_new
                0x000000000001b21b                udp_broadcast_new
                0x000000000001b4a0                tcpip_input
                0x000000000001b640                tcpip_ipv6_output
                0x000000000001b854                tcpip_poll_udp
                0x000000000001b872                tcpip_poll_tcp
                0x000000000001b890                tcpip_uipcall
 .text          0x000000000001b9ff      0x35b obj_cooja/mtype977.a(uip-ds6-route.o)
                0x000000000001ba50                uip_ds6_route_init
                0x000000000001ba7a                uip_ds6_route_nexthop
                0x000000000001ba84                uip_ds6_route_head
                0x000000000001ba8e                uip_ds6_route_next
                0x000000000001ba98                uip_ds6_route_is_nexthop
                0x000000000001baa2                uip_ds6_route_num_routes
                0x000000000001baac                uip_ds6_route_lookup
                0x000000000001bab6                uip_ds6_route_add
                0x000000000001bac9                uip_ds6_route_rm
                0x000000000001bacf                uip_ds6_route_rm_by_nexthop
                0x000000000001bad5                uip_ds6_defrt_head
                0x000000000001baee                uip_ds6_defrt_add
                0x000000000001bb9c                uip_ds6_defrt_rm
                0x000000000001bc02                uip_ds6_defrt_lookup
                0x000000000001bc69                uip_ds6_defrt_choose
                0x000000000001bcdf                uip_ds6_defrt_periodic
 .text          0x000000000001bd5a     0x2802 obj_cooja/mtype977.a(uip6.o)
                0x000000000001bd5a                uip_add32
                0x000000000001bef4                uip_chksum
                0x000000000001bfd5                uip_icmp6chksum
                0x000000000001bfea                uip_tcpchksum
                0x000000000001bfff                uip_udpchksum
                0x000000000001c014                uip_init
                0x000000000001c09f                uip_connect
                0x000000000001c228                remove_ext_hdr
                0x000000000001c30d                uip_udp_new
                0x000000000001c42f                uip_unlisten
                0x000000000001c471                uip_listen
                0x000000000001c712                uip_process
                0x000000000001e457                uip_htons
                0x000000000001e479                uip_htonl
                0x000000000001e4b7                uip_send
 .text          0x000000000001e55c      0x374 obj_cooja/mtype977.a(uip-ds6-nbr.o)
                0x000000000001e55c                uip_ds6_neighbors_init
                0x000000000001e580                uip_ds6_nbr_add
                0x000000000001e606                uip_ds6_nbr_rm
                0x000000000001e651                uip_ds6_nbr_update_ll
                0x000000000001e73f                uip_ds6_nbr_get_ipaddr
                0x000000000001e754                uip_ds6_nbr_get_ll
                0x000000000001e770                uip_ds6_nbr_num
                0x000000000001e7b9                uip_ds6_nbr_head
                0x000000000001e7d2                uip_ds6_nbr_next
                0x000000000001e7ee                uip_ds6_nbr_lookup
                0x000000000001e851                uip_ds6_nbr_ll_lookup
                0x000000000001e86d                uip_ds6_nbr_ipaddr_from_lladdr
                0x000000000001e896                uip_ds6_nbr_lladdr_from_ipaddr
                0x000000000001e8ca                uip_ds6_link_callback
 .text          0x000000000001e8d0      0x6b5 obj_cooja/mtype977.a(uip-nd6.o)
                0x000000000001ef6c                uip_nd6_init
 .text          0x000000000001ef85     0x2a78 obj_cooja/mtype977.a(sicslowpan.o)
                0x000000000001f483                netstack_sniffer_add
                0x000000000001f491                netstack_sniffer_remove
                0x00000000000219c9                sicslowpan_init
                0x00000000000219f3                sicslowpan_get_last_rssi
 .text          0x00000000000219fd      0x4d1 obj_cooja/mtype977.a(uiplib.o)
                0x00000000000219fd                uiplib_ip6addrconv
                0x0000000000021bb5                uiplib_ip4addrconv
                0x0000000000021c78                uiplib_ipaddr_print
                0x0000000000021ccb                uiplib_ipaddr_snprint
 .text          0x0000000000021ece      0x4c9 obj_cooja/mtype977.a(rpl.o)
                0x0000000000021ece                rpl_lollipop_greater_than
                0x0000000000021f28                rpl_get_global_address
                0x0000000000022020                rpl_link_callback
                0x0000000000022064                rpl_has_joined
                0x0000000000022089                rpl_is_reachable
                0x000000000002210a                rpl_reset_prefix
                0x0000000000022174                rpl_set_prefix_from_addr
                0x0000000000022259                rpl_set_prefix
                0x0000000000022373                rpl_set_leaf_only
                0x000000000002238b                rpl_get_leaf_only
 .text          0x0000000000022397     0x13cb obj_cooja/mtype977.a(rpl-icmp6.o)
                0x00000000000224bc                rpl_icmp6_update_nbr_table
                0x0000000000022555                rpl_icmp6_dis_output
                0x0000000000022bab                rpl_icmp6_dio_output
                0x00000000000233b8                rpl_icmp6_dao_output
                0x00000000000236a9                rpl_icmp6_dao_ack_output
                0x0000000000023719                rpl_icmp6_init
 .text          0x0000000000023762      0xe51 obj_cooja/mtype977.a(rpl-dag.o)
                0x0000000000023762                rpl_dag_state_to_str
                0x00000000000237a1                rpl_dag_get_root_ipaddr
                0x00000000000237e9                rpl_dag_leave
                0x0000000000023872                rpl_dag_poison_and_leave
                0x000000000002388a                rpl_dag_periodic
                0x0000000000023912                rpl_is_addr_in_our_dag
                0x0000000000023956                rpl_get_default_instance
                0x0000000000023972                rpl_get_any_dag
                0x00000000000239cb                rpl_refresh_routes
                0x0000000000023a0b                rpl_global_repair
                0x0000000000023a97                rpl_local_repair
                0x0000000000023ae1                rpl_dag_ready_to_advertise
                0x0000000000023b24                rpl_dag_update_state
                0x0000000000024248                rpl_process_dio
                0x00000000000242c9                rpl_process_dis
                0x000000000002430e                rpl_process_dao
                0x000000000002439d                rpl_process_dao_ack
                0x000000000002442f                rpl_process_hbh
                0x000000000002447f                rpl_dag_init_root
                0x0000000000024593                rpl_dag_init
 .text          0x00000000000245b3      0x286 obj_cooja/mtype977.a(rpl-dag-root.o)
                0x00000000000245b3                rpl_dag_root_print_links
                0x0000000000024701                rpl_dag_root_set_prefix
                0x000000000002472d                rpl_dag_root_start
                0x000000000002480a                rpl_dag_root_is_root
 .text          0x0000000000024839       0x1e obj_cooja/mtype977.a(watchdog.o)
                0x0000000000024839                watchdog_init
                0x000000000002483f                watchdog_start
                0x0000000000024845                watchdog_periodic
                0x000000000002484b                watchdog_stop
                0x0000000000024851                watchdog_reboot
 .text          0x0000000000024857       0xb2 obj_cooja/mtype977.a(stimer.o)
                0x0000000000024857                stimer_set
                0x0000000000024875                stimer_reset
                0x000000000002488d                stimer_restart
                0x00000000000248a2                stimer_expired
                0x00000000000248cd                stimer_remaining
                0x00000000000248f1                stimer_elapsed
 .text          0x0000000000024909      0x1b8 obj_cooja/mtype977.a(memb.o)
                0x0000000000024909                memb_init
                0x000000000002495e                memb_alloc
                0x00000000000249c3                memb_free
                0x0000000000024a3e                memb_inmemb
                0x0000000000024a7d                memb_numfree
 .text          0x0000000000024ac1      0x2e7 obj_cooja/mtype977.a(queuebuf.o)
                0x0000000000024acb                queuebuf_init
                0x0000000000024af4                queuebuf_numfree
                0x0000000000024b0c                queuebuf_new_from_packetbuf
                0x0000000000024bab                queuebuf_update_attr_from_packetbuf
                0x0000000000024be0                queuebuf_update_from_packetbuf
                0x0000000000024c30                queuebuf_free
                0x0000000000024c79                queuebuf_to_packetbuf
                0x0000000000024ce5                queuebuf_dataptr
                0x0000000000024d1f                queuebuf_datalen
                0x0000000000024d42                queuebuf_addr
                0x0000000000024d77                queuebuf_attr
                0x0000000000024da2                queuebuf_debug_print
 .text          0x0000000000024da8      0x78b obj_cooja/mtype977.a(nbr-table.o)
                0x0000000000025221                nbr_table_register
                0x000000000002528e                nbr_table_is_registered
                0x00000000000252c9                nbr_table_head
                0x0000000000025324                nbr_table_next
                0x0000000000025385                nbr_table_add_lladdr
                0x000000000002544f                nbr_table_get_from_lladdr
                0x000000000002549b                nbr_table_remove
                0x00000000000254d3                nbr_table_lock
                0x00000000000254ed                nbr_table_unlock
                0x0000000000025507                nbr_table_get_lladdr
 .text          0x0000000000025533      0x37c obj_cooja/mtype977.a(link-stats.o)
                0x0000000000025533                link_stats_from_lladdr
                0x000000000002554f                link_stats_is_fresh
                0x000000000002558b                guess_etx_from_rssi
                0x0000000000025607                link_stats_packet_sent
                0x000000000002571a                link_stats_input_callback
                0x000000000002582a                link_stats_reset
                0x000000000002587a                link_stats_init
 .text          0x00000000000258af      0x187 obj_cooja/mtype977.a(mac-sequence.o)
                0x00000000000258af                mac_sequence_is_duplicate
                0x000000000002594f                mac_sequence_register_seqno
 .text          0x0000000000025a36       0x23 obj_cooja/mtype977.a(mac.o)
                0x0000000000025a36                mac_call_sent_callback
 .text          0x0000000000025a59      0x41d obj_cooja/mtype977.a(framer-802154.o)
                0x0000000000025be8                framer_802154_setup_params
 .text          0x0000000000025e76      0xb6f obj_cooja/mtype977.a(frame802154.o)
                0x0000000000025ea7                frame802154_get_pan_id
                0x0000000000025eb3                frame802154_set_pan_id
                0x0000000000025ecd                frame802154_has_panid
                0x000000000002607c                frame802154_check_dest_panid
                0x0000000000026104                frame802154_is_broadcast_addr
                0x0000000000026151                frame802154_extract_linkaddr
                0x00000000000263b6                frame802154_hdrlen
                0x0000000000026429                frame802154_create_fcf
                0x00000000000264e1                frame802154_create
                0x0000000000026656                frame802154_parse_fcf
                0x0000000000026738                frame802154_parse
 .text          0x00000000000269e5      0x1ec obj_cooja/mtype977.a(uipbuf.o)
                0x00000000000269e5                uipbuf_get_next_header
                0x0000000000026a54                uipbuf_get_last_header
                0x0000000000026adb                uipbuf_get_attr
                0x0000000000026b02                uipbuf_set_attr
                0x0000000000026b39                uipbuf_clear_attr
                0x0000000000026b65                uipbuf_set_attr_flag
                0x0000000000026b86                uipbuf_clr_attr_flag
                0x0000000000026bad                uipbuf_is_attr_flag
 .text          0x0000000000026bd1      0x96e obj_cooja/mtype977.a(uip-icmp6.o)
                0x0000000000026c46                uip_icmp6_input
                0x0000000000026c9d                uip_icmp6_register_input_handler
                0x0000000000026ea9                uip_icmp6_error_output
                0x0000000000027208                uip_icmp6_send
                0x00000000000274c7                uip_icmp6_echo_reply_callback_add
                0x00000000000274f9                uip_icmp6_echo_reply_callback_rm
                0x0000000000027516                uip_icmp6_init
 .text          0x000000000002753f      0x69b obj_cooja/mtype977.a(uip-sr.o)
                0x000000000002753f                uip_sr_num_nodes
                0x00000000000275cd                uip_sr_get_node
                0x0000000000027624                uip_sr_is_addr_reachable
                0x00000000000276d2                uip_sr_expire_parent
                0x000000000002771b                uip_sr_update_node
                0x000000000002784b                uip_sr_init
                0x000000000002787f                uip_sr_node_head
                0x0000000000027898                uip_sr_node_next
                0x00000000000278ae                uip_sr_periodic
                0x00000000000279b4                uip_sr_free_all
                0x0000000000027a24                uip_sr_link_snprint
 .text          0x0000000000027bda      0x146 obj_cooja/mtype977.a(uip-packetqueue)
                0x0000000000027c08                uip_packetqueue_new
                0x0000000000027c17                uip_packetqueue_alloc
                0x0000000000027c72                uip_packetqueue_free
                0x0000000000027cb9                uip_packetqueue_buf
                0x0000000000027cd6                uip_packetqueue_buflen
                0x0000000000027cf7                uip_packetqueue_set_buflen
 .text          0x0000000000027d20      0x1c8 obj_cooja/mtype977.a(rpl-nbr-policy.)
                0x0000000000027ea5                rpl_nbr_policy_find_removable
 .text          0x0000000000027ee8      0x8ed obj_cooja/mtype977.a(rpl-neighbor.o)
                0x0000000000027f64                rpl_neighbor_snprint
                0x0000000000028211                rpl_neighbor_print_list
                0x00000000000282c6                rpl_neighbor_count
                0x000000000002836d                rpl_neighbor_get_from_lladdr
                0x0000000000028389                rpl_neighbor_is_acceptable_parent
                0x00000000000283bd                rpl_neighbor_get_link_metric
                0x00000000000283f1                rpl_neighbor_rank_via_nbr
                0x0000000000028425                rpl_neighbor_get_lladdr
                0x0000000000028441                rpl_neighbor_get_ipaddr
                0x0000000000028468                rpl_neighbor_get_link_stats
                0x000000000002848f                rpl_neighbor_is_fresh
                0x00000000000284b6                rpl_neighbor_is_reachable
                0x0000000000028501                rpl_neighbor_is_parent
                0x000000000002852b                rpl_neighbor_set_preferred_parent
                0x00000000000285b7                rpl_neighbor_remove_all
                0x0000000000028606                rpl_neighbor_get_from_ipaddr
                0x000000000002870a                rpl_neighbor_select_best
                0x00000000000287b6                rpl_neighbor_init
 .text          0x00000000000287d5      0xa19 obj_cooja/mtype977.a(rpl-timers.o)
                0x00000000000287d5                rpl_timers_schedule_periodic_dis
                0x0000000000028923                rpl_timers_dio_reset
                0x0000000000028a14                rpl_timers_schedule_unicast_dio
                0x0000000000028b9a                rpl_timers_schedule_dao
                0x0000000000028cd4                rpl_timers_schedule_dao_ack
                0x0000000000028d5a                get_probing_delay
                0x0000000000028d8e                get_probing_target
                0x0000000000028f78                rpl_schedule_probing
                0x0000000000028fa6                rpl_schedule_probing_now
                0x0000000000029010                rpl_timers_unschedule_leaving
                0x0000000000029048                rpl_timers_schedule_leaving
                0x0000000000029089                rpl_timers_init
                0x0000000000029119                rpl_timers_stop_dag_timers
                0x0000000000029192                rpl_timers_unschedule_state_update
                0x00000000000291b6                rpl_timers_schedule_state_update
 .text          0x00000000000291ee     0x102c obj_cooja/mtype977.a(rpl-ext-header.)
                0x00000000000291ee                rpl_ext_header_srh_get_next_hop
                0x000000000002936a                rpl_ext_header_srh_update
                0x0000000000029a63                rpl_ext_header_hbh_update
                0x0000000000029fb8                rpl_ext_header_update
                0x000000000002a041                rpl_ext_header_remove
 .text          0x000000000002a21a      0x31b obj_cooja/mtype977.a(rpl-mrhof.o)
 .text          0x000000000002a535        0x0 /usr/lib/gcc/i686-linux-gnu/5/crtendS.o
 .text          0x000000000002a535        0x0 /usr/lib/gcc/i686-linux-gnu/5/../../../i386-linux-gnu/crtn.o
 *(.gnu.warning)

.fini           0x000000000002a538       0x14
 *(SORT(.fini))
 .fini          0x000000000002a538        0xf /usr/lib/gcc/i686-linux-gnu/5/../../../i386-linux-gnu/crti.o
                0x000000000002a538                _fini
 .fini          0x000000000002a547        0x5 /usr/lib/gcc/i686-linux-gnu/5/../../../i386-linux-gnu/crtn.o
                [!provide]                        PROVIDE (__etext, .)
                [!provide]                        PROVIDE (_etext, .)
                [!provide]                        PROVIDE (etext, .)

.rodata         0x000000000002a560      0xbc0
 *(.rodata .rodata.* .gnu.linkonce.r.*)
 .rodata        0x000000000002a560      0x442 mqtt-demo.o
                0x000000000002a568                autostart_processes
 *fill*         0x000000000002a9a2        0x2 
 .rodata        0x000000000002a9a4        0x8 obj_cooja/mtype977.a(beep.o)
                0x000000000002a9a4                beep_interface
 .rodata        0x000000000002a9ac       0x20 obj_cooja/mtype977.a(button-sensor.o)
                0x000000000002a9ac                button_interface
                0x000000000002a9bc                button_sensor
 .rodata        0x000000000002a9cc        0x8 obj_cooja/mtype977.a(leds-arch.o)
                0x000000000002a9cc                leds_interface
 .rodata        0x000000000002a9d4        0x8 obj_cooja/mtype977.a(moteid.o)
                0x000000000002a9d4                moteid_interface
 .rodata        0x000000000002a9dc       0x1c obj_cooja/mtype977.a(pir-sensor.o)
                0x000000000002a9dc                pir_interface
                0x000000000002a9e8                pir_sensor
 .rodata        0x000000000002a9f8        0xe obj_cooja/mtype977.a(rs232.o)
                0x000000000002a9f8                rs232_interface
 *fill*         0x000000000002aa06        0x2 
 .rodata        0x000000000002aa08       0x24 obj_cooja/mtype977.a(vib-sensor.o)
                0x000000000002aa08                vib_interface
                0x000000000002aa1c                vib_sensor
 .rodata        0x000000000002aa2c        0x8 obj_cooja/mtype977.a(clock.o)
                0x000000000002aa2c                clock_interface
 .rodata        0x000000000002aa34        0x8 obj_cooja/mtype977.a(cooja-log.o)
                0x000000000002aa34                simlog_interface
 .rodata        0x000000000002aa3c       0x2f obj_cooja/mtype977.a(cfs-cooja.o)
                0x000000000002aa3c                cfs_interface
 *fill*         0x000000000002aa6b       0x15 
 .rodata        0x000000000002aa80       0x58 obj_cooja/mtype977.a(cooja-radio.o)
                0x000000000002aa80                radio_interface
                0x000000000002aaa0                cooja_radio_driver
 .rodata        0x000000000002aad8        0x8 obj_cooja/mtype977.a(eeprom.o)
                0x000000000002aad8                eeprom_interface
 .rodata        0x000000000002aae0        0x8 obj_cooja/mtype977.a(sensors.o)
 .rodata        0x000000000002aae8       0x14 obj_cooja/mtype977.a(mqtt.o)
 .rodata        0x000000000002aafc       0xf8 obj_cooja/mtype977.a(contiki-main.o)
 .rodata        0x000000000002abf4        0xf obj_cooja/mtype977.a(ctimer.o)
 .rodata        0x000000000002ac03        0xc obj_cooja/mtype977.a(etimer.o)
 *fill*         0x000000000002ac0f        0x1 
 .rodata        0x000000000002ac10       0xc0 obj_cooja/mtype977.a(log.o)
 .rodata        0x000000000002acd0        0xe obj_cooja/mtype977.a(serial-line.o)
 *fill*         0x000000000002acde        0x2 
 .rodata        0x000000000002ace0        0x8 obj_cooja/mtype977.a(linkaddr.o)
                0x000000000002ace0                linkaddr_null
 .rodata        0x000000000002ace8       0x20 obj_cooja/mtype977.a(csma.o)
                0x000000000002acf0                csma_driver
 .rodata        0x000000000002ad08       0x13 obj_cooja/mtype977.a(tcp-socket.o)
 .rodata        0x000000000002ad1b        0xd obj_cooja/mtype977.a(tcpip.o)
 .rodata        0x000000000002ad28       0x4d obj_cooja/mtype977.a(uip-ds6-route.o)
 *fill*         0x000000000002ad75        0x3 
 .rodata        0x000000000002ad78      0x13c obj_cooja/mtype977.a(uip6.o)
 .rodata        0x000000000002aeb4       0x30 obj_cooja/mtype977.a(sicslowpan.o)
                0x000000000002aeb4                unc_llconf
                0x000000000002aeb8                unc_ctxconf
                0x000000000002aebc                unc_mxconf
                0x000000000002aec0                llprefix
                0x000000000002aed4                sicslowpan_driver
 .rodata        0x000000000002aee4       0x2d obj_cooja/mtype977.a(uiplib.o)
 *fill*         0x000000000002af11        0xf 
 .rodata        0x000000000002af20       0x70 obj_cooja/mtype977.a(rpl.o)
                0x000000000002af40                rpl_lite_driver
 .rodata        0x000000000002af90       0xdb obj_cooja/mtype977.a(rpl-dag.o)
 *fill*         0x000000000002b06b        0x1 
 .rodata        0x000000000002b06c        0xc obj_cooja/mtype977.a(framer-802154.o)
                0x000000000002b06c                framer_802154
 .rodata        0x000000000002b078       0x44 obj_cooja/mtype977.a(uip-sr.o)
 .rodata        0x000000000002b0bc       0x58 obj_cooja/mtype977.a(rpl-neighbor.o)
 .rodata        0x000000000002b114        0xc obj_cooja/mtype977.a(rpl-timers.o)

.rodata1
 *(.rodata1)

.eh_frame_hdr   0x000000000002b120     0x166c
 *(.eh_frame_hdr)
 .eh_frame_hdr  0x000000000002b120     0x166c mqtt-demo.o
                0x000000000002b120                __GNU_EH_FRAME_HDR
 *(.eh_frame_entry .eh_frame_entry.*)

.eh_frame       0x000000000002c78c     0x5adc
 *(.eh_frame)
 .eh_frame      0x000000000002c78c       0x3c /usr/lib/gcc/i686-linux-gnu/5/../../../i386-linux-gnu/crti.o
                                         0x40 (size before relaxing)
 .eh_frame      0x000000000002c7c8      0x22c mqtt-demo.o
                                        0x244 (size before relaxing)
 .eh_frame      0x000000000002c9f4      0x178 obj_cooja/mtype977.o
                                        0x190 (size before relaxing)
 .eh_frame      0x000000000002cb6c       0x40 obj_cooja/mtype977.a(simEnvChange.o)
                                         0x58 (size before relaxing)
 .eh_frame      0x000000000002cbac       0x60 obj_cooja/mtype977.a(cooja_mt.o)
                                         0x78 (size before relaxing)
 .eh_frame      0x000000000002cc0c       0x80 obj_cooja/mtype977.a(cooja_mtarch.o)
                                         0x98 (size before relaxing)
 .eh_frame      0x000000000002cc8c       0xc8 obj_cooja/mtype977.a(rtimer-arch.o)
                                         0xe0 (size before relaxing)
 .eh_frame      0x000000000002cd54      0x160 obj_cooja/mtype977.a(beep.o)
                                        0x178 (size before relaxing)
 .eh_frame      0x000000000002ceb4       0xa0 obj_cooja/mtype977.a(button-sensor.o)
                                         0xb8 (size before relaxing)
 .eh_frame      0x000000000002cf54       0xa0 obj_cooja/mtype977.a(leds-arch.o)
                                         0xb8 (size before relaxing)
 .eh_frame      0x000000000002cff4       0x40 obj_cooja/mtype977.a(moteid.o)
                                         0x58 (size before relaxing)
 .eh_frame      0x000000000002d034       0xa0 obj_cooja/mtype977.a(pir-sensor.o)
                                         0xb8 (size before relaxing)
 .eh_frame      0x000000000002d0d4      0x100 obj_cooja/mtype977.a(rs232.o)
                                        0x118 (size before relaxing)
 .eh_frame      0x000000000002d1d4       0xa0 obj_cooja/mtype977.a(vib-sensor.o)
                                         0xb8 (size before relaxing)
 .eh_frame      0x000000000002d274       0xc0 obj_cooja/mtype977.a(clock.o)
                                         0xd8 (size before relaxing)
 .eh_frame      0x000000000002d334      0x120 obj_cooja/mtype977.a(cooja-log.o)
                                        0x138 (size before relaxing)
 .eh_frame      0x000000000002d454      0x160 obj_cooja/mtype977.a(cfs-cooja.o)
                                        0x178 (size before relaxing)
 .eh_frame      0x000000000002d5b4      0x340 obj_cooja/mtype977.a(cooja-radio.o)
                                        0x358 (size before relaxing)
 .eh_frame      0x000000000002d8f4       0xa0 obj_cooja/mtype977.a(eeprom.o)
                                         0xb8 (size before relaxing)
 .eh_frame      0x000000000002d994       0x40 obj_cooja/mtype977.a(random.o)
                                         0x58 (size before relaxing)
 .eh_frame      0x000000000002d9d4       0xc0 obj_cooja/mtype977.a(sensors.o)
                                         0xd8 (size before relaxing)
 .eh_frame      0x000000000002da94       0xe0 obj_cooja/mtype977.a(leds.o)
                                         0xf8 (size before relaxing)
 .eh_frame      0x000000000002db74      0x4a4 obj_cooja/mtype977.a(mqtt.o)
                                        0x4bc (size before relaxing)
 .eh_frame      0x000000000002e018       0x30 obj_cooja/mtype977.a(contiki-main.o)
                                         0x48 (size before relaxing)
 .eh_frame      0x000000000002e048       0x40 obj_cooja/mtype977.a(autostart.o)
                                         0x58 (size before relaxing)
 .eh_frame      0x000000000002e088      0x100 obj_cooja/mtype977.a(ctimer.o)
                                        0x118 (size before relaxing)
 .eh_frame      0x000000000002e188       0x60 obj_cooja/mtype977.a(energest.o)
                                         0x78 (size before relaxing)
 .eh_frame      0x000000000002e1e8      0x1e0 obj_cooja/mtype977.a(etimer.o)
                                        0x1f8 (size before relaxing)
 .eh_frame      0x000000000002e3c8      0x100 obj_cooja/mtype977.a(log.o)
                                        0x118 (size before relaxing)
 .eh_frame      0x000000000002e4c8      0x1c4 obj_cooja/mtype977.a(process.o)
                                        0x1dc (size before relaxing)
 .eh_frame      0x000000000002e68c       0x60 obj_cooja/mtype977.a(rtimer.o)
                                         0x78 (size before relaxing)
 .eh_frame      0x000000000002e6ec       0x20 obj_cooja/mtype977.a(node-id.o)
                                         0x38 (size before relaxing)
 .eh_frame      0x000000000002e70c       0xa4 obj_cooja/mtype977.a(timer.o)
                                         0xbc (size before relaxing)
 .eh_frame      0x000000000002e7b0       0x60 obj_cooja/mtype977.a(serial-line.o)
                                         0x78 (size before relaxing)
 .eh_frame      0x000000000002e810      0x1a0 obj_cooja/mtype977.a(list.o)
                                        0x1b8 (size before relaxing)
 .eh_frame      0x000000000002e9b0       0xa0 obj_cooja/mtype977.a(ringbuf.o)
                                         0xb8 (size before relaxing)
 .eh_frame      0x000000000002ea50      0x28c obj_cooja/mtype977.a(packetbuf.o)
                                        0x2a4 (size before relaxing)
 .eh_frame      0x000000000002ecdc       0x80 obj_cooja/mtype977.a(netstack.o)
                                         0x98 (size before relaxing)
 .eh_frame      0x000000000002ed5c       0x60 obj_cooja/mtype977.a(linkaddr.o)
                                         0x78 (size before relaxing)
 .eh_frame      0x000000000002edbc       0xa0 obj_cooja/mtype977.a(csma.o)
                                         0xb8 (size before relaxing)
 .eh_frame      0x000000000002ee5c      0x1d4 obj_cooja/mtype977.a(csma-output.o)
                                        0x1ec (size before relaxing)
 .eh_frame      0x000000000002f030      0x2e8 obj_cooja/mtype977.a(uip-ds6.o)
                                        0x300 (size before relaxing)
 .eh_frame      0x000000000002f318      0x248 obj_cooja/mtype977.a(tcp-socket.o)
                                        0x260 (size before relaxing)
 .eh_frame      0x000000000002f560      0x308 obj_cooja/mtype977.a(tcpip.o)
                                        0x320 (size before relaxing)
 .eh_frame      0x000000000002f868      0x220 obj_cooja/mtype977.a(uip-ds6-route.o)
                                        0x238 (size before relaxing)
 .eh_frame      0x000000000002fa88      0x274 obj_cooja/mtype977.a(uip6.o)
                                        0x28c (size before relaxing)
 .eh_frame      0x000000000002fcfc      0x1c0 obj_cooja/mtype977.a(uip-ds6-nbr.o)
                                        0x1d8 (size before relaxing)
 .eh_frame      0x000000000002febc       0x84 obj_cooja/mtype977.a(uip-nd6.o)
                                         0x9c (size before relaxing)
 .eh_frame      0x000000000002ff40      0x2f8 obj_cooja/mtype977.a(sicslowpan.o)
                                        0x310 (size before relaxing)
 .eh_frame      0x0000000000030238       0x88 obj_cooja/mtype977.a(uiplib.o)
                                         0xa0 (size before relaxing)
 .eh_frame      0x00000000000302c0      0x1e0 obj_cooja/mtype977.a(rpl.o)
                                        0x1f8 (size before relaxing)
 .eh_frame      0x00000000000304a0      0x1c4 obj_cooja/mtype977.a(rpl-icmp6.o)
                                        0x1dc (size before relaxing)
 .eh_frame      0x0000000000030664      0x370 obj_cooja/mtype977.a(rpl-dag.o)
                                        0x388 (size before relaxing)
 .eh_frame      0x00000000000309d4       0xa0 obj_cooja/mtype977.a(rpl-dag-root.o)
                                         0xb8 (size before relaxing)
 .eh_frame      0x0000000000030a74       0xa0 obj_cooja/mtype977.a(watchdog.o)
                                         0xb8 (size before relaxing)
 .eh_frame      0x0000000000030b14       0xc4 obj_cooja/mtype977.a(stimer.o)
                                         0xdc (size before relaxing)
 .eh_frame      0x0000000000030bd8       0xa0 obj_cooja/mtype977.a(memb.o)
                                         0xb8 (size before relaxing)
 .eh_frame      0x0000000000030c78      0x1a0 obj_cooja/mtype977.a(queuebuf.o)
                                        0x1b8 (size before relaxing)
 .eh_frame      0x0000000000030e18      0x2ac obj_cooja/mtype977.a(nbr-table.o)
                                        0x2c4 (size before relaxing)
 .eh_frame      0x00000000000310c4      0x100 obj_cooja/mtype977.a(link-stats.o)
                                        0x118 (size before relaxing)
 .eh_frame      0x00000000000311c4       0x48 obj_cooja/mtype977.a(mac-sequence.o)
                                         0x60 (size before relaxing)
 .eh_frame      0x000000000003120c       0x20 obj_cooja/mtype977.a(mac.o)
                                         0x38 (size before relaxing)
 .eh_frame      0x000000000003122c       0xa4 obj_cooja/mtype977.a(framer-802154.o)
                                         0xbc (size before relaxing)
 .eh_frame      0x00000000000312d0      0x1a4 obj_cooja/mtype977.a(frame802154.o)
                                        0x1bc (size before relaxing)
 .eh_frame      0x0000000000031474      0x100 obj_cooja/mtype977.a(uipbuf.o)
                                        0x118 (size before relaxing)
 .eh_frame      0x0000000000031574      0x160 obj_cooja/mtype977.a(uip-icmp6.o)
                                        0x178 (size before relaxing)
 .eh_frame      0x00000000000316d4      0x184 obj_cooja/mtype977.a(uip-sr.o)
                                        0x19c (size before relaxing)
 .eh_frame      0x0000000000031858       0xe0 obj_cooja/mtype977.a(uip-packetqueue)
                                         0xf8 (size before relaxing)
 .eh_frame      0x0000000000031938       0x80 obj_cooja/mtype977.a(rpl-nbr-policy.)
                                         0x98 (size before relaxing)
 .eh_frame      0x00000000000319b8      0x2d4 obj_cooja/mtype977.a(rpl-neighbor.o)
                                        0x2ec (size before relaxing)
 .eh_frame      0x0000000000031c8c      0x368 obj_cooja/mtype977.a(rpl-timers.o)
                                        0x380 (size before relaxing)
 .eh_frame      0x0000000000031ff4      0x128 obj_cooja/mtype977.a(rpl-ext-header.)
                                        0x140 (size before relaxing)
 .eh_frame      0x000000000003211c      0x148 obj_cooja/mtype977.a(rpl-mrhof.o)
                                        0x160 (size before relaxing)
 .eh_frame      0x0000000000032264        0x4 /usr/lib/gcc/i686-linux-gnu/5/crtendS.o
 *(.eh_frame.*)

.gcc_except_table
 *(.gcc_except_table .gcc_except_table.*)

.gnu_extab
 *(.gnu_extab*)

.exception_ranges
 *(.exception_ranges .exception_ranges*)
                0x0000000000033f10                . = DATA_SEGMENT_ALIGN (0x1000, 0x1000)

.eh_frame
 *(.eh_frame)
 *(.eh_frame.*)

.gnu_extab
 *(.gnu_extab)

.gcc_except_table
 *(.gcc_except_table .gcc_except_table.*)

.exception_ranges
 *(.exception_ranges .exception_ranges*)

.tdata
 *(.tdata .tdata.* .gnu.linkonce.td.*)

.tbss
 *(.tbss .tbss.* .gnu.linkonce.tb.*)
 *(.tcommon)

.preinit_array
 *(.preinit_array)

.init_array     0x0000000000033f10        0x4
 *(SORT(.init_array.*) SORT(.ctors.*))
 *(.init_array EXCLUDE_FILE(*crtend?.o *crtend.o *crtbegin?.o *crtbegin.o) .ctors)
 .init_array    0x0000000000033f10        0x4 /usr/lib/gcc/i686-linux-gnu/5/crtbeginS.o

.fini_array     0x0000000000033f14        0x4
 *(SORT(.fini_array.*) SORT(.dtors.*))
 *(.fini_array EXCLUDE_FILE(*crtend?.o *crtend.o *crtbegin?.o *crtbegin.o) .dtors)
 .fini_array    0x0000000000033f14        0x4 /usr/lib/gcc/i686-linux-gnu/5/crtbeginS.o

.ctors
 *crtbegin.o(.ctors)
 *crtbegin?.o(.ctors)
 *(EXCLUDE_FILE(*crtend?.o *crtend.o) .ctors)
 *(SORT(.ctors.*))
 *(.ctors)

.dtors
 *crtbegin.o(.dtors)
 *crtbegin?.o(.dtors)
 *(EXCLUDE_FILE(*crtend?.o *crtend.o) .dtors)
 *(SORT(.dtors.*))
 *(.dtors)

.jcr            0x0000000000033f18        0x4
 *(.jcr)
 .jcr           0x0000000000033f18        0x0 /usr/lib/gcc/i686-linux-gnu/5/crtbeginS.o
 .jcr           0x0000000000033f18        0x4 /usr/lib/gcc/i686-linux-gnu/5/crtendS.o

.data.rel.ro
 *(.data.rel.ro.local* .gnu.linkonce.d.rel.ro.local.*)
 *(.data.rel.ro .data.rel.ro.* .gnu.linkonce.d.rel.ro.*)

.dynamic        0x0000000000033f1c       0xd0
 *(.dynamic)
 .dynamic       0x0000000000033f1c       0xd0 /usr/lib/gcc/i686-linux-gnu/5/../../../i386-linux-gnu/crti.o
                0x0000000000033f1c                _DYNAMIC

.got            0x0000000000033fec       0x14
 *(.got)
 .got           0x0000000000033fec       0x14 /usr/lib/gcc/i686-linux-gnu/5/../../../i386-linux-gnu/crti.o
 *(.igot)
                0x0000000000034ff4                . = DATA_SEGMENT_RELRO_END (., (SIZEOF (.got.plt) >= 0xc)?0xc:0x0)

.got.plt        0x0000000000034000        0xc
 *(.got.plt)
 .got.plt       0x0000000000034000        0xc /usr/lib/gcc/i686-linux-gnu/5/../../../i386-linux-gnu/crti.o
                0x0000000000034000                _GLOBAL_OFFSET_TABLE_
 *(.igot.plt)

.data           0x0000000000034020      0x324
 *(.data .data.* .gnu.linkonce.d.*)
 .data          0x0000000000034020        0x0 /usr/lib/gcc/i686-linux-gnu/5/../../../i386-linux-gnu/crti.o
 .data          0x0000000000034020        0x0 /usr/lib/gcc/i686-linux-gnu/5/crtbeginS.o
 .data.rel.local
                0x0000000000034020        0x4 /usr/lib/gcc/i686-linux-gnu/5/crtbeginS.o
                0x0000000000034020                __dso_handle
 .data          0x0000000000034024       0x14 mqtt-demo.o
                0x0000000000034028                mqtt_demo_process
 *fill*         0x0000000000034038        0x8 
 .data          0x0000000000034040       0x44 obj_cooja/mtype977.o
                0x0000000000034040                simInterfaces
                0x0000000000034074                sensors
 .data          0x0000000000034084        0x0 obj_cooja/mtype977.a(simEnvChange.o)
 .data          0x0000000000034084        0x0 obj_cooja/mtype977.a(cooja_mt.o)
 .data          0x0000000000034084        0x0 obj_cooja/mtype977.a(cooja_mtarch.o)
 .data          0x0000000000034084        0x0 obj_cooja/mtype977.a(rtimer-arch.o)
 .data          0x0000000000034084        0x0 obj_cooja/mtype977.a(beep.o)
 .data          0x0000000000034084        0x0 obj_cooja/mtype977.a(button-sensor.o)
 .data          0x0000000000034084        0x0 obj_cooja/mtype977.a(leds-arch.o)
 .data          0x0000000000034084        0x0 obj_cooja/mtype977.a(moteid.o)
 .data          0x0000000000034084        0x0 obj_cooja/mtype977.a(pir-sensor.o)
 .data          0x0000000000034084        0x0 obj_cooja/mtype977.a(rs232.o)
 .data          0x0000000000034084        0x0 obj_cooja/mtype977.a(vib-sensor.o)
 .data          0x0000000000034084        0x0 obj_cooja/mtype977.a(clock.o)
 .data          0x0000000000034084        0x0 obj_cooja/mtype977.a(cooja-log.o)
 .data          0x0000000000034084        0x0 obj_cooja/mtype977.a(cfs-cooja.o)
 .data          0x0000000000034084       0x2c obj_cooja/mtype977.a(cooja-radio.o)
                0x0000000000034084                simRadioHWOn
                0x0000000000034088                simSignalStrength
                0x000000000003408c                simLastSignalStrength
                0x0000000000034090                simPower
                0x0000000000034094                simRadioChannel
                0x0000000000034098                simLQI
                0x00000000000340a0                cooja_radio_process
 .data          0x00000000000340b0        0x0 obj_cooja/mtype977.a(eeprom.o)
 .data          0x00000000000340b0        0x0 obj_cooja/mtype977.a(random.o)
 .data          0x00000000000340b0       0x10 obj_cooja/mtype977.a(sensors.o)
                0x00000000000340b0                sensors_process
 .data          0x00000000000340c0        0x0 obj_cooja/mtype977.a(leds.o)
 .data          0x00000000000340c0       0x14 obj_cooja/mtype977.a(mqtt.o)
                0x00000000000340c4                mqtt_process
 .data          0x00000000000340d4        0x0 obj_cooja/mtype977.a(contiki-main.o)
 .data          0x00000000000340d4        0x0 obj_cooja/mtype977.a(autostart.o)
 .data          0x00000000000340d4       0x14 obj_cooja/mtype977.a(ctimer.o)
                0x00000000000340d8                ctimer_process
 .data          0x00000000000340e8        0x0 obj_cooja/mtype977.a(energest.o)
 .data          0x00000000000340e8       0x10 obj_cooja/mtype977.a(etimer.o)
                0x00000000000340e8                etimer_process
 *fill*         0x00000000000340f8        0x8 
 .data          0x0000000000034100       0xb0 obj_cooja/mtype977.a(log.o)
                0x0000000000034100                curr_log_level_main
                0x0000000000034120                all_modules
 .data          0x00000000000341b0        0x0 obj_cooja/mtype977.a(process.o)
 .data          0x00000000000341b0        0x0 obj_cooja/mtype977.a(rtimer.o)
 .data          0x00000000000341b0        0x0 obj_cooja/mtype977.a(node-id.o)
 .data          0x00000000000341b0        0x0 obj_cooja/mtype977.a(timer.o)
 .data          0x00000000000341b0       0x10 obj_cooja/mtype977.a(serial-line.o)
                0x00000000000341b0                serial_line_process
 .data          0x00000000000341c0        0x0 obj_cooja/mtype977.a(list.o)
 .data          0x00000000000341c0        0x0 obj_cooja/mtype977.a(ringbuf.o)
 .data          0x00000000000341c0        0x4 obj_cooja/mtype977.a(packetbuf.o)
 .data          0x00000000000341c4        0x4 obj_cooja/mtype977.a(netstack.o)
 .data          0x00000000000341c8        0x0 obj_cooja/mtype977.a(linkaddr.o)
 .data          0x00000000000341c8        0x0 obj_cooja/mtype977.a(csma.o)
 .data          0x00000000000341c8       0x28 obj_cooja/mtype977.a(csma-output.o)
 .data          0x00000000000341f0        0x0 obj_cooja/mtype977.a(uip-ds6.o)
 .data          0x00000000000341f0       0x14 obj_cooja/mtype977.a(tcp-socket.o)
                0x00000000000341f4                tcp_socket_process
 .data          0x0000000000034204       0x10 obj_cooja/mtype977.a(tcpip.o)
                0x0000000000034204                tcpip_process
 .data          0x0000000000034214       0x10 obj_cooja/mtype977.a(uip-ds6-route.o)
 .data          0x0000000000034224        0x0 obj_cooja/mtype977.a(uip6.o)
 .data          0x0000000000034224       0x14 obj_cooja/mtype977.a(uip-ds6-nbr.o)
                0x0000000000034234                ds6_neighbors
 .data          0x0000000000034238        0xc obj_cooja/mtype977.a(uip-nd6.o)
 .data          0x0000000000034244        0x0 obj_cooja/mtype977.a(sicslowpan.o)
 .data          0x0000000000034244        0x0 obj_cooja/mtype977.a(uiplib.o)
 .data          0x0000000000034244        0x0 obj_cooja/mtype977.a(rpl.o)
 .data          0x0000000000034244       0x30 obj_cooja/mtype977.a(rpl-icmp6.o)
 .data          0x0000000000034274        0x0 obj_cooja/mtype977.a(rpl-dag.o)
 .data          0x0000000000034274        0x0 obj_cooja/mtype977.a(rpl-dag-root.o)
 .data          0x0000000000034274        0x0 obj_cooja/mtype977.a(watchdog.o)
 .data          0x0000000000034274        0x0 obj_cooja/mtype977.a(stimer.o)
 .data          0x0000000000034274        0x0 obj_cooja/mtype977.a(memb.o)
 .data          0x0000000000034274       0x18 obj_cooja/mtype977.a(queuebuf.o)
 .data          0x000000000003428c       0x10 obj_cooja/mtype977.a(nbr-table.o)
 .data          0x000000000003429c       0x14 obj_cooja/mtype977.a(link-stats.o)
 .data          0x00000000000342b0        0x0 obj_cooja/mtype977.a(mac-sequence.o)
 .data          0x00000000000342b0        0x0 obj_cooja/mtype977.a(mac.o)
 .data          0x00000000000342b0        0x0 obj_cooja/mtype977.a(framer-802154.o)
 .data          0x00000000000342b0        0x2 obj_cooja/mtype977.a(frame802154.o)
 .data          0x00000000000342b2        0x0 obj_cooja/mtype977.a(uipbuf.o)
 *fill*         0x00000000000342b2        0x2 
 .data          0x00000000000342b4       0x20 obj_cooja/mtype977.a(uip-icmp6.o)
 .data          0x00000000000342d4       0x10 obj_cooja/mtype977.a(uip-sr.o)
 .data          0x00000000000342e4        0xc obj_cooja/mtype977.a(uip-packetqueue)
 .data          0x00000000000342f0        0x0 obj_cooja/mtype977.a(rpl-nbr-policy.)
 .data          0x00000000000342f0       0x14 obj_cooja/mtype977.a(rpl-neighbor.o)
                0x0000000000034300                rpl_neighbors
 .data          0x0000000000034304        0x0 obj_cooja/mtype977.a(rpl-timers.o)
 .data          0x0000000000034304        0x0 obj_cooja/mtype977.a(rpl-ext-header.)
 *fill*         0x0000000000034304       0x1c 
 .data          0x0000000000034320       0x24 obj_cooja/mtype977.a(rpl-mrhof.o)
                0x0000000000034320                rpl_mrhof
 .data          0x0000000000034344        0x0 /usr/lib/gcc/i686-linux-gnu/5/crtendS.o
 .data          0x0000000000034344        0x0 /usr/lib/gcc/i686-linux-gnu/5/../../../i386-linux-gnu/crtn.o

.tm_clone_table
                0x0000000000034344        0x0
 .tm_clone_table
                0x0000000000034344        0x0 /usr/lib/gcc/i686-linux-gnu/5/crtbeginS.o
 .tm_clone_table
                0x0000000000034344        0x0 /usr/lib/gcc/i686-linux-gnu/5/crtendS.o

.data1
 *(.data1)
                0x0000000000034344                _edata = .
                [!provide]                        PROVIDE (edata, .)
                0x0000000000034344                . = .
                0x0000000000034344                __bss_start = .

.bss            0x0000000000034360    0x14600
 *(.dynbss)
 .dynbss        0x0000000000034360        0x0 /usr/lib/gcc/i686-linux-gnu/5/../../../i386-linux-gnu/crti.o
 *(.bss .bss.* .gnu.linkonce.b.*)
 .bss           0x0000000000034360        0x0 /usr/lib/gcc/i686-linux-gnu/5/../../../i386-linux-gnu/crti.o
 .bss           0x0000000000034360        0x1 /usr/lib/gcc/i686-linux-gnu/5/crtbeginS.o
 *fill*         0x0000000000034361       0x1f 
 .bss           0x0000000000034380      0xb70 mqtt-demo.o
 *fill*         0x0000000000034ef0       0x10 
 .bss           0x0000000000034f00     0x2030 obj_cooja/mtype977.o
 .bss           0x0000000000036f30        0x1 obj_cooja/mtype977.a(simEnvChange.o)
                0x0000000000036f30                simDontFallAsleep
 *fill*         0x0000000000036f31        0x3 
 .bss           0x0000000000036f34        0x4 obj_cooja/mtype977.a(cooja_mt.o)
 .bss           0x0000000000036f38        0x4 obj_cooja/mtype977.a(cooja_mtarch.o)
 .bss           0x0000000000036f3c        0x0 obj_cooja/mtype977.a(rtimer-arch.o)
 .bss           0x0000000000036f3c        0x0 obj_cooja/mtype977.a(beep.o)
 .bss           0x0000000000036f3c        0x8 obj_cooja/mtype977.a(button-sensor.o)
 .bss           0x0000000000036f44        0x0 obj_cooja/mtype977.a(leds-arch.o)
 .bss           0x0000000000036f44        0x0 obj_cooja/mtype977.a(moteid.o)
 .bss           0x0000000000036f44        0x1 obj_cooja/mtype977.a(pir-sensor.o)
                0x0000000000036f44                simPirValue
 *fill*         0x0000000000036f45        0x3 
 .bss           0x0000000000036f48        0x4 obj_cooja/mtype977.a(rs232.o)
 .bss           0x0000000000036f4c        0x1 obj_cooja/mtype977.a(vib-sensor.o)
                0x0000000000036f4c                simVibValue
 .bss           0x0000000000036f4d        0x0 obj_cooja/mtype977.a(clock.o)
 *fill*         0x0000000000036f4d       0x13 
 .bss           0x0000000000036f60     0x2020 obj_cooja/mtype977.a(cooja-log.o)
 .bss           0x0000000000038f80      0xfc0 obj_cooja/mtype977.a(cfs-cooja.o)
                0x0000000000038f80                simCFSData
                0x0000000000039f20                simCFSSize
                0x0000000000039f24                simCFSChanged
                0x0000000000039f28                simCFSRead
                0x0000000000039f2c                simCFSWritten
 .bss           0x0000000000039f40       0x24 obj_cooja/mtype977.a(cooja-radio.o)
                0x0000000000039f40                simReceiving
                0x0000000000039f44                simInSize
                0x0000000000039f48                simLastPacketTimestamp
                0x0000000000039f50                simOutSize
 .bss           0x0000000000039f64        0xc obj_cooja/mtype977.a(eeprom.o)
                0x0000000000039f64                simEEPROMChanged
                0x0000000000039f68                simEEPROMRead
                0x0000000000039f6c                simEEPROMWritten
 .bss           0x0000000000039f70        0x0 obj_cooja/mtype977.a(random.o)
 .bss           0x0000000000039f70        0xc obj_cooja/mtype977.a(sensors.o)
 .bss           0x0000000000039f7c        0x0 obj_cooja/mtype977.a(leds.o)
 .bss           0x0000000000039f7c       0x15 obj_cooja/mtype977.a(mqtt.o)
 .bss           0x0000000000039f91        0x0 obj_cooja/mtype977.a(contiki-main.o)
 .bss           0x0000000000039f91        0x0 obj_cooja/mtype977.a(autostart.o)
 *fill*         0x0000000000039f91        0x3 
 .bss           0x0000000000039f94        0x5 obj_cooja/mtype977.a(ctimer.o)
 .bss           0x0000000000039f99        0x0 obj_cooja/mtype977.a(energest.o)
 *fill*         0x0000000000039f99        0x3 
 .bss           0x0000000000039f9c        0x8 obj_cooja/mtype977.a(etimer.o)
 .bss           0x0000000000039fa4       0x28 obj_cooja/mtype977.a(log.o)
                0x0000000000039fa4                curr_log_level_rpl
                0x0000000000039fa8                curr_log_level_tcpip
                0x0000000000039fac                curr_log_level_ipv6
                0x0000000000039fb0                curr_log_level_6lowpan
                0x0000000000039fb4                curr_log_level_nullnet
                0x0000000000039fb8                curr_log_level_mac
                0x0000000000039fbc                curr_log_level_framer
                0x0000000000039fc0                curr_log_level_6top
                0x0000000000039fc4                curr_log_level_coap
                0x0000000000039fc8                curr_log_level_lwm2m
 *fill*         0x0000000000039fcc       0x14 
 .bss           0x0000000000039fe0      0x1a1 obj_cooja/mtype977.a(process.o)
                0x0000000000039fe0                process_list
                0x0000000000039fe4                process_current
 *fill*         0x000000000003a181        0x3 
 .bss           0x000000000003a184        0x4 obj_cooja/mtype977.a(rtimer.o)
 .bss           0x000000000003a188        0x2 obj_cooja/mtype977.a(node-id.o)
                0x000000000003a188                node_id
 .bss           0x000000000003a18a        0x0 obj_cooja/mtype977.a(timer.o)
 *fill*         0x000000000003a18a       0x16 
 .bss           0x000000000003a1a0      0x140 obj_cooja/mtype977.a(serial-line.o)
 .bss           0x000000000003a2e0        0x0 obj_cooja/mtype977.a(list.o)
 .bss           0x000000000003a2e0        0x0 obj_cooja/mtype977.a(ringbuf.o)
 .bss           0x000000000003a2e0       0xa0 obj_cooja/mtype977.a(packetbuf.o)
 .bss           0x000000000003a380        0x4 obj_cooja/mtype977.a(netstack.o)
 .bss           0x000000000003a384        0x0 obj_cooja/mtype977.a(linkaddr.o)
 .bss           0x000000000003a384        0x0 obj_cooja/mtype977.a(csma.o)
 *fill*         0x000000000003a384       0x1c 
 .bss           0x000000000003a3a0      0x726 obj_cooja/mtype977.a(csma-output.o)
 *fill*         0x000000000003aac6        0x2 
 .bss           0x000000000003aac8       0x20 obj_cooja/mtype977.a(uip-ds6.o)
 .bss           0x000000000003aae8        0x5 obj_cooja/mtype977.a(tcp-socket.o)
 *fill*         0x000000000003aaed       0x13 
 .bss           0x000000000003ab00       0xc4 obj_cooja/mtype977.a(tcpip.o)
 *fill*         0x000000000003abc4       0x1c 
 .bss           0x000000000003abe0       0x60 obj_cooja/mtype977.a(uip-ds6-route.o)
 .bss           0x000000000003ac40        0xc obj_cooja/mtype977.a(uip6.o)
                0x000000000003ac40                uip_ext_bitmap
                0x000000000003ac41                uip_ext_len
                0x000000000003ac42                uip_ext_opt_offset
 *fill*         0x000000000003ac4c       0x14 
 .bss           0x000000000003ac60     0x1c20 obj_cooja/mtype977.a(uip-ds6-nbr.o)
 .bss           0x000000000003c880       0x10 obj_cooja/mtype977.a(uip-nd6.o)
 *fill*         0x000000000003c890       0x10 
 .bss           0x000000000003c8a0      0x724 obj_cooja/mtype977.a(sicslowpan.o)
 .bss           0x000000000003cfc4        0x0 obj_cooja/mtype977.a(uiplib.o)
 .bss           0x000000000003cfc4        0x1 obj_cooja/mtype977.a(rpl.o)
 .bss           0x000000000003cfc5        0x0 obj_cooja/mtype977.a(rpl-icmp6.o)
 .bss           0x000000000003cfc5        0x0 obj_cooja/mtype977.a(rpl-dag.o)
 *fill*         0x000000000003cfc5        0x3 
 .bss           0x000000000003cfc8       0x11 obj_cooja/mtype977.a(rpl-dag-root.o)
 .bss           0x000000000003cfd9        0x0 obj_cooja/mtype977.a(watchdog.o)
 .bss           0x000000000003cfd9        0x0 obj_cooja/mtype977.a(stimer.o)
 .bss           0x000000000003cfd9        0x0 obj_cooja/mtype977.a(memb.o)
 *fill*         0x000000000003cfd9        0x7 
 .bss           0x000000000003cfe0     0x2c80 obj_cooja/mtype977.a(queuebuf.o)
 .bss           0x000000000003fc60     0x1214 obj_cooja/mtype977.a(nbr-table.o)
 *fill*         0x0000000000040e74        0xc 
 .bss           0x0000000000040e80      0xe10 obj_cooja/mtype977.a(link-stats.o)
 *fill*         0x0000000000041c90       0x10 
 .bss           0x0000000000041ca0      0x100 obj_cooja/mtype977.a(mac-sequence.o)
 .bss           0x0000000000041da0        0x0 obj_cooja/mtype977.a(mac.o)
 .bss           0x0000000000041da0        0x2 obj_cooja/mtype977.a(framer-802154.o)
 .bss           0x0000000000041da2        0x0 obj_cooja/mtype977.a(frame802154.o)
 *fill*         0x0000000000041da2        0x2 
 .bss           0x0000000000041da4        0xc obj_cooja/mtype977.a(uipbuf.o)
 .bss           0x0000000000041db0       0x18 obj_cooja/mtype977.a(uip-icmp6.o)
 *fill*         0x0000000000041dc8       0x18 
 .bss           0x0000000000041de0     0x1d80 obj_cooja/mtype977.a(uip-sr.o)
 .bss           0x0000000000043b60      0xa78 obj_cooja/mtype977.a(uip-packetqueue)
 .bss           0x00000000000445d8        0xe obj_cooja/mtype977.a(rpl-nbr-policy.)
 *fill*         0x00000000000445e6       0x1a 
 .bss           0x0000000000044600      0x960 obj_cooja/mtype977.a(rpl-neighbor.o)
 .bss           0x0000000000044f60       0x40 obj_cooja/mtype977.a(rpl-timers.o)
 .bss           0x0000000000044fa0        0x0 obj_cooja/mtype977.a(rpl-ext-header.)
 .bss           0x0000000000044fa0        0x0 obj_cooja/mtype977.a(rpl-mrhof.o)
 .bss           0x0000000000044fa0        0x0 /usr/lib/gcc/i686-linux-gnu/5/crtendS.o
 .bss           0x0000000000044fa0        0x0 /usr/lib/gcc/i686-linux-gnu/5/../../../i386-linux-gnu/crtn.o
 *(COMMON)
 COMMON         0x0000000000044fa0        0x8 obj_cooja/mtype977.o
                0x0000000000044fa0                referenceVar
                0x0000000000044fa4                sensors_flags
 COMMON         0x0000000000044fa8        0xc obj_cooja/mtype977.a(simEnvChange.o)
                0x0000000000044fa8                simEtimerPending
                0x0000000000044fac                simProcessRunValue
                0x0000000000044fb0                simEtimerNextExpirationTime
 *fill*         0x0000000000044fb4        0x4 
 COMMON         0x0000000000044fb8       0x18 obj_cooja/mtype977.a(rtimer-arch.o)
                0x0000000000044fb8                simRtimerPending
                0x0000000000044fc0                simRtimerCurrentTicks
                0x0000000000044fc8                simRtimerNextExpirationTime
 COMMON         0x0000000000044fd0        0x1 obj_cooja/mtype977.a(beep.o)
                0x0000000000044fd0                simBeeped
 COMMON         0x0000000000044fd1        0x3 obj_cooja/mtype977.a(button-sensor.o)
                0x0000000000044fd1                simButtonIsActive
                0x0000000000044fd2                simButtonIsDown
                0x0000000000044fd3                simButtonChanged
 COMMON         0x0000000000044fd4        0x1 obj_cooja/mtype977.a(leds-arch.o)
                0x0000000000044fd4                simLedsValue
 *fill*         0x0000000000044fd5        0x3 
 COMMON         0x0000000000044fd8        0xc obj_cooja/mtype977.a(moteid.o)
                0x0000000000044fd8                simRandomSeed
                0x0000000000044fdc                simMoteIDChanged
                0x0000000000044fe0                simMoteID
 COMMON         0x0000000000044fe4        0x2 obj_cooja/mtype977.a(pir-sensor.o)
                0x0000000000044fe4                simPirIsActive
                0x0000000000044fe5                simPirChanged
 *fill*         0x0000000000044fe6       0x1a 
 COMMON         0x0000000000045000      0x820 obj_cooja/mtype977.a(rs232.o)
                0x0000000000045000                simSerialReceivingFlag
                0x0000000000045004                simSerialReceivingLength
                0x0000000000045020                simSerialReceivingData
 COMMON         0x0000000000045820        0x2 obj_cooja/mtype977.a(vib-sensor.o)
                0x0000000000045820                simVibChanged
                0x0000000000045821                simVibIsActive
 *fill*         0x0000000000045822        0x2 
 COMMON         0x0000000000045824        0x4 obj_cooja/mtype977.a(clock.o)
                0x0000000000045824                simCurrentTime
 *fill*         0x0000000000045828       0x18 
 COMMON         0x0000000000045840     0x2020 obj_cooja/mtype977.a(cooja-log.o)
                0x0000000000045840                simLoggedLength
                0x0000000000045844                simLoggedFlag
                0x0000000000045860                simLoggedData
 COMMON         0x0000000000047860      0x100 obj_cooja/mtype977.a(cooja-radio.o)
                0x0000000000047860                simOutDataBuffer
                0x00000000000478e0                simInDataBuffer
 COMMON         0x0000000000047960      0x400 obj_cooja/mtype977.a(eeprom.o)
                0x0000000000047960                simEEPROMData
 COMMON         0x0000000000047d60        0x1 obj_cooja/mtype977.a(sensors.o)
                0x0000000000047d60                sensors_event
 COMMON         0x0000000000047d61        0x1 obj_cooja/mtype977.a(mqtt.o)
                0x0000000000047d61                mqtt_update_event
 *fill*         0x0000000000047d62        0x2 
 COMMON         0x0000000000047d64       0x50 obj_cooja/mtype977.a(contiki-main.o)
                0x0000000000047d64                eb_per_time_source
                0x0000000000047d78                unicast_per_neighbor_rpl_storing
                0x0000000000047d8c                unicast_per_neighbor_rpl_ns
                0x0000000000047da0                default_common
 COMMON         0x0000000000047db4        0x1 obj_cooja/mtype977.a(serial-line.o)
                0x0000000000047db4                serial_line_event_message
 *fill*         0x0000000000047db5        0x3 
 COMMON         0x0000000000047db8       0x2c obj_cooja/mtype977.a(packetbuf.o)
                0x0000000000047db8                packetbuf_attrs
                0x0000000000047dd4                packetbuf_addrs
 COMMON         0x0000000000047de4        0x8 obj_cooja/mtype977.a(linkaddr.o)
                0x0000000000047de4                linkaddr_node_addr
 *fill*         0x0000000000047dec       0x14 
 COMMON         0x0000000000047e00      0x181 obj_cooja/mtype977.a(uip-ds6.o)
                0x0000000000047e00                uip_ds6_prefix_list
                0x0000000000047e60                uip_ds6_timer_periodic
                0x0000000000047e70                uip_ds6_netif_addr_list_offset
                0x0000000000047e80                uip_ds6_if
                0x0000000000047f78                uip_ds6_timer_ra
                0x0000000000047f80                uip_ds6_addr_size
 COMMON         0x0000000000047f81        0x1 obj_cooja/mtype977.a(tcpip.o)
                0x0000000000047f81                tcpip_event
 *fill*         0x0000000000047f82       0x1e 
 COMMON         0x0000000000047fa0      0x80c obj_cooja/mtype977.a(uip6.o)
                0x0000000000047fa0                uip_slen
                0x0000000000047fa4                uip_acc32
                0x0000000000047fc0                uip_conns
                0x0000000000048140                uip_lladdr
                0x0000000000048148                uip_appdata
                0x000000000004814c                uip_flags
                0x0000000000048160                uip_aligned_buf
                0x0000000000048660                uip_listenports
                0x0000000000048688                uip_len
                0x000000000004868c                uip_sappdata
                0x00000000000486a0                uip_udp_conns
                0x00000000000487a0                uip_udp_conn
                0x00000000000487a4                uip_next_hdr
                0x00000000000487a8                uip_conn
 COMMON         0x00000000000487ac       0x10 obj_cooja/mtype977.a(rpl.o)
                0x00000000000487ac                rpl_multicast_addr
 *fill*         0x00000000000487bc        0x4 
 COMMON         0x00000000000487c0      0x164 obj_cooja/mtype977.a(rpl-dag.o)
                0x00000000000487c0                curr_instance
 *fill*         0x0000000000048924       0x1c 
 COMMON         0x0000000000048940       0x20 obj_cooja/mtype977.a(link-stats.o)
                0x0000000000048940                periodic_timer
                0x0000000000048960                . = ALIGN ((. != 0x0)?0x4:0x1)
                0x0000000000048960                . = ALIGN (0x4)
                0x0000000000048960                . = SEGMENT_START ("ldata-segment", .)
                0x0000000000048960                . = ALIGN (0x4)
                0x0000000000048960                _end = .
                [!provide]                        PROVIDE (end, .)
                0x0000000000048960                . = DATA_SEGMENT_END (.)

.stab
 *(.stab)

.stabstr
 *(.stabstr)

.stab.excl
 *(.stab.excl)

.stab.exclstr
 *(.stab.exclstr)

.stab.index
 *(.stab.index)

.stab.indexstr
 *(.stab.indexstr)

.comment        0x0000000000000000       0x35
 *(.comment)
 .comment       0x0000000000000000       0x35 /usr/lib/gcc/i686-linux-gnu/5/crtbeginS.o
                                         0x36 (size before relaxing)
 .comment       0x0000000000000035       0x36 mqtt-demo.o
 .comment       0x0000000000000035       0x36 obj_cooja/mtype977.o
 .comment       0x0000000000000035       0x36 obj_cooja/mtype977.a(simEnvChange.o)
 .comment       0x0000000000000035       0x36 obj_cooja/mtype977.a(cooja_mt.o)
 .comment       0x0000000000000035       0x36 obj_cooja/mtype977.a(cooja_mtarch.o)
 .comment       0x0000000000000035       0x36 obj_cooja/mtype977.a(rtimer-arch.o)
 .comment       0x0000000000000035       0x36 obj_cooja/mtype977.a(beep.o)
 .comment       0x0000000000000035       0x36 obj_cooja/mtype977.a(button-sensor.o)
 .comment       0x0000000000000035       0x36 obj_cooja/mtype977.a(leds-arch.o)
 .comment       0x0000000000000035       0x36 obj_cooja/mtype977.a(moteid.o)
 .comment       0x0000000000000035       0x36 obj_cooja/mtype977.a(pir-sensor.o)
 .comment       0x0000000000000035       0x36 obj_cooja/mtype977.a(rs232.o)
 .comment       0x0000000000000035       0x36 obj_cooja/mtype977.a(vib-sensor.o)
 .comment       0x0000000000000035       0x36 obj_cooja/mtype977.a(clock.o)
 .comment       0x0000000000000035       0x36 obj_cooja/mtype977.a(cooja-log.o)
 .comment       0x0000000000000035       0x36 obj_cooja/mtype977.a(cfs-cooja.o)
 .comment       0x0000000000000035       0x36 obj_cooja/mtype977.a(cooja-radio.o)
 .comment       0x0000000000000035       0x36 obj_cooja/mtype977.a(eeprom.o)
 .comment       0x0000000000000035       0x36 obj_cooja/mtype977.a(random.o)
 .comment       0x0000000000000035       0x36 obj_cooja/mtype977.a(sensors.o)
 .comment       0x0000000000000035       0x36 obj_cooja/mtype977.a(leds.o)
 .comment       0x0000000000000035       0x36 obj_cooja/mtype977.a(mqtt.o)
 .comment       0x0000000000000035       0x36 obj_cooja/mtype977.a(contiki-main.o)
 .comment       0x0000000000000035       0x36 obj_cooja/mtype977.a(autostart.o)
 .comment       0x0000000000000035       0x36 obj_cooja/mtype977.a(ctimer.o)
 .comment       0x0000000000000035       0x36 obj_cooja/mtype977.a(energest.o)
 .comment       0x0000000000000035       0x36 obj_cooja/mtype977.a(etimer.o)
 .comment       0x0000000000000035       0x36 obj_cooja/mtype977.a(log.o)
 .comment       0x0000000000000035       0x36 obj_cooja/mtype977.a(process.o)
 .comment       0x0000000000000035       0x36 obj_cooja/mtype977.a(rtimer.o)
 .comment       0x0000000000000035       0x36 obj_cooja/mtype977.a(node-id.o)
 .comment       0x0000000000000035       0x36 obj_cooja/mtype977.a(timer.o)
 .comment       0x0000000000000035       0x36 obj_cooja/mtype977.a(serial-line.o)
 .comment       0x0000000000000035       0x36 obj_cooja/mtype977.a(list.o)
 .comment       0x0000000000000035       0x36 obj_cooja/mtype977.a(ringbuf.o)
 .comment       0x0000000000000035       0x36 obj_cooja/mtype977.a(packetbuf.o)
 .comment       0x0000000000000035       0x36 obj_cooja/mtype977.a(netstack.o)
 .comment       0x0000000000000035       0x36 obj_cooja/mtype977.a(linkaddr.o)
 .comment       0x0000000000000035       0x36 obj_cooja/mtype977.a(csma.o)
 .comment       0x0000000000000035       0x36 obj_cooja/mtype977.a(csma-output.o)
 .comment       0x0000000000000035       0x36 obj_cooja/mtype977.a(uip-ds6.o)
 .comment       0x0000000000000035       0x36 obj_cooja/mtype977.a(tcp-socket.o)
 .comment       0x0000000000000035       0x36 obj_cooja/mtype977.a(tcpip.o)
 .comment       0x0000000000000035       0x36 obj_cooja/mtype977.a(uip-ds6-route.o)
 .comment       0x0000000000000035       0x36 obj_cooja/mtype977.a(uip6.o)
 .comment       0x0000000000000035       0x36 obj_cooja/mtype977.a(uip-ds6-nbr.o)
 .comment       0x0000000000000035       0x36 obj_cooja/mtype977.a(uip-nd6.o)
 .comment       0x0000000000000035       0x36 obj_cooja/mtype977.a(sicslowpan.o)
 .comment       0x0000000000000035       0x36 obj_cooja/mtype977.a(uiplib.o)
 .comment       0x0000000000000035       0x36 obj_cooja/mtype977.a(rpl.o)
 .comment       0x0000000000000035       0x36 obj_cooja/mtype977.a(rpl-icmp6.o)
 .comment       0x0000000000000035       0x36 obj_cooja/mtype977.a(rpl-dag.o)
 .comment       0x0000000000000035       0x36 obj_cooja/mtype977.a(rpl-dag-root.o)
 .comment       0x0000000000000035       0x36 obj_cooja/mtype977.a(watchdog.o)
 .comment       0x0000000000000035       0x36 obj_cooja/mtype977.a(stimer.o)
 .comment       0x0000000000000035       0x36 obj_cooja/mtype977.a(memb.o)
 .comment       0x0000000000000035       0x36 obj_cooja/mtype977.a(queuebuf.o)
 .comment       0x0000000000000035       0x36 obj_cooja/mtype977.a(nbr-table.o)
 .comment       0x0000000000000035       0x36 obj_cooja/mtype977.a(link-stats.o)
 .comment       0x0000000000000035       0x36 obj_cooja/mtype977.a(mac-sequence.o)
 .comment       0x0000000000000035       0x36 obj_cooja/mtype977.a(mac.o)
 .comment       0x0000000000000035       0x36 obj_cooja/mtype977.a(framer-802154.o)
 .comment       0x0000000000000035       0x36 obj_cooja/mtype977.a(frame802154.o)
 .comment       0x0000000000000035       0x36 obj_cooja/mtype977.a(uipbuf.o)
 .comment       0x0000000000000035       0x36 obj_cooja/mtype977.a(uip-icmp6.o)
 .comment       0x0000000000000035       0x36 obj_cooja/mtype977.a(uip-sr.o)
 .comment       0x0000000000000035       0x36 obj_cooja/mtype977.a(uip-packetqueue)
 .comment       0x0000000000000035       0x36 obj_cooja/mtype977.a(rpl-nbr-policy.)
 .comment       0x0000000000000035       0x36 obj_cooja/mtype977.a(rpl-neighbor.o)
 .comment       0x0000000000000035       0x36 obj_cooja/mtype977.a(rpl-timers.o)
 .comment       0x0000000000000035       0x36 obj_cooja/mtype977.a(rpl-ext-header.)
 .comment       0x0000000000000035       0x36 obj_cooja/mtype977.a(rpl-mrhof.o)
 .comment       0x0000000000000035       0x36 /usr/lib/gcc/i686-linux-gnu/5/crtendS.o

.debug
 *(.debug)

.line
 *(.line)

.debug_srcinfo
 *(.debug_srcinfo)

.debug_sfnames
 *(.debug_sfnames)

.debug_aranges  0x0000000000000000      0x900
 *(.debug_aranges)
 .debug_aranges
                0x0000000000000000       0x20 mqtt-demo.o
 .debug_aranges
                0x0000000000000020       0x20 obj_cooja/mtype977.o
 .debug_aranges
                0x0000000000000040       0x20 obj_cooja/mtype977.a(simEnvChange.o)
 .debug_aranges
                0x0000000000000060       0x20 obj_cooja/mtype977.a(cooja_mt.o)
 .debug_aranges
                0x0000000000000080       0x20 obj_cooja/mtype977.a(cooja_mtarch.o)
 .debug_aranges
                0x00000000000000a0       0x20 obj_cooja/mtype977.a(rtimer-arch.o)
 .debug_aranges
                0x00000000000000c0       0x20 obj_cooja/mtype977.a(beep.o)
 .debug_aranges
                0x00000000000000e0       0x20 obj_cooja/mtype977.a(button-sensor.o)
 .debug_aranges
                0x0000000000000100       0x20 obj_cooja/mtype977.a(leds-arch.o)
 .debug_aranges
                0x0000000000000120       0x20 obj_cooja/mtype977.a(moteid.o)
 .debug_aranges
                0x0000000000000140       0x20 obj_cooja/mtype977.a(pir-sensor.o)
 .debug_aranges
                0x0000000000000160       0x20 obj_cooja/mtype977.a(rs232.o)
 .debug_aranges