Archive member included to satisfy reference by file (symbol)

obj_cooja/mtype249.a(simEnvChange.o)
                              obj_cooja/mtype249.o (simDontFallAsleep)
obj_cooja/mtype249.a(cooja_mt.o)
                              obj_cooja/mtype249.o (cooja_mt_start)
obj_cooja/mtype249.a(cooja_mtarch.o)
                              obj_cooja/mtype249.a(cooja_mt.o) (cooja_mtarch_start)
obj_cooja/mtype249.a(rtimer-arch.o)
                              obj_cooja/mtype249.o (rtimer_arch_check)
obj_cooja/mtype249.a(beep.o)  obj_cooja/mtype249.o (beep_interface)
obj_cooja/mtype249.a(button-sensor.o)
                              obj_cooja/mtype249.o (button_interface)
obj_cooja/mtype249.a(leds-arch.o)
                              obj_cooja/mtype249.o (leds_interface)
obj_cooja/mtype249.a(moteid.o)
                              obj_cooja/mtype249.o (moteid_interface)
obj_cooja/mtype249.a(pir-sensor.o)
                              obj_cooja/mtype249.o (pir_interface)
obj_cooja/mtype249.a(rs232.o)
                              obj_cooja/mtype249.o (rs232_interface)
obj_cooja/mtype249.a(vib-sensor.o)
                              obj_cooja/mtype249.o (vib_interface)
obj_cooja/mtype249.a(clock.o)
                              obj_cooja/mtype249.o (clock_interface)
obj_cooja/mtype249.a(cooja-log.o)
                              obj_cooja/mtype249.o (simlog_interface)
obj_cooja/mtype249.a(cfs-cooja.o)
                              obj_cooja/mtype249.o (cfs_interface)
obj_cooja/mtype249.a(cooja-radio.o)
                              obj_cooja/mtype249.o (radio_interface)
obj_cooja/mtype249.a(eeprom.o)
                              obj_cooja/mtype249.o (eeprom_interface)
obj_cooja/mtype249.a(random.o)
                              obj_cooja/mtype249.a(moteid.o) (random_init)
obj_cooja/mtype249.a(sensors.o)
                              obj_cooja/mtype249.a(button-sensor.o) (sensors_changed)
obj_cooja/mtype249.a(leds.o)  mqtt-demo.o (leds_on)
obj_cooja/mtype249.a(mqtt.o)  mqtt-demo.o (mqtt_disconnect)
obj_cooja/mtype249.a(contiki-main.o)
                              obj_cooja/mtype249.o (main)
obj_cooja/mtype249.a(autostart.o)
                              obj_cooja/mtype249.a(contiki-main.o) (autostart_start)
obj_cooja/mtype249.a(ctimer.o)
                              obj_cooja/mtype249.a(contiki-main.o) (ctimer_init)
obj_cooja/mtype249.a(energest.o)
                              obj_cooja/mtype249.a(contiki-main.o) (energest_init)
obj_cooja/mtype249.a(etimer.o)
                              obj_cooja/mtype249.a(contiki-main.o) (etimer_process)
obj_cooja/mtype249.a(log.o)   obj_cooja/mtype249.a(contiki-main.o) (curr_log_level_main)
obj_cooja/mtype249.a(process.o)
                              obj_cooja/mtype249.a(mqtt.o) (process_current)
obj_cooja/mtype249.a(rtimer.o)
                              obj_cooja/mtype249.a(contiki-main.o) (rtimer_init)
obj_cooja/mtype249.a(node-id.o)
                              obj_cooja/mtype249.a(contiki-main.o) (node_id)
obj_cooja/mtype249.a(timer.o)
                              mqtt-demo.o (timer_set)
obj_cooja/mtype249.a(serial-line.o)
                              obj_cooja/mtype249.a(rs232.o) (serial_line_input_byte)
obj_cooja/mtype249.a(list.o)  obj_cooja/mtype249.a(mqtt.o) (list_init)
obj_cooja/mtype249.a(ringbuf.o)
                              obj_cooja/mtype249.a(serial-line.o) (ringbuf_init)
obj_cooja/mtype249.a(packetbuf.o)
                              obj_cooja/mtype249.a(cooja-radio.o) (packetbuf_clear)
obj_cooja/mtype249.a(netstack.o)
                              obj_cooja/mtype249.a(contiki-main.o) (netstack_init)
obj_cooja/mtype249.a(linkaddr.o)
                              mqtt-demo.o (linkaddr_node_addr)
obj_cooja/mtype249.a(csma.o)  obj_cooja/mtype249.a(cooja-radio.o) (csma_driver)
obj_cooja/mtype249.a(csma-output.o)
                              obj_cooja/mtype249.a(csma.o) (csma_output_packet)
obj_cooja/mtype249.a(uip-ds6.o)
                              obj_cooja/mtype249.a(contiki-main.o) (uip_ds6_get_link_local)
obj_cooja/mtype249.a(tcp-socket.o)
                              obj_cooja/mtype249.a(mqtt.o) (tcp_socket_register)
obj_cooja/mtype249.a(tcpip.o)
                              obj_cooja/mtype249.a(tcp-socket.o) (tcpip_event)
obj_cooja/mtype249.a(uip-ds6-route.o)
                              obj_cooja/mtype249.a(uip-ds6.o) (uip_ds6_route_init)
obj_cooja/mtype249.a(uip6.o)  obj_cooja/mtype249.a(contiki-main.o) (uip_lladdr)
obj_cooja/mtype249.a(uip-ds6-nbr.o)
                              obj_cooja/mtype249.a(uip-ds6.o) (uip_ds6_neighbors_init)
obj_cooja/mtype249.a(uip-nd6.o)
                              obj_cooja/mtype249.a(uip6.o) (uip_nd6_init)
obj_cooja/mtype249.a(sicslowpan.o)
                              obj_cooja/mtype249.a(contiki-main.o) (sicslowpan_driver)
obj_cooja/mtype249.a(uiplib.o)
                              obj_cooja/mtype249.a(mqtt.o) (uiplib_ip6addrconv)
[...]
Memory Configuration

Name             Origin             Length             Attributes
*default*        0x0000000000000000 0xffffffffffffffff

Linker script and memory map

LOAD /usr/lib/gcc/i686-linux-gnu/5/../../../i386-linux-gnu/crti.o
LOAD /usr/lib/gcc/i686-linux-gnu/5/crtbeginS.o
LOAD mqtt-demo.o
LOAD obj_cooja/mtype249.o
LOAD obj_cooja/mtype249.a
LOAD /usr/lib/gcc/i686-linux-gnu/5/libgcc.a
LOAD /usr/lib/gcc/i686-linux-gnu/5/libgcc_s.so
LOAD /usr/lib/gcc/i686-linux-gnu/5/../../../i386-linux-gnu/libc.so
START GROUP
LOAD /lib/i386-linux-gnu/libc.so.6
LOAD /usr/lib/i386-linux-gnu/libc_nonshared.a
LOAD /lib/i386-linux-gnu/ld-linux.so.2
END GROUP
LOAD /usr/lib/gcc/i686-linux-gnu/5/libgcc.a
LOAD /usr/lib/gcc/i686-linux-gnu/5/libgcc_s.so
LOAD /usr/lib/gcc/i686-linux-gnu/5/crtendS.o
LOAD /usr/lib/gcc/i686-linux-gnu/5/../../../i386-linux-gnu/crtn.o
                0x0000000000000114                . = (0x0 + SIZEOF_HEADERS)

.note.gnu.build-id
                0x0000000000000114       0x24
 *(.note.gnu.build-id)
 .note.gnu.build-id
                0x0000000000000114       0x24 /usr/lib/gcc/i686-linux-gnu/5/../../../i386-linux-gnu/crti.o

.hash
 *(.hash)

.gnu.hash       0x0000000000000138     0x13c8
 *(.gnu.hash)
 .gnu.hash      0x0000000000000138     0x13c8 /usr/lib/gcc/i686-linux-gnu/5/../../../i386-linux-gnu/crti.o

.dynsym         0x0000000000001500     0x2770
 *(.dynsym)
 .dynsym        0x0000000000001500     0x2770 /usr/lib/gcc/i686-linux-gnu/5/../../../i386-linux-gnu/crti.o

.dynstr         0x0000000000003c70     0x2ae3
 *(.dynstr)
 .dynstr        0x0000000000003c70     0x2ae3 /usr/lib/gcc/i686-linux-gnu/5/../../../i386-linux-gnu/crti.o

.gnu.version    0x0000000000006754      0x4ee
 *(.gnu.version)
 .gnu.version   0x0000000000006754      0x4ee /usr/lib/gcc/i686-linux-gnu/5/../../../i386-linux-gnu/crti.o

.gnu.version_d  0x0000000000006c44        0x0
 *(.gnu.version_d)
 .gnu.version_d
                0x0000000000006c44        0x0 /usr/lib/gcc/i686-linux-gnu/5/../../../i386-linux-gnu/crti.o

.gnu.version_r  0x0000000000006c44       0x40
 *(.gnu.version_r)
 .gnu.version_r
                0x0000000000006c44       0x40 /usr/lib/gcc/i686-linux-gnu/5/../../../i386-linux-gnu/crti.o

.rel.dyn        0x0000000000006c84     0xa578
 *(.rel.init)
 .rel.init      0x0000000000006c84        0x0 /usr/lib/gcc/i686-linux-gnu/5/../../../i386-linux-gnu/crti.o
 *(.rel.text .rel.text.* .rel.gnu.linkonce.t.*)
 .rel.text      0x0000000000006c84     0x9c70 /usr/lib/gcc/i686-linux-gnu/5/../../../i386-linux-gnu/crti.o
 *(.rel.fini)
 .rel.fini      0x00000000000108f4        0x0 /usr/lib/gcc/i686-linux-gnu/5/../../../i386-linux-gnu/crti.o
 *(.rel.rodata .rel.rodata.* .rel.gnu.linkonce.r.*)
 .rel.rodata    0x00000000000108f4      0x578 /usr/lib/gcc/i686-linux-gnu/5/../../../i386-linux-gnu/crti.o
 *(.rel.data.rel.ro .rel.data.rel.ro.* .rel.gnu.linkonce.d.rel.ro.*)
 *(.rel.data .rel.data.* .rel.gnu.linkonce.d.*)
 .rel.data.rel.local
                0x0000000000010e6c        0x8 /usr/lib/gcc/i686-linux-gnu/5/../../../i386-linux-gnu/crti.o
 .rel.data      0x0000000000010e74      0x350 /usr/lib/gcc/i686-linux-gnu/5/../../../i386-linux-gnu/crti.o
 *(.rel.tdata .rel.tdata.* .rel.gnu.linkonce.td.*)
 *(.rel.tbss .rel.tbss.* .rel.gnu.linkonce.tb.*)
 *(.rel.ctors)
 *(.rel.dtors)
 *(.rel.got)
 .rel.got       0x00000000000111c4       0x28 /usr/lib/gcc/i686-linux-gnu/5/../../../i386-linux-gnu/crti.o
 *(.rel.bss .rel.bss.* .rel.gnu.linkonce.b.*)
 *(.rel.ifunc)
 .rel.ifunc     0x00000000000111ec        0x0 /usr/lib/gcc/i686-linux-gnu/5/../../../i386-linux-gnu/crti.o
 .rel.fini_array
                0x00000000000111ec        0x8 /usr/lib/gcc/i686-linux-gnu/5/../../../i386-linux-gnu/crti.o
 .rel.init_array
                0x00000000000111f4        0x8 /usr/lib/gcc/i686-linux-gnu/5/../../../i386-linux-gnu/crti.o

.rel.plt        0x00000000000111fc        0x0
 *(.rel.plt)
 .rel.plt       0x00000000000111fc        0x0 /usr/lib/gcc/i686-linux-gnu/5/../../../i386-linux-gnu/crti.o
 *(.rel.iplt)

.init           0x00000000000111fc       0x23
 *(SORT(.init))
 .init          0x00000000000111fc       0x1e /usr/lib/gcc/i686-linux-gnu/5/../../../i386-linux-gnu/crti.o
                0x00000000000111fc                _init
 .init          0x000000000001121a        0x5 /usr/lib/gcc/i686-linux-gnu/5/../../../i386-linux-gnu/crtn.o

.plt            0x0000000000011220       0x10
 *(.plt)
 .plt           0x0000000000011220       0x10 /usr/lib/gcc/i686-linux-gnu/5/../../../i386-linux-gnu/crti.o
 *(.iplt)

.plt.got        0x0000000000011230       0x10
 *(.plt.got)
 .plt.got       0x0000000000011230       0x10 /usr/lib/gcc/i686-linux-gnu/5/../../../i386-linux-gnu/crti.o

.text           0x0000000000011240    0x19aad
 *(.text.unlikely .text.*_unlikely .text.unlikely.*)
 .text.unlikely
                0x0000000000011240        0x0 /usr/lib/gcc/i686-linux-gnu/5/crtbeginS.o
 *(.text.exit .text.exit.*)
 *(.text.startup .text.startup.*)
 *(.text.hot .text.hot.*)
 *(.text .stub .text.* .gnu.linkonce.t.*)
 .text          0x0000000000011240        0x0 /usr/lib/gcc/i686-linux-gnu/5/../../../i386-linux-gnu/crti.o
 .gnu.linkonce.t.__x86.get_pc_thunk.bx
                0x0000000000011240        0x4 /usr/lib/gcc/i686-linux-gnu/5/../../../i386-linux-gnu/crti.o
                0x0000000000011240                __x86.get_pc_thunk.bx
 *fill*         0x0000000000011244        0xc 
 .text          0x0000000000011250      0x11c /usr/lib/gcc/i686-linux-gnu/5/crtbeginS.o
 .text.__x86.get_pc_thunk.dx
                0x000000000001136c        0x4 /usr/lib/gcc/i686-linux-gnu/5/crtbeginS.o
                0x000000000001136c                __x86.get_pc_thunk.dx
 .text          0x0000000000011370     0x12a6 mqtt-demo.o
                0x0000000000011370                ipaddr_sprintf
 .text          0x0000000000012616      0x271 obj_cooja/mtype249.o
                0x00000000000126a8                platform_init_stage_one
                0x00000000000126ae                platform_init_stage_two
                0x00000000000126bc                platform_init_stage_three
                0x00000000000126cf                platform_main_loop
                0x0000000000012742                Java_org_contikios_cooja_corecomm_Lib28_init
                0x0000000000012779                Java_org_contikios_cooja_corecomm_Lib28_getMemory
                0x00000000000127ac                Java_org_contikios_cooja_corecomm_Lib28_setMemory
                0x000000000001280c                Java_org_contikios_cooja_corecomm_Lib28_tick
                0x0000000000012874                Java_org_contikios_cooja_corecomm_Lib28_setReferenceAddress
 .text          0x0000000000012887       0x65 obj_cooja/mtype249.a(simEnvChange.o)
                0x0000000000012887                doActionsBeforeTick
                0x00000000000128b9                doActionsAfterTick
 .text          0x00000000000128ec       0x83 obj_cooja/mtype249.a(cooja_mt.o)
                0x00000000000128ec                cooja_mt_start
                0x0000000000012916                cooja_mt_exec
                0x000000000001294c                cooja_mt_yield
 .text          0x000000000001296f       0xbe obj_cooja/mtype249.a(cooja_mtarch.o)
                0x000000000001296f                cooja_mtarch_start
                0x00000000000129e2                cooja_sw
                0x0000000000012a05                cooja_mtarch_exec
                0x0000000000012a22                cooja_mtarch_yield
 .text          0x0000000000012a2d       0xc5 obj_cooja/mtype249.a(rtimer-arch.o)
                0x0000000000012a2d                rtimer_arch_init
                0x0000000000012a51                rtimer_arch_schedule
                0x0000000000012a81                rtimer_arch_next
                0x0000000000012a91                rtimer_arch_pending
                0x0000000000012a9b                rtimer_arch_check
                0x0000000000012ae2                rtimer_arch_now
 .text          0x0000000000012af2       0x81 obj_cooja/mtype249.a(beep.o)
                0x0000000000012af2                beep_alarm
                0x0000000000012aff                beep_beep
                0x0000000000012b0c                beep
                0x0000000000012b19                beep_down
                0x0000000000012b26                beep_on
                0x0000000000012b33                beep_off
                0x0000000000012b40                beep_spinup
                0x0000000000012b4d                beep_quick
                0x0000000000012b5a                beep_long
 .text          0x0000000000012b73      0x10d obj_cooja/mtype249.a(button-sensor.o)
 .text          0x0000000000012c80       0x49 obj_cooja/mtype249.a(leds-arch.o)
                0x0000000000012c80                leds_arch_init
                0x0000000000012c8d                leds_arch_get
                0x0000000000012c99                leds_arch_set
 .text          0x0000000000012cc9       0x35 obj_cooja/mtype249.a(moteid.o)
 .text          0x0000000000012cfe       0xb7 obj_cooja/mtype249.a(pir-sensor.o)
 .text          0x0000000000012db5      0x148 obj_cooja/mtype249.a(rs232.o)
                0x0000000000012db5                rs232_init
                0x0000000000012dbb                rs232_set_speed
                0x0000000000012dca                rs232_set_input
                0x0000000000012dd8                rs232_send
                0x0000000000012dfc                rs232_print
                0x0000000000012e18                slip_arch_writeb
 .text          0x0000000000012efd       0xb7 obj_cooja/mtype249.a(vib-sensor.o)
 .text          0x0000000000012fb4       0x38 obj_cooja/mtype249.a(clock.o)
                0x0000000000012fb4                clock_init
                0x0000000000012fba                clock_time
                0x0000000000012fc4                clock_seconds
                0x0000000000012fda                clock_delay
 .text          0x0000000000012fec      0x219 obj_cooja/mtype249.a(cooja-log.o)
                0x0000000000012fec                simlog_char
                0x000000000001302f                simlog
                0x00000000000130a5                log_message
                0x00000000000130d6                log_set_putchar_with_slip
                0x00000000000130e4                log_putchar
                0x000000000001315f                log_puts
                0x0000000000013187                log_printf
 .text          0x0000000000013205      0x2b9 obj_cooja/mtype249.a(cfs-cooja.o)
                0x0000000000013205                cfs_open
                0x000000000001326e                cfs_close
                0x000000000001327b                cfs_read
                0x0000000000013310                cfs_write
                0x00000000000133ec                cfs_seek
                0x0000000000013474                cfs_remove
                0x0000000000013498                cfs_opendir
                0x00000000000134a2                cfs_readdir
                0x00000000000134ac                cfs_closedir
 .text          0x00000000000134be      0x605 obj_cooja/mtype249.a(cooja-radio.o)
                0x0000000000013500                radio_set_channel
                0x000000000001350e                radio_set_txpower
                0x0000000000013526                radio_signal_strength_last
                0x0000000000013530                radio_signal_strength_current
                0x000000000001353a                radio_LQI
 .text          0x0000000000013ac3       0xee obj_cooja/mtype249.a(eeprom.o)
                0x0000000000013ac3                eeprom_init
                0x0000000000013ac9                eeprom_read
                0x0000000000013b37                eeprom_write
 .text          0x0000000000013bb1       0x2d obj_cooja/mtype249.a(random.o)
                0x0000000000013bb1                random_init
                0x0000000000013bd1                random_rand
 .text          0x0000000000013bde      0x29c obj_cooja/mtype249.a(sensors.o)
                0x0000000000013c19                sensors_first
                0x0000000000013c23                sensors_next
                0x0000000000013c3d                sensors_changed
                0x0000000000013c71                sensors_find
 .text          0x0000000000013e7a       0xf6 obj_cooja/mtype249.a(leds.o)
                0x0000000000013e7a                leds_init
                0x0000000000013e88                leds_blink
                0x0000000000013ecb                leds_get
                0x0000000000013ed8                leds_set
                0x0000000000013ef7                leds_on
                0x0000000000013f1d                leds_off
                0x0000000000013f4a                leds_toggle
 .text          0x0000000000013f70     0x3779 obj_cooja/mtype249.a(mqtt.o)
                0x0000000000017113                mqtt_init
                0x00000000000171d1                mqtt_register
                0x000000000001726e                mqtt_connect
                0x0000000000017380                mqtt_disconnect
                0x00000000000173be                mqtt_subscribe
                0x000000000001747b                mqtt_unsubscribe
                0x0000000000017529                mqtt_publish
                0x000000000001760a                mqtt_set_username_password
                0x0000000000017695                mqtt_set_last_will
 .text          0x00000000000176e9      0x328 obj_cooja/mtype249.a(contiki-main.o)
                0x00000000000176e9                main
 .text          0x0000000000017a11       0x92 obj_cooja/mtype249.a(autostart.o)
                0x0000000000017a11                autostart_start
                0x0000000000017a5b                autostart_exit
 .text          0x0000000000017aa3      0x355 obj_cooja/mtype249.a(ctimer.o)
                0x0000000000017bcb                ctimer_init
                0x0000000000017bfe                ctimer_set
                0x0000000000017c24                ctimer_set_with_process
                0x0000000000017ca1                ctimer_reset
                0x0000000000017cf5                ctimer_restart
                0x0000000000017d49                ctimer_stop
                0x0000000000017d99                ctimer_expired
 .text          0x0000000000017df8       0x1b obj_cooja/mtype249.a(energest.o)
                0x0000000000017df8                energest_init
                0x0000000000017dfe                energest_flush
                0x0000000000017e04                energest_get_total_time
 .text          0x0000000000017e13      0x43f obj_cooja/mtype249.a(etimer.o)
                0x0000000000018037                etimer_request_poll
                0x00000000000180c0                etimer_set
                0x00000000000180e9                etimer_reset_with_new_interval
                0x0000000000018118                etimer_reset
                0x000000000001813e                etimer_restart
                0x0000000000018164                etimer_adjust
                0x0000000000018181                etimer_expired
                0x0000000000018194                etimer_expiration_time
                0x00000000000181a6                etimer_start_time
                0x00000000000181b0                etimer_pending
                0x00000000000181c2                etimer_next_expiration_time
                0x00000000000181dc                etimer_stop
 .text          0x0000000000018252      0x394 obj_cooja/mtype249.a(log.o)
                0x0000000000018252                log_6addr
                0x00000000000182a5                log_6addr_compact_snprint
                0x0000000000018343                log_6addr_compact
                0x0000000000018396                log_lladdr
                0x0000000000018408                log_lladdr_compact
                0x0000000000018470                log_set_level
                0x000000000001852b                log_get_level
                0x00000000000185a4                log_level_to_str
 .text          0x00000000000185e6      0x4fb obj_cooja/mtype249.a(process.o)
                0x00000000000185e6                process_alloc_event
                0x00000000000185fb                process_start
                0x00000000000187d5                process_exit
                0x00000000000187f2                process_init
                0x0000000000018987                process_run
                0x00000000000189ba                process_nevents
                0x00000000000189d5                process_post
                0x0000000000018a68                process_post_synch
                0x0000000000018a9d                process_poll
                0x0000000000018acd                process_is_running
 .text          0x0000000000018ae1       0xeb obj_cooja/mtype249.a(rtimer.o)
                0x0000000000018ae1                rtimer_init
                0x0000000000018aef                rtimer_set
                0x0000000000018b6a                rtimer_run_next
 .text          0x0000000000018bcc       0x25 obj_cooja/mtype249.a(node-id.o)
                0x0000000000018bcc                node_id_init
 .text          0x0000000000018bf1       0x9c obj_cooja/mtype249.a(timer.o)
                0x0000000000018bf1                timer_set
                0x0000000000018c0f                timer_reset
                0x0000000000018c27                timer_restart
                0x0000000000018c3c                timer_expired
                0x0000000000018c69                timer_remaining
 .text          0x0000000000018c8d      0x1eb obj_cooja/mtype249.a(serial-line.o)
                0x0000000000018c8d                serial_line_input_byte
                0x0000000000018e43                serial_line_init
 .text          0x0000000000018e78      0x28f obj_cooja/mtype249.a(list.o)
                0x0000000000018e78                list_init
                0x0000000000018e87                list_head
                0x0000000000018e91                list_copy
                0x0000000000018ea1                list_tail
                0x0000000000018ed7                list_add
                0x0000000000018f23                list_push
                0x0000000000018f4f                list_chop
                0x0000000000018fb9                list_pop
                0x0000000000018fe1                list_remove
                0x0000000000019049                list_length
                0x0000000000019077                list_insert
                0x00000000000190bc                list_item_next
                0x00000000000190d3                list_contains
 .text          0x0000000000019107      0x156 obj_cooja/mtype249.a(ringbuf.o)
                0x0000000000019107                ringbuf_init
                0x0000000000019139                ringbuf_put
                0x00000000000191b7                ringbuf_get
                0x0000000000019224                ringbuf_size
                0x0000000000019236                ringbuf_elements
 .text          0x000000000001925d      0x407 obj_cooja/mtype249.a(packetbuf.o)
                0x000000000001925d                packetbuf_clear
                0x0000000000019288                packetbuf_copyfrom
                0x00000000000192d7                packetbuf_copyto
                0x000000000001936a                packetbuf_hdralloc
                0x00000000000193e6                packetbuf_hdrreduce
                0x000000000001942c                packetbuf_set_datalen
                0x0000000000019446                packetbuf_dataptr
                0x0000000000019463                packetbuf_hdrptr
                0x000000000001946d                packetbuf_datalen
                0x0000000000019479                packetbuf_hdrlen
                0x0000000000019490                packetbuf_totlen
                0x00000000000194a6                packetbuf_remaininglen
                0x00000000000194b9                packetbuf_attr_clear
                0x0000000000019505                packetbuf_attr_copyto
                0x000000000001955d                packetbuf_attr_copyfrom
                0x00000000000195b5                packetbuf_set_attr
                0x00000000000195df                packetbuf_attr
                0x00000000000195f9                packetbuf_set_addr
                0x000000000001962a                packetbuf_addr
                0x0000000000019647                packetbuf_holds_broadcast
 .text          0x0000000000019664       0xef obj_cooja/mtype249.a(netstack.o)
                0x0000000000019664                netstack_process_ip_callback
                0x00000000000196f5                netstack_ip_packet_processor_add
                0x0000000000019718                uip_ds6_ip_packet_processor_rm
                0x0000000000019735                netstack_init
 .text          0x0000000000019753       0x4f obj_cooja/mtype249.a(linkaddr.o)
                0x0000000000019753                linkaddr_copy
                0x0000000000019769                linkaddr_cmp
                0x000000000001978c                linkaddr_set_node_addr
 .text          0x00000000000197a2      0x165 obj_cooja/mtype249.a(csma.o)
 .text          0x0000000000019907      0x944 obj_cooja/mtype249.a(csma-output.o)
                0x0000000000019f80                csma_output_packet
                0x000000000001a20d                csma_output_init
 .text          0x000000000001a24b      0xb25 obj_cooja/mtype249.a(uip-ds6.o)
                0x000000000001a24b                uip_ds6_init
                0x000000000001a3f6                uip_ds6_periodic
                0x000000000001a47d                uip_ds6_list_loop
                0x000000000001a53d                uip_ds6_prefix_add
                0x000000000001a5e9                uip_ds6_prefix_rm
                0x000000000001a5fc                uip_ds6_prefix_lookup
                0x000000000001a63b                uip_ds6_is_addr_onlink
                0x000000000001a6ae                uip_ds6_addr_add
                0x000000000001a7ce                uip_ds6_addr_rm
                0x000000000001a877                uip_ds6_addr_lookup
                0x000000000001a8b0                uip_ds6_get_link_local
                0x000000000001a931                uip_ds6_get_global
                0x000000000001a9b2                uip_ds6_maddr_add
                0x000000000001aa12                uip_ds6_maddr_rm
                0x000000000001aa25                uip_ds6_maddr_lookup
                0x000000000001aa5e                uip_ds6_aaddr_add
                0x000000000001aabe                uip_ds6_aaddr_rm
                0x000000000001aad1                uip_ds6_aaddr_lookup
                0x000000000001ab0a                uip_ds6_select_src
                0x000000000001ac53                uip_ds6_set_addr_iid
                0x000000000001ac7e                uip_ds6_set_lladdr_from_iid
                0x000000000001aca7                get_match_length
                0x000000000001ad38                uip_ds6_compute_reachable_time
 .text          0x000000000001ad70      0x9d5 obj_cooja/mtype249.a(tcp-socket.o)
                0x000000000001b3bb                tcp_socket_register
                0x000000000001b44c                tcp_socket_connect
                0x000000000001b4e3                tcp_socket_listen
                0x000000000001b55a                tcp_socket_unlisten
                0x000000000001b5ce                tcp_socket_send
                0x000000000001b66e                tcp_socket_send_str
                0x000000000001b696                tcp_socket_close
                0x000000000001b6bf                tcp_socket_unregister
                0x000000000001b719                tcp_socket_max_sendlen
                0x000000000001b736                tcp_socket_queuelen
 .text          0x000000000001b745      0xa72 obj_cooja/mtype249.a(tcpip.o)
                0x000000000001b75f                tcpip_output
                0x000000000001b843                tcp_connect
                0x000000000001b89b                tcp_unlisten
                0x000000000001b8fb                tcp_listen
                0x000000000001b959                tcp_attach
                0x000000000001b971                udp_attach
                0x000000000001b989                udp_new
                0x000000000001b9d3                udp_broadcast_new
                0x000000000001bc58                tcpip_input
                0x000000000001bdf8                tcpip_ipv6_output
                0x000000000001c00c                tcpip_poll_udp
                0x000000000001c02a                tcpip_poll_tcp
                0x000000000001c048                tcpip_uipcall
 .text          0x000000000001c1b7      0x35b obj_cooja/mtype249.a(uip-ds6-route.o)
                0x000000000001c208                uip_ds6_route_init
                0x000000000001c232                uip_ds6_route_nexthop
                0x000000000001c23c                uip_ds6_route_head
                0x000000000001c246                uip_ds6_route_next
                0x000000000001c250                uip_ds6_route_is_nexthop
                0x000000000001c25a                uip_ds6_route_num_routes
                0x000000000001c264                uip_ds6_route_lookup
                0x000000000001c26e                uip_ds6_route_add
                0x000000000001c281                uip_ds6_route_rm
                0x000000000001c287                uip_ds6_route_rm_by_nexthop
                0x000000000001c28d                uip_ds6_defrt_head
                0x000000000001c2a6                uip_ds6_defrt_add
                0x000000000001c354                uip_ds6_defrt_rm
                0x000000000001c3ba                uip_ds6_defrt_lookup
                0x000000000001c421                uip_ds6_defrt_choose
                0x000000000001c497                uip_ds6_defrt_periodic
 .text          0x000000000001c512     0x2802 obj_cooja/mtype249.a(uip6.o)
                0x000000000001c512                uip_add32
                0x000000000001c6ac                uip_chksum
                0x000000000001c78d                uip_icmp6chksum
                0x000000000001c7a2                uip_tcpchksum
                0x000000000001c7b7                uip_udpchksum
                0x000000000001c7cc                uip_init
                0x000000000001c857                uip_connect
                0x000000000001c9e0                remove_ext_hdr
                0x000000000001cac5                uip_udp_new
                0x000000000001cbe7                uip_unlisten
                0x000000000001cc29                uip_listen
                0x000000000001ceca                uip_process
                0x000000000001ec0f                uip_htons
                0x000000000001ec31                uip_htonl
                0x000000000001ec6f                uip_send
 .text          0x000000000001ed14      0x374 obj_cooja/mtype249.a(uip-ds6-nbr.o)
                0x000000000001ed14                uip_ds6_neighbors_init
                0x000000000001ed38                uip_ds6_nbr_add
                0x000000000001edbe                uip_ds6_nbr_rm
                0x000000000001ee09                uip_ds6_nbr_update_ll
                0x000000000001eef7                uip_ds6_nbr_get_ipaddr
                0x000000000001ef0c                uip_ds6_nbr_get_ll
                0x000000000001ef28                uip_ds6_nbr_num
                0x000000000001ef71                uip_ds6_nbr_head
                0x000000000001ef8a                uip_ds6_nbr_next
                0x000000000001efa6                uip_ds6_nbr_lookup
                0x000000000001f009                uip_ds6_nbr_ll_lookup
                0x000000000001f025                uip_ds6_nbr_ipaddr_from_lladdr
                0x000000000001f04e                uip_ds6_nbr_lladdr_from_ipaddr
                0x000000000001f082                uip_ds6_link_callback
 .text          0x000000000001f088      0x6b5 obj_cooja/mtype249.a(uip-nd6.o)
                0x000000000001f724                uip_nd6_init
 .text          0x000000000001f73d     0x2a78 obj_cooja/mtype249.a(sicslowpan.o)
                0x000000000001fc3b                netstack_sniffer_add
                0x000000000001fc49                netstack_sniffer_remove
                0x0000000000022181                sicslowpan_init
                0x00000000000221ab                sicslowpan_get_last_rssi
 .text          0x00000000000221b5      0x4d1 obj_cooja/mtype249.a(uiplib.o)
                0x00000000000221b5                uiplib_ip6addrconv
                0x000000000002236d                uiplib_ip4addrconv
                0x0000000000022430                uiplib_ipaddr_print
                0x0000000000022483                uiplib_ipaddr_snprint
 .text          0x0000000000022686      0x4c9 obj_cooja/mtype249.a(rpl.o)
                0x0000000000022686                rpl_lollipop_greater_than
                0x00000000000226e0                rpl_get_global_address
                0x00000000000227d8                rpl_link_callback
                0x000000000002281c                rpl_has_joined
                0x0000000000022841                rpl_is_reachable
                0x00000000000228c2                rpl_reset_prefix
                0x000000000002292c                rpl_set_prefix_from_addr
                0x0000000000022a11                rpl_set_prefix
                0x0000000000022b2b                rpl_set_leaf_only
                0x0000000000022b43                rpl_get_leaf_only
 .text          0x0000000000022b4f     0x13cb obj_cooja/mtype249.a(rpl-icmp6.o)
                0x0000000000022c74                rpl_icmp6_update_nbr_table
                0x0000000000022d0d                rpl_icmp6_dis_output
                0x0000000000023363                rpl_icmp6_dio_output
                0x0000000000023b70                rpl_icmp6_dao_output
                0x0000000000023e61                rpl_icmp6_dao_ack_output
                0x0000000000023ed1                rpl_icmp6_init
 .text          0x0000000000023f1a      0xe51 obj_cooja/mtype249.a(rpl-dag.o)
                0x0000000000023f1a                rpl_dag_state_to_str
                0x0000000000023f59                rpl_dag_get_root_ipaddr
                0x0000000000023fa1                rpl_dag_leave
                0x000000000002402a                rpl_dag_poison_and_leave
                0x0000000000024042                rpl_dag_periodic
                0x00000000000240ca                rpl_is_addr_in_our_dag
                0x000000000002410e                rpl_get_default_instance
                0x000000000002412a                rpl_get_any_dag
                0x0000000000024183                rpl_refresh_routes
                0x00000000000241c3                rpl_global_repair
                0x000000000002424f                rpl_local_repair
                0x0000000000024299                rpl_dag_ready_to_advertise
                0x00000000000242dc                rpl_dag_update_state
                0x0000000000024a00                rpl_process_dio
                0x0000000000024a81                rpl_process_dis
                0x0000000000024ac6                rpl_process_dao
                0x0000000000024b55                rpl_process_dao_ack
                0x0000000000024be7                rpl_process_hbh
                0x0000000000024c37                rpl_dag_init_root
                0x0000000000024d4b                rpl_dag_init
 .text          0x0000000000024d6b      0x286 obj_cooja/mtype249.a(rpl-dag-root.o)
                0x0000000000024d6b                rpl_dag_root_print_links
                0x0000000000024eb9                rpl_dag_root_set_prefix
                0x0000000000024ee5                rpl_dag_root_start
                0x0000000000024fc2                rpl_dag_root_is_root
 .text          0x0000000000024ff1       0x1e obj_cooja/mtype249.a(watchdog.o)
                0x0000000000024ff1                watchdog_init
                0x0000000000024ff7                watchdog_start
                0x0000000000024ffd                watchdog_periodic
                0x0000000000025003                watchdog_stop
                0x0000000000025009                watchdog_reboot
 .text          0x000000000002500f       0xb2 obj_cooja/mtype249.a(stimer.o)
                0x000000000002500f                stimer_set
                0x000000000002502d                stimer_reset
                0x0000000000025045                stimer_restart
                0x000000000002505a                stimer_expired
                0x0000000000025085                stimer_remaining
                0x00000000000250a9                stimer_elapsed
 .text          0x00000000000250c1      0x1b8 obj_cooja/mtype249.a(memb.o)
                0x00000000000250c1                memb_init
                0x0000000000025116                memb_alloc
                0x000000000002517b                memb_free
                0x00000000000251f6                memb_inmemb
                0x0000000000025235                memb_numfree
 .text          0x0000000000025279      0x2e7 obj_cooja/mtype249.a(queuebuf.o)
                0x0000000000025283                queuebuf_init
                0x00000000000252ac                queuebuf_numfree
                0x00000000000252c4                queuebuf_new_from_packetbuf
                0x0000000000025363                queuebuf_update_attr_from_packetbuf
                0x0000000000025398                queuebuf_update_from_packetbuf
                0x00000000000253e8                queuebuf_free
                0x0000000000025431                queuebuf_to_packetbuf
                0x000000000002549d                queuebuf_dataptr
                0x00000000000254d7                queuebuf_datalen
                0x00000000000254fa                queuebuf_addr
                0x000000000002552f                queuebuf_attr
                0x000000000002555a                queuebuf_debug_print
 .text          0x0000000000025560      0x78b obj_cooja/mtype249.a(nbr-table.o)
                0x00000000000259d9                nbr_table_register
                0x0000000000025a46                nbr_table_is_registered
                0x0000000000025a81                nbr_table_head
                0x0000000000025adc                nbr_table_next
                0x0000000000025b3d                nbr_table_add_lladdr
                0x0000000000025c07                nbr_table_get_from_lladdr
                0x0000000000025c53                nbr_table_remove
                0x0000000000025c8b                nbr_table_lock
                0x0000000000025ca5                nbr_table_unlock
                0x0000000000025cbf                nbr_table_get_lladdr
 .text          0x0000000000025ceb      0x37c obj_cooja/mtype249.a(link-stats.o)
                0x0000000000025ceb                link_stats_from_lladdr
                0x0000000000025d07                link_stats_is_fresh
                0x0000000000025d43                guess_etx_from_rssi
                0x0000000000025dbf                link_stats_packet_sent
                0x0000000000025ed2                link_stats_input_callback
                0x0000000000025fe2                link_stats_reset
                0x0000000000026032                link_stats_init
 .text          0x0000000000026067      0x187 obj_cooja/mtype249.a(mac-sequence.o)
                0x0000000000026067                mac_sequence_is_duplicate
                0x0000000000026107                mac_sequence_register_seqno
 .text          0x00000000000261ee       0x23 obj_cooja/mtype249.a(mac.o)
                0x00000000000261ee                mac_call_sent_callback
 .text          0x0000000000026211      0x41d obj_cooja/mtype249.a(framer-802154.o)
                0x00000000000263a0                framer_802154_setup_params
 .text          0x000000000002662e      0xb6f obj_cooja/mtype249.a(frame802154.o)
                0x000000000002665f                frame802154_get_pan_id
                0x000000000002666b                frame802154_set_pan_id
                0x0000000000026685                frame802154_has_panid
                0x0000000000026834                frame802154_check_dest_panid
                0x00000000000268bc                frame802154_is_broadcast_addr
                0x0000000000026909                frame802154_extract_linkaddr
                0x0000000000026b6e                frame802154_hdrlen
                0x0000000000026be1                frame802154_create_fcf
                0x0000000000026c99                frame802154_create
                0x0000000000026e0e                frame802154_parse_fcf
                0x0000000000026ef0                frame802154_parse
 .text          0x000000000002719d      0x1ec obj_cooja/mtype249.a(uipbuf.o)
                0x000000000002719d                uipbuf_get_next_header
                0x000000000002720c                uipbuf_get_last_header
                0x0000000000027293                uipbuf_get_attr
                0x00000000000272ba                uipbuf_set_attr
                0x00000000000272f1                uipbuf_clear_attr
                0x000000000002731d                uipbuf_set_attr_flag
                0x000000000002733e                uipbuf_clr_attr_flag
                0x0000000000027365                uipbuf_is_attr_flag
 .text          0x0000000000027389      0x96e obj_cooja/mtype249.a(uip-icmp6.o)
                0x00000000000273fe                uip_icmp6_input
                0x0000000000027455                uip_icmp6_register_input_handler
                0x0000000000027661                uip_icmp6_error_output
                0x00000000000279c0                uip_icmp6_send
                0x0000000000027c7f                uip_icmp6_echo_reply_callback_add
                0x0000000000027cb1                uip_icmp6_echo_reply_callback_rm
                0x0000000000027cce                uip_icmp6_init
 .text          0x0000000000027cf7      0x69b obj_cooja/mtype249.a(uip-sr.o)
                0x0000000000027cf7                uip_sr_num_nodes
                0x0000000000027d85                uip_sr_get_node
                0x0000000000027ddc                uip_sr_is_addr_reachable
                0x0000000000027e8a                uip_sr_expire_parent
                0x0000000000027ed3                uip_sr_update_node
                0x0000000000028003                uip_sr_init
                0x0000000000028037                uip_sr_node_head
                0x0000000000028050                uip_sr_node_next
                0x0000000000028066                uip_sr_periodic
                0x000000000002816c                uip_sr_free_all
                0x00000000000281dc                uip_sr_link_snprint
 .text          0x0000000000028392      0x146 obj_cooja/mtype249.a(uip-packetqueue)
                0x00000000000283c0                uip_packetqueue_new
                0x00000000000283cf                uip_packetqueue_alloc
                0x000000000002842a                uip_packetqueue_free
                0x0000000000028471                uip_packetqueue_buf
                0x000000000002848e                uip_packetqueue_buflen
                0x00000000000284af                uip_packetqueue_set_buflen
 .text          0x00000000000284d8      0x1c8 obj_cooja/mtype249.a(rpl-nbr-policy.)
                0x000000000002865d                rpl_nbr_policy_find_removable
 .text          0x00000000000286a0      0x8ed obj_cooja/mtype249.a(rpl-neighbor.o)
                0x000000000002871c                rpl_neighbor_snprint
                0x00000000000289c9                rpl_neighbor_print_list
                0x0000000000028a7e                rpl_neighbor_count
                0x0000000000028b25                rpl_neighbor_get_from_lladdr
                0x0000000000028b41                rpl_neighbor_is_acceptable_parent
                0x0000000000028b75                rpl_neighbor_get_link_metric
                0x0000000000028ba9                rpl_neighbor_rank_via_nbr
                0x0000000000028bdd                rpl_neighbor_get_lladdr
                0x0000000000028bf9                rpl_neighbor_get_ipaddr
                0x0000000000028c20                rpl_neighbor_get_link_stats
                0x0000000000028c47                rpl_neighbor_is_fresh
                0x0000000000028c6e                rpl_neighbor_is_reachable
                0x0000000000028cb9                rpl_neighbor_is_parent
                0x0000000000028ce3                rpl_neighbor_set_preferred_parent
                0x0000000000028d6f                rpl_neighbor_remove_all
                0x0000000000028dbe                rpl_neighbor_get_from_ipaddr
                0x0000000000028ec2                rpl_neighbor_select_best
                0x0000000000028f6e                rpl_neighbor_init
 .text          0x0000000000028f8d      0xa19 obj_cooja/mtype249.a(rpl-timers.o)
                0x0000000000028f8d                rpl_timers_schedule_periodic_dis
                0x00000000000290db                rpl_timers_dio_reset
                0x00000000000291cc                rpl_timers_schedule_unicast_dio
                0x0000000000029352                rpl_timers_schedule_dao
                0x000000000002948c                rpl_timers_schedule_dao_ack
                0x0000000000029512                get_probing_delay
                0x0000000000029546                get_probing_target
                0x0000000000029730                rpl_schedule_probing
                0x000000000002975e                rpl_schedule_probing_now
                0x00000000000297c8                rpl_timers_unschedule_leaving
                0x0000000000029800                rpl_timers_schedule_leaving
                0x0000000000029841                rpl_timers_init
                0x00000000000298d1                rpl_timers_stop_dag_timers
                0x000000000002994a                rpl_timers_unschedule_state_update
                0x000000000002996e                rpl_timers_schedule_state_update
 .text          0x00000000000299a6     0x102c obj_cooja/mtype249.a(rpl-ext-header.)
                0x00000000000299a6                rpl_ext_header_srh_get_next_hop
                0x0000000000029b22                rpl_ext_header_srh_update
                0x000000000002a21b                rpl_ext_header_hbh_update
                0x000000000002a770                rpl_ext_header_update
                0x000000000002a7f9                rpl_ext_header_remove
 .text          0x000000000002a9d2      0x31b obj_cooja/mtype249.a(rpl-mrhof.o)
 .text          0x000000000002aced        0x0 /usr/lib/gcc/i686-linux-gnu/5/crtendS.o
 .text          0x000000000002aced        0x0 /usr/lib/gcc/i686-linux-gnu/5/../../../i386-linux-gnu/crtn.o
 *(.gnu.warning)

.fini           0x000000000002acf0       0x14
 *(SORT(.fini))
 .fini          0x000000000002acf0        0xf /usr/lib/gcc/i686-linux-gnu/5/../../../i386-linux-gnu/crti.o
                0x000000000002acf0                _fini
 .fini          0x000000000002acff        0x5 /usr/lib/gcc/i686-linux-gnu/5/../../../i386-linux-gnu/crtn.o
                [!provide]                        PROVIDE (__etext, .)
                [!provide]                        PROVIDE (_etext, .)
                [!provide]                        PROVIDE (etext, .)

.rodata         0x000000000002ad20      0xc40
 *(.rodata .rodata.* .gnu.linkonce.r.*)
 .rodata        0x000000000002ad20      0x4d8 mqtt-demo.o
                0x000000000002ad28                autostart_processes
 .rodata        0x000000000002b1f8        0x8 obj_cooja/mtype249.a(beep.o)
                0x000000000002b1f8                beep_interface
 .rodata        0x000000000002b200       0x20 obj_cooja/mtype249.a(button-sensor.o)
                0x000000000002b200                button_interface
                0x000000000002b210                button_sensor
 .rodata        0x000000000002b220        0x8 obj_cooja/mtype249.a(leds-arch.o)
                0x000000000002b220                leds_interface
 .rodata        0x000000000002b228        0x8 obj_cooja/mtype249.a(moteid.o)
                0x000000000002b228                moteid_interface
 .rodata        0x000000000002b230       0x1c obj_cooja/mtype249.a(pir-sensor.o)
                0x000000000002b230                pir_interface
                0x000000000002b23c                pir_sensor
 .rodata        0x000000000002b24c        0xe obj_cooja/mtype249.a(rs232.o)
                0x000000000002b24c                rs232_interface
 *fill*         0x000000000002b25a        0x2 
 .rodata        0x000000000002b25c       0x24 obj_cooja/mtype249.a(vib-sensor.o)
                0x000000000002b25c                vib_interface
                0x000000000002b270                vib_sensor
 .rodata        0x000000000002b280        0x8 obj_cooja/mtype249.a(clock.o)
                0x000000000002b280                clock_interface
 .rodata        0x000000000002b288        0x8 obj_cooja/mtype249.a(cooja-log.o)
                0x000000000002b288                simlog_interface
 .rodata        0x000000000002b290       0x2f obj_cooja/mtype249.a(cfs-cooja.o)
                0x000000000002b290                cfs_interface
 *fill*         0x000000000002b2bf        0x1 
 .rodata        0x000000000002b2c0       0x58 obj_cooja/mtype249.a(cooja-radio.o)
                0x000000000002b2c0                radio_interface
                0x000000000002b2e0                cooja_radio_driver
 .rodata        0x000000000002b318        0x8 obj_cooja/mtype249.a(eeprom.o)
                0x000000000002b318                eeprom_interface
 .rodata        0x000000000002b320        0x8 obj_cooja/mtype249.a(sensors.o)
 .rodata        0x000000000002b328       0x14 obj_cooja/mtype249.a(mqtt.o)
 .rodata        0x000000000002b33c       0xf8 obj_cooja/mtype249.a(contiki-main.o)
 .rodata        0x000000000002b434        0xf obj_cooja/mtype249.a(ctimer.o)
 .rodata        0x000000000002b443        0xc obj_cooja/mtype249.a(etimer.o)
 *fill*         0x000000000002b44f        0x1 
 .rodata        0x000000000002b450       0xc0 obj_cooja/mtype249.a(log.o)
 .rodata        0x000000000002b510        0xe obj_cooja/mtype249.a(serial-line.o)
 *fill*         0x000000000002b51e        0x2 
 .rodata        0x000000000002b520        0x8 obj_cooja/mtype249.a(linkaddr.o)
                0x000000000002b520                linkaddr_null
 .rodata        0x000000000002b528       0x20 obj_cooja/mtype249.a(csma.o)
                0x000000000002b530                csma_driver
 .rodata        0x000000000002b548       0x13 obj_cooja/mtype249.a(tcp-socket.o)
 .rodata        0x000000000002b55b        0xd obj_cooja/mtype249.a(tcpip.o)
 .rodata        0x000000000002b568       0x4d obj_cooja/mtype249.a(uip-ds6-route.o)
 *fill*         0x000000000002b5b5        0x3 
 .rodata        0x000000000002b5b8      0x13c obj_cooja/mtype249.a(uip6.o)
 .rodata        0x000000000002b6f4       0x30 obj_cooja/mtype249.a(sicslowpan.o)
                0x000000000002b6f4                unc_llconf
                0x000000000002b6f8                unc_ctxconf
                0x000000000002b6fc                unc_mxconf
                0x000000000002b700                llprefix
                0x000000000002b714                sicslowpan_driver
 .rodata        0x000000000002b724       0x2d obj_cooja/mtype249.a(uiplib.o)
 *fill*         0x000000000002b751        0xf 
 .rodata        0x000000000002b760       0x70 obj_cooja/mtype249.a(rpl.o)
                0x000000000002b780                rpl_lite_driver
 .rodata        0x000000000002b7d0       0xdb obj_cooja/mtype249.a(rpl-dag.o)
 *fill*         0x000000000002b8ab        0x1 
 .rodata        0x000000000002b8ac        0xc obj_cooja/mtype249.a(framer-802154.o)
                0x000000000002b8ac                framer_802154
 .rodata        0x000000000002b8b8       0x44 obj_cooja/mtype249.a(uip-sr.o)
 .rodata        0x000000000002b8fc       0x58 obj_cooja/mtype249.a(rpl-neighbor.o)
 .rodata        0x000000000002b954        0xc obj_cooja/mtype249.a(rpl-timers.o)

.rodata1
 *(.rodata1)

.eh_frame_hdr   0x000000000002b960     0x1684
 *(.eh_frame_hdr)
 .eh_frame_hdr  0x000000000002b960     0x1684 mqtt-demo.o
                0x000000000002b960                __GNU_EH_FRAME_HDR
 *(.eh_frame_entry .eh_frame_entry.*)

.eh_frame       0x000000000002cfe4     0x5b2c
 *(.eh_frame)
 .eh_frame      0x000000000002cfe4       0x3c /usr/lib/gcc/i686-linux-gnu/5/../../../i386-linux-gnu/crti.o
                                         0x40 (size before relaxing)
 .eh_frame      0x000000000002d020      0x27c mqtt-demo.o
                                        0x294 (size before relaxing)
 .eh_frame      0x000000000002d29c      0x178 obj_cooja/mtype249.o
                                        0x190 (size before relaxing)
 .eh_frame      0x000000000002d414       0x40 obj_cooja/mtype249.a(simEnvChange.o)
                                         0x58 (size before relaxing)
 .eh_frame      0x000000000002d454       0x60 obj_cooja/mtype249.a(cooja_mt.o)
                                         0x78 (size before relaxing)
 .eh_frame      0x000000000002d4b4       0x80 obj_cooja/mtype249.a(cooja_mtarch.o)
                                         0x98 (size before relaxing)
 .eh_frame      0x000000000002d534       0xc8 obj_cooja/mtype249.a(rtimer-arch.o)
                                         0xe0 (size before relaxing)
 .eh_frame      0x000000000002d5fc      0x160 obj_cooja/mtype249.a(beep.o)
                                        0x178 (size before relaxing)
 .eh_frame      0x000000000002d75c       0xa0 obj_cooja/mtype249.a(button-sensor.o)
                                         0xb8 (size before relaxing)
 .eh_frame      0x000000000002d7fc       0xa0 obj_cooja/mtype249.a(leds-arch.o)
                                         0xb8 (size before relaxing)
 .eh_frame      0x000000000002d89c       0x40 obj_cooja/mtype249.a(moteid.o)
                                         0x58 (size before relaxing)
 .eh_frame      0x000000000002d8dc       0xa0 obj_cooja/mtype249.a(pir-sensor.o)
                                         0xb8 (size before relaxing)
 .eh_frame      0x000000000002d97c      0x100 obj_cooja/mtype249.a(rs232.o)
                                        0x118 (size before relaxing)
 .eh_frame      0x000000000002da7c       0xa0 obj_cooja/mtype249.a(vib-sensor.o)
                                         0xb8 (size before relaxing)
 .eh_frame      0x000000000002db1c       0xc0 obj_cooja/mtype249.a(clock.o)
                                         0xd8 (size before relaxing)
 .eh_frame      0x000000000002dbdc      0x120 obj_cooja/mtype249.a(cooja-log.o)
                                        0x138 (size before relaxing)
 .eh_frame      0x000000000002dcfc      0x160 obj_cooja/mtype249.a(cfs-cooja.o)
                                        0x178 (size before relaxing)
 .eh_frame      0x000000000002de5c      0x340 obj_cooja/mtype249.a(cooja-radio.o)
                                        0x358 (size before relaxing)
 .eh_frame      0x000000000002e19c       0xa0 obj_cooja/mtype249.a(eeprom.o)
                                         0xb8 (size before relaxing)
 .eh_frame      0x000000000002e23c       0x40 obj_cooja/mtype249.a(random.o)
                                         0x58 (size before relaxing)
 .eh_frame      0x000000000002e27c       0xc0 obj_cooja/mtype249.a(sensors.o)
                                         0xd8 (size before relaxing)
 .eh_frame      0x000000000002e33c       0xe0 obj_cooja/mtype249.a(leds.o)
                                         0xf8 (size before relaxing)
 .eh_frame      0x000000000002e41c      0x4a4 obj_cooja/mtype249.a(mqtt.o)
                                        0x4bc (size before relaxing)
 .eh_frame      0x000000000002e8c0       0x30 obj_cooja/mtype249.a(contiki-main.o)
                                         0x48 (size before relaxing)
 .eh_frame      0x000000000002e8f0       0x40 obj_cooja/mtype249.a(autostart.o)
                                         0x58 (size before relaxing)
 .eh_frame      0x000000000002e930      0x100 obj_cooja/mtype249.a(ctimer.o)
                                        0x118 (size before relaxing)
 .eh_frame      0x000000000002ea30       0x60 obj_cooja/mtype249.a(energest.o)
                                         0x78 (size before relaxing)
 .eh_frame      0x000000000002ea90      0x1e0 obj_cooja/mtype249.a(etimer.o)
                                        0x1f8 (size before relaxing)
 .eh_frame      0x000000000002ec70      0x100 obj_cooja/mtype249.a(log.o)
                                        0x118 (size before relaxing)
 .eh_frame      0x000000000002ed70      0x1c4 obj_cooja/mtype249.a(process.o)
                                        0x1dc (size before relaxing)
 .eh_frame      0x000000000002ef34       0x60 obj_cooja/mtype249.a(rtimer.o)
                                         0x78 (size before relaxing)
 .eh_frame      0x000000000002ef94       0x20 obj_cooja/mtype249.a(node-id.o)
                                         0x38 (size before relaxing)
 .eh_frame      0x000000000002efb4       0xa4 obj_cooja/mtype249.a(timer.o)
                                         0xbc (size before relaxing)
 .eh_frame      0x000000000002f058       0x60 obj_cooja/mtype249.a(serial-line.o)
                                         0x78 (size before relaxing)
 .eh_frame      0x000000000002f0b8      0x1a0 obj_cooja/mtype249.a(list.o)
                                        0x1b8 (size before relaxing)
 .eh_frame      0x000000000002f258       0xa0 obj_cooja/mtype249.a(ringbuf.o)
                                         0xb8 (size before relaxing)
 .eh_frame      0x000000000002f2f8      0x28c obj_cooja/mtype249.a(packetbuf.o)
                                        0x2a4 (size before relaxing)
 .eh_frame      0x000000000002f584       0x80 obj_cooja/mtype249.a(netstack.o)
                                         0x98 (size before relaxing)
 .eh_frame      0x000000000002f604       0x60 obj_cooja/mtype249.a(linkaddr.o)
                                         0x78 (size before relaxing)
 .eh_frame      0x000000000002f664       0xa0 obj_cooja/mtype249.a(csma.o)
                                         0xb8 (size before relaxing)
 .eh_frame      0x000000000002f704      0x1d4 obj_cooja/mtype249.a(csma-output.o)
                                        0x1ec (size before relaxing)
 .eh_frame      0x000000000002f8d8      0x2e8 obj_cooja/mtype249.a(uip-ds6.o)
                                        0x300 (size before relaxing)
 .eh_frame      0x000000000002fbc0      0x248 obj_cooja/mtype249.a(tcp-socket.o)
                                        0x260 (size before relaxing)
 .eh_frame      0x000000000002fe08      0x308 obj_cooja/mtype249.a(tcpip.o)
                                        0x320 (size before relaxing)
 .eh_frame      0x0000000000030110      0x220 obj_cooja/mtype249.a(uip-ds6-route.o)
                                        0x238 (size before relaxing)
 .eh_frame      0x0000000000030330      0x274 obj_cooja/mtype249.a(uip6.o)
                                        0x28c (size before relaxing)
 .eh_frame      0x00000000000305a4      0x1c0 obj_cooja/mtype249.a(uip-ds6-nbr.o)
                                        0x1d8 (size before relaxing)
 .eh_frame      0x0000000000030764       0x84 obj_cooja/mtype249.a(uip-nd6.o)
                                         0x9c (size before relaxing)
 .eh_frame      0x00000000000307e8      0x2f8 obj_cooja/mtype249.a(sicslowpan.o)
                                        0x310 (size before relaxing)
 .eh_frame      0x0000000000030ae0       0x88 obj_cooja/mtype249.a(uiplib.o)
                                         0xa0 (size before relaxing)
 .eh_frame      0x0000000000030b68      0x1e0 obj_cooja/mtype249.a(rpl.o)
                                        0x1f8 (size before relaxing)
 .eh_frame      0x0000000000030d48      0x1c4 obj_cooja/mtype249.a(rpl-icmp6.o)
                                        0x1dc (size before relaxing)
 .eh_frame      0x0000000000030f0c      0x370 obj_cooja/mtype249.a(rpl-dag.o)
                                        0x388 (size before relaxing)
 .eh_frame      0x000000000003127c       0xa0 obj_cooja/mtype249.a(rpl-dag-root.o)
                                         0xb8 (size before relaxing)
 .eh_frame      0x000000000003131c       0xa0 obj_cooja/mtype249.a(watchdog.o)
                                         0xb8 (size before relaxing)
 .eh_frame      0x00000000000313bc       0xc4 obj_cooja/mtype249.a(stimer.o)
                                         0xdc (size before relaxing)
 .eh_frame      0x0000000000031480       0xa0 obj_cooja/mtype249.a(memb.o)
                                         0xb8 (size before relaxing)
 .eh_frame      0x0000000000031520      0x1a0 obj_cooja/mtype249.a(queuebuf.o)
                                        0x1b8 (size before relaxing)
 .eh_frame      0x00000000000316c0      0x2ac obj_cooja/mtype249.a(nbr-table.o)
                                        0x2c4 (size before relaxing)
 .eh_frame      0x000000000003196c      0x100 obj_cooja/mtype249.a(link-stats.o)
                                        0x118 (size before relaxing)
 .eh_frame      0x0000000000031a6c       0x48 obj_cooja/mtype249.a(mac-sequence.o)
                                         0x60 (size before relaxing)
 .eh_frame      0x0000000000031ab4       0x20 obj_cooja/mtype249.a(mac.o)
                                         0x38 (size before relaxing)
 .eh_frame      0x0000000000031ad4       0xa4 obj_cooja/mtype249.a(framer-802154.o)
                                         0xbc (size before relaxing)
 .eh_frame      0x0000000000031b78      0x1a4 obj_cooja/mtype249.a(frame802154.o)
                                        0x1bc (size before relaxing)
 .eh_frame      0x0000000000031d1c      0x100 obj_cooja/mtype249.a(uipbuf.o)
                                        0x118 (size before relaxing)
 .eh_frame      0x0000000000031e1c      0x160 obj_cooja/mtype249.a(uip-icmp6.o)
                                        0x178 (size before relaxing)
 .eh_frame      0x0000000000031f7c      0x184 obj_cooja/mtype249.a(uip-sr.o)
                                        0x19c (size before relaxing)
 .eh_frame      0x0000000000032100       0xe0 obj_cooja/mtype249.a(uip-packetqueue)
                                         0xf8 (size before relaxing)
 .eh_frame      0x00000000000321e0       0x80 obj_cooja/mtype249.a(rpl-nbr-policy.)
                                         0x98 (size before relaxing)
 .eh_frame      0x0000000000032260      0x2d4 obj_cooja/mtype249.a(rpl-neighbor.o)
                                        0x2ec (size before relaxing)
 .eh_frame      0x0000000000032534      0x368 obj_cooja/mtype249.a(rpl-timers.o)
                                        0x380 (size before relaxing)
 .eh_frame      0x000000000003289c      0x128 obj_cooja/mtype249.a(rpl-ext-header.)
                                        0x140 (size before relaxing)
 .eh_frame      0x00000000000329c4      0x148 obj_cooja/mtype249.a(rpl-mrhof.o)
                                        0x160 (size before relaxing)
 .eh_frame      0x0000000000032b0c        0x4 /usr/lib/gcc/i686-linux-gnu/5/crtendS.o
 *(.eh_frame.*)

.gcc_except_table
 *(.gcc_except_table .gcc_except_table.*)

.gnu_extab
 *(.gnu_extab*)

.exception_ranges
 *(.exception_ranges .exception_ranges*)
                0x0000000000033f10                . = DATA_SEGMENT_ALIGN (0x1000, 0x1000)

.eh_frame
 *(.eh_frame)
 *(.eh_frame.*)

.gnu_extab
 *(.gnu_extab)

.gcc_except_table
 *(.gcc_except_table .gcc_except_table.*)

.exception_ranges
 *(.exception_ranges .exception_ranges*)

.tdata
 *(.tdata .tdata.* .gnu.linkonce.td.*)

.tbss
 *(.tbss .tbss.* .gnu.linkonce.tb.*)
 *(.tcommon)

.preinit_array
 *(.preinit_array)

.init_array     0x0000000000033f10        0x4
 *(SORT(.init_array.*) SORT(.ctors.*))
 *(.init_array EXCLUDE_FILE(*crtend?.o *crtend.o *crtbegin?.o *crtbegin.o) .ctors)
 .init_array    0x0000000000033f10        0x4 /usr/lib/gcc/i686-linux-gnu/5/crtbeginS.o

.fini_array     0x0000000000033f14        0x4
 *(SORT(.fini_array.*) SORT(.dtors.*))
 *(.fini_array EXCLUDE_FILE(*crtend?.o *crtend.o *crtbegin?.o *crtbegin.o) .dtors)
 .fini_array    0x0000000000033f14        0x4 /usr/lib/gcc/i686-linux-gnu/5/crtbeginS.o

.ctors
 *crtbegin.o(.ctors)
 *crtbegin?.o(.ctors)
 *(EXCLUDE_FILE(*crtend?.o *crtend.o) .ctors)
 *(SORT(.ctors.*))
 *(.ctors)

.dtors
 *crtbegin.o(.dtors)
 *crtbegin?.o(.dtors)
 *(EXCLUDE_FILE(*crtend?.o *crtend.o) .dtors)
 *(SORT(.dtors.*))
 *(.dtors)

.jcr            0x0000000000033f18        0x4
 *(.jcr)
 .jcr           0x0000000000033f18        0x0 /usr/lib/gcc/i686-linux-gnu/5/crtbeginS.o
 .jcr           0x0000000000033f18        0x4 /usr/lib/gcc/i686-linux-gnu/5/crtendS.o

.data.rel.ro
 *(.data.rel.ro.local* .gnu.linkonce.d.rel.ro.local.*)
 *(.data.rel.ro .data.rel.ro.* .gnu.linkonce.d.rel.ro.*)

.dynamic        0x0000000000033f1c       0xd0
 *(.dynamic)
 .dynamic       0x0000000000033f1c       0xd0 /usr/lib/gcc/i686-linux-gnu/5/../../../i386-linux-gnu/crti.o
                0x0000000000033f1c                _DYNAMIC

.got            0x0000000000033fec       0x14
 *(.got)
 .got           0x0000000000033fec       0x14 /usr/lib/gcc/i686-linux-gnu/5/../../../i386-linux-gnu/crti.o
 *(.igot)
                0x0000000000034ff4                . = DATA_SEGMENT_RELRO_END (., (SIZEOF (.got.plt) >= 0xc)?0xc:0x0)

.got.plt        0x0000000000034000        0xc
 *(.got.plt)
 .got.plt       0x0000000000034000        0xc /usr/lib/gcc/i686-linux-gnu/5/../../../i386-linux-gnu/crti.o
                0x0000000000034000                _GLOBAL_OFFSET_TABLE_
 *(.igot.plt)

.data           0x0000000000034020      0x324
 *(.data .data.* .gnu.linkonce.d.*)
 .data          0x0000000000034020        0x0 /usr/lib/gcc/i686-linux-gnu/5/../../../i386-linux-gnu/crti.o
 .data          0x0000000000034020        0x0 /usr/lib/gcc/i686-linux-gnu/5/crtbeginS.o
 .data.rel.local
                0x0000000000034020        0x4 /usr/lib/gcc/i686-linux-gnu/5/crtbeginS.o
                0x0000000000034020                __dso_handle
 .data          0x0000000000034024       0x18 mqtt-demo.o
                0x000000000003402c                mqtt_demo_process
 *fill*         0x000000000003403c        0x4 
 .data          0x0000000000034040       0x44 obj_cooja/mtype249.o
                0x0000000000034040                simInterfaces
                0x0000000000034074                sensors
 .data          0x0000000000034084        0x0 obj_cooja/mtype249.a(simEnvChange.o)
 .data          0x0000000000034084        0x0 obj_cooja/mtype249.a(cooja_mt.o)
 .data          0x0000000000034084        0x0 obj_cooja/mtype249.a(cooja_mtarch.o)
 .data          0x0000000000034084        0x0 obj_cooja/mtype249.a(rtimer-arch.o)
 .data          0x0000000000034084        0x0 obj_cooja/mtype249.a(beep.o)
 .data          0x0000000000034084        0x0 obj_cooja/mtype249.a(button-sensor.o)
 .data          0x0000000000034084        0x0 obj_cooja/mtype249.a(leds-arch.o)
 .data          0x0000000000034084        0x0 obj_cooja/mtype249.a(moteid.o)
 .data          0x0000000000034084        0x0 obj_cooja/mtype249.a(pir-sensor.o)
 .data          0x0000000000034084        0x0 obj_cooja/mtype249.a(rs232.o)
 .data          0x0000000000034084        0x0 obj_cooja/mtype249.a(vib-sensor.o)
 .data          0x0000000000034084        0x0 obj_cooja/mtype249.a(clock.o)
 .data          0x0000000000034084        0x0 obj_cooja/mtype249.a(cooja-log.o)
 .data          0x0000000000034084        0x0 obj_cooja/mtype249.a(cfs-cooja.o)
 .data          0x0000000000034084       0x2c obj_cooja/mtype249.a(cooja-radio.o)
                0x0000000000034084                simRadioHWOn
                0x0000000000034088                simSignalStrength
                0x000000000003408c                simLastSignalStrength
                0x0000000000034090                simPower
                0x0000000000034094                simRadioChannel
                0x0000000000034098                simLQI
                0x00000000000340a0                cooja_radio_process
 .data          0x00000000000340b0        0x0 obj_cooja/mtype249.a(eeprom.o)
 .data          0x00000000000340b0        0x0 obj_cooja/mtype249.a(random.o)
 .data          0x00000000000340b0       0x10 obj_cooja/mtype249.a(sensors.o)
                0x00000000000340b0                sensors_process
 .data          0x00000000000340c0        0x0 obj_cooja/mtype249.a(leds.o)
 .data          0x00000000000340c0       0x14 obj_cooja/mtype249.a(mqtt.o)
                0x00000000000340c4                mqtt_process
 .data          0x00000000000340d4        0x0 obj_cooja/mtype249.a(contiki-main.o)
 .data          0x00000000000340d4        0x0 obj_cooja/mtype249.a(autostart.o)
 .data          0x00000000000340d4       0x14 obj_cooja/mtype249.a(ctimer.o)
                0x00000000000340d8                ctimer_process
 .data          0x00000000000340e8        0x0 obj_cooja/mtype249.a(energest.o)
 .data          0x00000000000340e8       0x10 obj_cooja/mtype249.a(etimer.o)
                0x00000000000340e8                etimer_process
 *fill*         0x00000000000340f8        0x8 
 .data          0x0000000000034100       0xb0 obj_cooja/mtype249.a(log.o)
                0x0000000000034100                curr_log_level_main
                0x0000000000034120                all_modules
 .data          0x00000000000341b0        0x0 obj_cooja/mtype249.a(process.o)
 .data          0x00000000000341b0        0x0 obj_cooja/mtype249.a(rtimer.o)
 .data          0x00000000000341b0        0x0 obj_cooja/mtype249.a(node-id.o)
 .data          0x00000000000341b0        0x0 obj_cooja/mtype249.a(timer.o)
 .data          0x00000000000341b0       0x10 obj_cooja/mtype249.a(serial-line.o)
                0x00000000000341b0                serial_line_process
 .data          0x00000000000341c0        0x0 obj_cooja/mtype249.a(list.o)
 .data          0x00000000000341c0        0x0 obj_cooja/mtype249.a(ringbuf.o)
 .data          0x00000000000341c0        0x4 obj_cooja/mtype249.a(packetbuf.o)
 .data          0x00000000000341c4        0x4 obj_cooja/mtype249.a(netstack.o)
 .data          0x00000000000341c8        0x0 obj_cooja/mtype249.a(linkaddr.o)
 .data          0x00000000000341c8        0x0 obj_cooja/mtype249.a(csma.o)
 .data          0x00000000000341c8       0x28 obj_cooja/mtype249.a(csma-output.o)
 .data          0x00000000000341f0        0x0 obj_cooja/mtype249.a(uip-ds6.o)
 .data          0x00000000000341f0       0x14 obj_cooja/mtype249.a(tcp-socket.o)
                0x00000000000341f4                tcp_socket_process
 .data          0x0000000000034204       0x10 obj_cooja/mtype249.a(tcpip.o)
                0x0000000000034204                tcpip_process
 .data          0x0000000000034214       0x10 obj_cooja/mtype249.a(uip-ds6-route.o)
 .data          0x0000000000034224        0x0 obj_cooja/mtype249.a(uip6.o)
 .data          0x0000000000034224       0x14 obj_cooja/mtype249.a(uip-ds6-nbr.o)
                0x0000000000034234                ds6_neighbors
 .data          0x0000000000034238        0xc obj_cooja/mtype249.a(uip-nd6.o)
 .data          0x0000000000034244        0x0 obj_cooja/mtype249.a(sicslowpan.o)
 .data          0x0000000000034244        0x0 obj_cooja/mtype249.a(uiplib.o)
 .data          0x0000000000034244        0x0 obj_cooja/mtype249.a(rpl.o)
 .data          0x0000000000034244       0x30 obj_cooja/mtype249.a(rpl-icmp6.o)
 .data          0x0000000000034274        0x0 obj_cooja/mtype249.a(rpl-dag.o)
 .data          0x0000000000034274        0x0 obj_cooja/mtype249.a(rpl-dag-root.o)
 .data          0x0000000000034274        0x0 obj_cooja/mtype249.a(watchdog.o)
 .data          0x0000000000034274        0x0 obj_cooja/mtype249.a(stimer.o)
 .data          0x0000000000034274        0x0 obj_cooja/mtype249.a(memb.o)
 .data          0x0000000000034274       0x18 obj_cooja/mtype249.a(queuebuf.o)
 .data          0x000000000003428c       0x10 obj_cooja/mtype249.a(nbr-table.o)
 .data          0x000000000003429c       0x14 obj_cooja/mtype249.a(link-stats.o)
 .data          0x00000000000342b0        0x0 obj_cooja/mtype249.a(mac-sequence.o)
 .data          0x00000000000342b0        0x0 obj_cooja/mtype249.a(mac.o)
 .data          0x00000000000342b0        0x0 obj_cooja/mtype249.a(framer-802154.o)
 .data          0x00000000000342b0        0x2 obj_cooja/mtype249.a(frame802154.o)
 .data          0x00000000000342b2        0x0 obj_cooja/mtype249.a(uipbuf.o)
 *fill*         0x00000000000342b2        0x2 
 .data          0x00000000000342b4       0x20 obj_cooja/mtype249.a(uip-icmp6.o)
 .data          0x00000000000342d4       0x10 obj_cooja/mtype249.a(uip-sr.o)
 .data          0x00000000000342e4        0xc obj_cooja/mtype249.a(uip-packetqueue)
 .data          0x00000000000342f0        0x0 obj_cooja/mtype249.a(rpl-nbr-policy.)
 .data          0x00000000000342f0       0x14 obj_cooja/mtype249.a(rpl-neighbor.o)
                0x0000000000034300                rpl_neighbors
 .data          0x0000000000034304        0x0 obj_cooja/mtype249.a(rpl-timers.o)
 .data          0x0000000000034304        0x0 obj_cooja/mtype249.a(rpl-ext-header.)
 *fill*         0x0000000000034304       0x1c 
 .data          0x0000000000034320       0x24 obj_cooja/mtype249.a(rpl-mrhof.o)
                0x0000000000034320                rpl_mrhof
 .data          0x0000000000034344        0x0 /usr/lib/gcc/i686-linux-gnu/5/crtendS.o
 .data          0x0000000000034344        0x0 /usr/lib/gcc/i686-linux-gnu/5/../../../i386-linux-gnu/crtn.o

.tm_clone_table
                0x0000000000034344        0x0
 .tm_clone_table
                0x0000000000034344        0x0 /usr/lib/gcc/i686-linux-gnu/5/crtbeginS.o
 .tm_clone_table
                0x0000000000034344        0x0 /usr/lib/gcc/i686-linux-gnu/5/crtendS.o

.data1
 *(.data1)
                0x0000000000034344                _edata = .
                [!provide]                        PROVIDE (edata, .)
                0x0000000000034344                . = .
                0x0000000000034344                __bss_start = .

.bss            0x0000000000034360    0x14680
 *(.dynbss)
 .dynbss        0x0000000000034360        0x0 /usr/lib/gcc/i686-linux-gnu/5/../../../i386-linux-gnu/crti.o
 *(.bss .bss.* .gnu.linkonce.b.*)
 .bss           0x0000000000034360        0x0 /usr/lib/gcc/i686-linux-gnu/5/../../../i386-linux-gnu/crti.o
 .bss           0x0000000000034360        0x1 /usr/lib/gcc/i686-linux-gnu/5/crtbeginS.o
 *fill*         0x0000000000034361       0x1f 
 .bss           0x0000000000034380      0xbf0 mqtt-demo.o
 *fill*         0x0000000000034f70       0x10 
 .bss           0x0000000000034f80     0x2030 obj_cooja/mtype249.o
 .bss           0x0000000000036fb0        0x1 obj_cooja/mtype249.a(simEnvChange.o)
                0x0000000000036fb0                simDontFallAsleep
 *fill*         0x0000000000036fb1        0x3 
 .bss           0x0000000000036fb4        0x4 obj_cooja/mtype249.a(cooja_mt.o)
 .bss           0x0000000000036fb8        0x4 obj_cooja/mtype249.a(cooja_mtarch.o)
 .bss           0x0000000000036fbc        0x0 obj_cooja/mtype249.a(rtimer-arch.o)
 .bss           0x0000000000036fbc        0x0 obj_cooja/mtype249.a(beep.o)
 .bss           0x0000000000036fbc        0x8 obj_cooja/mtype249.a(button-sensor.o)
 .bss           0x0000000000036fc4        0x0 obj_cooja/mtype249.a(leds-arch.o)
 .bss           0x0000000000036fc4        0x0 obj_cooja/mtype249.a(moteid.o)
 .bss           0x0000000000036fc4        0x1 obj_cooja/mtype249.a(pir-sensor.o)
                0x0000000000036fc4                simPirValue
 *fill*         0x0000000000036fc5        0x3 
 .bss           0x0000000000036fc8        0x4 obj_cooja/mtype249.a(rs232.o)
 .bss           0x0000000000036fcc        0x1 obj_cooja/mtype249.a(vib-sensor.o)
                0x0000000000036fcc                simVibValue
 .bss           0x0000000000036fcd        0x0 obj_cooja/mtype249.a(clock.o)
 *fill*         0x0000000000036fcd       0x13 
 .bss           0x0000000000036fe0     0x2020 obj_cooja/mtype249.a(cooja-log.o)
 .bss           0x0000000000039000      0xfc0 obj_cooja/mtype249.a(cfs-cooja.o)
                0x0000000000039000                simCFSData
                0x0000000000039fa0                simCFSSize
                0x0000000000039fa4                simCFSChanged
                0x0000000000039fa8                simCFSRead
                0x0000000000039fac                simCFSWritten
 .bss           0x0000000000039fc0       0x24 obj_cooja/mtype249.a(cooja-radio.o)
                0x0000000000039fc0                simReceiving
                0x0000000000039fc4                simInSize
                0x0000000000039fc8                simLastPacketTimestamp
                0x0000000000039fd0                simOutSize
 .bss           0x0000000000039fe4        0xc obj_cooja/mtype249.a(eeprom.o)
                0x0000000000039fe4                simEEPROMChanged
                0x0000000000039fe8                simEEPROMRead
                0x0000000000039fec                simEEPROMWritten
 .bss           0x0000000000039ff0        0x0 obj_cooja/mtype249.a(random.o)
 .bss           0x0000000000039ff0        0xc obj_cooja/mtype249.a(sensors.o)
 .bss           0x0000000000039ffc        0x0 obj_cooja/mtype249.a(leds.o)
 .bss           0x0000000000039ffc       0x15 obj_cooja/mtype249.a(mqtt.o)
 .bss           0x000000000003a011        0x0 obj_cooja/mtype249.a(contiki-main.o)
 .bss           0x000000000003a011        0x0 obj_cooja/mtype249.a(autostart.o)
 *fill*         0x000000000003a011        0x3 
 .bss           0x000000000003a014        0x5 obj_cooja/mtype249.a(ctimer.o)
 .bss           0x000000000003a019        0x0 obj_cooja/mtype249.a(energest.o)
 *fill*         0x000000000003a019        0x3 
 .bss           0x000000000003a01c        0x8 obj_cooja/mtype249.a(etimer.o)
 .bss           0x000000000003a024       0x28 obj_cooja/mtype249.a(log.o)
                0x000000000003a024                curr_log_level_rpl
                0x000000000003a028                curr_log_level_tcpip
                0x000000000003a02c                curr_log_level_ipv6
                0x000000000003a030                curr_log_level_6lowpan
                0x000000000003a034                curr_log_level_nullnet
                0x000000000003a038                curr_log_level_mac
                0x000000000003a03c                curr_log_level_framer
                0x000000000003a040                curr_log_level_6top
                0x000000000003a044                curr_log_level_coap
                0x000000000003a048                curr_log_level_lwm2m
 *fill*         0x000000000003a04c       0x14 
 .bss           0x000000000003a060      0x1a1 obj_cooja/mtype249.a(process.o)
                0x000000000003a060                process_list
                0x000000000003a064                process_current
 *fill*         0x000000000003a201        0x3 
 .bss           0x000000000003a204        0x4 obj_cooja/mtype249.a(rtimer.o)
 .bss           0x000000000003a208        0x2 obj_cooja/mtype249.a(node-id.o)
                0x000000000003a208                node_id
 .bss           0x000000000003a20a        0x0 obj_cooja/mtype249.a(timer.o)
 *fill*         0x000000000003a20a       0x16 
 .bss           0x000000000003a220      0x140 obj_cooja/mtype249.a(serial-line.o)
 .bss           0x000000000003a360        0x0 obj_cooja/mtype249.a(list.o)
 .bss           0x000000000003a360        0x0 obj_cooja/mtype249.a(ringbuf.o)
 .bss           0x000000000003a360       0xa0 obj_cooja/mtype249.a(packetbuf.o)
 .bss           0x000000000003a400        0x4 obj_cooja/mtype249.a(netstack.o)
 .bss           0x000000000003a404        0x0 obj_cooja/mtype249.a(linkaddr.o)
 .bss           0x000000000003a404        0x0 obj_cooja/mtype249.a(csma.o)
 *fill*         0x000000000003a404       0x1c 
 .bss           0x000000000003a420      0x726 obj_cooja/mtype249.a(csma-output.o)
 *fill*         0x000000000003ab46        0x2 
 .bss           0x000000000003ab48       0x20 obj_cooja/mtype249.a(uip-ds6.o)
 .bss           0x000000000003ab68        0x5 obj_cooja/mtype249.a(tcp-socket.o)
 *fill*         0x000000000003ab6d       0x13 
 .bss           0x000000000003ab80       0xc4 obj_cooja/mtype249.a(tcpip.o)
 *fill*         0x000000000003ac44       0x1c 
 .bss           0x000000000003ac60       0x60 obj_cooja/mtype249.a(uip-ds6-route.o)
 .bss           0x000000000003acc0        0xc obj_cooja/mtype249.a(uip6.o)
                0x000000000003acc0                uip_ext_bitmap
                0x000000000003acc1                uip_ext_len
                0x000000000003acc2                uip_ext_opt_offset
 *fill*         0x000000000003accc       0x14 
 .bss           0x000000000003ace0     0x1c20 obj_cooja/mtype249.a(uip-ds6-nbr.o)
 .bss           0x000000000003c900       0x10 obj_cooja/mtype249.a(uip-nd6.o)
 *fill*         0x000000000003c910       0x10 
 .bss           0x000000000003c920      0x724 obj_cooja/mtype249.a(sicslowpan.o)
 .bss           0x000000000003d044        0x0 obj_cooja/mtype249.a(uiplib.o)
 .bss           0x000000000003d044        0x1 obj_cooja/mtype249.a(rpl.o)
 .bss           0x000000000003d045        0x0 obj_cooja/mtype249.a(rpl-icmp6.o)
 .bss           0x000000000003d045        0x0 obj_cooja/mtype249.a(rpl-dag.o)
 *fill*         0x000000000003d045        0x3 
 .bss           0x000000000003d048       0x11 obj_cooja/mtype249.a(rpl-dag-root.o)
 .bss           0x000000000003d059        0x0 obj_cooja/mtype249.a(watchdog.o)
 .bss           0x000000000003d059        0x0 obj_cooja/mtype249.a(stimer.o)
 .bss           0x000000000003d059        0x0 obj_cooja/mtype249.a(memb.o)
 *fill*         0x000000000003d059        0x7 
 .bss           0x000000000003d060     0x2c80 obj_cooja/mtype249.a(queuebuf.o)
 .bss           0x000000000003fce0     0x1214 obj_cooja/mtype249.a(nbr-table.o)
 *fill*         0x0000000000040ef4        0xc 
 .bss           0x0000000000040f00      0xe10 obj_cooja/mtype249.a(link-stats.o)
 *fill*         0x0000000000041d10       0x10 
 .bss           0x0000000000041d20      0x100 obj_cooja/mtype249.a(mac-sequence.o)
 .bss           0x0000000000041e20        0x0 obj_cooja/mtype249.a(mac.o)
 .bss           0x0000000000041e20        0x2 obj_cooja/mtype249.a(framer-802154.o)
 .bss           0x0000000000041e22        0x0 obj_cooja/mtype249.a(frame802154.o)
 *fill*         0x0000000000041e22        0x2 
 .bss           0x0000000000041e24        0xc obj_cooja/mtype249.a(uipbuf.o)
 .bss           0x0000000000041e30       0x18 obj_cooja/mtype249.a(uip-icmp6.o)
 *fill*         0x0000000000041e48       0x18 
 .bss           0x0000000000041e60     0x1d80 obj_cooja/mtype249.a(uip-sr.o)
 .bss           0x0000000000043be0      0xa78 obj_cooja/mtype249.a(uip-packetqueue)
 .bss           0x0000000000044658        0xe obj_cooja/mtype249.a(rpl-nbr-policy.)
 *fill*         0x0000000000044666       0x1a 
 .bss           0x0000000000044680      0x960 obj_cooja/mtype249.a(rpl-neighbor.o)
 .bss           0x0000000000044fe0       0x40 obj_cooja/mtype249.a(rpl-timers.o)
 .bss           0x0000000000045020        0x0 obj_cooja/mtype249.a(rpl-ext-header.)
 .bss           0x0000000000045020        0x0 obj_cooja/mtype249.a(rpl-mrhof.o)
 .bss           0x0000000000045020        0x0 /usr/lib/gcc/i686-linux-gnu/5/crtendS.o
 .bss           0x0000000000045020        0x0 /usr/lib/gcc/i686-linux-gnu/5/../../../i386-linux-gnu/crtn.o
 *(COMMON)
 COMMON         0x0000000000045020        0x8 obj_cooja/mtype249.o
                0x0000000000045020                referenceVar
                0x0000000000045024                sensors_flags
 COMMON         0x0000000000045028        0xc obj_cooja/mtype249.a(simEnvChange.o)
                0x0000000000045028                simEtimerPending
                0x000000000004502c                simProcessRunValue
                0x0000000000045030                simEtimerNextExpirationTime
 *fill*         0x0000000000045034        0x4 
 COMMON         0x0000000000045038       0x18 obj_cooja/mtype249.a(rtimer-arch.o)
                0x0000000000045038                simRtimerPending
                0x0000000000045040                simRtimerCurrentTicks
                0x0000000000045048                simRtimerNextExpirationTime
 COMMON         0x0000000000045050        0x1 obj_cooja/mtype249.a(beep.o)
                0x0000000000045050                simBeeped
 COMMON         0x0000000000045051        0x3 obj_cooja/mtype249.a(button-sensor.o)
                0x0000000000045051                simButtonIsActive
                0x0000000000045052                simButtonIsDown
                0x0000000000045053                simButtonChanged
 COMMON         0x0000000000045054        0x1 obj_cooja/mtype249.a(leds-arch.o)
                0x0000000000045054                simLedsValue
 *fill*         0x0000000000045055        0x3 
 COMMON         0x0000000000045058        0xc obj_cooja/mtype249.a(moteid.o)
                0x0000000000045058                simRandomSeed
                0x000000000004505c                simMoteIDChanged
                0x0000000000045060                simMoteID
 COMMON         0x0000000000045064        0x2 obj_cooja/mtype249.a(pir-sensor.o)
                0x0000000000045064                simPirIsActive
                0x0000000000045065                simPirChanged
 *fill*         0x0000000000045066       0x1a 
 COMMON         0x0000000000045080      0x820 obj_cooja/mtype249.a(rs232.o)
                0x0000000000045080                simSerialReceivingFlag
                0x0000000000045084                simSerialReceivingLength
                0x00000000000450a0                simSerialReceivingData
 COMMON         0x00000000000458a0        0x2 obj_cooja/mtype249.a(vib-sensor.o)
                0x00000000000458a0                simVibChanged
                0x00000000000458a1                simVibIsActive
 *fill*         0x00000000000458a2        0x2 
 COMMON         0x00000000000458a4        0x4 obj_cooja/mtype249.a(clock.o)
                0x00000000000458a4                simCurrentTime
 *fill*         0x00000000000458a8       0x18 
 COMMON         0x00000000000458c0     0x2020 obj_cooja/mtype249.a(cooja-log.o)
                0x00000000000458c0                simLoggedLength
                0x00000000000458c4                simLoggedFlag
                0x00000000000458e0                simLoggedData
 COMMON         0x00000000000478e0      0x100 obj_cooja/mtype249.a(cooja-radio.o)
                0x00000000000478e0                simOutDataBuffer
                0x0000000000047960                simInDataBuffer
 COMMON         0x00000000000479e0      0x400 obj_cooja/mtype249.a(eeprom.o)
                0x00000000000479e0                simEEPROMData
 COMMON         0x0000000000047de0        0x1 obj_cooja/mtype249.a(sensors.o)
                0x0000000000047de0                sensors_event
 COMMON         0x0000000000047de1        0x1 obj_cooja/mtype249.a(mqtt.o)
                0x0000000000047de1                mqtt_update_event
 *fill*         0x0000000000047de2        0x2 
 COMMON         0x0000000000047de4       0x50 obj_cooja/mtype249.a(contiki-main.o)
                0x0000000000047de4                eb_per_time_source
                0x0000000000047df8                unicast_per_neighbor_rpl_storing
                0x0000000000047e0c                unicast_per_neighbor_rpl_ns
                0x0000000000047e20                default_common
 COMMON         0x0000000000047e34        0x1 obj_cooja/mtype249.a(serial-line.o)
                0x0000000000047e34                serial_line_event_message
 *fill*         0x0000000000047e35        0x3 
 COMMON         0x0000000000047e38       0x2c obj_cooja/mtype249.a(packetbuf.o)
                0x0000000000047e38                packetbuf_attrs
                0x0000000000047e54                packetbuf_addrs
 COMMON         0x0000000000047e64        0x8 obj_cooja/mtype249.a(linkaddr.o)
                0x0000000000047e64                linkaddr_node_addr
 *fill*         0x0000000000047e6c       0x14 
 COMMON         0x0000000000047e80      0x181 obj_cooja/mtype249.a(uip-ds6.o)
                0x0000000000047e80                uip_ds6_prefix_list
                0x0000000000047ee0                uip_ds6_timer_periodic
                0x0000000000047ef0                uip_ds6_netif_addr_list_offset
                0x0000000000047f00                uip_ds6_if
                0x0000000000047ff8                uip_ds6_timer_ra
                0x0000000000048000                uip_ds6_addr_size
 COMMON         0x0000000000048001        0x1 obj_cooja/mtype249.a(tcpip.o)
                0x0000000000048001                tcpip_event
 *fill*         0x0000000000048002       0x1e 
 COMMON         0x0000000000048020      0x80c obj_cooja/mtype249.a(uip6.o)
                0x0000000000048020                uip_slen
                0x0000000000048024                uip_acc32
                0x0000000000048040                uip_conns
                0x00000000000481c0                uip_lladdr
                0x00000000000481c8                uip_appdata
                0x00000000000481cc                uip_flags
                0x00000000000481e0                uip_aligned_buf
                0x00000000000486e0                uip_listenports
                0x0000000000048708                uip_len
                0x000000000004870c                uip_sappdata
                0x0000000000048720                uip_udp_conns
                0x0000000000048820                uip_udp_conn
                0x0000000000048824                uip_next_hdr
                0x0000000000048828                uip_conn
 COMMON         0x000000000004882c       0x10 obj_cooja/mtype249.a(rpl.o)
                0x000000000004882c                rpl_multicast_addr
 *fill*         0x000000000004883c        0x4 
 COMMON         0x0000000000048840      0x164 obj_cooja/mtype249.a(rpl-dag.o)
                0x0000000000048840                curr_instance
 *fill*         0x00000000000489a4       0x1c 
 COMMON         0x00000000000489c0       0x20 obj_cooja/mtype249.a(link-stats.o)
                0x00000000000489c0                periodic_timer
                0x00000000000489e0                . = ALIGN ((. != 0x0)?0x4:0x1)
                0x00000000000489e0                . = ALIGN (0x4)
                0x00000000000489e0                . = SEGMENT_START ("ldata-segment", .)
                0x00000000000489e0                . = ALIGN (0x4)
                0x00000000000489e0                _end = .
                [!provide]                        PROVIDE (end, .)
                0x00000000000489e0                . = DATA_SEGMENT_END (.)

.stab
 *(.stab)

.stabstr
 *(.stabstr)

.stab.excl
 *(.stab.excl)

.stab.exclstr
 *(.stab.exclstr)

.stab.index
 *(.stab.index)

.stab.indexstr
 *(.stab.indexstr)

.comment        0x0000000000000000       0x35
 *(.comment)
 .comment       0x0000000000000000       0x35 /usr/lib/gcc/i686-linux-gnu/5/crtbeginS.o
                                         0x36 (size before relaxing)
 .comment       0x0000000000000035       0x36 mqtt-demo.o
 .comment       0x0000000000000035       0x36 obj_cooja/mtype249.o
 .comment       0x0000000000000035       0x36 obj_cooja/mtype249.a(simEnvChange.o)
 .comment       0x0000000000000035       0x36 obj_cooja/mtype249.a(cooja_mt.o)
 .comment       0x0000000000000035       0x36 obj_cooja/mtype249.a(cooja_mtarch.o)
 .comment       0x0000000000000035       0x36 obj_cooja/mtype249.a(rtimer-arch.o)
 .comment       0x0000000000000035       0x36 obj_cooja/mtype249.a(beep.o)
 .comment       0x0000000000000035       0x36 obj_cooja/mtype249.a(button-sensor.o)
 .comment       0x0000000000000035       0x36 obj_cooja/mtype249.a(leds-arch.o)
 .comment       0x0000000000000035       0x36 obj_cooja/mtype249.a(moteid.o)
 .comment       0x0000000000000035       0x36 obj_cooja/mtype249.a(pir-sensor.o)
 .comment       0x0000000000000035       0x36 obj_cooja/mtype249.a(rs232.o)
 .comment       0x0000000000000035       0x36 obj_cooja/mtype249.a(vib-sensor.o)
 .comment       0x0000000000000035       0x36 obj_cooja/mtype249.a(clock.o)
 .comment       0x0000000000000035       0x36 obj_cooja/mtype249.a(cooja-log.o)
 .comment       0x0000000000000035       0x36 obj_cooja/mtype249.a(cfs-cooja.o)
 .comment       0x0000000000000035       0x36 obj_cooja/mtype249.a(cooja-radio.o)
 .comment       0x0000000000000035       0x36 obj_cooja/mtype249.a(eeprom.o)
 .comment       0x0000000000000035       0x36 obj_cooja/mtype249.a(random.o)
 .comment       0x0000000000000035       0x36 obj_cooja/mtype249.a(sensors.o)
 .comment       0x0000000000000035       0x36 obj_cooja/mtype249.a(leds.o)
 .comment       0x0000000000000035       0x36 obj_cooja/mtype249.a(mqtt.o)
 .comment       0x0000000000000035       0x36 obj_cooja/mtype249.a(contiki-main.o)
 .comment       0x0000000000000035       0x36 obj_cooja/mtype249.a(autostart.o)
 .comment       0x0000000000000035       0x36 obj_cooja/mtype249.a(ctimer.o)
 .comment       0x0000000000000035       0x36 obj_cooja/mtype249.a(energest.o)
 .comment       0x0000000000000035       0x36 obj_cooja/mtype249.a(etimer.o)
 .comment       0x0000000000000035       0x36 obj_cooja/mtype249.a(log.o)
 .comment       0x0000000000000035       0x36 obj_cooja/mtype249.a(process.o)
 .comment       0x0000000000000035       0x36 obj_cooja/mtype249.a(rtimer.o)
 .comment       0x0000000000000035       0x36 obj_cooja/mtype249.a(node-id.o)
 .comment       0x0000000000000035       0x36 obj_cooja/mtype249.a(timer.o)
 .comment       0x0000000000000035       0x36 obj_cooja/mtype249.a(serial-line.o)
 .comment       0x0000000000000035       0x36 obj_cooja/mtype249.a(list.o)
 .comment       0x0000000000000035       0x36 obj_cooja/mtype249.a(ringbuf.o)
 .comment       0x0000000000000035       0x36 obj_cooja/mtype249.a(packetbuf.o)
 .comment       0x0000000000000035       0x36 obj_cooja/mtype249.a(netstack.o)
 .comment       0x0000000000000035       0x36 obj_cooja/mtype249.a(linkaddr.o)
 .comment       0x0000000000000035       0x36 obj_cooja/mtype249.a(csma.o)
 .comment       0x0000000000000035       0x36 obj_cooja/mtype249.a(csma-output.o)
 .comment       0x0000000000000035       0x36 obj_cooja/mtype249.a(uip-ds6.o)
 .comment       0x0000000000000035       0x36 obj_cooja/mtype249.a(tcp-socket.o)
 .comment       0x0000000000000035       0x36 obj_cooja/mtype249.a(tcpip.o)
 .comment       0x0000000000000035       0x36 obj_cooja/mtype249.a(uip-ds6-route.o)
 .comment       0x0000000000000035       0x36 obj_cooja/mtype249.a(uip6.o)
 .comment       0x0000000000000035       0x36 obj_cooja/mtype249.a(uip-ds6-nbr.o)
 .comment       0x0000000000000035       0x36 obj_cooja/mtype249.a(uip-nd6.o)
 .comment       0x0000000000000035       0x36 obj_cooja/mtype249.a(sicslowpan.o)
 .comment       0x0000000000000035       0x36 obj_cooja/mtype249.a(uiplib.o)
 .comment       0x0000000000000035       0x36 obj_cooja/mtype249.a(rpl.o)
 .comment       0x0000000000000035       0x36 obj_cooja/mtype249.a(rpl-icmp6.o)
 .comment       0x0000000000000035       0x36 obj_cooja/mtype249.a(rpl-dag.o)
 .comment       0x0000000000000035       0x36 obj_cooja/mtype249.a(rpl-dag-root.o)
 .comment       0x0000000000000035       0x36 obj_cooja/mtype249.a(watchdog.o)
 .comment       0x0000000000000035       0x36 obj_cooja/mtype249.a(stimer.o)
 .comment       0x0000000000000035       0x36 obj_cooja/mtype249.a(memb.o)
 .comment       0x0000000000000035       0x36 obj_cooja/mtype249.a(queuebuf.o)
 .comment       0x0000000000000035       0x36 obj_cooja/mtype249.a(nbr-table.o)
 .comment       0x0000000000000035       0x36 obj_cooja/mtype249.a(link-stats.o)
 .comment       0x0000000000000035       0x36 obj_cooja/mtype249.a(mac-sequence.o)
 .comment       0x0000000000000035       0x36 obj_cooja/mtype249.a(mac.o)
 .comment       0x0000000000000035       0x36 obj_cooja/mtype249.a(framer-802154.o)
 .comment       0x0000000000000035       0x36 obj_cooja/mtype249.a(frame802154.o)
 .comment       0x0000000000000035       0x36 obj_cooja/mtype249.a(uipbuf.o)
 .comment       0x0000000000000035       0x36 obj_cooja/mtype249.a(uip-icmp6.o)
 .comment       0x0000000000000035       0x36 obj_cooja/mtype249.a(uip-sr.o)
 .comment       0x0000000000000035       0x36 obj_cooja/mtype249.a(uip-packetqueue)
 .comment       0x0000000000000035       0x36 obj_cooja/mtype249.a(rpl-nbr-policy.)
 .comment       0x0000000000000035       0x36 obj_cooja/mtype249.a(rpl-neighbor.o)
 .comment       0x0000000000000035       0x36 obj_cooja/mtype249.a(rpl-timers.o)
 .comment       0x0000000000000035       0x36 obj_cooja/mtype249.a(rpl-ext-header.)
 .comment       0x0000000000000035       0x36 obj_cooja/mtype249.a(rpl-mrhof.o)
 .comment       0x0000000000000035       0x36 /usr/lib/gcc/i686-linux-gnu/5/crtendS.o

.debug
 *(.debug)

.line
 *(.line)

.debug_srcinfo
 *(.debug_srcinfo)

.debug_sfnames
 *(.debug_sfnames)

.debug_aranges  0x0000000000000000      0x900
 *(.debug_aranges)
 .debug_aranges
                0x0000000000000000       0x20 mqtt-demo.o
 .debug_aranges
                0x0000000000000020       0x20 obj_cooja/mtype249.o
 .debug_aranges
                0x0000000000000040       0x20 obj_cooja/mtype249.a(simEnvChange.o)
 .debug_aranges
                0x0000000000000060       0x20 obj_cooja/mtype249.a(cooja_mt.o)
 .debug_aranges
                0x0000000000000080       0x20 obj_cooja/mtype249.a(cooja_mtarch.o)
 .debug_aranges
                0x00000000000000a0       0x20 obj_cooja/mtype249.a(rtimer-arch.o)
 .debug_aranges
                0x00000000000000c0       0x20 obj_cooja/mtype249.a(beep.o)
 .debug_aranges
                0x00000000000000e0       0x20 obj_cooja/mtype249.a(button-sensor.o)
 .debug_aranges
                0x0000000000000100       0x20 obj_cooja/mtype249.a(leds-arch.o)
 .debug_aranges
                0x0000000000000120       0x20 obj_cooja/mtype249.a(moteid.o)
 .debug_aranges
                0x0000000000000140       0x20 obj_cooja/mtype249.a(pir-sensor.o)
 .debug_aranges
                0x0000000000000160       0x20 obj_cooja/mtype249.a(rs232.o)
 .debug_aranges