Archive member included to satisfy reference by file (symbol)

obj_cooja/mtype433.a(simEnvChange.o)
                              obj_cooja/mtype433.o (simDontFallAsleep)
obj_cooja/mtype433.a(cooja_mt.o)
                              obj_cooja/mtype433.o (cooja_mt_start)
obj_cooja/mtype433.a(cooja_mtarch.o)
                              obj_cooja/mtype433.a(cooja_mt.o) (cooja_mtarch_start)
obj_cooja/mtype433.a(rtimer-arch.o)
                              obj_cooja/mtype433.o (rtimer_arch_check)
obj_cooja/mtype433.a(beep.o)  obj_cooja/mtype433.o (beep_interface)
obj_cooja/mtype433.a(button-sensor.o)
                              obj_cooja/mtype433.o (button_interface)
obj_cooja/mtype433.a(leds-arch.o)
                              obj_cooja/mtype433.o (leds_interface)
obj_cooja/mtype433.a(moteid.o)
                              obj_cooja/mtype433.o (moteid_interface)
obj_cooja/mtype433.a(pir-sensor.o)
                              obj_cooja/mtype433.o (pir_interface)
obj_cooja/mtype433.a(rs232.o)
                              obj_cooja/mtype433.o (rs232_interface)
obj_cooja/mtype433.a(vib-sensor.o)
                              obj_cooja/mtype433.o (vib_interface)
obj_cooja/mtype433.a(clock.o)
                              obj_cooja/mtype433.o (clock_interface)
obj_cooja/mtype433.a(cooja-log.o)
                              obj_cooja/mtype433.o (simlog_interface)
obj_cooja/mtype433.a(cfs-cooja.o)
                              obj_cooja/mtype433.o (cfs_interface)
obj_cooja/mtype433.a(cooja-radio.o)
                              obj_cooja/mtype433.o (radio_interface)
obj_cooja/mtype433.a(eeprom.o)
                              obj_cooja/mtype433.o (eeprom_interface)
obj_cooja/mtype433.a(random.o)
                              obj_cooja/mtype433.a(moteid.o) (random_init)
obj_cooja/mtype433.a(sensors.o)
                              obj_cooja/mtype433.a(button-sensor.o) (sensors_changed)
obj_cooja/mtype433.a(leds.o)  mqtt-demo.o (leds_on)
obj_cooja/mtype433.a(mqtt.o)  mqtt-demo.o (mqtt_disconnect)
obj_cooja/mtype433.a(contiki-main.o)
                              obj_cooja/mtype433.o (main)
obj_cooja/mtype433.a(autostart.o)
                              obj_cooja/mtype433.a(contiki-main.o) (autostart_start)
obj_cooja/mtype433.a(ctimer.o)
                              obj_cooja/mtype433.a(contiki-main.o) (ctimer_init)
obj_cooja/mtype433.a(energest.o)
                              obj_cooja/mtype433.a(contiki-main.o) (energest_init)
obj_cooja/mtype433.a(etimer.o)
                              obj_cooja/mtype433.a(contiki-main.o) (etimer_process)
obj_cooja/mtype433.a(log.o)   obj_cooja/mtype433.a(contiki-main.o) (curr_log_level_main)
obj_cooja/mtype433.a(process.o)
                              obj_cooja/mtype433.a(mqtt.o) (process_current)
obj_cooja/mtype433.a(rtimer.o)
                              obj_cooja/mtype433.a(contiki-main.o) (rtimer_init)
obj_cooja/mtype433.a(node-id.o)
                              obj_cooja/mtype433.a(contiki-main.o) (node_id)
obj_cooja/mtype433.a(timer.o)
                              mqtt-demo.o (timer_set)
obj_cooja/mtype433.a(serial-line.o)
                              obj_cooja/mtype433.a(rs232.o) (serial_line_input_byte)
obj_cooja/mtype433.a(list.o)  obj_cooja/mtype433.a(mqtt.o) (list_init)
obj_cooja/mtype433.a(ringbuf.o)
                              obj_cooja/mtype433.a(serial-line.o) (ringbuf_init)
obj_cooja/mtype433.a(packetbuf.o)
                              obj_cooja/mtype433.a(cooja-radio.o) (packetbuf_clear)
obj_cooja/mtype433.a(netstack.o)
                              obj_cooja/mtype433.a(contiki-main.o) (netstack_init)
obj_cooja/mtype433.a(linkaddr.o)
                              mqtt-demo.o (linkaddr_node_addr)
obj_cooja/mtype433.a(csma.o)  obj_cooja/mtype433.a(cooja-radio.o) (csma_driver)
obj_cooja/mtype433.a(csma-output.o)
                              obj_cooja/mtype433.a(csma.o) (csma_output_packet)
obj_cooja/mtype433.a(uip-ds6.o)
                              obj_cooja/mtype433.a(contiki-main.o) (uip_ds6_get_link_local)
obj_cooja/mtype433.a(tcp-socket.o)
                              obj_cooja/mtype433.a(mqtt.o) (tcp_socket_register)
obj_cooja/mtype433.a(tcpip.o)
                              obj_cooja/mtype433.a(tcp-socket.o) (tcpip_event)
obj_cooja/mtype433.a(uip-ds6-route.o)
                              obj_cooja/mtype433.a(uip-ds6.o) (uip_ds6_route_init)
obj_cooja/mtype433.a(uip6.o)  obj_cooja/mtype433.a(contiki-main.o) (uip_lladdr)
obj_cooja/mtype433.a(uip-ds6-nbr.o)
                              obj_cooja/mtype433.a(uip-ds6.o) (uip_ds6_neighbors_init)
obj_cooja/mtype433.a(uip-nd6.o)
                              obj_cooja/mtype433.a(uip6.o) (uip_nd6_init)
obj_cooja/mtype433.a(sicslowpan.o)
                              obj_cooja/mtype433.a(contiki-main.o) (sicslowpan_driver)
obj_cooja/mtype433.a(uiplib.o)
                              obj_cooja/mtype433.a(mqtt.o) (uiplib_ip6addrconv)
[...]
Memory Configuration

Name             Origin             Length             Attributes
*default*        0x0000000000000000 0xffffffffffffffff

Linker script and memory map

LOAD /usr/lib/gcc/i686-linux-gnu/5/../../../i386-linux-gnu/crti.o
LOAD /usr/lib/gcc/i686-linux-gnu/5/crtbeginS.o
LOAD mqtt-demo.o
LOAD obj_cooja/mtype433.o
LOAD obj_cooja/mtype433.a
LOAD /usr/lib/gcc/i686-linux-gnu/5/libgcc.a
LOAD /usr/lib/gcc/i686-linux-gnu/5/libgcc_s.so
LOAD /usr/lib/gcc/i686-linux-gnu/5/../../../i386-linux-gnu/libc.so
START GROUP
LOAD /lib/i386-linux-gnu/libc.so.6
LOAD /usr/lib/i386-linux-gnu/libc_nonshared.a
LOAD /lib/i386-linux-gnu/ld-linux.so.2
END GROUP
LOAD /usr/lib/gcc/i686-linux-gnu/5/libgcc.a
LOAD /usr/lib/gcc/i686-linux-gnu/5/libgcc_s.so
LOAD /usr/lib/gcc/i686-linux-gnu/5/crtendS.o
LOAD /usr/lib/gcc/i686-linux-gnu/5/../../../i386-linux-gnu/crtn.o
                0x0000000000000114                . = (0x0 + SIZEOF_HEADERS)

.note.gnu.build-id
                0x0000000000000114       0x24
 *(.note.gnu.build-id)
 .note.gnu.build-id
                0x0000000000000114       0x24 /usr/lib/gcc/i686-linux-gnu/5/../../../i386-linux-gnu/crti.o

.hash
 *(.hash)

.gnu.hash       0x0000000000000138     0x13c8
 *(.gnu.hash)
 .gnu.hash      0x0000000000000138     0x13c8 /usr/lib/gcc/i686-linux-gnu/5/../../../i386-linux-gnu/crti.o

.dynsym         0x0000000000001500     0x2770
 *(.dynsym)
 .dynsym        0x0000000000001500     0x2770 /usr/lib/gcc/i686-linux-gnu/5/../../../i386-linux-gnu/crti.o

.dynstr         0x0000000000003c70     0x2ae3
 *(.dynstr)
 .dynstr        0x0000000000003c70     0x2ae3 /usr/lib/gcc/i686-linux-gnu/5/../../../i386-linux-gnu/crti.o

.gnu.version    0x0000000000006754      0x4ee
 *(.gnu.version)
 .gnu.version   0x0000000000006754      0x4ee /usr/lib/gcc/i686-linux-gnu/5/../../../i386-linux-gnu/crti.o

.gnu.version_d  0x0000000000006c44        0x0
 *(.gnu.version_d)
 .gnu.version_d
                0x0000000000006c44        0x0 /usr/lib/gcc/i686-linux-gnu/5/../../../i386-linux-gnu/crti.o

.gnu.version_r  0x0000000000006c44       0x40
 *(.gnu.version_r)
 .gnu.version_r
                0x0000000000006c44       0x40 /usr/lib/gcc/i686-linux-gnu/5/../../../i386-linux-gnu/crti.o

.rel.dyn        0x0000000000006c84     0xa440
 *(.rel.init)
 .rel.init      0x0000000000006c84        0x0 /usr/lib/gcc/i686-linux-gnu/5/../../../i386-linux-gnu/crti.o
 *(.rel.text .rel.text.* .rel.gnu.linkonce.t.*)
 .rel.text      0x0000000000006c84     0x9b38 /usr/lib/gcc/i686-linux-gnu/5/../../../i386-linux-gnu/crti.o
 *(.rel.fini)
 .rel.fini      0x00000000000107bc        0x0 /usr/lib/gcc/i686-linux-gnu/5/../../../i386-linux-gnu/crti.o
 *(.rel.rodata .rel.rodata.* .rel.gnu.linkonce.r.*)
 .rel.rodata    0x00000000000107bc      0x578 /usr/lib/gcc/i686-linux-gnu/5/../../../i386-linux-gnu/crti.o
 *(.rel.data.rel.ro .rel.data.rel.ro.* .rel.gnu.linkonce.d.rel.ro.*)
 *(.rel.data .rel.data.* .rel.gnu.linkonce.d.*)
 .rel.data.rel.local
                0x0000000000010d34        0x8 /usr/lib/gcc/i686-linux-gnu/5/../../../i386-linux-gnu/crti.o
 .rel.data      0x0000000000010d3c      0x350 /usr/lib/gcc/i686-linux-gnu/5/../../../i386-linux-gnu/crti.o
 *(.rel.tdata .rel.tdata.* .rel.gnu.linkonce.td.*)
 *(.rel.tbss .rel.tbss.* .rel.gnu.linkonce.tb.*)
 *(.rel.ctors)
 *(.rel.dtors)
 *(.rel.got)
 .rel.got       0x000000000001108c       0x28 /usr/lib/gcc/i686-linux-gnu/5/../../../i386-linux-gnu/crti.o
 *(.rel.bss .rel.bss.* .rel.gnu.linkonce.b.*)
 *(.rel.ifunc)
 .rel.ifunc     0x00000000000110b4        0x0 /usr/lib/gcc/i686-linux-gnu/5/../../../i386-linux-gnu/crti.o
 .rel.fini_array
                0x00000000000110b4        0x8 /usr/lib/gcc/i686-linux-gnu/5/../../../i386-linux-gnu/crti.o
 .rel.init_array
                0x00000000000110bc        0x8 /usr/lib/gcc/i686-linux-gnu/5/../../../i386-linux-gnu/crti.o

.rel.plt        0x00000000000110c4        0x0
 *(.rel.plt)
 .rel.plt       0x00000000000110c4        0x0 /usr/lib/gcc/i686-linux-gnu/5/../../../i386-linux-gnu/crti.o
 *(.rel.iplt)

.init           0x00000000000110c4       0x23
 *(SORT(.init))
 .init          0x00000000000110c4       0x1e /usr/lib/gcc/i686-linux-gnu/5/../../../i386-linux-gnu/crti.o
                0x00000000000110c4                _init
 .init          0x00000000000110e2        0x5 /usr/lib/gcc/i686-linux-gnu/5/../../../i386-linux-gnu/crtn.o

.plt            0x00000000000110f0       0x10
 *(.plt)
 .plt           0x00000000000110f0       0x10 /usr/lib/gcc/i686-linux-gnu/5/../../../i386-linux-gnu/crti.o
 *(.iplt)

.plt.got        0x0000000000011100       0x10
 *(.plt.got)
 .plt.got       0x0000000000011100       0x10 /usr/lib/gcc/i686-linux-gnu/5/../../../i386-linux-gnu/crti.o

.text           0x0000000000011110    0x1996b
 *(.text.unlikely .text.*_unlikely .text.unlikely.*)
 .text.unlikely
                0x0000000000011110        0x0 /usr/lib/gcc/i686-linux-gnu/5/crtbeginS.o
 *(.text.exit .text.exit.*)
 *(.text.startup .text.startup.*)
 *(.text.hot .text.hot.*)
 *(.text .stub .text.* .gnu.linkonce.t.*)
 .text          0x0000000000011110        0x0 /usr/lib/gcc/i686-linux-gnu/5/../../../i386-linux-gnu/crti.o
 .gnu.linkonce.t.__x86.get_pc_thunk.bx
                0x0000000000011110        0x4 /usr/lib/gcc/i686-linux-gnu/5/../../../i386-linux-gnu/crti.o
                0x0000000000011110                __x86.get_pc_thunk.bx
 *fill*         0x0000000000011114        0xc 
 .text          0x0000000000011120      0x11c /usr/lib/gcc/i686-linux-gnu/5/crtbeginS.o
 .text.__x86.get_pc_thunk.dx
                0x000000000001123c        0x4 /usr/lib/gcc/i686-linux-gnu/5/crtbeginS.o
                0x000000000001123c                __x86.get_pc_thunk.dx
 .text          0x0000000000011240     0x1164 mqtt-demo.o
                0x0000000000011240                ipaddr_sprintf
 .text          0x00000000000123a4      0x271 obj_cooja/mtype433.o
                0x0000000000012436                platform_init_stage_one
                0x000000000001243c                platform_init_stage_two
                0x000000000001244a                platform_init_stage_three
                0x000000000001245d                platform_main_loop
                0x00000000000124d0                Java_org_contikios_cooja_corecomm_Lib14_init
                0x0000000000012507                Java_org_contikios_cooja_corecomm_Lib14_getMemory
                0x000000000001253a                Java_org_contikios_cooja_corecomm_Lib14_setMemory
                0x000000000001259a                Java_org_contikios_cooja_corecomm_Lib14_tick
                0x0000000000012602                Java_org_contikios_cooja_corecomm_Lib14_setReferenceAddress
 .text          0x0000000000012615       0x65 obj_cooja/mtype433.a(simEnvChange.o)
                0x0000000000012615                doActionsBeforeTick
                0x0000000000012647                doActionsAfterTick
 .text          0x000000000001267a       0x83 obj_cooja/mtype433.a(cooja_mt.o)
                0x000000000001267a                cooja_mt_start
                0x00000000000126a4                cooja_mt_exec
                0x00000000000126da                cooja_mt_yield
 .text          0x00000000000126fd       0xbe obj_cooja/mtype433.a(cooja_mtarch.o)
                0x00000000000126fd                cooja_mtarch_start
                0x0000000000012770                cooja_sw
                0x0000000000012793                cooja_mtarch_exec
                0x00000000000127b0                cooja_mtarch_yield
 .text          0x00000000000127bb       0xc5 obj_cooja/mtype433.a(rtimer-arch.o)
                0x00000000000127bb                rtimer_arch_init
                0x00000000000127df                rtimer_arch_schedule
                0x000000000001280f                rtimer_arch_next
                0x000000000001281f                rtimer_arch_pending
                0x0000000000012829                rtimer_arch_check
                0x0000000000012870                rtimer_arch_now
 .text          0x0000000000012880       0x81 obj_cooja/mtype433.a(beep.o)
                0x0000000000012880                beep_alarm
                0x000000000001288d                beep_beep
                0x000000000001289a                beep
                0x00000000000128a7                beep_down
                0x00000000000128b4                beep_on
                0x00000000000128c1                beep_off
                0x00000000000128ce                beep_spinup
                0x00000000000128db                beep_quick
                0x00000000000128e8                beep_long
 .text          0x0000000000012901      0x10d obj_cooja/mtype433.a(button-sensor.o)
 .text          0x0000000000012a0e       0x49 obj_cooja/mtype433.a(leds-arch.o)
                0x0000000000012a0e                leds_arch_init
                0x0000000000012a1b                leds_arch_get
                0x0000000000012a27                leds_arch_set
 .text          0x0000000000012a57       0x35 obj_cooja/mtype433.a(moteid.o)
 .text          0x0000000000012a8c       0xb7 obj_cooja/mtype433.a(pir-sensor.o)
 .text          0x0000000000012b43      0x148 obj_cooja/mtype433.a(rs232.o)
                0x0000000000012b43                rs232_init
                0x0000000000012b49                rs232_set_speed
                0x0000000000012b58                rs232_set_input
                0x0000000000012b66                rs232_send
                0x0000000000012b8a                rs232_print
                0x0000000000012ba6                slip_arch_writeb
 .text          0x0000000000012c8b       0xb7 obj_cooja/mtype433.a(vib-sensor.o)
 .text          0x0000000000012d42       0x38 obj_cooja/mtype433.a(clock.o)
                0x0000000000012d42                clock_init
                0x0000000000012d48                clock_time
                0x0000000000012d52                clock_seconds
                0x0000000000012d68                clock_delay
 .text          0x0000000000012d7a      0x219 obj_cooja/mtype433.a(cooja-log.o)
                0x0000000000012d7a                simlog_char
                0x0000000000012dbd                simlog
                0x0000000000012e33                log_message
                0x0000000000012e64                log_set_putchar_with_slip
                0x0000000000012e72                log_putchar
                0x0000000000012eed                log_puts
                0x0000000000012f15                log_printf
 .text          0x0000000000012f93      0x2b9 obj_cooja/mtype433.a(cfs-cooja.o)
                0x0000000000012f93                cfs_open
                0x0000000000012ffc                cfs_close
                0x0000000000013009                cfs_read
                0x000000000001309e                cfs_write
                0x000000000001317a                cfs_seek
                0x0000000000013202                cfs_remove
                0x0000000000013226                cfs_opendir
                0x0000000000013230                cfs_readdir
                0x000000000001323a                cfs_closedir
 .text          0x000000000001324c      0x605 obj_cooja/mtype433.a(cooja-radio.o)
                0x000000000001328e                radio_set_channel
                0x000000000001329c                radio_set_txpower
                0x00000000000132b4                radio_signal_strength_last
                0x00000000000132be                radio_signal_strength_current
                0x00000000000132c8                radio_LQI
 .text          0x0000000000013851       0xee obj_cooja/mtype433.a(eeprom.o)
                0x0000000000013851                eeprom_init
                0x0000000000013857                eeprom_read
                0x00000000000138c5                eeprom_write
 .text          0x000000000001393f       0x2d obj_cooja/mtype433.a(random.o)
                0x000000000001393f                random_init
                0x000000000001395f                random_rand
 .text          0x000000000001396c      0x29c obj_cooja/mtype433.a(sensors.o)
                0x00000000000139a7                sensors_first
                0x00000000000139b1                sensors_next
                0x00000000000139cb                sensors_changed
                0x00000000000139ff                sensors_find
 .text          0x0000000000013c08       0xf6 obj_cooja/mtype433.a(leds.o)
                0x0000000000013c08                leds_init
                0x0000000000013c16                leds_blink
                0x0000000000013c59                leds_get
                0x0000000000013c66                leds_set
                0x0000000000013c85                leds_on
                0x0000000000013cab                leds_off
                0x0000000000013cd8                leds_toggle
 .text          0x0000000000013cfe     0x3779 obj_cooja/mtype433.a(mqtt.o)
                0x0000000000016ea1                mqtt_init
                0x0000000000016f5f                mqtt_register
                0x0000000000016ffc                mqtt_connect
                0x000000000001710e                mqtt_disconnect
                0x000000000001714c                mqtt_subscribe
                0x0000000000017209                mqtt_unsubscribe
                0x00000000000172b7                mqtt_publish
                0x0000000000017398                mqtt_set_username_password
                0x0000000000017423                mqtt_set_last_will
 .text          0x0000000000017477      0x328 obj_cooja/mtype433.a(contiki-main.o)
                0x0000000000017477                main
 .text          0x000000000001779f       0x92 obj_cooja/mtype433.a(autostart.o)
                0x000000000001779f                autostart_start
                0x00000000000177e9                autostart_exit
 .text          0x0000000000017831      0x355 obj_cooja/mtype433.a(ctimer.o)
                0x0000000000017959                ctimer_init
                0x000000000001798c                ctimer_set
                0x00000000000179b2                ctimer_set_with_process
                0x0000000000017a2f                ctimer_reset
                0x0000000000017a83                ctimer_restart
                0x0000000000017ad7                ctimer_stop
                0x0000000000017b27                ctimer_expired
 .text          0x0000000000017b86       0x1b obj_cooja/mtype433.a(energest.o)
                0x0000000000017b86                energest_init
                0x0000000000017b8c                energest_flush
                0x0000000000017b92                energest_get_total_time
 .text          0x0000000000017ba1      0x43f obj_cooja/mtype433.a(etimer.o)
                0x0000000000017dc5                etimer_request_poll
                0x0000000000017e4e                etimer_set
                0x0000000000017e77                etimer_reset_with_new_interval
                0x0000000000017ea6                etimer_reset
                0x0000000000017ecc                etimer_restart
                0x0000000000017ef2                etimer_adjust
                0x0000000000017f0f                etimer_expired
                0x0000000000017f22                etimer_expiration_time
                0x0000000000017f34                etimer_start_time
                0x0000000000017f3e                etimer_pending
                0x0000000000017f50                etimer_next_expiration_time
                0x0000000000017f6a                etimer_stop
 .text          0x0000000000017fe0      0x394 obj_cooja/mtype433.a(log.o)
                0x0000000000017fe0                log_6addr
                0x0000000000018033                log_6addr_compact_snprint
                0x00000000000180d1                log_6addr_compact
                0x0000000000018124                log_lladdr
                0x0000000000018196                log_lladdr_compact
                0x00000000000181fe                log_set_level
                0x00000000000182b9                log_get_level
                0x0000000000018332                log_level_to_str
 .text          0x0000000000018374      0x4fb obj_cooja/mtype433.a(process.o)
                0x0000000000018374                process_alloc_event
                0x0000000000018389                process_start
                0x0000000000018563                process_exit
                0x0000000000018580                process_init
                0x0000000000018715                process_run
                0x0000000000018748                process_nevents
                0x0000000000018763                process_post
                0x00000000000187f6                process_post_synch
                0x000000000001882b                process_poll
                0x000000000001885b                process_is_running
 .text          0x000000000001886f       0xeb obj_cooja/mtype433.a(rtimer.o)
                0x000000000001886f                rtimer_init
                0x000000000001887d                rtimer_set
                0x00000000000188f8                rtimer_run_next
 .text          0x000000000001895a       0x25 obj_cooja/mtype433.a(node-id.o)
                0x000000000001895a                node_id_init
 .text          0x000000000001897f       0x9c obj_cooja/mtype433.a(timer.o)
                0x000000000001897f                timer_set
                0x000000000001899d                timer_reset
                0x00000000000189b5                timer_restart
                0x00000000000189ca                timer_expired
                0x00000000000189f7                timer_remaining
 .text          0x0000000000018a1b      0x1eb obj_cooja/mtype433.a(serial-line.o)
                0x0000000000018a1b                serial_line_input_byte
                0x0000000000018bd1                serial_line_init
 .text          0x0000000000018c06      0x28f obj_cooja/mtype433.a(list.o)
                0x0000000000018c06                list_init
                0x0000000000018c15                list_head
                0x0000000000018c1f                list_copy
                0x0000000000018c2f                list_tail
                0x0000000000018c65                list_add
                0x0000000000018cb1                list_push
                0x0000000000018cdd                list_chop
                0x0000000000018d47                list_pop
                0x0000000000018d6f                list_remove
                0x0000000000018dd7                list_length
                0x0000000000018e05                list_insert
                0x0000000000018e4a                list_item_next
                0x0000000000018e61                list_contains
 .text          0x0000000000018e95      0x156 obj_cooja/mtype433.a(ringbuf.o)
                0x0000000000018e95                ringbuf_init
                0x0000000000018ec7                ringbuf_put
                0x0000000000018f45                ringbuf_get
                0x0000000000018fb2                ringbuf_size
                0x0000000000018fc4                ringbuf_elements
 .text          0x0000000000018feb      0x407 obj_cooja/mtype433.a(packetbuf.o)
                0x0000000000018feb                packetbuf_clear
                0x0000000000019016                packetbuf_copyfrom
                0x0000000000019065                packetbuf_copyto
                0x00000000000190f8                packetbuf_hdralloc
                0x0000000000019174                packetbuf_hdrreduce
                0x00000000000191ba                packetbuf_set_datalen
                0x00000000000191d4                packetbuf_dataptr
                0x00000000000191f1                packetbuf_hdrptr
                0x00000000000191fb                packetbuf_datalen
                0x0000000000019207                packetbuf_hdrlen
                0x000000000001921e                packetbuf_totlen
                0x0000000000019234                packetbuf_remaininglen
                0x0000000000019247                packetbuf_attr_clear
                0x0000000000019293                packetbuf_attr_copyto
                0x00000000000192eb                packetbuf_attr_copyfrom
                0x0000000000019343                packetbuf_set_attr
                0x000000000001936d                packetbuf_attr
                0x0000000000019387                packetbuf_set_addr
                0x00000000000193b8                packetbuf_addr
                0x00000000000193d5                packetbuf_holds_broadcast
 .text          0x00000000000193f2       0xef obj_cooja/mtype433.a(netstack.o)
                0x00000000000193f2                netstack_process_ip_callback
                0x0000000000019483                netstack_ip_packet_processor_add
                0x00000000000194a6                uip_ds6_ip_packet_processor_rm
                0x00000000000194c3                netstack_init
 .text          0x00000000000194e1       0x4f obj_cooja/mtype433.a(linkaddr.o)
                0x00000000000194e1                linkaddr_copy
                0x00000000000194f7                linkaddr_cmp
                0x000000000001951a                linkaddr_set_node_addr
 .text          0x0000000000019530      0x165 obj_cooja/mtype433.a(csma.o)
 .text          0x0000000000019695      0x944 obj_cooja/mtype433.a(csma-output.o)
                0x0000000000019d0e                csma_output_packet
                0x0000000000019f9b                csma_output_init
 .text          0x0000000000019fd9      0xb25 obj_cooja/mtype433.a(uip-ds6.o)
                0x0000000000019fd9                uip_ds6_init
                0x000000000001a184                uip_ds6_periodic
                0x000000000001a20b                uip_ds6_list_loop
                0x000000000001a2cb                uip_ds6_prefix_add
                0x000000000001a377                uip_ds6_prefix_rm
                0x000000000001a38a                uip_ds6_prefix_lookup
                0x000000000001a3c9                uip_ds6_is_addr_onlink
                0x000000000001a43c                uip_ds6_addr_add
                0x000000000001a55c                uip_ds6_addr_rm
                0x000000000001a605                uip_ds6_addr_lookup
                0x000000000001a63e                uip_ds6_get_link_local
                0x000000000001a6bf                uip_ds6_get_global
                0x000000000001a740                uip_ds6_maddr_add
                0x000000000001a7a0                uip_ds6_maddr_rm
                0x000000000001a7b3                uip_ds6_maddr_lookup
                0x000000000001a7ec                uip_ds6_aaddr_add
                0x000000000001a84c                uip_ds6_aaddr_rm
                0x000000000001a85f                uip_ds6_aaddr_lookup
                0x000000000001a898                uip_ds6_select_src
                0x000000000001a9e1                uip_ds6_set_addr_iid
                0x000000000001aa0c                uip_ds6_set_lladdr_from_iid
                0x000000000001aa35                get_match_length
                0x000000000001aac6                uip_ds6_compute_reachable_time
 .text          0x000000000001aafe      0x9d5 obj_cooja/mtype433.a(tcp-socket.o)
                0x000000000001b149                tcp_socket_register
                0x000000000001b1da                tcp_socket_connect
                0x000000000001b271                tcp_socket_listen
                0x000000000001b2e8                tcp_socket_unlisten
                0x000000000001b35c                tcp_socket_send
                0x000000000001b3fc                tcp_socket_send_str
                0x000000000001b424                tcp_socket_close
                0x000000000001b44d                tcp_socket_unregister
                0x000000000001b4a7                tcp_socket_max_sendlen
                0x000000000001b4c4                tcp_socket_queuelen
 .text          0x000000000001b4d3      0xa72 obj_cooja/mtype433.a(tcpip.o)
                0x000000000001b4ed                tcpip_output
                0x000000000001b5d1                tcp_connect
                0x000000000001b629                tcp_unlisten
                0x000000000001b689                tcp_listen
                0x000000000001b6e7                tcp_attach
                0x000000000001b6ff                udp_attach
                0x000000000001b717                udp_new
                0x000000000001b761                udp_broadcast_new
                0x000000000001b9e6                tcpip_input
                0x000000000001bb86                tcpip_ipv6_output
                0x000000000001bd9a                tcpip_poll_udp
                0x000000000001bdb8                tcpip_poll_tcp
                0x000000000001bdd6                tcpip_uipcall
 .text          0x000000000001bf45      0x35b obj_cooja/mtype433.a(uip-ds6-route.o)
                0x000000000001bf96                uip_ds6_route_init
                0x000000000001bfc0                uip_ds6_route_nexthop
                0x000000000001bfca                uip_ds6_route_head
                0x000000000001bfd4                uip_ds6_route_next
                0x000000000001bfde                uip_ds6_route_is_nexthop
                0x000000000001bfe8                uip_ds6_route_num_routes
                0x000000000001bff2                uip_ds6_route_lookup
                0x000000000001bffc                uip_ds6_route_add
                0x000000000001c00f                uip_ds6_route_rm
                0x000000000001c015                uip_ds6_route_rm_by_nexthop
                0x000000000001c01b                uip_ds6_defrt_head
                0x000000000001c034                uip_ds6_defrt_add
                0x000000000001c0e2                uip_ds6_defrt_rm
                0x000000000001c148                uip_ds6_defrt_lookup
                0x000000000001c1af                uip_ds6_defrt_choose
                0x000000000001c225                uip_ds6_defrt_periodic
 .text          0x000000000001c2a0     0x2802 obj_cooja/mtype433.a(uip6.o)
                0x000000000001c2a0                uip_add32
                0x000000000001c43a                uip_chksum
                0x000000000001c51b                uip_icmp6chksum
                0x000000000001c530                uip_tcpchksum
                0x000000000001c545                uip_udpchksum
                0x000000000001c55a                uip_init
                0x000000000001c5e5                uip_connect
                0x000000000001c76e                remove_ext_hdr
                0x000000000001c853                uip_udp_new
                0x000000000001c975                uip_unlisten
                0x000000000001c9b7                uip_listen
                0x000000000001cc58                uip_process
                0x000000000001e99d                uip_htons
                0x000000000001e9bf                uip_htonl
                0x000000000001e9fd                uip_send
 .text          0x000000000001eaa2      0x374 obj_cooja/mtype433.a(uip-ds6-nbr.o)
                0x000000000001eaa2                uip_ds6_neighbors_init
                0x000000000001eac6                uip_ds6_nbr_add
                0x000000000001eb4c                uip_ds6_nbr_rm
                0x000000000001eb97                uip_ds6_nbr_update_ll
                0x000000000001ec85                uip_ds6_nbr_get_ipaddr
                0x000000000001ec9a                uip_ds6_nbr_get_ll
                0x000000000001ecb6                uip_ds6_nbr_num
                0x000000000001ecff                uip_ds6_nbr_head
                0x000000000001ed18                uip_ds6_nbr_next
                0x000000000001ed34                uip_ds6_nbr_lookup
                0x000000000001ed97                uip_ds6_nbr_ll_lookup
                0x000000000001edb3                uip_ds6_nbr_ipaddr_from_lladdr
                0x000000000001eddc                uip_ds6_nbr_lladdr_from_ipaddr
                0x000000000001ee10                uip_ds6_link_callback
 .text          0x000000000001ee16      0x6b5 obj_cooja/mtype433.a(uip-nd6.o)
                0x000000000001f4b2                uip_nd6_init
 .text          0x000000000001f4cb     0x2a78 obj_cooja/mtype433.a(sicslowpan.o)
                0x000000000001f9c9                netstack_sniffer_add
                0x000000000001f9d7                netstack_sniffer_remove
                0x0000000000021f0f                sicslowpan_init
                0x0000000000021f39                sicslowpan_get_last_rssi
 .text          0x0000000000021f43      0x4d1 obj_cooja/mtype433.a(uiplib.o)
                0x0000000000021f43                uiplib_ip6addrconv
                0x00000000000220fb                uiplib_ip4addrconv
                0x00000000000221be                uiplib_ipaddr_print
                0x0000000000022211                uiplib_ipaddr_snprint
 .text          0x0000000000022414      0x4c9 obj_cooja/mtype433.a(rpl.o)
                0x0000000000022414                rpl_lollipop_greater_than
                0x000000000002246e                rpl_get_global_address
                0x0000000000022566                rpl_link_callback
                0x00000000000225aa                rpl_has_joined
                0x00000000000225cf                rpl_is_reachable
                0x0000000000022650                rpl_reset_prefix
                0x00000000000226ba                rpl_set_prefix_from_addr
                0x000000000002279f                rpl_set_prefix
                0x00000000000228b9                rpl_set_leaf_only
                0x00000000000228d1                rpl_get_leaf_only
 .text          0x00000000000228dd     0x13cb obj_cooja/mtype433.a(rpl-icmp6.o)
                0x0000000000022a02                rpl_icmp6_update_nbr_table
                0x0000000000022a9b                rpl_icmp6_dis_output
                0x00000000000230f1                rpl_icmp6_dio_output
                0x00000000000238fe                rpl_icmp6_dao_output
                0x0000000000023bef                rpl_icmp6_dao_ack_output
                0x0000000000023c5f                rpl_icmp6_init
 .text          0x0000000000023ca8      0xe51 obj_cooja/mtype433.a(rpl-dag.o)
                0x0000000000023ca8                rpl_dag_state_to_str
                0x0000000000023ce7                rpl_dag_get_root_ipaddr
                0x0000000000023d2f                rpl_dag_leave
                0x0000000000023db8                rpl_dag_poison_and_leave
                0x0000000000023dd0                rpl_dag_periodic
                0x0000000000023e58                rpl_is_addr_in_our_dag
                0x0000000000023e9c                rpl_get_default_instance
                0x0000000000023eb8                rpl_get_any_dag
                0x0000000000023f11                rpl_refresh_routes
                0x0000000000023f51                rpl_global_repair
                0x0000000000023fdd                rpl_local_repair
                0x0000000000024027                rpl_dag_ready_to_advertise
                0x000000000002406a                rpl_dag_update_state
                0x000000000002478e                rpl_process_dio
                0x000000000002480f                rpl_process_dis
                0x0000000000024854                rpl_process_dao
                0x00000000000248e3                rpl_process_dao_ack
                0x0000000000024975                rpl_process_hbh
                0x00000000000249c5                rpl_dag_init_root
                0x0000000000024ad9                rpl_dag_init
 .text          0x0000000000024af9      0x286 obj_cooja/mtype433.a(rpl-dag-root.o)
                0x0000000000024af9                rpl_dag_root_print_links
                0x0000000000024c47                rpl_dag_root_set_prefix
                0x0000000000024c73                rpl_dag_root_start
                0x0000000000024d50                rpl_dag_root_is_root
 .text          0x0000000000024d7f       0x1e obj_cooja/mtype433.a(watchdog.o)
                0x0000000000024d7f                watchdog_init
                0x0000000000024d85                watchdog_start
                0x0000000000024d8b                watchdog_periodic
                0x0000000000024d91                watchdog_stop
                0x0000000000024d97                watchdog_reboot
 .text          0x0000000000024d9d       0xb2 obj_cooja/mtype433.a(stimer.o)
                0x0000000000024d9d                stimer_set
                0x0000000000024dbb                stimer_reset
                0x0000000000024dd3                stimer_restart
                0x0000000000024de8                stimer_expired
                0x0000000000024e13                stimer_remaining
                0x0000000000024e37                stimer_elapsed
 .text          0x0000000000024e4f      0x1b8 obj_cooja/mtype433.a(memb.o)
                0x0000000000024e4f                memb_init
                0x0000000000024ea4                memb_alloc
                0x0000000000024f09                memb_free
                0x0000000000024f84                memb_inmemb
                0x0000000000024fc3                memb_numfree
 .text          0x0000000000025007      0x2e7 obj_cooja/mtype433.a(queuebuf.o)
                0x0000000000025011                queuebuf_init
                0x000000000002503a                queuebuf_numfree
                0x0000000000025052                queuebuf_new_from_packetbuf
                0x00000000000250f1                queuebuf_update_attr_from_packetbuf
                0x0000000000025126                queuebuf_update_from_packetbuf
                0x0000000000025176                queuebuf_free
                0x00000000000251bf                queuebuf_to_packetbuf
                0x000000000002522b                queuebuf_dataptr
                0x0000000000025265                queuebuf_datalen
                0x0000000000025288                queuebuf_addr
                0x00000000000252bd                queuebuf_attr
                0x00000000000252e8                queuebuf_debug_print
 .text          0x00000000000252ee      0x78b obj_cooja/mtype433.a(nbr-table.o)
                0x0000000000025767                nbr_table_register
                0x00000000000257d4                nbr_table_is_registered
                0x000000000002580f                nbr_table_head
                0x000000000002586a                nbr_table_next
                0x00000000000258cb                nbr_table_add_lladdr
                0x0000000000025995                nbr_table_get_from_lladdr
                0x00000000000259e1                nbr_table_remove
                0x0000000000025a19                nbr_table_lock
                0x0000000000025a33                nbr_table_unlock
                0x0000000000025a4d                nbr_table_get_lladdr
 .text          0x0000000000025a79      0x37c obj_cooja/mtype433.a(link-stats.o)
                0x0000000000025a79                link_stats_from_lladdr
                0x0000000000025a95                link_stats_is_fresh
                0x0000000000025ad1                guess_etx_from_rssi
                0x0000000000025b4d                link_stats_packet_sent
                0x0000000000025c60                link_stats_input_callback
                0x0000000000025d70                link_stats_reset
                0x0000000000025dc0                link_stats_init
 .text          0x0000000000025df5      0x187 obj_cooja/mtype433.a(mac-sequence.o)
                0x0000000000025df5                mac_sequence_is_duplicate
                0x0000000000025e95                mac_sequence_register_seqno
 .text          0x0000000000025f7c       0x23 obj_cooja/mtype433.a(mac.o)
                0x0000000000025f7c                mac_call_sent_callback
 .text          0x0000000000025f9f      0x41d obj_cooja/mtype433.a(framer-802154.o)
                0x000000000002612e                framer_802154_setup_params
 .text          0x00000000000263bc      0xb6f obj_cooja/mtype433.a(frame802154.o)
                0x00000000000263ed                frame802154_get_pan_id
                0x00000000000263f9                frame802154_set_pan_id
                0x0000000000026413                frame802154_has_panid
                0x00000000000265c2                frame802154_check_dest_panid
                0x000000000002664a                frame802154_is_broadcast_addr
                0x0000000000026697                frame802154_extract_linkaddr
                0x00000000000268fc                frame802154_hdrlen
                0x000000000002696f                frame802154_create_fcf
                0x0000000000026a27                frame802154_create
                0x0000000000026b9c                frame802154_parse_fcf
                0x0000000000026c7e                frame802154_parse
 .text          0x0000000000026f2b      0x1ec obj_cooja/mtype433.a(uipbuf.o)
                0x0000000000026f2b                uipbuf_get_next_header
                0x0000000000026f9a                uipbuf_get_last_header
                0x0000000000027021                uipbuf_get_attr
                0x0000000000027048                uipbuf_set_attr
                0x000000000002707f                uipbuf_clear_attr
                0x00000000000270ab                uipbuf_set_attr_flag
                0x00000000000270cc                uipbuf_clr_attr_flag
                0x00000000000270f3                uipbuf_is_attr_flag
 .text          0x0000000000027117      0x96e obj_cooja/mtype433.a(uip-icmp6.o)
                0x000000000002718c                uip_icmp6_input
                0x00000000000271e3                uip_icmp6_register_input_handler
                0x00000000000273ef                uip_icmp6_error_output
                0x000000000002774e                uip_icmp6_send
                0x0000000000027a0d                uip_icmp6_echo_reply_callback_add
                0x0000000000027a3f                uip_icmp6_echo_reply_callback_rm
                0x0000000000027a5c                uip_icmp6_init
 .text          0x0000000000027a85      0x69b obj_cooja/mtype433.a(uip-sr.o)
                0x0000000000027a85                uip_sr_num_nodes
                0x0000000000027b13                uip_sr_get_node
                0x0000000000027b6a                uip_sr_is_addr_reachable
                0x0000000000027c18                uip_sr_expire_parent
                0x0000000000027c61                uip_sr_update_node
                0x0000000000027d91                uip_sr_init
                0x0000000000027dc5                uip_sr_node_head
                0x0000000000027dde                uip_sr_node_next
                0x0000000000027df4                uip_sr_periodic
                0x0000000000027efa                uip_sr_free_all
                0x0000000000027f6a                uip_sr_link_snprint
 .text          0x0000000000028120      0x146 obj_cooja/mtype433.a(uip-packetqueue)
                0x000000000002814e                uip_packetqueue_new
                0x000000000002815d                uip_packetqueue_alloc
                0x00000000000281b8                uip_packetqueue_free
                0x00000000000281ff                uip_packetqueue_buf
                0x000000000002821c                uip_packetqueue_buflen
                0x000000000002823d                uip_packetqueue_set_buflen
 .text          0x0000000000028266      0x1c8 obj_cooja/mtype433.a(rpl-nbr-policy.)
                0x00000000000283eb                rpl_nbr_policy_find_removable
 .text          0x000000000002842e      0x8ed obj_cooja/mtype433.a(rpl-neighbor.o)
                0x00000000000284aa                rpl_neighbor_snprint
                0x0000000000028757                rpl_neighbor_print_list
                0x000000000002880c                rpl_neighbor_count
                0x00000000000288b3                rpl_neighbor_get_from_lladdr
                0x00000000000288cf                rpl_neighbor_is_acceptable_parent
                0x0000000000028903                rpl_neighbor_get_link_metric
                0x0000000000028937                rpl_neighbor_rank_via_nbr
                0x000000000002896b                rpl_neighbor_get_lladdr
                0x0000000000028987                rpl_neighbor_get_ipaddr
                0x00000000000289ae                rpl_neighbor_get_link_stats
                0x00000000000289d5                rpl_neighbor_is_fresh
                0x00000000000289fc                rpl_neighbor_is_reachable
                0x0000000000028a47                rpl_neighbor_is_parent
                0x0000000000028a71                rpl_neighbor_set_preferred_parent
                0x0000000000028afd                rpl_neighbor_remove_all
                0x0000000000028b4c                rpl_neighbor_get_from_ipaddr
                0x0000000000028c50                rpl_neighbor_select_best
                0x0000000000028cfc                rpl_neighbor_init
 .text          0x0000000000028d1b      0xa19 obj_cooja/mtype433.a(rpl-timers.o)
                0x0000000000028d1b                rpl_timers_schedule_periodic_dis
                0x0000000000028e69                rpl_timers_dio_reset
                0x0000000000028f5a                rpl_timers_schedule_unicast_dio
                0x00000000000290e0                rpl_timers_schedule_dao
                0x000000000002921a                rpl_timers_schedule_dao_ack
                0x00000000000292a0                get_probing_delay
                0x00000000000292d4                get_probing_target
                0x00000000000294be                rpl_schedule_probing
                0x00000000000294ec                rpl_schedule_probing_now
                0x0000000000029556                rpl_timers_unschedule_leaving
                0x000000000002958e                rpl_timers_schedule_leaving
                0x00000000000295cf                rpl_timers_init
                0x000000000002965f                rpl_timers_stop_dag_timers
                0x00000000000296d8                rpl_timers_unschedule_state_update
                0x00000000000296fc                rpl_timers_schedule_state_update
 .text          0x0000000000029734     0x102c obj_cooja/mtype433.a(rpl-ext-header.)
                0x0000000000029734                rpl_ext_header_srh_get_next_hop
                0x00000000000298b0                rpl_ext_header_srh_update
                0x0000000000029fa9                rpl_ext_header_hbh_update
                0x000000000002a4fe                rpl_ext_header_update
                0x000000000002a587                rpl_ext_header_remove
 .text          0x000000000002a760      0x31b obj_cooja/mtype433.a(rpl-mrhof.o)
 .text          0x000000000002aa7b        0x0 /usr/lib/gcc/i686-linux-gnu/5/crtendS.o
 .text          0x000000000002aa7b        0x0 /usr/lib/gcc/i686-linux-gnu/5/../../../i386-linux-gnu/crtn.o
 *(.gnu.warning)

.fini           0x000000000002aa7c       0x14
 *(SORT(.fini))
 .fini          0x000000000002aa7c        0xf /usr/lib/gcc/i686-linux-gnu/5/../../../i386-linux-gnu/crti.o
                0x000000000002aa7c                _fini
 .fini          0x000000000002aa8b        0x5 /usr/lib/gcc/i686-linux-gnu/5/../../../i386-linux-gnu/crtn.o
                [!provide]                        PROVIDE (__etext, .)
                [!provide]                        PROVIDE (_etext, .)
                [!provide]                        PROVIDE (etext, .)

.rodata         0x000000000002aaa0      0xbc0
 *(.rodata .rodata.* .gnu.linkonce.r.*)
 .rodata        0x000000000002aaa0      0x43a mqtt-demo.o
                0x000000000002aaa8                autostart_processes
 *fill*         0x000000000002aeda        0x2 
 .rodata        0x000000000002aedc        0x8 obj_cooja/mtype433.a(beep.o)
                0x000000000002aedc                beep_interface
 .rodata        0x000000000002aee4       0x20 obj_cooja/mtype433.a(button-sensor.o)
                0x000000000002aee4                button_interface
                0x000000000002aef4                button_sensor
 .rodata        0x000000000002af04        0x8 obj_cooja/mtype433.a(leds-arch.o)
                0x000000000002af04                leds_interface
 .rodata        0x000000000002af0c        0x8 obj_cooja/mtype433.a(moteid.o)
                0x000000000002af0c                moteid_interface
 .rodata        0x000000000002af14       0x1c obj_cooja/mtype433.a(pir-sensor.o)
                0x000000000002af14                pir_interface
                0x000000000002af20                pir_sensor
 .rodata        0x000000000002af30        0xe obj_cooja/mtype433.a(rs232.o)
                0x000000000002af30                rs232_interface
 *fill*         0x000000000002af3e        0x2 
 .rodata        0x000000000002af40       0x24 obj_cooja/mtype433.a(vib-sensor.o)
                0x000000000002af40                vib_interface
                0x000000000002af54                vib_sensor
 .rodata        0x000000000002af64        0x8 obj_cooja/mtype433.a(clock.o)
                0x000000000002af64                clock_interface
 .rodata        0x000000000002af6c        0x8 obj_cooja/mtype433.a(cooja-log.o)
                0x000000000002af6c                simlog_interface
 .rodata        0x000000000002af74       0x2f obj_cooja/mtype433.a(cfs-cooja.o)
                0x000000000002af74                cfs_interface
 *fill*         0x000000000002afa3       0x1d 
 .rodata        0x000000000002afc0       0x58 obj_cooja/mtype433.a(cooja-radio.o)
                0x000000000002afc0                radio_interface
                0x000000000002afe0                cooja_radio_driver
 .rodata        0x000000000002b018        0x8 obj_cooja/mtype433.a(eeprom.o)
                0x000000000002b018                eeprom_interface
 .rodata        0x000000000002b020        0x8 obj_cooja/mtype433.a(sensors.o)
 .rodata        0x000000000002b028       0x14 obj_cooja/mtype433.a(mqtt.o)
 .rodata        0x000000000002b03c       0xf8 obj_cooja/mtype433.a(contiki-main.o)
 .rodata        0x000000000002b134        0xf obj_cooja/mtype433.a(ctimer.o)
 .rodata        0x000000000002b143        0xc obj_cooja/mtype433.a(etimer.o)
 *fill*         0x000000000002b14f        0x1 
 .rodata        0x000000000002b150       0xc0 obj_cooja/mtype433.a(log.o)
 .rodata        0x000000000002b210        0xe obj_cooja/mtype433.a(serial-line.o)
 *fill*         0x000000000002b21e        0x2 
 .rodata        0x000000000002b220        0x8 obj_cooja/mtype433.a(linkaddr.o)
                0x000000000002b220                linkaddr_null
 .rodata        0x000000000002b228       0x20 obj_cooja/mtype433.a(csma.o)
                0x000000000002b230                csma_driver
 .rodata        0x000000000002b248       0x13 obj_cooja/mtype433.a(tcp-socket.o)
 .rodata        0x000000000002b25b        0xd obj_cooja/mtype433.a(tcpip.o)
 .rodata        0x000000000002b268       0x4d obj_cooja/mtype433.a(uip-ds6-route.o)
 *fill*         0x000000000002b2b5        0x3 
 .rodata        0x000000000002b2b8      0x13c obj_cooja/mtype433.a(uip6.o)
 .rodata        0x000000000002b3f4       0x30 obj_cooja/mtype433.a(sicslowpan.o)
                0x000000000002b3f4                unc_llconf
                0x000000000002b3f8                unc_ctxconf
                0x000000000002b3fc                unc_mxconf
                0x000000000002b400                llprefix
                0x000000000002b414                sicslowpan_driver
 .rodata        0x000000000002b424       0x2d obj_cooja/mtype433.a(uiplib.o)
 *fill*         0x000000000002b451        0xf 
 .rodata        0x000000000002b460       0x70 obj_cooja/mtype433.a(rpl.o)
                0x000000000002b480                rpl_lite_driver
 .rodata        0x000000000002b4d0       0xdb obj_cooja/mtype433.a(rpl-dag.o)
 *fill*         0x000000000002b5ab        0x1 
 .rodata        0x000000000002b5ac        0xc obj_cooja/mtype433.a(framer-802154.o)
                0x000000000002b5ac                framer_802154
 .rodata        0x000000000002b5b8       0x44 obj_cooja/mtype433.a(uip-sr.o)
 .rodata        0x000000000002b5fc       0x58 obj_cooja/mtype433.a(rpl-neighbor.o)
 .rodata        0x000000000002b654        0xc obj_cooja/mtype433.a(rpl-timers.o)

.rodata1
 *(.rodata1)

.eh_frame_hdr   0x000000000002b660     0x1684
 *(.eh_frame_hdr)
 .eh_frame_hdr  0x000000000002b660     0x1684 mqtt-demo.o
                0x000000000002b660                __GNU_EH_FRAME_HDR
 *(.eh_frame_entry .eh_frame_entry.*)

.eh_frame       0x000000000002cce4     0x5b30
 *(.eh_frame)
 .eh_frame      0x000000000002cce4       0x3c /usr/lib/gcc/i686-linux-gnu/5/../../../i386-linux-gnu/crti.o
                                         0x40 (size before relaxing)
 .eh_frame      0x000000000002cd20      0x280 mqtt-demo.o
                                        0x298 (size before relaxing)
 .eh_frame      0x000000000002cfa0      0x178 obj_cooja/mtype433.o
                                        0x190 (size before relaxing)
 .eh_frame      0x000000000002d118       0x40 obj_cooja/mtype433.a(simEnvChange.o)
                                         0x58 (size before relaxing)
 .eh_frame      0x000000000002d158       0x60 obj_cooja/mtype433.a(cooja_mt.o)
                                         0x78 (size before relaxing)
 .eh_frame      0x000000000002d1b8       0x80 obj_cooja/mtype433.a(cooja_mtarch.o)
                                         0x98 (size before relaxing)
 .eh_frame      0x000000000002d238       0xc8 obj_cooja/mtype433.a(rtimer-arch.o)
                                         0xe0 (size before relaxing)
 .eh_frame      0x000000000002d300      0x160 obj_cooja/mtype433.a(beep.o)
                                        0x178 (size before relaxing)
 .eh_frame      0x000000000002d460       0xa0 obj_cooja/mtype433.a(button-sensor.o)
                                         0xb8 (size before relaxing)
 .eh_frame      0x000000000002d500       0xa0 obj_cooja/mtype433.a(leds-arch.o)
                                         0xb8 (size before relaxing)
 .eh_frame      0x000000000002d5a0       0x40 obj_cooja/mtype433.a(moteid.o)
                                         0x58 (size before relaxing)
 .eh_frame      0x000000000002d5e0       0xa0 obj_cooja/mtype433.a(pir-sensor.o)
                                         0xb8 (size before relaxing)
 .eh_frame      0x000000000002d680      0x100 obj_cooja/mtype433.a(rs232.o)
                                        0x118 (size before relaxing)
 .eh_frame      0x000000000002d780       0xa0 obj_cooja/mtype433.a(vib-sensor.o)
                                         0xb8 (size before relaxing)
 .eh_frame      0x000000000002d820       0xc0 obj_cooja/mtype433.a(clock.o)
                                         0xd8 (size before relaxing)
 .eh_frame      0x000000000002d8e0      0x120 obj_cooja/mtype433.a(cooja-log.o)
                                        0x138 (size before relaxing)
 .eh_frame      0x000000000002da00      0x160 obj_cooja/mtype433.a(cfs-cooja.o)
                                        0x178 (size before relaxing)
 .eh_frame      0x000000000002db60      0x340 obj_cooja/mtype433.a(cooja-radio.o)
                                        0x358 (size before relaxing)
 .eh_frame      0x000000000002dea0       0xa0 obj_cooja/mtype433.a(eeprom.o)
                                         0xb8 (size before relaxing)
 .eh_frame      0x000000000002df40       0x40 obj_cooja/mtype433.a(random.o)
                                         0x58 (size before relaxing)
 .eh_frame      0x000000000002df80       0xc0 obj_cooja/mtype433.a(sensors.o)
                                         0xd8 (size before relaxing)
 .eh_frame      0x000000000002e040       0xe0 obj_cooja/mtype433.a(leds.o)
                                         0xf8 (size before relaxing)
 .eh_frame      0x000000000002e120      0x4a4 obj_cooja/mtype433.a(mqtt.o)
                                        0x4bc (size before relaxing)
 .eh_frame      0x000000000002e5c4       0x30 obj_cooja/mtype433.a(contiki-main.o)
                                         0x48 (size before relaxing)
 .eh_frame      0x000000000002e5f4       0x40 obj_cooja/mtype433.a(autostart.o)
                                         0x58 (size before relaxing)
 .eh_frame      0x000000000002e634      0x100 obj_cooja/mtype433.a(ctimer.o)
                                        0x118 (size before relaxing)
 .eh_frame      0x000000000002e734       0x60 obj_cooja/mtype433.a(energest.o)
                                         0x78 (size before relaxing)
 .eh_frame      0x000000000002e794      0x1e0 obj_cooja/mtype433.a(etimer.o)
                                        0x1f8 (size before relaxing)
 .eh_frame      0x000000000002e974      0x100 obj_cooja/mtype433.a(log.o)
                                        0x118 (size before relaxing)
 .eh_frame      0x000000000002ea74      0x1c4 obj_cooja/mtype433.a(process.o)
                                        0x1dc (size before relaxing)
 .eh_frame      0x000000000002ec38       0x60 obj_cooja/mtype433.a(rtimer.o)
                                         0x78 (size before relaxing)
 .eh_frame      0x000000000002ec98       0x20 obj_cooja/mtype433.a(node-id.o)
                                         0x38 (size before relaxing)
 .eh_frame      0x000000000002ecb8       0xa4 obj_cooja/mtype433.a(timer.o)
                                         0xbc (size before relaxing)
 .eh_frame      0x000000000002ed5c       0x60 obj_cooja/mtype433.a(serial-line.o)
                                         0x78 (size before relaxing)
 .eh_frame      0x000000000002edbc      0x1a0 obj_cooja/mtype433.a(list.o)
                                        0x1b8 (size before relaxing)
 .eh_frame      0x000000000002ef5c       0xa0 obj_cooja/mtype433.a(ringbuf.o)
                                         0xb8 (size before relaxing)
 .eh_frame      0x000000000002effc      0x28c obj_cooja/mtype433.a(packetbuf.o)
                                        0x2a4 (size before relaxing)
 .eh_frame      0x000000000002f288       0x80 obj_cooja/mtype433.a(netstack.o)
                                         0x98 (size before relaxing)
 .eh_frame      0x000000000002f308       0x60 obj_cooja/mtype433.a(linkaddr.o)
                                         0x78 (size before relaxing)
 .eh_frame      0x000000000002f368       0xa0 obj_cooja/mtype433.a(csma.o)
                                         0xb8 (size before relaxing)
 .eh_frame      0x000000000002f408      0x1d4 obj_cooja/mtype433.a(csma-output.o)
                                        0x1ec (size before relaxing)
 .eh_frame      0x000000000002f5dc      0x2e8 obj_cooja/mtype433.a(uip-ds6.o)
                                        0x300 (size before relaxing)
 .eh_frame      0x000000000002f8c4      0x248 obj_cooja/mtype433.a(tcp-socket.o)
                                        0x260 (size before relaxing)
 .eh_frame      0x000000000002fb0c      0x308 obj_cooja/mtype433.a(tcpip.o)
                                        0x320 (size before relaxing)
 .eh_frame      0x000000000002fe14      0x220 obj_cooja/mtype433.a(uip-ds6-route.o)
                                        0x238 (size before relaxing)
 .eh_frame      0x0000000000030034      0x274 obj_cooja/mtype433.a(uip6.o)
                                        0x28c (size before relaxing)
 .eh_frame      0x00000000000302a8      0x1c0 obj_cooja/mtype433.a(uip-ds6-nbr.o)
                                        0x1d8 (size before relaxing)
 .eh_frame      0x0000000000030468       0x84 obj_cooja/mtype433.a(uip-nd6.o)
                                         0x9c (size before relaxing)
 .eh_frame      0x00000000000304ec      0x2f8 obj_cooja/mtype433.a(sicslowpan.o)
                                        0x310 (size before relaxing)
 .eh_frame      0x00000000000307e4       0x88 obj_cooja/mtype433.a(uiplib.o)
                                         0xa0 (size before relaxing)
 .eh_frame      0x000000000003086c      0x1e0 obj_cooja/mtype433.a(rpl.o)
                                        0x1f8 (size before relaxing)
 .eh_frame      0x0000000000030a4c      0x1c4 obj_cooja/mtype433.a(rpl-icmp6.o)
                                        0x1dc (size before relaxing)
 .eh_frame      0x0000000000030c10      0x370 obj_cooja/mtype433.a(rpl-dag.o)
                                        0x388 (size before relaxing)
 .eh_frame      0x0000000000030f80       0xa0 obj_cooja/mtype433.a(rpl-dag-root.o)
                                         0xb8 (size before relaxing)
 .eh_frame      0x0000000000031020       0xa0 obj_cooja/mtype433.a(watchdog.o)
                                         0xb8 (size before relaxing)
 .eh_frame      0x00000000000310c0       0xc4 obj_cooja/mtype433.a(stimer.o)
                                         0xdc (size before relaxing)
 .eh_frame      0x0000000000031184       0xa0 obj_cooja/mtype433.a(memb.o)
                                         0xb8 (size before relaxing)
 .eh_frame      0x0000000000031224      0x1a0 obj_cooja/mtype433.a(queuebuf.o)
                                        0x1b8 (size before relaxing)
 .eh_frame      0x00000000000313c4      0x2ac obj_cooja/mtype433.a(nbr-table.o)
                                        0x2c4 (size before relaxing)
 .eh_frame      0x0000000000031670      0x100 obj_cooja/mtype433.a(link-stats.o)
                                        0x118 (size before relaxing)
 .eh_frame      0x0000000000031770       0x48 obj_cooja/mtype433.a(mac-sequence.o)
                                         0x60 (size before relaxing)
 .eh_frame      0x00000000000317b8       0x20 obj_cooja/mtype433.a(mac.o)
                                         0x38 (size before relaxing)
 .eh_frame      0x00000000000317d8       0xa4 obj_cooja/mtype433.a(framer-802154.o)
                                         0xbc (size before relaxing)
 .eh_frame      0x000000000003187c      0x1a4 obj_cooja/mtype433.a(frame802154.o)
                                        0x1bc (size before relaxing)
 .eh_frame      0x0000000000031a20      0x100 obj_cooja/mtype433.a(uipbuf.o)
                                        0x118 (size before relaxing)
 .eh_frame      0x0000000000031b20      0x160 obj_cooja/mtype433.a(uip-icmp6.o)
                                        0x178 (size before relaxing)
 .eh_frame      0x0000000000031c80      0x184 obj_cooja/mtype433.a(uip-sr.o)
                                        0x19c (size before relaxing)
 .eh_frame      0x0000000000031e04       0xe0 obj_cooja/mtype433.a(uip-packetqueue)
                                         0xf8 (size before relaxing)
 .eh_frame      0x0000000000031ee4       0x80 obj_cooja/mtype433.a(rpl-nbr-policy.)
                                         0x98 (size before relaxing)
 .eh_frame      0x0000000000031f64      0x2d4 obj_cooja/mtype433.a(rpl-neighbor.o)
                                        0x2ec (size before relaxing)
 .eh_frame      0x0000000000032238      0x368 obj_cooja/mtype433.a(rpl-timers.o)
                                        0x380 (size before relaxing)
 .eh_frame      0x00000000000325a0      0x128 obj_cooja/mtype433.a(rpl-ext-header.)
                                        0x140 (size before relaxing)
 .eh_frame      0x00000000000326c8      0x148 obj_cooja/mtype433.a(rpl-mrhof.o)
                                        0x160 (size before relaxing)
 .eh_frame      0x0000000000032810        0x4 /usr/lib/gcc/i686-linux-gnu/5/crtendS.o
 *(.eh_frame.*)

.gcc_except_table
 *(.gcc_except_table .gcc_except_table.*)

.gnu_extab
 *(.gnu_extab*)

.exception_ranges
 *(.exception_ranges .exception_ranges*)
                0x0000000000033f10                . = DATA_SEGMENT_ALIGN (0x1000, 0x1000)

.eh_frame
 *(.eh_frame)
 *(.eh_frame.*)

.gnu_extab
 *(.gnu_extab)

.gcc_except_table
 *(.gcc_except_table .gcc_except_table.*)

.exception_ranges
 *(.exception_ranges .exception_ranges*)

.tdata
 *(.tdata .tdata.* .gnu.linkonce.td.*)

.tbss
 *(.tbss .tbss.* .gnu.linkonce.tb.*)
 *(.tcommon)

.preinit_array
 *(.preinit_array)

.init_array     0x0000000000033f10        0x4
 *(SORT(.init_array.*) SORT(.ctors.*))
 *(.init_array EXCLUDE_FILE(*crtend?.o *crtend.o *crtbegin?.o *crtbegin.o) .ctors)
 .init_array    0x0000000000033f10        0x4 /usr/lib/gcc/i686-linux-gnu/5/crtbeginS.o

.fini_array     0x0000000000033f14        0x4
 *(SORT(.fini_array.*) SORT(.dtors.*))
 *(.fini_array EXCLUDE_FILE(*crtend?.o *crtend.o *crtbegin?.o *crtbegin.o) .dtors)
 .fini_array    0x0000000000033f14        0x4 /usr/lib/gcc/i686-linux-gnu/5/crtbeginS.o

.ctors
 *crtbegin.o(.ctors)
 *crtbegin?.o(.ctors)
 *(EXCLUDE_FILE(*crtend?.o *crtend.o) .ctors)
 *(SORT(.ctors.*))
 *(.ctors)

.dtors
 *crtbegin.o(.dtors)
 *crtbegin?.o(.dtors)
 *(EXCLUDE_FILE(*crtend?.o *crtend.o) .dtors)
 *(SORT(.dtors.*))
 *(.dtors)

.jcr            0x0000000000033f18        0x4
 *(.jcr)
 .jcr           0x0000000000033f18        0x0 /usr/lib/gcc/i686-linux-gnu/5/crtbeginS.o
 .jcr           0x0000000000033f18        0x4 /usr/lib/gcc/i686-linux-gnu/5/crtendS.o

.data.rel.ro
 *(.data.rel.ro.local* .gnu.linkonce.d.rel.ro.local.*)
 *(.data.rel.ro .data.rel.ro.* .gnu.linkonce.d.rel.ro.*)

.dynamic        0x0000000000033f1c       0xd0
 *(.dynamic)
 .dynamic       0x0000000000033f1c       0xd0 /usr/lib/gcc/i686-linux-gnu/5/../../../i386-linux-gnu/crti.o
                0x0000000000033f1c                _DYNAMIC

.got            0x0000000000033fec       0x14
 *(.got)
 .got           0x0000000000033fec       0x14 /usr/lib/gcc/i686-linux-gnu/5/../../../i386-linux-gnu/crti.o
 *(.igot)
                0x0000000000034ff4                . = DATA_SEGMENT_RELRO_END (., (SIZEOF (.got.plt) >= 0xc)?0xc:0x0)

.got.plt        0x0000000000034000        0xc
 *(.got.plt)
 .got.plt       0x0000000000034000        0xc /usr/lib/gcc/i686-linux-gnu/5/../../../i386-linux-gnu/crti.o
                0x0000000000034000                _GLOBAL_OFFSET_TABLE_
 *(.igot.plt)

.data           0x0000000000034020      0x324
 *(.data .data.* .gnu.linkonce.d.*)
 .data          0x0000000000034020        0x0 /usr/lib/gcc/i686-linux-gnu/5/../../../i386-linux-gnu/crti.o
 .data          0x0000000000034020        0x0 /usr/lib/gcc/i686-linux-gnu/5/crtbeginS.o
 .data.rel.local
                0x0000000000034020        0x4 /usr/lib/gcc/i686-linux-gnu/5/crtbeginS.o
                0x0000000000034020                __dso_handle
 .data          0x0000000000034024       0x18 mqtt-demo.o
                0x000000000003402c                mqtt_demo_process
 *fill*         0x000000000003403c        0x4 
 .data          0x0000000000034040       0x44 obj_cooja/mtype433.o
                0x0000000000034040                simInterfaces
                0x0000000000034074                sensors
 .data          0x0000000000034084        0x0 obj_cooja/mtype433.a(simEnvChange.o)
 .data          0x0000000000034084        0x0 obj_cooja/mtype433.a(cooja_mt.o)
 .data          0x0000000000034084        0x0 obj_cooja/mtype433.a(cooja_mtarch.o)
 .data          0x0000000000034084        0x0 obj_cooja/mtype433.a(rtimer-arch.o)
 .data          0x0000000000034084        0x0 obj_cooja/mtype433.a(beep.o)
 .data          0x0000000000034084        0x0 obj_cooja/mtype433.a(button-sensor.o)
 .data          0x0000000000034084        0x0 obj_cooja/mtype433.a(leds-arch.o)
 .data          0x0000000000034084        0x0 obj_cooja/mtype433.a(moteid.o)
 .data          0x0000000000034084        0x0 obj_cooja/mtype433.a(pir-sensor.o)
 .data          0x0000000000034084        0x0 obj_cooja/mtype433.a(rs232.o)
 .data          0x0000000000034084        0x0 obj_cooja/mtype433.a(vib-sensor.o)
 .data          0x0000000000034084        0x0 obj_cooja/mtype433.a(clock.o)
 .data          0x0000000000034084        0x0 obj_cooja/mtype433.a(cooja-log.o)
 .data          0x0000000000034084        0x0 obj_cooja/mtype433.a(cfs-cooja.o)
 .data          0x0000000000034084       0x2c obj_cooja/mtype433.a(cooja-radio.o)
                0x0000000000034084                simRadioHWOn
                0x0000000000034088                simSignalStrength
                0x000000000003408c                simLastSignalStrength
                0x0000000000034090                simPower
                0x0000000000034094                simRadioChannel
                0x0000000000034098                simLQI
                0x00000000000340a0                cooja_radio_process
 .data          0x00000000000340b0        0x0 obj_cooja/mtype433.a(eeprom.o)
 .data          0x00000000000340b0        0x0 obj_cooja/mtype433.a(random.o)
 .data          0x00000000000340b0       0x10 obj_cooja/mtype433.a(sensors.o)
                0x00000000000340b0                sensors_process
 .data          0x00000000000340c0        0x0 obj_cooja/mtype433.a(leds.o)
 .data          0x00000000000340c0       0x14 obj_cooja/mtype433.a(mqtt.o)
                0x00000000000340c4                mqtt_process
 .data          0x00000000000340d4        0x0 obj_cooja/mtype433.a(contiki-main.o)
 .data          0x00000000000340d4        0x0 obj_cooja/mtype433.a(autostart.o)
 .data          0x00000000000340d4       0x14 obj_cooja/mtype433.a(ctimer.o)
                0x00000000000340d8                ctimer_process
 .data          0x00000000000340e8        0x0 obj_cooja/mtype433.a(energest.o)
 .data          0x00000000000340e8       0x10 obj_cooja/mtype433.a(etimer.o)
                0x00000000000340e8                etimer_process
 *fill*         0x00000000000340f8        0x8 
 .data          0x0000000000034100       0xb0 obj_cooja/mtype433.a(log.o)
                0x0000000000034100                curr_log_level_main
                0x0000000000034120                all_modules
 .data          0x00000000000341b0        0x0 obj_cooja/mtype433.a(process.o)
 .data          0x00000000000341b0        0x0 obj_cooja/mtype433.a(rtimer.o)
 .data          0x00000000000341b0        0x0 obj_cooja/mtype433.a(node-id.o)
 .data          0x00000000000341b0        0x0 obj_cooja/mtype433.a(timer.o)
 .data          0x00000000000341b0       0x10 obj_cooja/mtype433.a(serial-line.o)
                0x00000000000341b0                serial_line_process
 .data          0x00000000000341c0        0x0 obj_cooja/mtype433.a(list.o)
 .data          0x00000000000341c0        0x0 obj_cooja/mtype433.a(ringbuf.o)
 .data          0x00000000000341c0        0x4 obj_cooja/mtype433.a(packetbuf.o)
 .data          0x00000000000341c4        0x4 obj_cooja/mtype433.a(netstack.o)
 .data          0x00000000000341c8        0x0 obj_cooja/mtype433.a(linkaddr.o)
 .data          0x00000000000341c8        0x0 obj_cooja/mtype433.a(csma.o)
 .data          0x00000000000341c8       0x28 obj_cooja/mtype433.a(csma-output.o)
 .data          0x00000000000341f0        0x0 obj_cooja/mtype433.a(uip-ds6.o)
 .data          0x00000000000341f0       0x14 obj_cooja/mtype433.a(tcp-socket.o)
                0x00000000000341f4                tcp_socket_process
 .data          0x0000000000034204       0x10 obj_cooja/mtype433.a(tcpip.o)
                0x0000000000034204                tcpip_process
 .data          0x0000000000034214       0x10 obj_cooja/mtype433.a(uip-ds6-route.o)
 .data          0x0000000000034224        0x0 obj_cooja/mtype433.a(uip6.o)
 .data          0x0000000000034224       0x14 obj_cooja/mtype433.a(uip-ds6-nbr.o)
                0x0000000000034234                ds6_neighbors
 .data          0x0000000000034238        0xc obj_cooja/mtype433.a(uip-nd6.o)
 .data          0x0000000000034244        0x0 obj_cooja/mtype433.a(sicslowpan.o)
 .data          0x0000000000034244        0x0 obj_cooja/mtype433.a(uiplib.o)
 .data          0x0000000000034244        0x0 obj_cooja/mtype433.a(rpl.o)
 .data          0x0000000000034244       0x30 obj_cooja/mtype433.a(rpl-icmp6.o)
 .data          0x0000000000034274        0x0 obj_cooja/mtype433.a(rpl-dag.o)
 .data          0x0000000000034274        0x0 obj_cooja/mtype433.a(rpl-dag-root.o)
 .data          0x0000000000034274        0x0 obj_cooja/mtype433.a(watchdog.o)
 .data          0x0000000000034274        0x0 obj_cooja/mtype433.a(stimer.o)
 .data          0x0000000000034274        0x0 obj_cooja/mtype433.a(memb.o)
 .data          0x0000000000034274       0x18 obj_cooja/mtype433.a(queuebuf.o)
 .data          0x000000000003428c       0x10 obj_cooja/mtype433.a(nbr-table.o)
 .data          0x000000000003429c       0x14 obj_cooja/mtype433.a(link-stats.o)
 .data          0x00000000000342b0        0x0 obj_cooja/mtype433.a(mac-sequence.o)
 .data          0x00000000000342b0        0x0 obj_cooja/mtype433.a(mac.o)
 .data          0x00000000000342b0        0x0 obj_cooja/mtype433.a(framer-802154.o)
 .data          0x00000000000342b0        0x2 obj_cooja/mtype433.a(frame802154.o)
 .data          0x00000000000342b2        0x0 obj_cooja/mtype433.a(uipbuf.o)
 *fill*         0x00000000000342b2        0x2 
 .data          0x00000000000342b4       0x20 obj_cooja/mtype433.a(uip-icmp6.o)
 .data          0x00000000000342d4       0x10 obj_cooja/mtype433.a(uip-sr.o)
 .data          0x00000000000342e4        0xc obj_cooja/mtype433.a(uip-packetqueue)
 .data          0x00000000000342f0        0x0 obj_cooja/mtype433.a(rpl-nbr-policy.)
 .data          0x00000000000342f0       0x14 obj_cooja/mtype433.a(rpl-neighbor.o)
                0x0000000000034300                rpl_neighbors
 .data          0x0000000000034304        0x0 obj_cooja/mtype433.a(rpl-timers.o)
 .data          0x0000000000034304        0x0 obj_cooja/mtype433.a(rpl-ext-header.)
 *fill*         0x0000000000034304       0x1c 
 .data          0x0000000000034320       0x24 obj_cooja/mtype433.a(rpl-mrhof.o)
                0x0000000000034320                rpl_mrhof
 .data          0x0000000000034344        0x0 /usr/lib/gcc/i686-linux-gnu/5/crtendS.o
 .data          0x0000000000034344        0x0 /usr/lib/gcc/i686-linux-gnu/5/../../../i386-linux-gnu/crtn.o

.tm_clone_table
                0x0000000000034344        0x0
 .tm_clone_table
                0x0000000000034344        0x0 /usr/lib/gcc/i686-linux-gnu/5/crtbeginS.o
 .tm_clone_table
                0x0000000000034344        0x0 /usr/lib/gcc/i686-linux-gnu/5/crtendS.o

.data1
 *(.data1)
                0x0000000000034344                _edata = .
                [!provide]                        PROVIDE (edata, .)
                0x0000000000034344                . = .
                0x0000000000034344                __bss_start = .

.bss            0x0000000000034360    0x14680
 *(.dynbss)
 .dynbss        0x0000000000034360        0x0 /usr/lib/gcc/i686-linux-gnu/5/../../../i386-linux-gnu/crti.o
 *(.bss .bss.* .gnu.linkonce.b.*)
 .bss           0x0000000000034360        0x0 /usr/lib/gcc/i686-linux-gnu/5/../../../i386-linux-gnu/crti.o
 .bss           0x0000000000034360        0x1 /usr/lib/gcc/i686-linux-gnu/5/crtbeginS.o
 *fill*         0x0000000000034361       0x1f 
 .bss           0x0000000000034380      0xbf0 mqtt-demo.o
 *fill*         0x0000000000034f70       0x10 
 .bss           0x0000000000034f80     0x2030 obj_cooja/mtype433.o
 .bss           0x0000000000036fb0        0x1 obj_cooja/mtype433.a(simEnvChange.o)
                0x0000000000036fb0                simDontFallAsleep
 *fill*         0x0000000000036fb1        0x3 
 .bss           0x0000000000036fb4        0x4 obj_cooja/mtype433.a(cooja_mt.o)
 .bss           0x0000000000036fb8        0x4 obj_cooja/mtype433.a(cooja_mtarch.o)
 .bss           0x0000000000036fbc        0x0 obj_cooja/mtype433.a(rtimer-arch.o)
 .bss           0x0000000000036fbc        0x0 obj_cooja/mtype433.a(beep.o)
 .bss           0x0000000000036fbc        0x8 obj_cooja/mtype433.a(button-sensor.o)
 .bss           0x0000000000036fc4        0x0 obj_cooja/mtype433.a(leds-arch.o)
 .bss           0x0000000000036fc4        0x0 obj_cooja/mtype433.a(moteid.o)
 .bss           0x0000000000036fc4        0x1 obj_cooja/mtype433.a(pir-sensor.o)
                0x0000000000036fc4                simPirValue
 *fill*         0x0000000000036fc5        0x3 
 .bss           0x0000000000036fc8        0x4 obj_cooja/mtype433.a(rs232.o)
 .bss           0x0000000000036fcc        0x1 obj_cooja/mtype433.a(vib-sensor.o)
                0x0000000000036fcc                simVibValue
 .bss           0x0000000000036fcd        0x0 obj_cooja/mtype433.a(clock.o)
 *fill*         0x0000000000036fcd       0x13 
 .bss           0x0000000000036fe0     0x2020 obj_cooja/mtype433.a(cooja-log.o)
 .bss           0x0000000000039000      0xfc0 obj_cooja/mtype433.a(cfs-cooja.o)
                0x0000000000039000                simCFSData
                0x0000000000039fa0                simCFSSize
                0x0000000000039fa4                simCFSChanged
                0x0000000000039fa8                simCFSRead
                0x0000000000039fac                simCFSWritten
 .bss           0x0000000000039fc0       0x24 obj_cooja/mtype433.a(cooja-radio.o)
                0x0000000000039fc0                simReceiving
                0x0000000000039fc4                simInSize
                0x0000000000039fc8                simLastPacketTimestamp
                0x0000000000039fd0                simOutSize
 .bss           0x0000000000039fe4        0xc obj_cooja/mtype433.a(eeprom.o)
                0x0000000000039fe4                simEEPROMChanged
                0x0000000000039fe8                simEEPROMRead
                0x0000000000039fec                simEEPROMWritten
 .bss           0x0000000000039ff0        0x0 obj_cooja/mtype433.a(random.o)
 .bss           0x0000000000039ff0        0xc obj_cooja/mtype433.a(sensors.o)
 .bss           0x0000000000039ffc        0x0 obj_cooja/mtype433.a(leds.o)
 .bss           0x0000000000039ffc       0x15 obj_cooja/mtype433.a(mqtt.o)
 .bss           0x000000000003a011        0x0 obj_cooja/mtype433.a(contiki-main.o)
 .bss           0x000000000003a011        0x0 obj_cooja/mtype433.a(autostart.o)
 *fill*         0x000000000003a011        0x3 
 .bss           0x000000000003a014        0x5 obj_cooja/mtype433.a(ctimer.o)
 .bss           0x000000000003a019        0x0 obj_cooja/mtype433.a(energest.o)
 *fill*         0x000000000003a019        0x3 
 .bss           0x000000000003a01c        0x8 obj_cooja/mtype433.a(etimer.o)
 .bss           0x000000000003a024       0x28 obj_cooja/mtype433.a(log.o)
                0x000000000003a024                curr_log_level_rpl
                0x000000000003a028                curr_log_level_tcpip
                0x000000000003a02c                curr_log_level_ipv6
                0x000000000003a030                curr_log_level_6lowpan
                0x000000000003a034                curr_log_level_nullnet
                0x000000000003a038                curr_log_level_mac
                0x000000000003a03c                curr_log_level_framer
                0x000000000003a040                curr_log_level_6top
                0x000000000003a044                curr_log_level_coap
                0x000000000003a048                curr_log_level_lwm2m
 *fill*         0x000000000003a04c       0x14 
 .bss           0x000000000003a060      0x1a1 obj_cooja/mtype433.a(process.o)
                0x000000000003a060                process_list
                0x000000000003a064                process_current
 *fill*         0x000000000003a201        0x3 
 .bss           0x000000000003a204        0x4 obj_cooja/mtype433.a(rtimer.o)
 .bss           0x000000000003a208        0x2 obj_cooja/mtype433.a(node-id.o)
                0x000000000003a208                node_id
 .bss           0x000000000003a20a        0x0 obj_cooja/mtype433.a(timer.o)
 *fill*         0x000000000003a20a       0x16 
 .bss           0x000000000003a220      0x140 obj_cooja/mtype433.a(serial-line.o)
 .bss           0x000000000003a360        0x0 obj_cooja/mtype433.a(list.o)
 .bss           0x000000000003a360        0x0 obj_cooja/mtype433.a(ringbuf.o)
 .bss           0x000000000003a360       0xa0 obj_cooja/mtype433.a(packetbuf.o)
 .bss           0x000000000003a400        0x4 obj_cooja/mtype433.a(netstack.o)
 .bss           0x000000000003a404        0x0 obj_cooja/mtype433.a(linkaddr.o)
 .bss           0x000000000003a404        0x0 obj_cooja/mtype433.a(csma.o)
 *fill*         0x000000000003a404       0x1c 
 .bss           0x000000000003a420      0x726 obj_cooja/mtype433.a(csma-output.o)
 *fill*         0x000000000003ab46        0x2 
 .bss           0x000000000003ab48       0x20 obj_cooja/mtype433.a(uip-ds6.o)
 .bss           0x000000000003ab68        0x5 obj_cooja/mtype433.a(tcp-socket.o)
 *fill*         0x000000000003ab6d       0x13 
 .bss           0x000000000003ab80       0xc4 obj_cooja/mtype433.a(tcpip.o)
 *fill*         0x000000000003ac44       0x1c 
 .bss           0x000000000003ac60       0x60 obj_cooja/mtype433.a(uip-ds6-route.o)
 .bss           0x000000000003acc0        0xc obj_cooja/mtype433.a(uip6.o)
                0x000000000003acc0                uip_ext_bitmap
                0x000000000003acc1                uip_ext_len
                0x000000000003acc2                uip_ext_opt_offset
 *fill*         0x000000000003accc       0x14 
 .bss           0x000000000003ace0     0x1c20 obj_cooja/mtype433.a(uip-ds6-nbr.o)
 .bss           0x000000000003c900       0x10 obj_cooja/mtype433.a(uip-nd6.o)
 *fill*         0x000000000003c910       0x10 
 .bss           0x000000000003c920      0x724 obj_cooja/mtype433.a(sicslowpan.o)
 .bss           0x000000000003d044        0x0 obj_cooja/mtype433.a(uiplib.o)
 .bss           0x000000000003d044        0x1 obj_cooja/mtype433.a(rpl.o)
 .bss           0x000000000003d045        0x0 obj_cooja/mtype433.a(rpl-icmp6.o)
 .bss           0x000000000003d045        0x0 obj_cooja/mtype433.a(rpl-dag.o)
 *fill*         0x000000000003d045        0x3 
 .bss           0x000000000003d048       0x11 obj_cooja/mtype433.a(rpl-dag-root.o)
 .bss           0x000000000003d059        0x0 obj_cooja/mtype433.a(watchdog.o)
 .bss           0x000000000003d059        0x0 obj_cooja/mtype433.a(stimer.o)
 .bss           0x000000000003d059        0x0 obj_cooja/mtype433.a(memb.o)
 *fill*         0x000000000003d059        0x7 
 .bss           0x000000000003d060     0x2c80 obj_cooja/mtype433.a(queuebuf.o)
 .bss           0x000000000003fce0     0x1214 obj_cooja/mtype433.a(nbr-table.o)
 *fill*         0x0000000000040ef4        0xc 
 .bss           0x0000000000040f00      0xe10 obj_cooja/mtype433.a(link-stats.o)
 *fill*         0x0000000000041d10       0x10 
 .bss           0x0000000000041d20      0x100 obj_cooja/mtype433.a(mac-sequence.o)
 .bss           0x0000000000041e20        0x0 obj_cooja/mtype433.a(mac.o)
 .bss           0x0000000000041e20        0x2 obj_cooja/mtype433.a(framer-802154.o)
 .bss           0x0000000000041e22        0x0 obj_cooja/mtype433.a(frame802154.o)
 *fill*         0x0000000000041e22        0x2 
 .bss           0x0000000000041e24        0xc obj_cooja/mtype433.a(uipbuf.o)
 .bss           0x0000000000041e30       0x18 obj_cooja/mtype433.a(uip-icmp6.o)
 *fill*         0x0000000000041e48       0x18 
 .bss           0x0000000000041e60     0x1d80 obj_cooja/mtype433.a(uip-sr.o)
 .bss           0x0000000000043be0      0xa78 obj_cooja/mtype433.a(uip-packetqueue)
 .bss           0x0000000000044658        0xe obj_cooja/mtype433.a(rpl-nbr-policy.)
 *fill*         0x0000000000044666       0x1a 
 .bss           0x0000000000044680      0x960 obj_cooja/mtype433.a(rpl-neighbor.o)
 .bss           0x0000000000044fe0       0x40 obj_cooja/mtype433.a(rpl-timers.o)
 .bss           0x0000000000045020        0x0 obj_cooja/mtype433.a(rpl-ext-header.)
 .bss           0x0000000000045020        0x0 obj_cooja/mtype433.a(rpl-mrhof.o)
 .bss           0x0000000000045020        0x0 /usr/lib/gcc/i686-linux-gnu/5/crtendS.o
 .bss           0x0000000000045020        0x0 /usr/lib/gcc/i686-linux-gnu/5/../../../i386-linux-gnu/crtn.o
 *(COMMON)
 COMMON         0x0000000000045020        0x8 obj_cooja/mtype433.o
                0x0000000000045020                referenceVar
                0x0000000000045024                sensors_flags
 COMMON         0x0000000000045028        0xc obj_cooja/mtype433.a(simEnvChange.o)
                0x0000000000045028                simEtimerPending
                0x000000000004502c                simProcessRunValue
                0x0000000000045030                simEtimerNextExpirationTime
 *fill*         0x0000000000045034        0x4 
 COMMON         0x0000000000045038       0x18 obj_cooja/mtype433.a(rtimer-arch.o)
                0x0000000000045038                simRtimerPending
                0x0000000000045040                simRtimerCurrentTicks
                0x0000000000045048                simRtimerNextExpirationTime
 COMMON         0x0000000000045050        0x1 obj_cooja/mtype433.a(beep.o)
                0x0000000000045050                simBeeped
 COMMON         0x0000000000045051        0x3 obj_cooja/mtype433.a(button-sensor.o)
                0x0000000000045051                simButtonIsActive
                0x0000000000045052                simButtonIsDown
                0x0000000000045053                simButtonChanged
 COMMON         0x0000000000045054        0x1 obj_cooja/mtype433.a(leds-arch.o)
                0x0000000000045054                simLedsValue
 *fill*         0x0000000000045055        0x3 
 COMMON         0x0000000000045058        0xc obj_cooja/mtype433.a(moteid.o)
                0x0000000000045058                simRandomSeed
                0x000000000004505c                simMoteIDChanged
                0x0000000000045060                simMoteID
 COMMON         0x0000000000045064        0x2 obj_cooja/mtype433.a(pir-sensor.o)
                0x0000000000045064                simPirIsActive
                0x0000000000045065                simPirChanged
 *fill*         0x0000000000045066       0x1a 
 COMMON         0x0000000000045080      0x820 obj_cooja/mtype433.a(rs232.o)
                0x0000000000045080                simSerialReceivingFlag
                0x0000000000045084                simSerialReceivingLength
                0x00000000000450a0                simSerialReceivingData
 COMMON         0x00000000000458a0        0x2 obj_cooja/mtype433.a(vib-sensor.o)
                0x00000000000458a0                simVibChanged
                0x00000000000458a1                simVibIsActive
 *fill*         0x00000000000458a2        0x2 
 COMMON         0x00000000000458a4        0x4 obj_cooja/mtype433.a(clock.o)
                0x00000000000458a4                simCurrentTime
 *fill*         0x00000000000458a8       0x18 
 COMMON         0x00000000000458c0     0x2020 obj_cooja/mtype433.a(cooja-log.o)
                0x00000000000458c0                simLoggedLength
                0x00000000000458c4                simLoggedFlag
                0x00000000000458e0                simLoggedData
 COMMON         0x00000000000478e0      0x100 obj_cooja/mtype433.a(cooja-radio.o)
                0x00000000000478e0                simOutDataBuffer
                0x0000000000047960                simInDataBuffer
 COMMON         0x00000000000479e0      0x400 obj_cooja/mtype433.a(eeprom.o)
                0x00000000000479e0                simEEPROMData
 COMMON         0x0000000000047de0        0x1 obj_cooja/mtype433.a(sensors.o)
                0x0000000000047de0                sensors_event
 COMMON         0x0000000000047de1        0x1 obj_cooja/mtype433.a(mqtt.o)
                0x0000000000047de1                mqtt_update_event
 *fill*         0x0000000000047de2        0x2 
 COMMON         0x0000000000047de4       0x50 obj_cooja/mtype433.a(contiki-main.o)
                0x0000000000047de4                eb_per_time_source
                0x0000000000047df8                unicast_per_neighbor_rpl_storing
                0x0000000000047e0c                unicast_per_neighbor_rpl_ns
                0x0000000000047e20                default_common
 COMMON         0x0000000000047e34        0x1 obj_cooja/mtype433.a(serial-line.o)
                0x0000000000047e34                serial_line_event_message
 *fill*         0x0000000000047e35        0x3 
 COMMON         0x0000000000047e38       0x2c obj_cooja/mtype433.a(packetbuf.o)
                0x0000000000047e38                packetbuf_attrs
                0x0000000000047e54                packetbuf_addrs
 COMMON         0x0000000000047e64        0x8 obj_cooja/mtype433.a(linkaddr.o)
                0x0000000000047e64                linkaddr_node_addr
 *fill*         0x0000000000047e6c       0x14 
 COMMON         0x0000000000047e80      0x181 obj_cooja/mtype433.a(uip-ds6.o)
                0x0000000000047e80                uip_ds6_prefix_list
                0x0000000000047ee0                uip_ds6_timer_periodic
                0x0000000000047ef0                uip_ds6_netif_addr_list_offset
                0x0000000000047f00                uip_ds6_if
                0x0000000000047ff8                uip_ds6_timer_ra
                0x0000000000048000                uip_ds6_addr_size
 COMMON         0x0000000000048001        0x1 obj_cooja/mtype433.a(tcpip.o)
                0x0000000000048001                tcpip_event
 *fill*         0x0000000000048002       0x1e 
 COMMON         0x0000000000048020      0x80c obj_cooja/mtype433.a(uip6.o)
                0x0000000000048020                uip_slen
                0x0000000000048024                uip_acc32
                0x0000000000048040                uip_conns
                0x00000000000481c0                uip_lladdr
                0x00000000000481c8                uip_appdata
                0x00000000000481cc                uip_flags
                0x00000000000481e0                uip_aligned_buf
                0x00000000000486e0                uip_listenports
                0x0000000000048708                uip_len
                0x000000000004870c                uip_sappdata
                0x0000000000048720                uip_udp_conns
                0x0000000000048820                uip_udp_conn
                0x0000000000048824                uip_next_hdr
                0x0000000000048828                uip_conn
 COMMON         0x000000000004882c       0x10 obj_cooja/mtype433.a(rpl.o)
                0x000000000004882c                rpl_multicast_addr
 *fill*         0x000000000004883c        0x4 
 COMMON         0x0000000000048840      0x164 obj_cooja/mtype433.a(rpl-dag.o)
                0x0000000000048840                curr_instance
 *fill*         0x00000000000489a4       0x1c 
 COMMON         0x00000000000489c0       0x20 obj_cooja/mtype433.a(link-stats.o)
                0x00000000000489c0                periodic_timer
                0x00000000000489e0                . = ALIGN ((. != 0x0)?0x4:0x1)
                0x00000000000489e0                . = ALIGN (0x4)
                0x00000000000489e0                . = SEGMENT_START ("ldata-segment", .)
                0x00000000000489e0                . = ALIGN (0x4)
                0x00000000000489e0                _end = .
                [!provide]                        PROVIDE (end, .)
                0x00000000000489e0                . = DATA_SEGMENT_END (.)

.stab
 *(.stab)

.stabstr
 *(.stabstr)

.stab.excl
 *(.stab.excl)

.stab.exclstr
 *(.stab.exclstr)

.stab.index
 *(.stab.index)

.stab.indexstr
 *(.stab.indexstr)

.comment        0x0000000000000000       0x35
 *(.comment)
 .comment       0x0000000000000000       0x35 /usr/lib/gcc/i686-linux-gnu/5/crtbeginS.o
                                         0x36 (size before relaxing)
 .comment       0x0000000000000035       0x36 mqtt-demo.o
 .comment       0x0000000000000035       0x36 obj_cooja/mtype433.o
 .comment       0x0000000000000035       0x36 obj_cooja/mtype433.a(simEnvChange.o)
 .comment       0x0000000000000035       0x36 obj_cooja/mtype433.a(cooja_mt.o)
 .comment       0x0000000000000035       0x36 obj_cooja/mtype433.a(cooja_mtarch.o)
 .comment       0x0000000000000035       0x36 obj_cooja/mtype433.a(rtimer-arch.o)
 .comment       0x0000000000000035       0x36 obj_cooja/mtype433.a(beep.o)
 .comment       0x0000000000000035       0x36 obj_cooja/mtype433.a(button-sensor.o)
 .comment       0x0000000000000035       0x36 obj_cooja/mtype433.a(leds-arch.o)
 .comment       0x0000000000000035       0x36 obj_cooja/mtype433.a(moteid.o)
 .comment       0x0000000000000035       0x36 obj_cooja/mtype433.a(pir-sensor.o)
 .comment       0x0000000000000035       0x36 obj_cooja/mtype433.a(rs232.o)
 .comment       0x0000000000000035       0x36 obj_cooja/mtype433.a(vib-sensor.o)
 .comment       0x0000000000000035       0x36 obj_cooja/mtype433.a(clock.o)
 .comment       0x0000000000000035       0x36 obj_cooja/mtype433.a(cooja-log.o)
 .comment       0x0000000000000035       0x36 obj_cooja/mtype433.a(cfs-cooja.o)
 .comment       0x0000000000000035       0x36 obj_cooja/mtype433.a(cooja-radio.o)
 .comment       0x0000000000000035       0x36 obj_cooja/mtype433.a(eeprom.o)
 .comment       0x0000000000000035       0x36 obj_cooja/mtype433.a(random.o)
 .comment       0x0000000000000035       0x36 obj_cooja/mtype433.a(sensors.o)
 .comment       0x0000000000000035       0x36 obj_cooja/mtype433.a(leds.o)
 .comment       0x0000000000000035       0x36 obj_cooja/mtype433.a(mqtt.o)
 .comment       0x0000000000000035       0x36 obj_cooja/mtype433.a(contiki-main.o)
 .comment       0x0000000000000035       0x36 obj_cooja/mtype433.a(autostart.o)
 .comment       0x0000000000000035       0x36 obj_cooja/mtype433.a(ctimer.o)
 .comment       0x0000000000000035       0x36 obj_cooja/mtype433.a(energest.o)
 .comment       0x0000000000000035       0x36 obj_cooja/mtype433.a(etimer.o)
 .comment       0x0000000000000035       0x36 obj_cooja/mtype433.a(log.o)
 .comment       0x0000000000000035       0x36 obj_cooja/mtype433.a(process.o)
 .comment       0x0000000000000035       0x36 obj_cooja/mtype433.a(rtimer.o)
 .comment       0x0000000000000035       0x36 obj_cooja/mtype433.a(node-id.o)
 .comment       0x0000000000000035       0x36 obj_cooja/mtype433.a(timer.o)
 .comment       0x0000000000000035       0x36 obj_cooja/mtype433.a(serial-line.o)
 .comment       0x0000000000000035       0x36 obj_cooja/mtype433.a(list.o)
 .comment       0x0000000000000035       0x36 obj_cooja/mtype433.a(ringbuf.o)
 .comment       0x0000000000000035       0x36 obj_cooja/mtype433.a(packetbuf.o)
 .comment       0x0000000000000035       0x36 obj_cooja/mtype433.a(netstack.o)
 .comment       0x0000000000000035       0x36 obj_cooja/mtype433.a(linkaddr.o)
 .comment       0x0000000000000035       0x36 obj_cooja/mtype433.a(csma.o)
 .comment       0x0000000000000035       0x36 obj_cooja/mtype433.a(csma-output.o)
 .comment       0x0000000000000035       0x36 obj_cooja/mtype433.a(uip-ds6.o)
 .comment       0x0000000000000035       0x36 obj_cooja/mtype433.a(tcp-socket.o)
 .comment       0x0000000000000035       0x36 obj_cooja/mtype433.a(tcpip.o)
 .comment       0x0000000000000035       0x36 obj_cooja/mtype433.a(uip-ds6-route.o)
 .comment       0x0000000000000035       0x36 obj_cooja/mtype433.a(uip6.o)
 .comment       0x0000000000000035       0x36 obj_cooja/mtype433.a(uip-ds6-nbr.o)
 .comment       0x0000000000000035       0x36 obj_cooja/mtype433.a(uip-nd6.o)
 .comment       0x0000000000000035       0x36 obj_cooja/mtype433.a(sicslowpan.o)
 .comment       0x0000000000000035       0x36 obj_cooja/mtype433.a(uiplib.o)
 .comment       0x0000000000000035       0x36 obj_cooja/mtype433.a(rpl.o)
 .comment       0x0000000000000035       0x36 obj_cooja/mtype433.a(rpl-icmp6.o)
 .comment       0x0000000000000035       0x36 obj_cooja/mtype433.a(rpl-dag.o)
 .comment       0x0000000000000035       0x36 obj_cooja/mtype433.a(rpl-dag-root.o)
 .comment       0x0000000000000035       0x36 obj_cooja/mtype433.a(watchdog.o)
 .comment       0x0000000000000035       0x36 obj_cooja/mtype433.a(stimer.o)
 .comment       0x0000000000000035       0x36 obj_cooja/mtype433.a(memb.o)
 .comment       0x0000000000000035       0x36 obj_cooja/mtype433.a(queuebuf.o)
 .comment       0x0000000000000035       0x36 obj_cooja/mtype433.a(nbr-table.o)
 .comment       0x0000000000000035       0x36 obj_cooja/mtype433.a(link-stats.o)
 .comment       0x0000000000000035       0x36 obj_cooja/mtype433.a(mac-sequence.o)
 .comment       0x0000000000000035       0x36 obj_cooja/mtype433.a(mac.o)
 .comment       0x0000000000000035       0x36 obj_cooja/mtype433.a(framer-802154.o)
 .comment       0x0000000000000035       0x36 obj_cooja/mtype433.a(frame802154.o)
 .comment       0x0000000000000035       0x36 obj_cooja/mtype433.a(uipbuf.o)
 .comment       0x0000000000000035       0x36 obj_cooja/mtype433.a(uip-icmp6.o)
 .comment       0x0000000000000035       0x36 obj_cooja/mtype433.a(uip-sr.o)
 .comment       0x0000000000000035       0x36 obj_cooja/mtype433.a(uip-packetqueue)
 .comment       0x0000000000000035       0x36 obj_cooja/mtype433.a(rpl-nbr-policy.)
 .comment       0x0000000000000035       0x36 obj_cooja/mtype433.a(rpl-neighbor.o)
 .comment       0x0000000000000035       0x36 obj_cooja/mtype433.a(rpl-timers.o)
 .comment       0x0000000000000035       0x36 obj_cooja/mtype433.a(rpl-ext-header.)
 .comment       0x0000000000000035       0x36 obj_cooja/mtype433.a(rpl-mrhof.o)
 .comment       0x0000000000000035       0x36 /usr/lib/gcc/i686-linux-gnu/5/crtendS.o

.debug
 *(.debug)

.line
 *(.line)

.debug_srcinfo
 *(.debug_srcinfo)

.debug_sfnames
 *(.debug_sfnames)

.debug_aranges  0x0000000000000000      0x900
 *(.debug_aranges)
 .debug_aranges
                0x0000000000000000       0x20 mqtt-demo.o
 .debug_aranges
                0x0000000000000020       0x20 obj_cooja/mtype433.o
 .debug_aranges
                0x0000000000000040       0x20 obj_cooja/mtype433.a(simEnvChange.o)
 .debug_aranges
                0x0000000000000060       0x20 obj_cooja/mtype433.a(cooja_mt.o)
 .debug_aranges
                0x0000000000000080       0x20 obj_cooja/mtype433.a(cooja_mtarch.o)
 .debug_aranges
                0x00000000000000a0       0x20 obj_cooja/mtype433.a(rtimer-arch.o)
 .debug_aranges
                0x00000000000000c0       0x20 obj_cooja/mtype433.a(beep.o)
 .debug_aranges
                0x00000000000000e0       0x20 obj_cooja/mtype433.a(button-sensor.o)
 .debug_aranges
                0x0000000000000100       0x20 obj_cooja/mtype433.a(leds-arch.o)
 .debug_aranges
                0x0000000000000120       0x20 obj_cooja/mtype433.a(moteid.o)
 .debug_aranges
                0x0000000000000140       0x20 obj_cooja/mtype433.a(pir-sensor.o)
 .debug_aranges
                0x0000000000000160       0x20 obj_cooja/mtype433.a(rs232.o)
 .debug_aranges