Archive member included to satisfy reference by file (symbol)

obj_cooja/mtype607.a(simEnvChange.o)
                              obj_cooja/mtype607.o (simDontFallAsleep)
obj_cooja/mtype607.a(cooja_mt.o)
                              obj_cooja/mtype607.o (cooja_mt_start)
obj_cooja/mtype607.a(cooja_mtarch.o)
                              obj_cooja/mtype607.a(cooja_mt.o) (cooja_mtarch_start)
obj_cooja/mtype607.a(rtimer-arch.o)
                              obj_cooja/mtype607.o (rtimer_arch_check)
obj_cooja/mtype607.a(beep.o)  obj_cooja/mtype607.o (beep_interface)
obj_cooja/mtype607.a(button-sensor.o)
                              obj_cooja/mtype607.o (button_interface)
obj_cooja/mtype607.a(leds-arch.o)
                              obj_cooja/mtype607.o (leds_interface)
obj_cooja/mtype607.a(moteid.o)
                              obj_cooja/mtype607.o (moteid_interface)
obj_cooja/mtype607.a(pir-sensor.o)
                              obj_cooja/mtype607.o (pir_interface)
obj_cooja/mtype607.a(rs232.o)
                              obj_cooja/mtype607.o (rs232_interface)
obj_cooja/mtype607.a(vib-sensor.o)
                              obj_cooja/mtype607.o (vib_interface)
obj_cooja/mtype607.a(clock.o)
                              obj_cooja/mtype607.o (clock_interface)
obj_cooja/mtype607.a(cooja-log.o)
                              obj_cooja/mtype607.o (simlog_interface)
obj_cooja/mtype607.a(cfs-cooja.o)
                              obj_cooja/mtype607.o (cfs_interface)
obj_cooja/mtype607.a(cooja-radio.o)
                              obj_cooja/mtype607.o (radio_interface)
obj_cooja/mtype607.a(eeprom.o)
                              obj_cooja/mtype607.o (eeprom_interface)
obj_cooja/mtype607.a(random.o)
                              obj_cooja/mtype607.a(moteid.o) (random_init)
obj_cooja/mtype607.a(sensors.o)
                              obj_cooja/mtype607.a(button-sensor.o) (sensors_changed)
obj_cooja/mtype607.a(leds.o)  mqtt-demo.o (leds_on)
obj_cooja/mtype607.a(mqtt.o)  mqtt-demo.o (mqtt_disconnect)
obj_cooja/mtype607.a(contiki-main.o)
                              obj_cooja/mtype607.o (main)
obj_cooja/mtype607.a(autostart.o)
                              obj_cooja/mtype607.a(contiki-main.o) (autostart_start)
obj_cooja/mtype607.a(ctimer.o)
                              obj_cooja/mtype607.a(contiki-main.o) (ctimer_init)
obj_cooja/mtype607.a(energest.o)
                              obj_cooja/mtype607.a(contiki-main.o) (energest_init)
obj_cooja/mtype607.a(etimer.o)
                              obj_cooja/mtype607.a(contiki-main.o) (etimer_process)
obj_cooja/mtype607.a(log.o)   obj_cooja/mtype607.a(contiki-main.o) (curr_log_level_main)
obj_cooja/mtype607.a(process.o)
                              obj_cooja/mtype607.a(mqtt.o) (process_current)
obj_cooja/mtype607.a(rtimer.o)
                              obj_cooja/mtype607.a(contiki-main.o) (rtimer_init)
obj_cooja/mtype607.a(node-id.o)
                              obj_cooja/mtype607.a(contiki-main.o) (node_id)
obj_cooja/mtype607.a(timer.o)
                              mqtt-demo.o (timer_set)
obj_cooja/mtype607.a(serial-line.o)
                              obj_cooja/mtype607.a(rs232.o) (serial_line_input_byte)
obj_cooja/mtype607.a(list.o)  obj_cooja/mtype607.a(mqtt.o) (list_init)
obj_cooja/mtype607.a(ringbuf.o)
                              obj_cooja/mtype607.a(serial-line.o) (ringbuf_init)
obj_cooja/mtype607.a(packetbuf.o)
                              obj_cooja/mtype607.a(cooja-radio.o) (packetbuf_clear)
obj_cooja/mtype607.a(netstack.o)
                              obj_cooja/mtype607.a(contiki-main.o) (netstack_init)
obj_cooja/mtype607.a(linkaddr.o)
                              mqtt-demo.o (linkaddr_node_addr)
obj_cooja/mtype607.a(csma.o)  obj_cooja/mtype607.a(cooja-radio.o) (csma_driver)
obj_cooja/mtype607.a(csma-output.o)
                              obj_cooja/mtype607.a(csma.o) (csma_output_packet)
obj_cooja/mtype607.a(uip-ds6.o)
                              obj_cooja/mtype607.a(contiki-main.o) (uip_ds6_get_link_local)
obj_cooja/mtype607.a(tcp-socket.o)
                              obj_cooja/mtype607.a(mqtt.o) (tcp_socket_register)
obj_cooja/mtype607.a(tcpip.o)
                              obj_cooja/mtype607.a(tcp-socket.o) (tcpip_event)
obj_cooja/mtype607.a(uip-ds6-route.o)
                              obj_cooja/mtype607.a(uip-ds6.o) (uip_ds6_route_init)
obj_cooja/mtype607.a(uip6.o)  obj_cooja/mtype607.a(contiki-main.o) (uip_lladdr)
obj_cooja/mtype607.a(uip-ds6-nbr.o)
                              obj_cooja/mtype607.a(uip-ds6.o) (uip_ds6_neighbors_init)
obj_cooja/mtype607.a(uip-nd6.o)
                              obj_cooja/mtype607.a(uip6.o) (uip_nd6_init)
obj_cooja/mtype607.a(sicslowpan.o)
                              obj_cooja/mtype607.a(contiki-main.o) (sicslowpan_driver)
obj_cooja/mtype607.a(uiplib.o)
                              obj_cooja/mtype607.a(mqtt.o) (uiplib_ip6addrconv)
[...]
Memory Configuration

Name             Origin             Length             Attributes
*default*        0x0000000000000000 0xffffffffffffffff

Linker script and memory map

LOAD /usr/lib/gcc/i686-linux-gnu/5/../../../i386-linux-gnu/crti.o
LOAD /usr/lib/gcc/i686-linux-gnu/5/crtbeginS.o
LOAD mqtt-demo.o
LOAD obj_cooja/mtype607.o
LOAD obj_cooja/mtype607.a
LOAD /usr/lib/gcc/i686-linux-gnu/5/libgcc.a
LOAD /usr/lib/gcc/i686-linux-gnu/5/libgcc_s.so
LOAD /usr/lib/gcc/i686-linux-gnu/5/../../../i386-linux-gnu/libc.so
START GROUP
LOAD /lib/i386-linux-gnu/libc.so.6
LOAD /usr/lib/i386-linux-gnu/libc_nonshared.a
LOAD /lib/i386-linux-gnu/ld-linux.so.2
END GROUP
LOAD /usr/lib/gcc/i686-linux-gnu/5/libgcc.a
LOAD /usr/lib/gcc/i686-linux-gnu/5/libgcc_s.so
LOAD /usr/lib/gcc/i686-linux-gnu/5/crtendS.o
LOAD /usr/lib/gcc/i686-linux-gnu/5/../../../i386-linux-gnu/crtn.o
                0x0000000000000114                . = (0x0 + SIZEOF_HEADERS)

.note.gnu.build-id
                0x0000000000000114       0x24
 *(.note.gnu.build-id)
 .note.gnu.build-id
                0x0000000000000114       0x24 /usr/lib/gcc/i686-linux-gnu/5/../../../i386-linux-gnu/crti.o

.hash
 *(.hash)

.gnu.hash       0x0000000000000138     0x13c8
 *(.gnu.hash)
 .gnu.hash      0x0000000000000138     0x13c8 /usr/lib/gcc/i686-linux-gnu/5/../../../i386-linux-gnu/crti.o

.dynsym         0x0000000000001500     0x2770
 *(.dynsym)
 .dynsym        0x0000000000001500     0x2770 /usr/lib/gcc/i686-linux-gnu/5/../../../i386-linux-gnu/crti.o

.dynstr         0x0000000000003c70     0x2ade
 *(.dynstr)
 .dynstr        0x0000000000003c70     0x2ade /usr/lib/gcc/i686-linux-gnu/5/../../../i386-linux-gnu/crti.o

.gnu.version    0x000000000000674e      0x4ee
 *(.gnu.version)
 .gnu.version   0x000000000000674e      0x4ee /usr/lib/gcc/i686-linux-gnu/5/../../../i386-linux-gnu/crti.o

.gnu.version_d  0x0000000000006c3c        0x0
 *(.gnu.version_d)
 .gnu.version_d
                0x0000000000006c3c        0x0 /usr/lib/gcc/i686-linux-gnu/5/../../../i386-linux-gnu/crti.o

.gnu.version_r  0x0000000000006c3c       0x40
 *(.gnu.version_r)
 .gnu.version_r
                0x0000000000006c3c       0x40 /usr/lib/gcc/i686-linux-gnu/5/../../../i386-linux-gnu/crti.o

.rel.dyn        0x0000000000006c7c     0xa4f0
 *(.rel.init)
 .rel.init      0x0000000000006c7c        0x0 /usr/lib/gcc/i686-linux-gnu/5/../../../i386-linux-gnu/crti.o
 *(.rel.text .rel.text.* .rel.gnu.linkonce.t.*)
 .rel.text      0x0000000000006c7c     0x9be8 /usr/lib/gcc/i686-linux-gnu/5/../../../i386-linux-gnu/crti.o
 *(.rel.fini)
 .rel.fini      0x0000000000010864        0x0 /usr/lib/gcc/i686-linux-gnu/5/../../../i386-linux-gnu/crti.o
 *(.rel.rodata .rel.rodata.* .rel.gnu.linkonce.r.*)
 .rel.rodata    0x0000000000010864      0x578 /usr/lib/gcc/i686-linux-gnu/5/../../../i386-linux-gnu/crti.o
 *(.rel.data.rel.ro .rel.data.rel.ro.* .rel.gnu.linkonce.d.rel.ro.*)
 *(.rel.data .rel.data.* .rel.gnu.linkonce.d.*)
 .rel.data.rel.local
                0x0000000000010ddc        0x8 /usr/lib/gcc/i686-linux-gnu/5/../../../i386-linux-gnu/crti.o
 .rel.data      0x0000000000010de4      0x350 /usr/lib/gcc/i686-linux-gnu/5/../../../i386-linux-gnu/crti.o
 *(.rel.tdata .rel.tdata.* .rel.gnu.linkonce.td.*)
 *(.rel.tbss .rel.tbss.* .rel.gnu.linkonce.tb.*)
 *(.rel.ctors)
 *(.rel.dtors)
 *(.rel.got)
 .rel.got       0x0000000000011134       0x28 /usr/lib/gcc/i686-linux-gnu/5/../../../i386-linux-gnu/crti.o
 *(.rel.bss .rel.bss.* .rel.gnu.linkonce.b.*)
 *(.rel.ifunc)
 .rel.ifunc     0x000000000001115c        0x0 /usr/lib/gcc/i686-linux-gnu/5/../../../i386-linux-gnu/crti.o
 .rel.fini_array
                0x000000000001115c        0x8 /usr/lib/gcc/i686-linux-gnu/5/../../../i386-linux-gnu/crti.o
 .rel.init_array
                0x0000000000011164        0x8 /usr/lib/gcc/i686-linux-gnu/5/../../../i386-linux-gnu/crti.o

.rel.plt        0x000000000001116c        0x0
 *(.rel.plt)
 .rel.plt       0x000000000001116c        0x0 /usr/lib/gcc/i686-linux-gnu/5/../../../i386-linux-gnu/crti.o
 *(.rel.iplt)

.init           0x000000000001116c       0x23
 *(SORT(.init))
 .init          0x000000000001116c       0x1e /usr/lib/gcc/i686-linux-gnu/5/../../../i386-linux-gnu/crti.o
                0x000000000001116c                _init
 .init          0x000000000001118a        0x5 /usr/lib/gcc/i686-linux-gnu/5/../../../i386-linux-gnu/crtn.o

.plt            0x0000000000011190       0x10
 *(.plt)
 .plt           0x0000000000011190       0x10 /usr/lib/gcc/i686-linux-gnu/5/../../../i386-linux-gnu/crti.o
 *(.iplt)

.plt.got        0x00000000000111a0       0x10
 *(.plt.got)
 .plt.got       0x00000000000111a0       0x10 /usr/lib/gcc/i686-linux-gnu/5/../../../i386-linux-gnu/crti.o

.text           0x00000000000111b0    0x19a51
 *(.text.unlikely .text.*_unlikely .text.unlikely.*)
 .text.unlikely
                0x00000000000111b0        0x0 /usr/lib/gcc/i686-linux-gnu/5/crtbeginS.o
 *(.text.exit .text.exit.*)
 *(.text.startup .text.startup.*)
 *(.text.hot .text.hot.*)
 *(.text .stub .text.* .gnu.linkonce.t.*)
 .text          0x00000000000111b0        0x0 /usr/lib/gcc/i686-linux-gnu/5/../../../i386-linux-gnu/crti.o
 .gnu.linkonce.t.__x86.get_pc_thunk.bx
                0x00000000000111b0        0x4 /usr/lib/gcc/i686-linux-gnu/5/../../../i386-linux-gnu/crti.o
                0x00000000000111b0                __x86.get_pc_thunk.bx
 *fill*         0x00000000000111b4        0xc 
 .text          0x00000000000111c0      0x11c /usr/lib/gcc/i686-linux-gnu/5/crtbeginS.o
 .text.__x86.get_pc_thunk.dx
                0x00000000000112dc        0x4 /usr/lib/gcc/i686-linux-gnu/5/crtbeginS.o
                0x00000000000112dc                __x86.get_pc_thunk.dx
 .text          0x00000000000112e0     0x124a mqtt-demo.o
                0x00000000000112e0                ipaddr_sprintf
 .text          0x000000000001252a      0x271 obj_cooja/mtype607.o
                0x00000000000125bc                platform_init_stage_one
                0x00000000000125c2                platform_init_stage_two
                0x00000000000125d0                platform_init_stage_three
                0x00000000000125e3                platform_main_loop
                0x0000000000012656                Java_org_contikios_cooja_corecomm_Lib2_init
                0x000000000001268d                Java_org_contikios_cooja_corecomm_Lib2_getMemory
                0x00000000000126c0                Java_org_contikios_cooja_corecomm_Lib2_setMemory
                0x0000000000012720                Java_org_contikios_cooja_corecomm_Lib2_tick
                0x0000000000012788                Java_org_contikios_cooja_corecomm_Lib2_setReferenceAddress
 .text          0x000000000001279b       0x65 obj_cooja/mtype607.a(simEnvChange.o)
                0x000000000001279b                doActionsBeforeTick
                0x00000000000127cd                doActionsAfterTick
 .text          0x0000000000012800       0x83 obj_cooja/mtype607.a(cooja_mt.o)
                0x0000000000012800                cooja_mt_start
                0x000000000001282a                cooja_mt_exec
                0x0000000000012860                cooja_mt_yield
 .text          0x0000000000012883       0xbe obj_cooja/mtype607.a(cooja_mtarch.o)
                0x0000000000012883                cooja_mtarch_start
                0x00000000000128f6                cooja_sw
                0x0000000000012919                cooja_mtarch_exec
                0x0000000000012936                cooja_mtarch_yield
 .text          0x0000000000012941       0xc5 obj_cooja/mtype607.a(rtimer-arch.o)
                0x0000000000012941                rtimer_arch_init
                0x0000000000012965                rtimer_arch_schedule
                0x0000000000012995                rtimer_arch_next
                0x00000000000129a5                rtimer_arch_pending
                0x00000000000129af                rtimer_arch_check
                0x00000000000129f6                rtimer_arch_now
 .text          0x0000000000012a06       0x81 obj_cooja/mtype607.a(beep.o)
                0x0000000000012a06                beep_alarm
                0x0000000000012a13                beep_beep
                0x0000000000012a20                beep
                0x0000000000012a2d                beep_down
                0x0000000000012a3a                beep_on
                0x0000000000012a47                beep_off
                0x0000000000012a54                beep_spinup
                0x0000000000012a61                beep_quick
                0x0000000000012a6e                beep_long
 .text          0x0000000000012a87      0x10d obj_cooja/mtype607.a(button-sensor.o)
 .text          0x0000000000012b94       0x49 obj_cooja/mtype607.a(leds-arch.o)
                0x0000000000012b94                leds_arch_init
                0x0000000000012ba1                leds_arch_get
                0x0000000000012bad                leds_arch_set
 .text          0x0000000000012bdd       0x35 obj_cooja/mtype607.a(moteid.o)
 .text          0x0000000000012c12       0xb7 obj_cooja/mtype607.a(pir-sensor.o)
 .text          0x0000000000012cc9      0x148 obj_cooja/mtype607.a(rs232.o)
                0x0000000000012cc9                rs232_init
                0x0000000000012ccf                rs232_set_speed
                0x0000000000012cde                rs232_set_input
                0x0000000000012cec                rs232_send
                0x0000000000012d10                rs232_print
                0x0000000000012d2c                slip_arch_writeb
 .text          0x0000000000012e11       0xb7 obj_cooja/mtype607.a(vib-sensor.o)
 .text          0x0000000000012ec8       0x38 obj_cooja/mtype607.a(clock.o)
                0x0000000000012ec8                clock_init
                0x0000000000012ece                clock_time
                0x0000000000012ed8                clock_seconds
                0x0000000000012eee                clock_delay
 .text          0x0000000000012f00      0x219 obj_cooja/mtype607.a(cooja-log.o)
                0x0000000000012f00                simlog_char
                0x0000000000012f43                simlog
                0x0000000000012fb9                log_message
                0x0000000000012fea                log_set_putchar_with_slip
                0x0000000000012ff8                log_putchar
                0x0000000000013073                log_puts
                0x000000000001309b                log_printf
 .text          0x0000000000013119      0x2b9 obj_cooja/mtype607.a(cfs-cooja.o)
                0x0000000000013119                cfs_open
                0x0000000000013182                cfs_close
                0x000000000001318f                cfs_read
                0x0000000000013224                cfs_write
                0x0000000000013300                cfs_seek
                0x0000000000013388                cfs_remove
                0x00000000000133ac                cfs_opendir
                0x00000000000133b6                cfs_readdir
                0x00000000000133c0                cfs_closedir
 .text          0x00000000000133d2      0x605 obj_cooja/mtype607.a(cooja-radio.o)
                0x0000000000013414                radio_set_channel
                0x0000000000013422                radio_set_txpower
                0x000000000001343a                radio_signal_strength_last
                0x0000000000013444                radio_signal_strength_current
                0x000000000001344e                radio_LQI
 .text          0x00000000000139d7       0xee obj_cooja/mtype607.a(eeprom.o)
                0x00000000000139d7                eeprom_init
                0x00000000000139dd                eeprom_read
                0x0000000000013a4b                eeprom_write
 .text          0x0000000000013ac5       0x2d obj_cooja/mtype607.a(random.o)
                0x0000000000013ac5                random_init
                0x0000000000013ae5                random_rand
 .text          0x0000000000013af2      0x29c obj_cooja/mtype607.a(sensors.o)
                0x0000000000013b2d                sensors_first
                0x0000000000013b37                sensors_next
                0x0000000000013b51                sensors_changed
                0x0000000000013b85                sensors_find
 .text          0x0000000000013d8e       0xf6 obj_cooja/mtype607.a(leds.o)
                0x0000000000013d8e                leds_init
                0x0000000000013d9c                leds_blink
                0x0000000000013ddf                leds_get
                0x0000000000013dec                leds_set
                0x0000000000013e0b                leds_on
                0x0000000000013e31                leds_off
                0x0000000000013e5e                leds_toggle
 .text          0x0000000000013e84     0x3779 obj_cooja/mtype607.a(mqtt.o)
                0x0000000000017027                mqtt_init
                0x00000000000170e5                mqtt_register
                0x0000000000017182                mqtt_connect
                0x0000000000017294                mqtt_disconnect
                0x00000000000172d2                mqtt_subscribe
                0x000000000001738f                mqtt_unsubscribe
                0x000000000001743d                mqtt_publish
                0x000000000001751e                mqtt_set_username_password
                0x00000000000175a9                mqtt_set_last_will
 .text          0x00000000000175fd      0x328 obj_cooja/mtype607.a(contiki-main.o)
                0x00000000000175fd                main
 .text          0x0000000000017925       0x92 obj_cooja/mtype607.a(autostart.o)
                0x0000000000017925                autostart_start
                0x000000000001796f                autostart_exit
 .text          0x00000000000179b7      0x355 obj_cooja/mtype607.a(ctimer.o)
                0x0000000000017adf                ctimer_init
                0x0000000000017b12                ctimer_set
                0x0000000000017b38                ctimer_set_with_process
                0x0000000000017bb5                ctimer_reset
                0x0000000000017c09                ctimer_restart
                0x0000000000017c5d                ctimer_stop
                0x0000000000017cad                ctimer_expired
 .text          0x0000000000017d0c       0x1b obj_cooja/mtype607.a(energest.o)
                0x0000000000017d0c                energest_init
                0x0000000000017d12                energest_flush
                0x0000000000017d18                energest_get_total_time
 .text          0x0000000000017d27      0x43f obj_cooja/mtype607.a(etimer.o)
                0x0000000000017f4b                etimer_request_poll
                0x0000000000017fd4                etimer_set
                0x0000000000017ffd                etimer_reset_with_new_interval
                0x000000000001802c                etimer_reset
                0x0000000000018052                etimer_restart
                0x0000000000018078                etimer_adjust
                0x0000000000018095                etimer_expired
                0x00000000000180a8                etimer_expiration_time
                0x00000000000180ba                etimer_start_time
                0x00000000000180c4                etimer_pending
                0x00000000000180d6                etimer_next_expiration_time
                0x00000000000180f0                etimer_stop
 .text          0x0000000000018166      0x394 obj_cooja/mtype607.a(log.o)
                0x0000000000018166                log_6addr
                0x00000000000181b9                log_6addr_compact_snprint
                0x0000000000018257                log_6addr_compact
                0x00000000000182aa                log_lladdr
                0x000000000001831c                log_lladdr_compact
                0x0000000000018384                log_set_level
                0x000000000001843f                log_get_level
                0x00000000000184b8                log_level_to_str
 .text          0x00000000000184fa      0x4fb obj_cooja/mtype607.a(process.o)
                0x00000000000184fa                process_alloc_event
                0x000000000001850f                process_start
                0x00000000000186e9                process_exit
                0x0000000000018706                process_init
                0x000000000001889b                process_run
                0x00000000000188ce                process_nevents
                0x00000000000188e9                process_post
                0x000000000001897c                process_post_synch
                0x00000000000189b1                process_poll
                0x00000000000189e1                process_is_running
 .text          0x00000000000189f5       0xeb obj_cooja/mtype607.a(rtimer.o)
                0x00000000000189f5                rtimer_init
                0x0000000000018a03                rtimer_set
                0x0000000000018a7e                rtimer_run_next
 .text          0x0000000000018ae0       0x25 obj_cooja/mtype607.a(node-id.o)
                0x0000000000018ae0                node_id_init
 .text          0x0000000000018b05       0x9c obj_cooja/mtype607.a(timer.o)
                0x0000000000018b05                timer_set
                0x0000000000018b23                timer_reset
                0x0000000000018b3b                timer_restart
                0x0000000000018b50                timer_expired
                0x0000000000018b7d                timer_remaining
 .text          0x0000000000018ba1      0x1eb obj_cooja/mtype607.a(serial-line.o)
                0x0000000000018ba1                serial_line_input_byte
                0x0000000000018d57                serial_line_init
 .text          0x0000000000018d8c      0x28f obj_cooja/mtype607.a(list.o)
                0x0000000000018d8c                list_init
                0x0000000000018d9b                list_head
                0x0000000000018da5                list_copy
                0x0000000000018db5                list_tail
                0x0000000000018deb                list_add
                0x0000000000018e37                list_push
                0x0000000000018e63                list_chop
                0x0000000000018ecd                list_pop
                0x0000000000018ef5                list_remove
                0x0000000000018f5d                list_length
                0x0000000000018f8b                list_insert
                0x0000000000018fd0                list_item_next
                0x0000000000018fe7                list_contains
 .text          0x000000000001901b      0x156 obj_cooja/mtype607.a(ringbuf.o)
                0x000000000001901b                ringbuf_init
                0x000000000001904d                ringbuf_put
                0x00000000000190cb                ringbuf_get
                0x0000000000019138                ringbuf_size
                0x000000000001914a                ringbuf_elements
 .text          0x0000000000019171      0x407 obj_cooja/mtype607.a(packetbuf.o)
                0x0000000000019171                packetbuf_clear
                0x000000000001919c                packetbuf_copyfrom
                0x00000000000191eb                packetbuf_copyto
                0x000000000001927e                packetbuf_hdralloc
                0x00000000000192fa                packetbuf_hdrreduce
                0x0000000000019340                packetbuf_set_datalen
                0x000000000001935a                packetbuf_dataptr
                0x0000000000019377                packetbuf_hdrptr
                0x0000000000019381                packetbuf_datalen
                0x000000000001938d                packetbuf_hdrlen
                0x00000000000193a4                packetbuf_totlen
                0x00000000000193ba                packetbuf_remaininglen
                0x00000000000193cd                packetbuf_attr_clear
                0x0000000000019419                packetbuf_attr_copyto
                0x0000000000019471                packetbuf_attr_copyfrom
                0x00000000000194c9                packetbuf_set_attr
                0x00000000000194f3                packetbuf_attr
                0x000000000001950d                packetbuf_set_addr
                0x000000000001953e                packetbuf_addr
                0x000000000001955b                packetbuf_holds_broadcast
 .text          0x0000000000019578       0xef obj_cooja/mtype607.a(netstack.o)
                0x0000000000019578                netstack_process_ip_callback
                0x0000000000019609                netstack_ip_packet_processor_add
                0x000000000001962c                uip_ds6_ip_packet_processor_rm
                0x0000000000019649                netstack_init
 .text          0x0000000000019667       0x4f obj_cooja/mtype607.a(linkaddr.o)
                0x0000000000019667                linkaddr_copy
                0x000000000001967d                linkaddr_cmp
                0x00000000000196a0                linkaddr_set_node_addr
 .text          0x00000000000196b6      0x165 obj_cooja/mtype607.a(csma.o)
 .text          0x000000000001981b      0x944 obj_cooja/mtype607.a(csma-output.o)
                0x0000000000019e94                csma_output_packet
                0x000000000001a121                csma_output_init
 .text          0x000000000001a15f      0xb25 obj_cooja/mtype607.a(uip-ds6.o)
                0x000000000001a15f                uip_ds6_init
                0x000000000001a30a                uip_ds6_periodic
                0x000000000001a391                uip_ds6_list_loop
                0x000000000001a451                uip_ds6_prefix_add
                0x000000000001a4fd                uip_ds6_prefix_rm
                0x000000000001a510                uip_ds6_prefix_lookup
                0x000000000001a54f                uip_ds6_is_addr_onlink
                0x000000000001a5c2                uip_ds6_addr_add
                0x000000000001a6e2                uip_ds6_addr_rm
                0x000000000001a78b                uip_ds6_addr_lookup
                0x000000000001a7c4                uip_ds6_get_link_local
                0x000000000001a845                uip_ds6_get_global
                0x000000000001a8c6                uip_ds6_maddr_add
                0x000000000001a926                uip_ds6_maddr_rm
                0x000000000001a939                uip_ds6_maddr_lookup
                0x000000000001a972                uip_ds6_aaddr_add
                0x000000000001a9d2                uip_ds6_aaddr_rm
                0x000000000001a9e5                uip_ds6_aaddr_lookup
                0x000000000001aa1e                uip_ds6_select_src
                0x000000000001ab67                uip_ds6_set_addr_iid
                0x000000000001ab92                uip_ds6_set_lladdr_from_iid
                0x000000000001abbb                get_match_length
                0x000000000001ac4c                uip_ds6_compute_reachable_time
 .text          0x000000000001ac84      0x9d5 obj_cooja/mtype607.a(tcp-socket.o)
                0x000000000001b2cf                tcp_socket_register
                0x000000000001b360                tcp_socket_connect
                0x000000000001b3f7                tcp_socket_listen
                0x000000000001b46e                tcp_socket_unlisten
                0x000000000001b4e2                tcp_socket_send
                0x000000000001b582                tcp_socket_send_str
                0x000000000001b5aa                tcp_socket_close
                0x000000000001b5d3                tcp_socket_unregister
                0x000000000001b62d                tcp_socket_max_sendlen
                0x000000000001b64a                tcp_socket_queuelen
 .text          0x000000000001b659      0xa72 obj_cooja/mtype607.a(tcpip.o)
                0x000000000001b673                tcpip_output
                0x000000000001b757                tcp_connect
                0x000000000001b7af                tcp_unlisten
                0x000000000001b80f                tcp_listen
                0x000000000001b86d                tcp_attach
                0x000000000001b885                udp_attach
                0x000000000001b89d                udp_new
                0x000000000001b8e7                udp_broadcast_new
                0x000000000001bb6c                tcpip_input
                0x000000000001bd0c                tcpip_ipv6_output
                0x000000000001bf20                tcpip_poll_udp
                0x000000000001bf3e                tcpip_poll_tcp
                0x000000000001bf5c                tcpip_uipcall
 .text          0x000000000001c0cb      0x35b obj_cooja/mtype607.a(uip-ds6-route.o)
                0x000000000001c11c                uip_ds6_route_init
                0x000000000001c146                uip_ds6_route_nexthop
                0x000000000001c150                uip_ds6_route_head
                0x000000000001c15a                uip_ds6_route_next
                0x000000000001c164                uip_ds6_route_is_nexthop
                0x000000000001c16e                uip_ds6_route_num_routes
                0x000000000001c178                uip_ds6_route_lookup
                0x000000000001c182                uip_ds6_route_add
                0x000000000001c195                uip_ds6_route_rm
                0x000000000001c19b                uip_ds6_route_rm_by_nexthop
                0x000000000001c1a1                uip_ds6_defrt_head
                0x000000000001c1ba                uip_ds6_defrt_add
                0x000000000001c268                uip_ds6_defrt_rm
                0x000000000001c2ce                uip_ds6_defrt_lookup
                0x000000000001c335                uip_ds6_defrt_choose
                0x000000000001c3ab                uip_ds6_defrt_periodic
 .text          0x000000000001c426     0x2802 obj_cooja/mtype607.a(uip6.o)
                0x000000000001c426                uip_add32
                0x000000000001c5c0                uip_chksum
                0x000000000001c6a1                uip_icmp6chksum
                0x000000000001c6b6                uip_tcpchksum
                0x000000000001c6cb                uip_udpchksum
                0x000000000001c6e0                uip_init
                0x000000000001c76b                uip_connect
                0x000000000001c8f4                remove_ext_hdr
                0x000000000001c9d9                uip_udp_new
                0x000000000001cafb                uip_unlisten
                0x000000000001cb3d                uip_listen
                0x000000000001cdde                uip_process
                0x000000000001eb23                uip_htons
                0x000000000001eb45                uip_htonl
                0x000000000001eb83                uip_send
 .text          0x000000000001ec28      0x374 obj_cooja/mtype607.a(uip-ds6-nbr.o)
                0x000000000001ec28                uip_ds6_neighbors_init
                0x000000000001ec4c                uip_ds6_nbr_add
                0x000000000001ecd2                uip_ds6_nbr_rm
                0x000000000001ed1d                uip_ds6_nbr_update_ll
                0x000000000001ee0b                uip_ds6_nbr_get_ipaddr
                0x000000000001ee20                uip_ds6_nbr_get_ll
                0x000000000001ee3c                uip_ds6_nbr_num
                0x000000000001ee85                uip_ds6_nbr_head
                0x000000000001ee9e                uip_ds6_nbr_next
                0x000000000001eeba                uip_ds6_nbr_lookup
                0x000000000001ef1d                uip_ds6_nbr_ll_lookup
                0x000000000001ef39                uip_ds6_nbr_ipaddr_from_lladdr
                0x000000000001ef62                uip_ds6_nbr_lladdr_from_ipaddr
                0x000000000001ef96                uip_ds6_link_callback
 .text          0x000000000001ef9c      0x6b5 obj_cooja/mtype607.a(uip-nd6.o)
                0x000000000001f638                uip_nd6_init
 .text          0x000000000001f651     0x2a78 obj_cooja/mtype607.a(sicslowpan.o)
                0x000000000001fb4f                netstack_sniffer_add
                0x000000000001fb5d                netstack_sniffer_remove
                0x0000000000022095                sicslowpan_init
                0x00000000000220bf                sicslowpan_get_last_rssi
 .text          0x00000000000220c9      0x4d1 obj_cooja/mtype607.a(uiplib.o)
                0x00000000000220c9                uiplib_ip6addrconv
                0x0000000000022281                uiplib_ip4addrconv
                0x0000000000022344                uiplib_ipaddr_print
                0x0000000000022397                uiplib_ipaddr_snprint
 .text          0x000000000002259a      0x4c9 obj_cooja/mtype607.a(rpl.o)
                0x000000000002259a                rpl_lollipop_greater_than
                0x00000000000225f4                rpl_get_global_address
                0x00000000000226ec                rpl_link_callback
                0x0000000000022730                rpl_has_joined
                0x0000000000022755                rpl_is_reachable
                0x00000000000227d6                rpl_reset_prefix
                0x0000000000022840                rpl_set_prefix_from_addr
                0x0000000000022925                rpl_set_prefix
                0x0000000000022a3f                rpl_set_leaf_only
                0x0000000000022a57                rpl_get_leaf_only
 .text          0x0000000000022a63     0x13cb obj_cooja/mtype607.a(rpl-icmp6.o)
                0x0000000000022b88                rpl_icmp6_update_nbr_table
                0x0000000000022c21                rpl_icmp6_dis_output
                0x0000000000023277                rpl_icmp6_dio_output
                0x0000000000023a84                rpl_icmp6_dao_output
                0x0000000000023d75                rpl_icmp6_dao_ack_output
                0x0000000000023de5                rpl_icmp6_init
 .text          0x0000000000023e2e      0xe51 obj_cooja/mtype607.a(rpl-dag.o)
                0x0000000000023e2e                rpl_dag_state_to_str
                0x0000000000023e6d                rpl_dag_get_root_ipaddr
                0x0000000000023eb5                rpl_dag_leave
                0x0000000000023f3e                rpl_dag_poison_and_leave
                0x0000000000023f56                rpl_dag_periodic
                0x0000000000023fde                rpl_is_addr_in_our_dag
                0x0000000000024022                rpl_get_default_instance
                0x000000000002403e                rpl_get_any_dag
                0x0000000000024097                rpl_refresh_routes
                0x00000000000240d7                rpl_global_repair
                0x0000000000024163                rpl_local_repair
                0x00000000000241ad                rpl_dag_ready_to_advertise
                0x00000000000241f0                rpl_dag_update_state
                0x0000000000024914                rpl_process_dio
                0x0000000000024995                rpl_process_dis
                0x00000000000249da                rpl_process_dao
                0x0000000000024a69                rpl_process_dao_ack
                0x0000000000024afb                rpl_process_hbh
                0x0000000000024b4b                rpl_dag_init_root
                0x0000000000024c5f                rpl_dag_init
 .text          0x0000000000024c7f      0x286 obj_cooja/mtype607.a(rpl-dag-root.o)
                0x0000000000024c7f                rpl_dag_root_print_links
                0x0000000000024dcd                rpl_dag_root_set_prefix
                0x0000000000024df9                rpl_dag_root_start
                0x0000000000024ed6                rpl_dag_root_is_root
 .text          0x0000000000024f05       0x1e obj_cooja/mtype607.a(watchdog.o)
                0x0000000000024f05                watchdog_init
                0x0000000000024f0b                watchdog_start
                0x0000000000024f11                watchdog_periodic
                0x0000000000024f17                watchdog_stop
                0x0000000000024f1d                watchdog_reboot
 .text          0x0000000000024f23       0xb2 obj_cooja/mtype607.a(stimer.o)
                0x0000000000024f23                stimer_set
                0x0000000000024f41                stimer_reset
                0x0000000000024f59                stimer_restart
                0x0000000000024f6e                stimer_expired
                0x0000000000024f99                stimer_remaining
                0x0000000000024fbd                stimer_elapsed
 .text          0x0000000000024fd5      0x1b8 obj_cooja/mtype607.a(memb.o)
                0x0000000000024fd5                memb_init
                0x000000000002502a                memb_alloc
                0x000000000002508f                memb_free
                0x000000000002510a                memb_inmemb
                0x0000000000025149                memb_numfree
 .text          0x000000000002518d      0x2e7 obj_cooja/mtype607.a(queuebuf.o)
                0x0000000000025197                queuebuf_init
                0x00000000000251c0                queuebuf_numfree
                0x00000000000251d8                queuebuf_new_from_packetbuf
                0x0000000000025277                queuebuf_update_attr_from_packetbuf
                0x00000000000252ac                queuebuf_update_from_packetbuf
                0x00000000000252fc                queuebuf_free
                0x0000000000025345                queuebuf_to_packetbuf
                0x00000000000253b1                queuebuf_dataptr
                0x00000000000253eb                queuebuf_datalen
                0x000000000002540e                queuebuf_addr
                0x0000000000025443                queuebuf_attr
                0x000000000002546e                queuebuf_debug_print
 .text          0x0000000000025474      0x78b obj_cooja/mtype607.a(nbr-table.o)
                0x00000000000258ed                nbr_table_register
                0x000000000002595a                nbr_table_is_registered
                0x0000000000025995                nbr_table_head
                0x00000000000259f0                nbr_table_next
                0x0000000000025a51                nbr_table_add_lladdr
                0x0000000000025b1b                nbr_table_get_from_lladdr
                0x0000000000025b67                nbr_table_remove
                0x0000000000025b9f                nbr_table_lock
                0x0000000000025bb9                nbr_table_unlock
                0x0000000000025bd3                nbr_table_get_lladdr
 .text          0x0000000000025bff      0x37c obj_cooja/mtype607.a(link-stats.o)
                0x0000000000025bff                link_stats_from_lladdr
                0x0000000000025c1b                link_stats_is_fresh
                0x0000000000025c57                guess_etx_from_rssi
                0x0000000000025cd3                link_stats_packet_sent
                0x0000000000025de6                link_stats_input_callback
                0x0000000000025ef6                link_stats_reset
                0x0000000000025f46                link_stats_init
 .text          0x0000000000025f7b      0x187 obj_cooja/mtype607.a(mac-sequence.o)
                0x0000000000025f7b                mac_sequence_is_duplicate
                0x000000000002601b                mac_sequence_register_seqno
 .text          0x0000000000026102       0x23 obj_cooja/mtype607.a(mac.o)
                0x0000000000026102                mac_call_sent_callback
 .text          0x0000000000026125      0x41d obj_cooja/mtype607.a(framer-802154.o)
                0x00000000000262b4                framer_802154_setup_params
 .text          0x0000000000026542      0xb6f obj_cooja/mtype607.a(frame802154.o)
                0x0000000000026573                frame802154_get_pan_id
                0x000000000002657f                frame802154_set_pan_id
                0x0000000000026599                frame802154_has_panid
                0x0000000000026748                frame802154_check_dest_panid
                0x00000000000267d0                frame802154_is_broadcast_addr
                0x000000000002681d                frame802154_extract_linkaddr
                0x0000000000026a82                frame802154_hdrlen
                0x0000000000026af5                frame802154_create_fcf
                0x0000000000026bad                frame802154_create
                0x0000000000026d22                frame802154_parse_fcf
                0x0000000000026e04                frame802154_parse
 .text          0x00000000000270b1      0x1ec obj_cooja/mtype607.a(uipbuf.o)
                0x00000000000270b1                uipbuf_get_next_header
                0x0000000000027120                uipbuf_get_last_header
                0x00000000000271a7                uipbuf_get_attr
                0x00000000000271ce                uipbuf_set_attr
                0x0000000000027205                uipbuf_clear_attr
                0x0000000000027231                uipbuf_set_attr_flag
                0x0000000000027252                uipbuf_clr_attr_flag
                0x0000000000027279                uipbuf_is_attr_flag
 .text          0x000000000002729d      0x96e obj_cooja/mtype607.a(uip-icmp6.o)
                0x0000000000027312                uip_icmp6_input
                0x0000000000027369                uip_icmp6_register_input_handler
                0x0000000000027575                uip_icmp6_error_output
                0x00000000000278d4                uip_icmp6_send
                0x0000000000027b93                uip_icmp6_echo_reply_callback_add
                0x0000000000027bc5                uip_icmp6_echo_reply_callback_rm
                0x0000000000027be2                uip_icmp6_init
 .text          0x0000000000027c0b      0x69b obj_cooja/mtype607.a(uip-sr.o)
                0x0000000000027c0b                uip_sr_num_nodes
                0x0000000000027c99                uip_sr_get_node
                0x0000000000027cf0                uip_sr_is_addr_reachable
                0x0000000000027d9e                uip_sr_expire_parent
                0x0000000000027de7                uip_sr_update_node
                0x0000000000027f17                uip_sr_init
                0x0000000000027f4b                uip_sr_node_head
                0x0000000000027f64                uip_sr_node_next
                0x0000000000027f7a                uip_sr_periodic
                0x0000000000028080                uip_sr_free_all
                0x00000000000280f0                uip_sr_link_snprint
 .text          0x00000000000282a6      0x146 obj_cooja/mtype607.a(uip-packetqueue)
                0x00000000000282d4                uip_packetqueue_new
                0x00000000000282e3                uip_packetqueue_alloc
                0x000000000002833e                uip_packetqueue_free
                0x0000000000028385                uip_packetqueue_buf
                0x00000000000283a2                uip_packetqueue_buflen
                0x00000000000283c3                uip_packetqueue_set_buflen
 .text          0x00000000000283ec      0x1c8 obj_cooja/mtype607.a(rpl-nbr-policy.)
                0x0000000000028571                rpl_nbr_policy_find_removable
 .text          0x00000000000285b4      0x8ed obj_cooja/mtype607.a(rpl-neighbor.o)
                0x0000000000028630                rpl_neighbor_snprint
                0x00000000000288dd                rpl_neighbor_print_list
                0x0000000000028992                rpl_neighbor_count
                0x0000000000028a39                rpl_neighbor_get_from_lladdr
                0x0000000000028a55                rpl_neighbor_is_acceptable_parent
                0x0000000000028a89                rpl_neighbor_get_link_metric
                0x0000000000028abd                rpl_neighbor_rank_via_nbr
                0x0000000000028af1                rpl_neighbor_get_lladdr
                0x0000000000028b0d                rpl_neighbor_get_ipaddr
                0x0000000000028b34                rpl_neighbor_get_link_stats
                0x0000000000028b5b                rpl_neighbor_is_fresh
                0x0000000000028b82                rpl_neighbor_is_reachable
                0x0000000000028bcd                rpl_neighbor_is_parent
                0x0000000000028bf7                rpl_neighbor_set_preferred_parent
                0x0000000000028c83                rpl_neighbor_remove_all
                0x0000000000028cd2                rpl_neighbor_get_from_ipaddr
                0x0000000000028dd6                rpl_neighbor_select_best
                0x0000000000028e82                rpl_neighbor_init
 .text          0x0000000000028ea1      0xa19 obj_cooja/mtype607.a(rpl-timers.o)
                0x0000000000028ea1                rpl_timers_schedule_periodic_dis
                0x0000000000028fef                rpl_timers_dio_reset
                0x00000000000290e0                rpl_timers_schedule_unicast_dio
                0x0000000000029266                rpl_timers_schedule_dao
                0x00000000000293a0                rpl_timers_schedule_dao_ack
                0x0000000000029426                get_probing_delay
                0x000000000002945a                get_probing_target
                0x0000000000029644                rpl_schedule_probing
                0x0000000000029672                rpl_schedule_probing_now
                0x00000000000296dc                rpl_timers_unschedule_leaving
                0x0000000000029714                rpl_timers_schedule_leaving
                0x0000000000029755                rpl_timers_init
                0x00000000000297e5                rpl_timers_stop_dag_timers
                0x000000000002985e                rpl_timers_unschedule_state_update
                0x0000000000029882                rpl_timers_schedule_state_update
 .text          0x00000000000298ba     0x102c obj_cooja/mtype607.a(rpl-ext-header.)
                0x00000000000298ba                rpl_ext_header_srh_get_next_hop
                0x0000000000029a36                rpl_ext_header_srh_update
                0x000000000002a12f                rpl_ext_header_hbh_update
                0x000000000002a684                rpl_ext_header_update
                0x000000000002a70d                rpl_ext_header_remove
 .text          0x000000000002a8e6      0x31b obj_cooja/mtype607.a(rpl-mrhof.o)
 .text          0x000000000002ac01        0x0 /usr/lib/gcc/i686-linux-gnu/5/crtendS.o
 .text          0x000000000002ac01        0x0 /usr/lib/gcc/i686-linux-gnu/5/../../../i386-linux-gnu/crtn.o
 *(.gnu.warning)

.fini           0x000000000002ac04       0x14
 *(SORT(.fini))
 .fini          0x000000000002ac04        0xf /usr/lib/gcc/i686-linux-gnu/5/../../../i386-linux-gnu/crti.o
                0x000000000002ac04                _fini
 .fini          0x000000000002ac13        0x5 /usr/lib/gcc/i686-linux-gnu/5/../../../i386-linux-gnu/crtn.o
                [!provide]                        PROVIDE (__etext, .)
                [!provide]                        PROVIDE (_etext, .)
                [!provide]                        PROVIDE (etext, .)

.rodata         0x000000000002ac20      0xc20
 *(.rodata .rodata.* .gnu.linkonce.r.*)
 .rodata        0x000000000002ac20      0x4a2 mqtt-demo.o
                0x000000000002ac28                autostart_processes
 *fill*         0x000000000002b0c2        0x2 
 .rodata        0x000000000002b0c4        0x8 obj_cooja/mtype607.a(beep.o)
                0x000000000002b0c4                beep_interface
 .rodata        0x000000000002b0cc       0x20 obj_cooja/mtype607.a(button-sensor.o)
                0x000000000002b0cc                button_interface
                0x000000000002b0dc                button_sensor
 .rodata        0x000000000002b0ec        0x8 obj_cooja/mtype607.a(leds-arch.o)
                0x000000000002b0ec                leds_interface
 .rodata        0x000000000002b0f4        0x8 obj_cooja/mtype607.a(moteid.o)
                0x000000000002b0f4                moteid_interface
 .rodata        0x000000000002b0fc       0x1c obj_cooja/mtype607.a(pir-sensor.o)
                0x000000000002b0fc                pir_interface
                0x000000000002b108                pir_sensor
 .rodata        0x000000000002b118        0xe obj_cooja/mtype607.a(rs232.o)
                0x000000000002b118                rs232_interface
 *fill*         0x000000000002b126        0x2 
 .rodata        0x000000000002b128       0x24 obj_cooja/mtype607.a(vib-sensor.o)
                0x000000000002b128                vib_interface
                0x000000000002b13c                vib_sensor
 .rodata        0x000000000002b14c        0x8 obj_cooja/mtype607.a(clock.o)
                0x000000000002b14c                clock_interface
 .rodata        0x000000000002b154        0x8 obj_cooja/mtype607.a(cooja-log.o)
                0x000000000002b154                simlog_interface
 .rodata        0x000000000002b15c       0x2f obj_cooja/mtype607.a(cfs-cooja.o)
                0x000000000002b15c                cfs_interface
 *fill*         0x000000000002b18b       0x15 
 .rodata        0x000000000002b1a0       0x58 obj_cooja/mtype607.a(cooja-radio.o)
                0x000000000002b1a0                radio_interface
                0x000000000002b1c0                cooja_radio_driver
 .rodata        0x000000000002b1f8        0x8 obj_cooja/mtype607.a(eeprom.o)
                0x000000000002b1f8                eeprom_interface
 .rodata        0x000000000002b200        0x8 obj_cooja/mtype607.a(sensors.o)
 .rodata        0x000000000002b208       0x14 obj_cooja/mtype607.a(mqtt.o)
 .rodata        0x000000000002b21c       0xf8 obj_cooja/mtype607.a(contiki-main.o)
 .rodata        0x000000000002b314        0xf obj_cooja/mtype607.a(ctimer.o)
 .rodata        0x000000000002b323        0xc obj_cooja/mtype607.a(etimer.o)
 *fill*         0x000000000002b32f        0x1 
 .rodata        0x000000000002b330       0xc0 obj_cooja/mtype607.a(log.o)
 .rodata        0x000000000002b3f0        0xe obj_cooja/mtype607.a(serial-line.o)
 *fill*         0x000000000002b3fe        0x2 
 .rodata        0x000000000002b400        0x8 obj_cooja/mtype607.a(linkaddr.o)
                0x000000000002b400                linkaddr_null
 .rodata        0x000000000002b408       0x20 obj_cooja/mtype607.a(csma.o)
                0x000000000002b410                csma_driver
 .rodata        0x000000000002b428       0x13 obj_cooja/mtype607.a(tcp-socket.o)
 .rodata        0x000000000002b43b        0xd obj_cooja/mtype607.a(tcpip.o)
 .rodata        0x000000000002b448       0x4d obj_cooja/mtype607.a(uip-ds6-route.o)
 *fill*         0x000000000002b495        0x3 
 .rodata        0x000000000002b498      0x13c obj_cooja/mtype607.a(uip6.o)
 .rodata        0x000000000002b5d4       0x30 obj_cooja/mtype607.a(sicslowpan.o)
                0x000000000002b5d4                unc_llconf
                0x000000000002b5d8                unc_ctxconf
                0x000000000002b5dc                unc_mxconf
                0x000000000002b5e0                llprefix
                0x000000000002b5f4                sicslowpan_driver
 .rodata        0x000000000002b604       0x2d obj_cooja/mtype607.a(uiplib.o)
 *fill*         0x000000000002b631        0xf 
 .rodata        0x000000000002b640       0x70 obj_cooja/mtype607.a(rpl.o)
                0x000000000002b660                rpl_lite_driver
 .rodata        0x000000000002b6b0       0xdb obj_cooja/mtype607.a(rpl-dag.o)
 *fill*         0x000000000002b78b        0x1 
 .rodata        0x000000000002b78c        0xc obj_cooja/mtype607.a(framer-802154.o)
                0x000000000002b78c                framer_802154
 .rodata        0x000000000002b798       0x44 obj_cooja/mtype607.a(uip-sr.o)
 .rodata        0x000000000002b7dc       0x58 obj_cooja/mtype607.a(rpl-neighbor.o)
 .rodata        0x000000000002b834        0xc obj_cooja/mtype607.a(rpl-timers.o)

.rodata1
 *(.rodata1)

.eh_frame_hdr   0x000000000002b840     0x168c
 *(.eh_frame_hdr)
 .eh_frame_hdr  0x000000000002b840     0x168c mqtt-demo.o
                0x000000000002b840                __GNU_EH_FRAME_HDR
 *(.eh_frame_entry .eh_frame_entry.*)

.eh_frame       0x000000000002cecc     0x5b5c
 *(.eh_frame)
 .eh_frame      0x000000000002cecc       0x3c /usr/lib/gcc/i686-linux-gnu/5/../../../i386-linux-gnu/crti.o
                                         0x40 (size before relaxing)
 .eh_frame      0x000000000002cf08      0x2ac mqtt-demo.o
                                        0x2c4 (size before relaxing)
 .eh_frame      0x000000000002d1b4      0x178 obj_cooja/mtype607.o
                                        0x190 (size before relaxing)
 .eh_frame      0x000000000002d32c       0x40 obj_cooja/mtype607.a(simEnvChange.o)
                                         0x58 (size before relaxing)
 .eh_frame      0x000000000002d36c       0x60 obj_cooja/mtype607.a(cooja_mt.o)
                                         0x78 (size before relaxing)
 .eh_frame      0x000000000002d3cc       0x80 obj_cooja/mtype607.a(cooja_mtarch.o)
                                         0x98 (size before relaxing)
 .eh_frame      0x000000000002d44c       0xc8 obj_cooja/mtype607.a(rtimer-arch.o)
                                         0xe0 (size before relaxing)
 .eh_frame      0x000000000002d514      0x160 obj_cooja/mtype607.a(beep.o)
                                        0x178 (size before relaxing)
 .eh_frame      0x000000000002d674       0xa0 obj_cooja/mtype607.a(button-sensor.o)
                                         0xb8 (size before relaxing)
 .eh_frame      0x000000000002d714       0xa0 obj_cooja/mtype607.a(leds-arch.o)
                                         0xb8 (size before relaxing)
 .eh_frame      0x000000000002d7b4       0x40 obj_cooja/mtype607.a(moteid.o)
                                         0x58 (size before relaxing)
 .eh_frame      0x000000000002d7f4       0xa0 obj_cooja/mtype607.a(pir-sensor.o)
                                         0xb8 (size before relaxing)
 .eh_frame      0x000000000002d894      0x100 obj_cooja/mtype607.a(rs232.o)
                                        0x118 (size before relaxing)
 .eh_frame      0x000000000002d994       0xa0 obj_cooja/mtype607.a(vib-sensor.o)
                                         0xb8 (size before relaxing)
 .eh_frame      0x000000000002da34       0xc0 obj_cooja/mtype607.a(clock.o)
                                         0xd8 (size before relaxing)
 .eh_frame      0x000000000002daf4      0x120 obj_cooja/mtype607.a(cooja-log.o)
                                        0x138 (size before relaxing)
 .eh_frame      0x000000000002dc14      0x160 obj_cooja/mtype607.a(cfs-cooja.o)
                                        0x178 (size before relaxing)
 .eh_frame      0x000000000002dd74      0x340 obj_cooja/mtype607.a(cooja-radio.o)
                                        0x358 (size before relaxing)
 .eh_frame      0x000000000002e0b4       0xa0 obj_cooja/mtype607.a(eeprom.o)
                                         0xb8 (size before relaxing)
 .eh_frame      0x000000000002e154       0x40 obj_cooja/mtype607.a(random.o)
                                         0x58 (size before relaxing)
 .eh_frame      0x000000000002e194       0xc0 obj_cooja/mtype607.a(sensors.o)
                                         0xd8 (size before relaxing)
 .eh_frame      0x000000000002e254       0xe0 obj_cooja/mtype607.a(leds.o)
                                         0xf8 (size before relaxing)
 .eh_frame      0x000000000002e334      0x4a4 obj_cooja/mtype607.a(mqtt.o)
                                        0x4bc (size before relaxing)
 .eh_frame      0x000000000002e7d8       0x30 obj_cooja/mtype607.a(contiki-main.o)
                                         0x48 (size before relaxing)
 .eh_frame      0x000000000002e808       0x40 obj_cooja/mtype607.a(autostart.o)
                                         0x58 (size before relaxing)
 .eh_frame      0x000000000002e848      0x100 obj_cooja/mtype607.a(ctimer.o)
                                        0x118 (size before relaxing)
 .eh_frame      0x000000000002e948       0x60 obj_cooja/mtype607.a(energest.o)
                                         0x78 (size before relaxing)
 .eh_frame      0x000000000002e9a8      0x1e0 obj_cooja/mtype607.a(etimer.o)
                                        0x1f8 (size before relaxing)
 .eh_frame      0x000000000002eb88      0x100 obj_cooja/mtype607.a(log.o)
                                        0x118 (size before relaxing)
 .eh_frame      0x000000000002ec88      0x1c4 obj_cooja/mtype607.a(process.o)
                                        0x1dc (size before relaxing)
 .eh_frame      0x000000000002ee4c       0x60 obj_cooja/mtype607.a(rtimer.o)
                                         0x78 (size before relaxing)
 .eh_frame      0x000000000002eeac       0x20 obj_cooja/mtype607.a(node-id.o)
                                         0x38 (size before relaxing)
 .eh_frame      0x000000000002eecc       0xa4 obj_cooja/mtype607.a(timer.o)
                                         0xbc (size before relaxing)
 .eh_frame      0x000000000002ef70       0x60 obj_cooja/mtype607.a(serial-line.o)
                                         0x78 (size before relaxing)
 .eh_frame      0x000000000002efd0      0x1a0 obj_cooja/mtype607.a(list.o)
                                        0x1b8 (size before relaxing)
 .eh_frame      0x000000000002f170       0xa0 obj_cooja/mtype607.a(ringbuf.o)
                                         0xb8 (size before relaxing)
 .eh_frame      0x000000000002f210      0x28c obj_cooja/mtype607.a(packetbuf.o)
                                        0x2a4 (size before relaxing)
 .eh_frame      0x000000000002f49c       0x80 obj_cooja/mtype607.a(netstack.o)
                                         0x98 (size before relaxing)
 .eh_frame      0x000000000002f51c       0x60 obj_cooja/mtype607.a(linkaddr.o)
                                         0x78 (size before relaxing)
 .eh_frame      0x000000000002f57c       0xa0 obj_cooja/mtype607.a(csma.o)
                                         0xb8 (size before relaxing)
 .eh_frame      0x000000000002f61c      0x1d4 obj_cooja/mtype607.a(csma-output.o)
                                        0x1ec (size before relaxing)
 .eh_frame      0x000000000002f7f0      0x2e8 obj_cooja/mtype607.a(uip-ds6.o)
                                        0x300 (size before relaxing)
 .eh_frame      0x000000000002fad8      0x248 obj_cooja/mtype607.a(tcp-socket.o)
                                        0x260 (size before relaxing)
 .eh_frame      0x000000000002fd20      0x308 obj_cooja/mtype607.a(tcpip.o)
                                        0x320 (size before relaxing)
 .eh_frame      0x0000000000030028      0x220 obj_cooja/mtype607.a(uip-ds6-route.o)
                                        0x238 (size before relaxing)
 .eh_frame      0x0000000000030248      0x274 obj_cooja/mtype607.a(uip6.o)
                                        0x28c (size before relaxing)
 .eh_frame      0x00000000000304bc      0x1c0 obj_cooja/mtype607.a(uip-ds6-nbr.o)
                                        0x1d8 (size before relaxing)
 .eh_frame      0x000000000003067c       0x84 obj_cooja/mtype607.a(uip-nd6.o)
                                         0x9c (size before relaxing)
 .eh_frame      0x0000000000030700      0x2f8 obj_cooja/mtype607.a(sicslowpan.o)
                                        0x310 (size before relaxing)
 .eh_frame      0x00000000000309f8       0x88 obj_cooja/mtype607.a(uiplib.o)
                                         0xa0 (size before relaxing)
 .eh_frame      0x0000000000030a80      0x1e0 obj_cooja/mtype607.a(rpl.o)
                                        0x1f8 (size before relaxing)
 .eh_frame      0x0000000000030c60      0x1c4 obj_cooja/mtype607.a(rpl-icmp6.o)
                                        0x1dc (size before relaxing)
 .eh_frame      0x0000000000030e24      0x370 obj_cooja/mtype607.a(rpl-dag.o)
                                        0x388 (size before relaxing)
 .eh_frame      0x0000000000031194       0xa0 obj_cooja/mtype607.a(rpl-dag-root.o)
                                         0xb8 (size before relaxing)
 .eh_frame      0x0000000000031234       0xa0 obj_cooja/mtype607.a(watchdog.o)
                                         0xb8 (size before relaxing)
 .eh_frame      0x00000000000312d4       0xc4 obj_cooja/mtype607.a(stimer.o)
                                         0xdc (size before relaxing)
 .eh_frame      0x0000000000031398       0xa0 obj_cooja/mtype607.a(memb.o)
                                         0xb8 (size before relaxing)
 .eh_frame      0x0000000000031438      0x1a0 obj_cooja/mtype607.a(queuebuf.o)
                                        0x1b8 (size before relaxing)
 .eh_frame      0x00000000000315d8      0x2ac obj_cooja/mtype607.a(nbr-table.o)
                                        0x2c4 (size before relaxing)
 .eh_frame      0x0000000000031884      0x100 obj_cooja/mtype607.a(link-stats.o)
                                        0x118 (size before relaxing)
 .eh_frame      0x0000000000031984       0x48 obj_cooja/mtype607.a(mac-sequence.o)
                                         0x60 (size before relaxing)
 .eh_frame      0x00000000000319cc       0x20 obj_cooja/mtype607.a(mac.o)
                                         0x38 (size before relaxing)
 .eh_frame      0x00000000000319ec       0xa4 obj_cooja/mtype607.a(framer-802154.o)
                                         0xbc (size before relaxing)
 .eh_frame      0x0000000000031a90      0x1a4 obj_cooja/mtype607.a(frame802154.o)
                                        0x1bc (size before relaxing)
 .eh_frame      0x0000000000031c34      0x100 obj_cooja/mtype607.a(uipbuf.o)
                                        0x118 (size before relaxing)
 .eh_frame      0x0000000000031d34      0x160 obj_cooja/mtype607.a(uip-icmp6.o)
                                        0x178 (size before relaxing)
 .eh_frame      0x0000000000031e94      0x184 obj_cooja/mtype607.a(uip-sr.o)
                                        0x19c (size before relaxing)
 .eh_frame      0x0000000000032018       0xe0 obj_cooja/mtype607.a(uip-packetqueue)
                                         0xf8 (size before relaxing)
 .eh_frame      0x00000000000320f8       0x80 obj_cooja/mtype607.a(rpl-nbr-policy.)
                                         0x98 (size before relaxing)
 .eh_frame      0x0000000000032178      0x2d4 obj_cooja/mtype607.a(rpl-neighbor.o)
                                        0x2ec (size before relaxing)
 .eh_frame      0x000000000003244c      0x368 obj_cooja/mtype607.a(rpl-timers.o)
                                        0x380 (size before relaxing)
 .eh_frame      0x00000000000327b4      0x128 obj_cooja/mtype607.a(rpl-ext-header.)
                                        0x140 (size before relaxing)
 .eh_frame      0x00000000000328dc      0x148 obj_cooja/mtype607.a(rpl-mrhof.o)
                                        0x160 (size before relaxing)
 .eh_frame      0x0000000000032a24        0x4 /usr/lib/gcc/i686-linux-gnu/5/crtendS.o
 *(.eh_frame.*)

.gcc_except_table
 *(.gcc_except_table .gcc_except_table.*)

.gnu_extab
 *(.gnu_extab*)

.exception_ranges
 *(.exception_ranges .exception_ranges*)
                0x0000000000033f10                . = DATA_SEGMENT_ALIGN (0x1000, 0x1000)

.eh_frame
 *(.eh_frame)
 *(.eh_frame.*)

.gnu_extab
 *(.gnu_extab)

.gcc_except_table
 *(.gcc_except_table .gcc_except_table.*)

.exception_ranges
 *(.exception_ranges .exception_ranges*)

.tdata
 *(.tdata .tdata.* .gnu.linkonce.td.*)

.tbss
 *(.tbss .tbss.* .gnu.linkonce.tb.*)
 *(.tcommon)

.preinit_array
 *(.preinit_array)

.init_array     0x0000000000033f10        0x4
 *(SORT(.init_array.*) SORT(.ctors.*))
 *(.init_array EXCLUDE_FILE(*crtend?.o *crtend.o *crtbegin?.o *crtbegin.o) .ctors)
 .init_array    0x0000000000033f10        0x4 /usr/lib/gcc/i686-linux-gnu/5/crtbeginS.o

.fini_array     0x0000000000033f14        0x4
 *(SORT(.fini_array.*) SORT(.dtors.*))
 *(.fini_array EXCLUDE_FILE(*crtend?.o *crtend.o *crtbegin?.o *crtbegin.o) .dtors)
 .fini_array    0x0000000000033f14        0x4 /usr/lib/gcc/i686-linux-gnu/5/crtbeginS.o

.ctors
 *crtbegin.o(.ctors)
 *crtbegin?.o(.ctors)
 *(EXCLUDE_FILE(*crtend?.o *crtend.o) .ctors)
 *(SORT(.ctors.*))
 *(.ctors)

.dtors
 *crtbegin.o(.dtors)
 *crtbegin?.o(.dtors)
 *(EXCLUDE_FILE(*crtend?.o *crtend.o) .dtors)
 *(SORT(.dtors.*))
 *(.dtors)

.jcr            0x0000000000033f18        0x4
 *(.jcr)
 .jcr           0x0000000000033f18        0x0 /usr/lib/gcc/i686-linux-gnu/5/crtbeginS.o
 .jcr           0x0000000000033f18        0x4 /usr/lib/gcc/i686-linux-gnu/5/crtendS.o

.data.rel.ro
 *(.data.rel.ro.local* .gnu.linkonce.d.rel.ro.local.*)
 *(.data.rel.ro .data.rel.ro.* .gnu.linkonce.d.rel.ro.*)

.dynamic        0x0000000000033f1c       0xd0
 *(.dynamic)
 .dynamic       0x0000000000033f1c       0xd0 /usr/lib/gcc/i686-linux-gnu/5/../../../i386-linux-gnu/crti.o
                0x0000000000033f1c                _DYNAMIC

.got            0x0000000000033fec       0x14
 *(.got)
 .got           0x0000000000033fec       0x14 /usr/lib/gcc/i686-linux-gnu/5/../../../i386-linux-gnu/crti.o
 *(.igot)
                0x0000000000034ff4                . = DATA_SEGMENT_RELRO_END (., (SIZEOF (.got.plt) >= 0xc)?0xc:0x0)

.got.plt        0x0000000000034000        0xc
 *(.got.plt)
 .got.plt       0x0000000000034000        0xc /usr/lib/gcc/i686-linux-gnu/5/../../../i386-linux-gnu/crti.o
                0x0000000000034000                _GLOBAL_OFFSET_TABLE_
 *(.igot.plt)

.data           0x0000000000034020      0x324
 *(.data .data.* .gnu.linkonce.d.*)
 .data          0x0000000000034020        0x0 /usr/lib/gcc/i686-linux-gnu/5/../../../i386-linux-gnu/crti.o
 .data          0x0000000000034020        0x0 /usr/lib/gcc/i686-linux-gnu/5/crtbeginS.o
 .data.rel.local
                0x0000000000034020        0x4 /usr/lib/gcc/i686-linux-gnu/5/crtbeginS.o
                0x0000000000034020                __dso_handle
 .data          0x0000000000034024       0x18 mqtt-demo.o
                0x000000000003402c                mqtt_demo_process
 *fill*         0x000000000003403c        0x4 
 .data          0x0000000000034040       0x44 obj_cooja/mtype607.o
                0x0000000000034040                simInterfaces
                0x0000000000034074                sensors
 .data          0x0000000000034084        0x0 obj_cooja/mtype607.a(simEnvChange.o)
 .data          0x0000000000034084        0x0 obj_cooja/mtype607.a(cooja_mt.o)
 .data          0x0000000000034084        0x0 obj_cooja/mtype607.a(cooja_mtarch.o)
 .data          0x0000000000034084        0x0 obj_cooja/mtype607.a(rtimer-arch.o)
 .data          0x0000000000034084        0x0 obj_cooja/mtype607.a(beep.o)
 .data          0x0000000000034084        0x0 obj_cooja/mtype607.a(button-sensor.o)
 .data          0x0000000000034084        0x0 obj_cooja/mtype607.a(leds-arch.o)
 .data          0x0000000000034084        0x0 obj_cooja/mtype607.a(moteid.o)
 .data          0x0000000000034084        0x0 obj_cooja/mtype607.a(pir-sensor.o)
 .data          0x0000000000034084        0x0 obj_cooja/mtype607.a(rs232.o)
 .data          0x0000000000034084        0x0 obj_cooja/mtype607.a(vib-sensor.o)
 .data          0x0000000000034084        0x0 obj_cooja/mtype607.a(clock.o)
 .data          0x0000000000034084        0x0 obj_cooja/mtype607.a(cooja-log.o)
 .data          0x0000000000034084        0x0 obj_cooja/mtype607.a(cfs-cooja.o)
 .data          0x0000000000034084       0x2c obj_cooja/mtype607.a(cooja-radio.o)
                0x0000000000034084                simRadioHWOn
                0x0000000000034088                simSignalStrength
                0x000000000003408c                simLastSignalStrength
                0x0000000000034090                simPower
                0x0000000000034094                simRadioChannel
                0x0000000000034098                simLQI
                0x00000000000340a0                cooja_radio_process
 .data          0x00000000000340b0        0x0 obj_cooja/mtype607.a(eeprom.o)
 .data          0x00000000000340b0        0x0 obj_cooja/mtype607.a(random.o)
 .data          0x00000000000340b0       0x10 obj_cooja/mtype607.a(sensors.o)
                0x00000000000340b0                sensors_process
 .data          0x00000000000340c0        0x0 obj_cooja/mtype607.a(leds.o)
 .data          0x00000000000340c0       0x14 obj_cooja/mtype607.a(mqtt.o)
                0x00000000000340c4                mqtt_process
 .data          0x00000000000340d4        0x0 obj_cooja/mtype607.a(contiki-main.o)
 .data          0x00000000000340d4        0x0 obj_cooja/mtype607.a(autostart.o)
 .data          0x00000000000340d4       0x14 obj_cooja/mtype607.a(ctimer.o)
                0x00000000000340d8                ctimer_process
 .data          0x00000000000340e8        0x0 obj_cooja/mtype607.a(energest.o)
 .data          0x00000000000340e8       0x10 obj_cooja/mtype607.a(etimer.o)
                0x00000000000340e8                etimer_process
 *fill*         0x00000000000340f8        0x8 
 .data          0x0000000000034100       0xb0 obj_cooja/mtype607.a(log.o)
                0x0000000000034100                curr_log_level_main
                0x0000000000034120                all_modules
 .data          0x00000000000341b0        0x0 obj_cooja/mtype607.a(process.o)
 .data          0x00000000000341b0        0x0 obj_cooja/mtype607.a(rtimer.o)
 .data          0x00000000000341b0        0x0 obj_cooja/mtype607.a(node-id.o)
 .data          0x00000000000341b0        0x0 obj_cooja/mtype607.a(timer.o)
 .data          0x00000000000341b0       0x10 obj_cooja/mtype607.a(serial-line.o)
                0x00000000000341b0                serial_line_process
 .data          0x00000000000341c0        0x0 obj_cooja/mtype607.a(list.o)
 .data          0x00000000000341c0        0x0 obj_cooja/mtype607.a(ringbuf.o)
 .data          0x00000000000341c0        0x4 obj_cooja/mtype607.a(packetbuf.o)
 .data          0x00000000000341c4        0x4 obj_cooja/mtype607.a(netstack.o)
 .data          0x00000000000341c8        0x0 obj_cooja/mtype607.a(linkaddr.o)
 .data          0x00000000000341c8        0x0 obj_cooja/mtype607.a(csma.o)
 .data          0x00000000000341c8       0x28 obj_cooja/mtype607.a(csma-output.o)
 .data          0x00000000000341f0        0x0 obj_cooja/mtype607.a(uip-ds6.o)
 .data          0x00000000000341f0       0x14 obj_cooja/mtype607.a(tcp-socket.o)
                0x00000000000341f4                tcp_socket_process
 .data          0x0000000000034204       0x10 obj_cooja/mtype607.a(tcpip.o)
                0x0000000000034204                tcpip_process
 .data          0x0000000000034214       0x10 obj_cooja/mtype607.a(uip-ds6-route.o)
 .data          0x0000000000034224        0x0 obj_cooja/mtype607.a(uip6.o)
 .data          0x0000000000034224       0x14 obj_cooja/mtype607.a(uip-ds6-nbr.o)
                0x0000000000034234                ds6_neighbors
 .data          0x0000000000034238        0xc obj_cooja/mtype607.a(uip-nd6.o)
 .data          0x0000000000034244        0x0 obj_cooja/mtype607.a(sicslowpan.o)
 .data          0x0000000000034244        0x0 obj_cooja/mtype607.a(uiplib.o)
 .data          0x0000000000034244        0x0 obj_cooja/mtype607.a(rpl.o)
 .data          0x0000000000034244       0x30 obj_cooja/mtype607.a(rpl-icmp6.o)
 .data          0x0000000000034274        0x0 obj_cooja/mtype607.a(rpl-dag.o)
 .data          0x0000000000034274        0x0 obj_cooja/mtype607.a(rpl-dag-root.o)
 .data          0x0000000000034274        0x0 obj_cooja/mtype607.a(watchdog.o)
 .data          0x0000000000034274        0x0 obj_cooja/mtype607.a(stimer.o)
 .data          0x0000000000034274        0x0 obj_cooja/mtype607.a(memb.o)
 .data          0x0000000000034274       0x18 obj_cooja/mtype607.a(queuebuf.o)
 .data          0x000000000003428c       0x10 obj_cooja/mtype607.a(nbr-table.o)
 .data          0x000000000003429c       0x14 obj_cooja/mtype607.a(link-stats.o)
 .data          0x00000000000342b0        0x0 obj_cooja/mtype607.a(mac-sequence.o)
 .data          0x00000000000342b0        0x0 obj_cooja/mtype607.a(mac.o)
 .data          0x00000000000342b0        0x0 obj_cooja/mtype607.a(framer-802154.o)
 .data          0x00000000000342b0        0x2 obj_cooja/mtype607.a(frame802154.o)
 .data          0x00000000000342b2        0x0 obj_cooja/mtype607.a(uipbuf.o)
 *fill*         0x00000000000342b2        0x2 
 .data          0x00000000000342b4       0x20 obj_cooja/mtype607.a(uip-icmp6.o)
 .data          0x00000000000342d4       0x10 obj_cooja/mtype607.a(uip-sr.o)
 .data          0x00000000000342e4        0xc obj_cooja/mtype607.a(uip-packetqueue)
 .data          0x00000000000342f0        0x0 obj_cooja/mtype607.a(rpl-nbr-policy.)
 .data          0x00000000000342f0       0x14 obj_cooja/mtype607.a(rpl-neighbor.o)
                0x0000000000034300                rpl_neighbors
 .data          0x0000000000034304        0x0 obj_cooja/mtype607.a(rpl-timers.o)
 .data          0x0000000000034304        0x0 obj_cooja/mtype607.a(rpl-ext-header.)
 *fill*         0x0000000000034304       0x1c 
 .data          0x0000000000034320       0x24 obj_cooja/mtype607.a(rpl-mrhof.o)
                0x0000000000034320                rpl_mrhof
 .data          0x0000000000034344        0x0 /usr/lib/gcc/i686-linux-gnu/5/crtendS.o
 .data          0x0000000000034344        0x0 /usr/lib/gcc/i686-linux-gnu/5/../../../i386-linux-gnu/crtn.o

.tm_clone_table
                0x0000000000034344        0x0
 .tm_clone_table
                0x0000000000034344        0x0 /usr/lib/gcc/i686-linux-gnu/5/crtbeginS.o
 .tm_clone_table
                0x0000000000034344        0x0 /usr/lib/gcc/i686-linux-gnu/5/crtendS.o

.data1
 *(.data1)
                0x0000000000034344                _edata = .
                [!provide]                        PROVIDE (edata, .)
                0x0000000000034344                . = .
                0x0000000000034344                __bss_start = .

.bss            0x0000000000034360    0x14680
 *(.dynbss)
 .dynbss        0x0000000000034360        0x0 /usr/lib/gcc/i686-linux-gnu/5/../../../i386-linux-gnu/crti.o
 *(.bss .bss.* .gnu.linkonce.b.*)
 .bss           0x0000000000034360        0x0 /usr/lib/gcc/i686-linux-gnu/5/../../../i386-linux-gnu/crti.o
 .bss           0x0000000000034360        0x1 /usr/lib/gcc/i686-linux-gnu/5/crtbeginS.o
 *fill*         0x0000000000034361       0x1f 
 .bss           0x0000000000034380      0xbf0 mqtt-demo.o
 *fill*         0x0000000000034f70       0x10 
 .bss           0x0000000000034f80     0x2030 obj_cooja/mtype607.o
 .bss           0x0000000000036fb0        0x1 obj_cooja/mtype607.a(simEnvChange.o)
                0x0000000000036fb0                simDontFallAsleep
 *fill*         0x0000000000036fb1        0x3 
 .bss           0x0000000000036fb4        0x4 obj_cooja/mtype607.a(cooja_mt.o)
 .bss           0x0000000000036fb8        0x4 obj_cooja/mtype607.a(cooja_mtarch.o)
 .bss           0x0000000000036fbc        0x0 obj_cooja/mtype607.a(rtimer-arch.o)
 .bss           0x0000000000036fbc        0x0 obj_cooja/mtype607.a(beep.o)
 .bss           0x0000000000036fbc        0x8 obj_cooja/mtype607.a(button-sensor.o)
 .bss           0x0000000000036fc4        0x0 obj_cooja/mtype607.a(leds-arch.o)
 .bss           0x0000000000036fc4        0x0 obj_cooja/mtype607.a(moteid.o)
 .bss           0x0000000000036fc4        0x1 obj_cooja/mtype607.a(pir-sensor.o)
                0x0000000000036fc4                simPirValue
 *fill*         0x0000000000036fc5        0x3 
 .bss           0x0000000000036fc8        0x4 obj_cooja/mtype607.a(rs232.o)
 .bss           0x0000000000036fcc        0x1 obj_cooja/mtype607.a(vib-sensor.o)
                0x0000000000036fcc                simVibValue
 .bss           0x0000000000036fcd        0x0 obj_cooja/mtype607.a(clock.o)
 *fill*         0x0000000000036fcd       0x13 
 .bss           0x0000000000036fe0     0x2020 obj_cooja/mtype607.a(cooja-log.o)
 .bss           0x0000000000039000      0xfc0 obj_cooja/mtype607.a(cfs-cooja.o)
                0x0000000000039000                simCFSData
                0x0000000000039fa0                simCFSSize
                0x0000000000039fa4                simCFSChanged
                0x0000000000039fa8                simCFSRead
                0x0000000000039fac                simCFSWritten
 .bss           0x0000000000039fc0       0x24 obj_cooja/mtype607.a(cooja-radio.o)
                0x0000000000039fc0                simReceiving
                0x0000000000039fc4                simInSize
                0x0000000000039fc8                simLastPacketTimestamp
                0x0000000000039fd0                simOutSize
 .bss           0x0000000000039fe4        0xc obj_cooja/mtype607.a(eeprom.o)
                0x0000000000039fe4                simEEPROMChanged
                0x0000000000039fe8                simEEPROMRead
                0x0000000000039fec                simEEPROMWritten
 .bss           0x0000000000039ff0        0x0 obj_cooja/mtype607.a(random.o)
 .bss           0x0000000000039ff0        0xc obj_cooja/mtype607.a(sensors.o)
 .bss           0x0000000000039ffc        0x0 obj_cooja/mtype607.a(leds.o)
 .bss           0x0000000000039ffc       0x15 obj_cooja/mtype607.a(mqtt.o)
 .bss           0x000000000003a011        0x0 obj_cooja/mtype607.a(contiki-main.o)
 .bss           0x000000000003a011        0x0 obj_cooja/mtype607.a(autostart.o)
 *fill*         0x000000000003a011        0x3 
 .bss           0x000000000003a014        0x5 obj_cooja/mtype607.a(ctimer.o)
 .bss           0x000000000003a019        0x0 obj_cooja/mtype607.a(energest.o)
 *fill*         0x000000000003a019        0x3 
 .bss           0x000000000003a01c        0x8 obj_cooja/mtype607.a(etimer.o)
 .bss           0x000000000003a024       0x28 obj_cooja/mtype607.a(log.o)
                0x000000000003a024                curr_log_level_rpl
                0x000000000003a028                curr_log_level_tcpip
                0x000000000003a02c                curr_log_level_ipv6
                0x000000000003a030                curr_log_level_6lowpan
                0x000000000003a034                curr_log_level_nullnet
                0x000000000003a038                curr_log_level_mac
                0x000000000003a03c                curr_log_level_framer
                0x000000000003a040                curr_log_level_6top
                0x000000000003a044                curr_log_level_coap
                0x000000000003a048                curr_log_level_lwm2m
 *fill*         0x000000000003a04c       0x14 
 .bss           0x000000000003a060      0x1a1 obj_cooja/mtype607.a(process.o)
                0x000000000003a060                process_list
                0x000000000003a064                process_current
 *fill*         0x000000000003a201        0x3 
 .bss           0x000000000003a204        0x4 obj_cooja/mtype607.a(rtimer.o)
 .bss           0x000000000003a208        0x2 obj_cooja/mtype607.a(node-id.o)
                0x000000000003a208                node_id
 .bss           0x000000000003a20a        0x0 obj_cooja/mtype607.a(timer.o)
 *fill*         0x000000000003a20a       0x16 
 .bss           0x000000000003a220      0x140 obj_cooja/mtype607.a(serial-line.o)
 .bss           0x000000000003a360        0x0 obj_cooja/mtype607.a(list.o)
 .bss           0x000000000003a360        0x0 obj_cooja/mtype607.a(ringbuf.o)
 .bss           0x000000000003a360       0xa0 obj_cooja/mtype607.a(packetbuf.o)
 .bss           0x000000000003a400        0x4 obj_cooja/mtype607.a(netstack.o)
 .bss           0x000000000003a404        0x0 obj_cooja/mtype607.a(linkaddr.o)
 .bss           0x000000000003a404        0x0 obj_cooja/mtype607.a(csma.o)
 *fill*         0x000000000003a404       0x1c 
 .bss           0x000000000003a420      0x726 obj_cooja/mtype607.a(csma-output.o)
 *fill*         0x000000000003ab46        0x2 
 .bss           0x000000000003ab48       0x20 obj_cooja/mtype607.a(uip-ds6.o)
 .bss           0x000000000003ab68        0x5 obj_cooja/mtype607.a(tcp-socket.o)
 *fill*         0x000000000003ab6d       0x13 
 .bss           0x000000000003ab80       0xc4 obj_cooja/mtype607.a(tcpip.o)
 *fill*         0x000000000003ac44       0x1c 
 .bss           0x000000000003ac60       0x60 obj_cooja/mtype607.a(uip-ds6-route.o)
 .bss           0x000000000003acc0        0xc obj_cooja/mtype607.a(uip6.o)
                0x000000000003acc0                uip_ext_bitmap
                0x000000000003acc1                uip_ext_len
                0x000000000003acc2                uip_ext_opt_offset
 *fill*         0x000000000003accc       0x14 
 .bss           0x000000000003ace0     0x1c20 obj_cooja/mtype607.a(uip-ds6-nbr.o)
 .bss           0x000000000003c900       0x10 obj_cooja/mtype607.a(uip-nd6.o)
 *fill*         0x000000000003c910       0x10 
 .bss           0x000000000003c920      0x724 obj_cooja/mtype607.a(sicslowpan.o)
 .bss           0x000000000003d044        0x0 obj_cooja/mtype607.a(uiplib.o)
 .bss           0x000000000003d044        0x1 obj_cooja/mtype607.a(rpl.o)
 .bss           0x000000000003d045        0x0 obj_cooja/mtype607.a(rpl-icmp6.o)
 .bss           0x000000000003d045        0x0 obj_cooja/mtype607.a(rpl-dag.o)
 *fill*         0x000000000003d045        0x3 
 .bss           0x000000000003d048       0x11 obj_cooja/mtype607.a(rpl-dag-root.o)
 .bss           0x000000000003d059        0x0 obj_cooja/mtype607.a(watchdog.o)
 .bss           0x000000000003d059        0x0 obj_cooja/mtype607.a(stimer.o)
 .bss           0x000000000003d059        0x0 obj_cooja/mtype607.a(memb.o)
 *fill*         0x000000000003d059        0x7 
 .bss           0x000000000003d060     0x2c80 obj_cooja/mtype607.a(queuebuf.o)
 .bss           0x000000000003fce0     0x1214 obj_cooja/mtype607.a(nbr-table.o)
 *fill*         0x0000000000040ef4        0xc 
 .bss           0x0000000000040f00      0xe10 obj_cooja/mtype607.a(link-stats.o)
 *fill*         0x0000000000041d10       0x10 
 .bss           0x0000000000041d20      0x100 obj_cooja/mtype607.a(mac-sequence.o)
 .bss           0x0000000000041e20        0x0 obj_cooja/mtype607.a(mac.o)
 .bss           0x0000000000041e20        0x2 obj_cooja/mtype607.a(framer-802154.o)
 .bss           0x0000000000041e22        0x0 obj_cooja/mtype607.a(frame802154.o)
 *fill*         0x0000000000041e22        0x2 
 .bss           0x0000000000041e24        0xc obj_cooja/mtype607.a(uipbuf.o)
 .bss           0x0000000000041e30       0x18 obj_cooja/mtype607.a(uip-icmp6.o)
 *fill*         0x0000000000041e48       0x18 
 .bss           0x0000000000041e60     0x1d80 obj_cooja/mtype607.a(uip-sr.o)
 .bss           0x0000000000043be0      0xa78 obj_cooja/mtype607.a(uip-packetqueue)
 .bss           0x0000000000044658        0xe obj_cooja/mtype607.a(rpl-nbr-policy.)
 *fill*         0x0000000000044666       0x1a 
 .bss           0x0000000000044680      0x960 obj_cooja/mtype607.a(rpl-neighbor.o)
 .bss           0x0000000000044fe0       0x40 obj_cooja/mtype607.a(rpl-timers.o)
 .bss           0x0000000000045020        0x0 obj_cooja/mtype607.a(rpl-ext-header.)
 .bss           0x0000000000045020        0x0 obj_cooja/mtype607.a(rpl-mrhof.o)
 .bss           0x0000000000045020        0x0 /usr/lib/gcc/i686-linux-gnu/5/crtendS.o
 .bss           0x0000000000045020        0x0 /usr/lib/gcc/i686-linux-gnu/5/../../../i386-linux-gnu/crtn.o
 *(COMMON)
 COMMON         0x0000000000045020        0x8 obj_cooja/mtype607.o
                0x0000000000045020                referenceVar
                0x0000000000045024                sensors_flags
 COMMON         0x0000000000045028        0xc obj_cooja/mtype607.a(simEnvChange.o)
                0x0000000000045028                simEtimerPending
                0x000000000004502c                simProcessRunValue
                0x0000000000045030                simEtimerNextExpirationTime
 *fill*         0x0000000000045034        0x4 
 COMMON         0x0000000000045038       0x18 obj_cooja/mtype607.a(rtimer-arch.o)
                0x0000000000045038                simRtimerPending
                0x0000000000045040                simRtimerCurrentTicks
                0x0000000000045048                simRtimerNextExpirationTime
 COMMON         0x0000000000045050        0x1 obj_cooja/mtype607.a(beep.o)
                0x0000000000045050                simBeeped
 COMMON         0x0000000000045051        0x3 obj_cooja/mtype607.a(button-sensor.o)
                0x0000000000045051                simButtonIsActive
                0x0000000000045052                simButtonIsDown
                0x0000000000045053                simButtonChanged
 COMMON         0x0000000000045054        0x1 obj_cooja/mtype607.a(leds-arch.o)
                0x0000000000045054                simLedsValue
 *fill*         0x0000000000045055        0x3 
 COMMON         0x0000000000045058        0xc obj_cooja/mtype607.a(moteid.o)
                0x0000000000045058                simRandomSeed
                0x000000000004505c                simMoteIDChanged
                0x0000000000045060                simMoteID
 COMMON         0x0000000000045064        0x2 obj_cooja/mtype607.a(pir-sensor.o)
                0x0000000000045064                simPirIsActive
                0x0000000000045065                simPirChanged
 *fill*         0x0000000000045066       0x1a 
 COMMON         0x0000000000045080      0x820 obj_cooja/mtype607.a(rs232.o)
                0x0000000000045080                simSerialReceivingFlag
                0x0000000000045084                simSerialReceivingLength
                0x00000000000450a0                simSerialReceivingData
 COMMON         0x00000000000458a0        0x2 obj_cooja/mtype607.a(vib-sensor.o)
                0x00000000000458a0                simVibChanged
                0x00000000000458a1                simVibIsActive
 *fill*         0x00000000000458a2        0x2 
 COMMON         0x00000000000458a4        0x4 obj_cooja/mtype607.a(clock.o)
                0x00000000000458a4                simCurrentTime
 *fill*         0x00000000000458a8       0x18 
 COMMON         0x00000000000458c0     0x2020 obj_cooja/mtype607.a(cooja-log.o)
                0x00000000000458c0                simLoggedLength
                0x00000000000458c4                simLoggedFlag
                0x00000000000458e0                simLoggedData
 COMMON         0x00000000000478e0      0x100 obj_cooja/mtype607.a(cooja-radio.o)
                0x00000000000478e0                simOutDataBuffer
                0x0000000000047960                simInDataBuffer
 COMMON         0x00000000000479e0      0x400 obj_cooja/mtype607.a(eeprom.o)
                0x00000000000479e0                simEEPROMData
 COMMON         0x0000000000047de0        0x1 obj_cooja/mtype607.a(sensors.o)
                0x0000000000047de0                sensors_event
 COMMON         0x0000000000047de1        0x1 obj_cooja/mtype607.a(mqtt.o)
                0x0000000000047de1                mqtt_update_event
 *fill*         0x0000000000047de2        0x2 
 COMMON         0x0000000000047de4       0x50 obj_cooja/mtype607.a(contiki-main.o)
                0x0000000000047de4                eb_per_time_source
                0x0000000000047df8                unicast_per_neighbor_rpl_storing
                0x0000000000047e0c                unicast_per_neighbor_rpl_ns
                0x0000000000047e20                default_common
 COMMON         0x0000000000047e34        0x1 obj_cooja/mtype607.a(serial-line.o)
                0x0000000000047e34                serial_line_event_message
 *fill*         0x0000000000047e35        0x3 
 COMMON         0x0000000000047e38       0x2c obj_cooja/mtype607.a(packetbuf.o)
                0x0000000000047e38                packetbuf_attrs
                0x0000000000047e54                packetbuf_addrs
 COMMON         0x0000000000047e64        0x8 obj_cooja/mtype607.a(linkaddr.o)
                0x0000000000047e64                linkaddr_node_addr
 *fill*         0x0000000000047e6c       0x14 
 COMMON         0x0000000000047e80      0x181 obj_cooja/mtype607.a(uip-ds6.o)
                0x0000000000047e80                uip_ds6_prefix_list
                0x0000000000047ee0                uip_ds6_timer_periodic
                0x0000000000047ef0                uip_ds6_netif_addr_list_offset
                0x0000000000047f00                uip_ds6_if
                0x0000000000047ff8                uip_ds6_timer_ra
                0x0000000000048000                uip_ds6_addr_size
 COMMON         0x0000000000048001        0x1 obj_cooja/mtype607.a(tcpip.o)
                0x0000000000048001                tcpip_event
 *fill*         0x0000000000048002       0x1e 
 COMMON         0x0000000000048020      0x80c obj_cooja/mtype607.a(uip6.o)
                0x0000000000048020                uip_slen
                0x0000000000048024                uip_acc32
                0x0000000000048040                uip_conns
                0x00000000000481c0                uip_lladdr
                0x00000000000481c8                uip_appdata
                0x00000000000481cc                uip_flags
                0x00000000000481e0                uip_aligned_buf
                0x00000000000486e0                uip_listenports
                0x0000000000048708                uip_len
                0x000000000004870c                uip_sappdata
                0x0000000000048720                uip_udp_conns
                0x0000000000048820                uip_udp_conn
                0x0000000000048824                uip_next_hdr
                0x0000000000048828                uip_conn
 COMMON         0x000000000004882c       0x10 obj_cooja/mtype607.a(rpl.o)
                0x000000000004882c                rpl_multicast_addr
 *fill*         0x000000000004883c        0x4 
 COMMON         0x0000000000048840      0x164 obj_cooja/mtype607.a(rpl-dag.o)
                0x0000000000048840                curr_instance
 *fill*         0x00000000000489a4       0x1c 
 COMMON         0x00000000000489c0       0x20 obj_cooja/mtype607.a(link-stats.o)
                0x00000000000489c0                periodic_timer
                0x00000000000489e0                . = ALIGN ((. != 0x0)?0x4:0x1)
                0x00000000000489e0                . = ALIGN (0x4)
                0x00000000000489e0                . = SEGMENT_START ("ldata-segment", .)
                0x00000000000489e0                . = ALIGN (0x4)
                0x00000000000489e0                _end = .
                [!provide]                        PROVIDE (end, .)
                0x00000000000489e0                . = DATA_SEGMENT_END (.)

.stab
 *(.stab)

.stabstr
 *(.stabstr)

.stab.excl
 *(.stab.excl)

.stab.exclstr
 *(.stab.exclstr)

.stab.index
 *(.stab.index)

.stab.indexstr
 *(.stab.indexstr)

.comment        0x0000000000000000       0x35
 *(.comment)
 .comment       0x0000000000000000       0x35 /usr/lib/gcc/i686-linux-gnu/5/crtbeginS.o
                                         0x36 (size before relaxing)
 .comment       0x0000000000000035       0x36 mqtt-demo.o
 .comment       0x0000000000000035       0x36 obj_cooja/mtype607.o
 .comment       0x0000000000000035       0x36 obj_cooja/mtype607.a(simEnvChange.o)
 .comment       0x0000000000000035       0x36 obj_cooja/mtype607.a(cooja_mt.o)
 .comment       0x0000000000000035       0x36 obj_cooja/mtype607.a(cooja_mtarch.o)
 .comment       0x0000000000000035       0x36 obj_cooja/mtype607.a(rtimer-arch.o)
 .comment       0x0000000000000035       0x36 obj_cooja/mtype607.a(beep.o)
 .comment       0x0000000000000035       0x36 obj_cooja/mtype607.a(button-sensor.o)
 .comment       0x0000000000000035       0x36 obj_cooja/mtype607.a(leds-arch.o)
 .comment       0x0000000000000035       0x36 obj_cooja/mtype607.a(moteid.o)
 .comment       0x0000000000000035       0x36 obj_cooja/mtype607.a(pir-sensor.o)
 .comment       0x0000000000000035       0x36 obj_cooja/mtype607.a(rs232.o)
 .comment       0x0000000000000035       0x36 obj_cooja/mtype607.a(vib-sensor.o)
 .comment       0x0000000000000035       0x36 obj_cooja/mtype607.a(clock.o)
 .comment       0x0000000000000035       0x36 obj_cooja/mtype607.a(cooja-log.o)
 .comment       0x0000000000000035       0x36 obj_cooja/mtype607.a(cfs-cooja.o)
 .comment       0x0000000000000035       0x36 obj_cooja/mtype607.a(cooja-radio.o)
 .comment       0x0000000000000035       0x36 obj_cooja/mtype607.a(eeprom.o)
 .comment       0x0000000000000035       0x36 obj_cooja/mtype607.a(random.o)
 .comment       0x0000000000000035       0x36 obj_cooja/mtype607.a(sensors.o)
 .comment       0x0000000000000035       0x36 obj_cooja/mtype607.a(leds.o)
 .comment       0x0000000000000035       0x36 obj_cooja/mtype607.a(mqtt.o)
 .comment       0x0000000000000035       0x36 obj_cooja/mtype607.a(contiki-main.o)
 .comment       0x0000000000000035       0x36 obj_cooja/mtype607.a(autostart.o)
 .comment       0x0000000000000035       0x36 obj_cooja/mtype607.a(ctimer.o)
 .comment       0x0000000000000035       0x36 obj_cooja/mtype607.a(energest.o)
 .comment       0x0000000000000035       0x36 obj_cooja/mtype607.a(etimer.o)
 .comment       0x0000000000000035       0x36 obj_cooja/mtype607.a(log.o)
 .comment       0x0000000000000035       0x36 obj_cooja/mtype607.a(process.o)
 .comment       0x0000000000000035       0x36 obj_cooja/mtype607.a(rtimer.o)
 .comment       0x0000000000000035       0x36 obj_cooja/mtype607.a(node-id.o)
 .comment       0x0000000000000035       0x36 obj_cooja/mtype607.a(timer.o)
 .comment       0x0000000000000035       0x36 obj_cooja/mtype607.a(serial-line.o)
 .comment       0x0000000000000035       0x36 obj_cooja/mtype607.a(list.o)
 .comment       0x0000000000000035       0x36 obj_cooja/mtype607.a(ringbuf.o)
 .comment       0x0000000000000035       0x36 obj_cooja/mtype607.a(packetbuf.o)
 .comment       0x0000000000000035       0x36 obj_cooja/mtype607.a(netstack.o)
 .comment       0x0000000000000035       0x36 obj_cooja/mtype607.a(linkaddr.o)
 .comment       0x0000000000000035       0x36 obj_cooja/mtype607.a(csma.o)
 .comment       0x0000000000000035       0x36 obj_cooja/mtype607.a(csma-output.o)
 .comment       0x0000000000000035       0x36 obj_cooja/mtype607.a(uip-ds6.o)
 .comment       0x0000000000000035       0x36 obj_cooja/mtype607.a(tcp-socket.o)
 .comment       0x0000000000000035       0x36 obj_cooja/mtype607.a(tcpip.o)
 .comment       0x0000000000000035       0x36 obj_cooja/mtype607.a(uip-ds6-route.o)
 .comment       0x0000000000000035       0x36 obj_cooja/mtype607.a(uip6.o)
 .comment       0x0000000000000035       0x36 obj_cooja/mtype607.a(uip-ds6-nbr.o)
 .comment       0x0000000000000035       0x36 obj_cooja/mtype607.a(uip-nd6.o)
 .comment       0x0000000000000035       0x36 obj_cooja/mtype607.a(sicslowpan.o)
 .comment       0x0000000000000035       0x36 obj_cooja/mtype607.a(uiplib.o)
 .comment       0x0000000000000035       0x36 obj_cooja/mtype607.a(rpl.o)
 .comment       0x0000000000000035       0x36 obj_cooja/mtype607.a(rpl-icmp6.o)
 .comment       0x0000000000000035       0x36 obj_cooja/mtype607.a(rpl-dag.o)
 .comment       0x0000000000000035       0x36 obj_cooja/mtype607.a(rpl-dag-root.o)
 .comment       0x0000000000000035       0x36 obj_cooja/mtype607.a(watchdog.o)
 .comment       0x0000000000000035       0x36 obj_cooja/mtype607.a(stimer.o)
 .comment       0x0000000000000035       0x36 obj_cooja/mtype607.a(memb.o)
 .comment       0x0000000000000035       0x36 obj_cooja/mtype607.a(queuebuf.o)
 .comment       0x0000000000000035       0x36 obj_cooja/mtype607.a(nbr-table.o)
 .comment       0x0000000000000035       0x36 obj_cooja/mtype607.a(link-stats.o)
 .comment       0x0000000000000035       0x36 obj_cooja/mtype607.a(mac-sequence.o)
 .comment       0x0000000000000035       0x36 obj_cooja/mtype607.a(mac.o)
 .comment       0x0000000000000035       0x36 obj_cooja/mtype607.a(framer-802154.o)
 .comment       0x0000000000000035       0x36 obj_cooja/mtype607.a(frame802154.o)
 .comment       0x0000000000000035       0x36 obj_cooja/mtype607.a(uipbuf.o)
 .comment       0x0000000000000035       0x36 obj_cooja/mtype607.a(uip-icmp6.o)
 .comment       0x0000000000000035       0x36 obj_cooja/mtype607.a(uip-sr.o)
 .comment       0x0000000000000035       0x36 obj_cooja/mtype607.a(uip-packetqueue)
 .comment       0x0000000000000035       0x36 obj_cooja/mtype607.a(rpl-nbr-policy.)
 .comment       0x0000000000000035       0x36 obj_cooja/mtype607.a(rpl-neighbor.o)
 .comment       0x0000000000000035       0x36 obj_cooja/mtype607.a(rpl-timers.o)
 .comment       0x0000000000000035       0x36 obj_cooja/mtype607.a(rpl-ext-header.)
 .comment       0x0000000000000035       0x36 obj_cooja/mtype607.a(rpl-mrhof.o)
 .comment       0x0000000000000035       0x36 /usr/lib/gcc/i686-linux-gnu/5/crtendS.o

.debug
 *(.debug)

.line
 *(.line)

.debug_srcinfo
 *(.debug_srcinfo)

.debug_sfnames
 *(.debug_sfnames)

.debug_aranges  0x0000000000000000      0x900
 *(.debug_aranges)
 .debug_aranges
                0x0000000000000000       0x20 mqtt-demo.o
 .debug_aranges
                0x0000000000000020       0x20 obj_cooja/mtype607.o
 .debug_aranges
                0x0000000000000040       0x20 obj_cooja/mtype607.a(simEnvChange.o)
 .debug_aranges
                0x0000000000000060       0x20 obj_cooja/mtype607.a(cooja_mt.o)
 .debug_aranges
                0x0000000000000080       0x20 obj_cooja/mtype607.a(cooja_mtarch.o)
 .debug_aranges
                0x00000000000000a0       0x20 obj_cooja/mtype607.a(rtimer-arch.o)
 .debug_aranges
                0x00000000000000c0       0x20 obj_cooja/mtype607.a(beep.o)
 .debug_aranges
                0x00000000000000e0       0x20 obj_cooja/mtype607.a(button-sensor.o)
 .debug_aranges
                0x0000000000000100       0x20 obj_cooja/mtype607.a(leds-arch.o)
 .debug_aranges
                0x0000000000000120       0x20 obj_cooja/mtype607.a(moteid.o)
 .debug_aranges
                0x0000000000000140       0x20 obj_cooja/mtype607.a(pir-sensor.o)
 .debug_aranges
                0x0000000000000160       0x20 obj_cooja/mtype607.a(rs232.o)
 .debug_aranges