Archive member included to satisfy reference by file (symbol)

obj_cooja/mtype24.a(simEnvChange.o)
                              obj_cooja/mtype24.o (simDontFallAsleep)
obj_cooja/mtype24.a(cooja_mt.o)
                              obj_cooja/mtype24.o (cooja_mt_start)
obj_cooja/mtype24.a(cooja_mtarch.o)
                              obj_cooja/mtype24.a(cooja_mt.o) (cooja_mtarch_start)
obj_cooja/mtype24.a(rtimer-arch.o)
                              obj_cooja/mtype24.o (rtimer_arch_check)
obj_cooja/mtype24.a(beep.o)   obj_cooja/mtype24.o (beep_interface)
obj_cooja/mtype24.a(button-sensor.o)
                              obj_cooja/mtype24.o (button_interface)
obj_cooja/mtype24.a(leds-arch.o)
                              obj_cooja/mtype24.o (leds_interface)
obj_cooja/mtype24.a(moteid.o)
                              obj_cooja/mtype24.o (moteid_interface)
obj_cooja/mtype24.a(pir-sensor.o)
                              obj_cooja/mtype24.o (pir_interface)
obj_cooja/mtype24.a(rs232.o)  obj_cooja/mtype24.o (rs232_interface)
obj_cooja/mtype24.a(vib-sensor.o)
                              obj_cooja/mtype24.o (vib_interface)
obj_cooja/mtype24.a(clock.o)  obj_cooja/mtype24.o (clock_interface)
obj_cooja/mtype24.a(cooja-log.o)
                              obj_cooja/mtype24.o (simlog_interface)
obj_cooja/mtype24.a(cfs-cooja.o)
                              obj_cooja/mtype24.o (cfs_interface)
obj_cooja/mtype24.a(cooja-radio.o)
                              obj_cooja/mtype24.o (radio_interface)
obj_cooja/mtype24.a(eeprom.o)
                              obj_cooja/mtype24.o (eeprom_interface)
obj_cooja/mtype24.a(random.o)
                              obj_cooja/mtype24.a(moteid.o) (random_init)
obj_cooja/mtype24.a(sensors.o)
                              obj_cooja/mtype24.a(button-sensor.o) (sensors_changed)
obj_cooja/mtype24.a(leds.o)   mqtt-demo.o (leds_on)
obj_cooja/mtype24.a(mqtt.o)   mqtt-demo.o (mqtt_disconnect)
obj_cooja/mtype24.a(contiki-main.o)
                              obj_cooja/mtype24.o (main)
obj_cooja/mtype24.a(autostart.o)
                              obj_cooja/mtype24.a(contiki-main.o) (autostart_start)
obj_cooja/mtype24.a(ctimer.o)
                              obj_cooja/mtype24.a(contiki-main.o) (ctimer_init)
obj_cooja/mtype24.a(energest.o)
                              obj_cooja/mtype24.a(contiki-main.o) (energest_init)
obj_cooja/mtype24.a(etimer.o)
                              obj_cooja/mtype24.a(contiki-main.o) (etimer_process)
obj_cooja/mtype24.a(log.o)    obj_cooja/mtype24.a(contiki-main.o) (curr_log_level_main)
obj_cooja/mtype24.a(process.o)
                              obj_cooja/mtype24.a(mqtt.o) (process_current)
obj_cooja/mtype24.a(rtimer.o)
                              obj_cooja/mtype24.a(contiki-main.o) (rtimer_init)
obj_cooja/mtype24.a(node-id.o)
                              obj_cooja/mtype24.a(contiki-main.o) (node_id)
obj_cooja/mtype24.a(timer.o)  mqtt-demo.o (timer_set)
obj_cooja/mtype24.a(serial-line.o)
                              obj_cooja/mtype24.a(rs232.o) (serial_line_input_byte)
obj_cooja/mtype24.a(list.o)   obj_cooja/mtype24.a(mqtt.o) (list_init)
obj_cooja/mtype24.a(ringbuf.o)
                              obj_cooja/mtype24.a(serial-line.o) (ringbuf_init)
obj_cooja/mtype24.a(packetbuf.o)
                              obj_cooja/mtype24.a(cooja-radio.o) (packetbuf_clear)
obj_cooja/mtype24.a(netstack.o)
                              obj_cooja/mtype24.a(contiki-main.o) (netstack_init)
obj_cooja/mtype24.a(linkaddr.o)
                              mqtt-demo.o (linkaddr_node_addr)
obj_cooja/mtype24.a(csma.o)   obj_cooja/mtype24.a(cooja-radio.o) (csma_driver)
obj_cooja/mtype24.a(csma-output.o)
                              obj_cooja/mtype24.a(csma.o) (csma_output_packet)
obj_cooja/mtype24.a(uip-ds6.o)
                              obj_cooja/mtype24.a(contiki-main.o) (uip_ds6_get_link_local)
obj_cooja/mtype24.a(tcp-socket.o)
                              obj_cooja/mtype24.a(mqtt.o) (tcp_socket_register)
obj_cooja/mtype24.a(tcpip.o)  obj_cooja/mtype24.a(tcp-socket.o) (tcpip_event)
obj_cooja/mtype24.a(uip-ds6-route.o)
                              obj_cooja/mtype24.a(uip-ds6.o) (uip_ds6_route_init)
obj_cooja/mtype24.a(uip6.o)   obj_cooja/mtype24.a(contiki-main.o) (uip_lladdr)
obj_cooja/mtype24.a(uip-ds6-nbr.o)
                              obj_cooja/mtype24.a(uip-ds6.o) (uip_ds6_neighbors_init)
obj_cooja/mtype24.a(uip-nd6.o)
                              obj_cooja/mtype24.a(uip6.o) (uip_nd6_init)
obj_cooja/mtype24.a(sicslowpan.o)
                              obj_cooja/mtype24.a(contiki-main.o) (sicslowpan_driver)
obj_cooja/mtype24.a(uiplib.o)
                              obj_cooja/mtype24.a(mqtt.o) (uiplib_ip6addrconv)
obj_cooja/mtype24.a(rpl.o)    obj_cooja/mtype24.a(contiki-main.o) (rpl_lite_driver)
obj_cooja/mtype24.a(rpl-icmp6.o)
                              obj_cooja/mtype24.a(rpl.o) (rpl_icmp6_init)
obj_cooja/mtype24.a(rpl-dag.o)
[...]
Memory Configuration

Name             Origin             Length             Attributes
*default*        0x0000000000000000 0xffffffffffffffff

Linker script and memory map

LOAD /usr/lib/gcc/i686-linux-gnu/5/../../../i386-linux-gnu/crti.o
LOAD /usr/lib/gcc/i686-linux-gnu/5/crtbeginS.o
LOAD mqtt-demo.o
LOAD obj_cooja/mtype24.o
LOAD obj_cooja/mtype24.a
LOAD /usr/lib/gcc/i686-linux-gnu/5/libgcc.a
LOAD /usr/lib/gcc/i686-linux-gnu/5/libgcc_s.so
LOAD /usr/lib/gcc/i686-linux-gnu/5/../../../i386-linux-gnu/libc.so
START GROUP
LOAD /lib/i386-linux-gnu/libc.so.6
LOAD /usr/lib/i386-linux-gnu/libc_nonshared.a
LOAD /lib/i386-linux-gnu/ld-linux.so.2
END GROUP
LOAD /usr/lib/gcc/i686-linux-gnu/5/libgcc.a
LOAD /usr/lib/gcc/i686-linux-gnu/5/libgcc_s.so
LOAD /usr/lib/gcc/i686-linux-gnu/5/crtendS.o
LOAD /usr/lib/gcc/i686-linux-gnu/5/../../../i386-linux-gnu/crtn.o
                0x0000000000000114                . = (0x0 + SIZEOF_HEADERS)

.note.gnu.build-id
                0x0000000000000114       0x24
 *(.note.gnu.build-id)
 .note.gnu.build-id
                0x0000000000000114       0x24 /usr/lib/gcc/i686-linux-gnu/5/../../../i386-linux-gnu/crti.o

.hash
 *(.hash)

.gnu.hash       0x0000000000000138     0x13c8
 *(.gnu.hash)
 .gnu.hash      0x0000000000000138     0x13c8 /usr/lib/gcc/i686-linux-gnu/5/../../../i386-linux-gnu/crti.o

.dynsym         0x0000000000001500     0x2770
 *(.dynsym)
 .dynsym        0x0000000000001500     0x2770 /usr/lib/gcc/i686-linux-gnu/5/../../../i386-linux-gnu/crti.o

.dynstr         0x0000000000003c70     0x2ae3
 *(.dynstr)
 .dynstr        0x0000000000003c70     0x2ae3 /usr/lib/gcc/i686-linux-gnu/5/../../../i386-linux-gnu/crti.o

.gnu.version    0x0000000000006754      0x4ee
 *(.gnu.version)
 .gnu.version   0x0000000000006754      0x4ee /usr/lib/gcc/i686-linux-gnu/5/../../../i386-linux-gnu/crti.o

.gnu.version_d  0x0000000000006c44        0x0
 *(.gnu.version_d)
 .gnu.version_d
                0x0000000000006c44        0x0 /usr/lib/gcc/i686-linux-gnu/5/../../../i386-linux-gnu/crti.o

.gnu.version_r  0x0000000000006c44       0x40
 *(.gnu.version_r)
 .gnu.version_r
                0x0000000000006c44       0x40 /usr/lib/gcc/i686-linux-gnu/5/../../../i386-linux-gnu/crti.o

.rel.dyn        0x0000000000006c84     0xa440
 *(.rel.init)
 .rel.init      0x0000000000006c84        0x0 /usr/lib/gcc/i686-linux-gnu/5/../../../i386-linux-gnu/crti.o
 *(.rel.text .rel.text.* .rel.gnu.linkonce.t.*)
 .rel.text      0x0000000000006c84     0x9b38 /usr/lib/gcc/i686-linux-gnu/5/../../../i386-linux-gnu/crti.o
 *(.rel.fini)
 .rel.fini      0x00000000000107bc        0x0 /usr/lib/gcc/i686-linux-gnu/5/../../../i386-linux-gnu/crti.o
 *(.rel.rodata .rel.rodata.* .rel.gnu.linkonce.r.*)
 .rel.rodata    0x00000000000107bc      0x578 /usr/lib/gcc/i686-linux-gnu/5/../../../i386-linux-gnu/crti.o
 *(.rel.data.rel.ro .rel.data.rel.ro.* .rel.gnu.linkonce.d.rel.ro.*)
 *(.rel.data .rel.data.* .rel.gnu.linkonce.d.*)
 .rel.data.rel.local
                0x0000000000010d34        0x8 /usr/lib/gcc/i686-linux-gnu/5/../../../i386-linux-gnu/crti.o
 .rel.data      0x0000000000010d3c      0x350 /usr/lib/gcc/i686-linux-gnu/5/../../../i386-linux-gnu/crti.o
 *(.rel.tdata .rel.tdata.* .rel.gnu.linkonce.td.*)
 *(.rel.tbss .rel.tbss.* .rel.gnu.linkonce.tb.*)
 *(.rel.ctors)
 *(.rel.dtors)
 *(.rel.got)
 .rel.got       0x000000000001108c       0x28 /usr/lib/gcc/i686-linux-gnu/5/../../../i386-linux-gnu/crti.o
 *(.rel.bss .rel.bss.* .rel.gnu.linkonce.b.*)
 *(.rel.ifunc)
 .rel.ifunc     0x00000000000110b4        0x0 /usr/lib/gcc/i686-linux-gnu/5/../../../i386-linux-gnu/crti.o
 .rel.fini_array
                0x00000000000110b4        0x8 /usr/lib/gcc/i686-linux-gnu/5/../../../i386-linux-gnu/crti.o
 .rel.init_array
                0x00000000000110bc        0x8 /usr/lib/gcc/i686-linux-gnu/5/../../../i386-linux-gnu/crti.o

.rel.plt        0x00000000000110c4        0x0
 *(.rel.plt)
 .rel.plt       0x00000000000110c4        0x0 /usr/lib/gcc/i686-linux-gnu/5/../../../i386-linux-gnu/crti.o
 *(.rel.iplt)

.init           0x00000000000110c4       0x23
 *(SORT(.init))
 .init          0x00000000000110c4       0x1e /usr/lib/gcc/i686-linux-gnu/5/../../../i386-linux-gnu/crti.o
                0x00000000000110c4                _init
 .init          0x00000000000110e2        0x5 /usr/lib/gcc/i686-linux-gnu/5/../../../i386-linux-gnu/crtn.o

.plt            0x00000000000110f0       0x10
 *(.plt)
 .plt           0x00000000000110f0       0x10 /usr/lib/gcc/i686-linux-gnu/5/../../../i386-linux-gnu/crti.o
 *(.iplt)

.plt.got        0x0000000000011100       0x10
 *(.plt.got)
 .plt.got       0x0000000000011100       0x10 /usr/lib/gcc/i686-linux-gnu/5/../../../i386-linux-gnu/crti.o

.text           0x0000000000011110    0x19968
 *(.text.unlikely .text.*_unlikely .text.unlikely.*)
 .text.unlikely
                0x0000000000011110        0x0 /usr/lib/gcc/i686-linux-gnu/5/crtbeginS.o
 *(.text.exit .text.exit.*)
 *(.text.startup .text.startup.*)
 *(.text.hot .text.hot.*)
 *(.text .stub .text.* .gnu.linkonce.t.*)
 .text          0x0000000000011110        0x0 /usr/lib/gcc/i686-linux-gnu/5/../../../i386-linux-gnu/crti.o
 .gnu.linkonce.t.__x86.get_pc_thunk.bx
                0x0000000000011110        0x4 /usr/lib/gcc/i686-linux-gnu/5/../../../i386-linux-gnu/crti.o
                0x0000000000011110                __x86.get_pc_thunk.bx
 *fill*         0x0000000000011114        0xc 
 .text          0x0000000000011120      0x11c /usr/lib/gcc/i686-linux-gnu/5/crtbeginS.o
 .text.__x86.get_pc_thunk.dx
                0x000000000001123c        0x4 /usr/lib/gcc/i686-linux-gnu/5/crtbeginS.o
                0x000000000001123c                __x86.get_pc_thunk.dx
 .text          0x0000000000011240     0x1161 mqtt-demo.o
                0x0000000000011240                ipaddr_sprintf
 .text          0x00000000000123a1      0x271 obj_cooja/mtype24.o
                0x0000000000012433                platform_init_stage_one
                0x0000000000012439                platform_init_stage_two
                0x0000000000012447                platform_init_stage_three
                0x000000000001245a                platform_main_loop
                0x00000000000124cd                Java_org_contikios_cooja_corecomm_Lib10_init
                0x0000000000012504                Java_org_contikios_cooja_corecomm_Lib10_getMemory
                0x0000000000012537                Java_org_contikios_cooja_corecomm_Lib10_setMemory
                0x0000000000012597                Java_org_contikios_cooja_corecomm_Lib10_tick
                0x00000000000125ff                Java_org_contikios_cooja_corecomm_Lib10_setReferenceAddress
 .text          0x0000000000012612       0x65 obj_cooja/mtype24.a(simEnvChange.o)
                0x0000000000012612                doActionsBeforeTick
                0x0000000000012644                doActionsAfterTick
 .text          0x0000000000012677       0x83 obj_cooja/mtype24.a(cooja_mt.o)
                0x0000000000012677                cooja_mt_start
                0x00000000000126a1                cooja_mt_exec
                0x00000000000126d7                cooja_mt_yield
 .text          0x00000000000126fa       0xbe obj_cooja/mtype24.a(cooja_mtarch.o)
                0x00000000000126fa                cooja_mtarch_start
                0x000000000001276d                cooja_sw
                0x0000000000012790                cooja_mtarch_exec
                0x00000000000127ad                cooja_mtarch_yield
 .text          0x00000000000127b8       0xc5 obj_cooja/mtype24.a(rtimer-arch.o)
                0x00000000000127b8                rtimer_arch_init
                0x00000000000127dc                rtimer_arch_schedule
                0x000000000001280c                rtimer_arch_next
                0x000000000001281c                rtimer_arch_pending
                0x0000000000012826                rtimer_arch_check
                0x000000000001286d                rtimer_arch_now
 .text          0x000000000001287d       0x81 obj_cooja/mtype24.a(beep.o)
                0x000000000001287d                beep_alarm
                0x000000000001288a                beep_beep
                0x0000000000012897                beep
                0x00000000000128a4                beep_down
                0x00000000000128b1                beep_on
                0x00000000000128be                beep_off
                0x00000000000128cb                beep_spinup
                0x00000000000128d8                beep_quick
                0x00000000000128e5                beep_long
 .text          0x00000000000128fe      0x10d obj_cooja/mtype24.a(button-sensor.o)
 .text          0x0000000000012a0b       0x49 obj_cooja/mtype24.a(leds-arch.o)
                0x0000000000012a0b                leds_arch_init
                0x0000000000012a18                leds_arch_get
                0x0000000000012a24                leds_arch_set
 .text          0x0000000000012a54       0x35 obj_cooja/mtype24.a(moteid.o)
 .text          0x0000000000012a89       0xb7 obj_cooja/mtype24.a(pir-sensor.o)
 .text          0x0000000000012b40      0x148 obj_cooja/mtype24.a(rs232.o)
                0x0000000000012b40                rs232_init
                0x0000000000012b46                rs232_set_speed
                0x0000000000012b55                rs232_set_input
                0x0000000000012b63                rs232_send
                0x0000000000012b87                rs232_print
                0x0000000000012ba3                slip_arch_writeb
 .text          0x0000000000012c88       0xb7 obj_cooja/mtype24.a(vib-sensor.o)
 .text          0x0000000000012d3f       0x38 obj_cooja/mtype24.a(clock.o)
                0x0000000000012d3f                clock_init
                0x0000000000012d45                clock_time
                0x0000000000012d4f                clock_seconds
                0x0000000000012d65                clock_delay
 .text          0x0000000000012d77      0x219 obj_cooja/mtype24.a(cooja-log.o)
                0x0000000000012d77                simlog_char
                0x0000000000012dba                simlog
                0x0000000000012e30                log_message
                0x0000000000012e61                log_set_putchar_with_slip
                0x0000000000012e6f                log_putchar
                0x0000000000012eea                log_puts
                0x0000000000012f12                log_printf
 .text          0x0000000000012f90      0x2b9 obj_cooja/mtype24.a(cfs-cooja.o)
                0x0000000000012f90                cfs_open
                0x0000000000012ff9                cfs_close
                0x0000000000013006                cfs_read
                0x000000000001309b                cfs_write
                0x0000000000013177                cfs_seek
                0x00000000000131ff                cfs_remove
                0x0000000000013223                cfs_opendir
                0x000000000001322d                cfs_readdir
                0x0000000000013237                cfs_closedir
 .text          0x0000000000013249      0x605 obj_cooja/mtype24.a(cooja-radio.o)
                0x000000000001328b                radio_set_channel
                0x0000000000013299                radio_set_txpower
                0x00000000000132b1                radio_signal_strength_last
                0x00000000000132bb                radio_signal_strength_current
                0x00000000000132c5                radio_LQI
 .text          0x000000000001384e       0xee obj_cooja/mtype24.a(eeprom.o)
                0x000000000001384e                eeprom_init
                0x0000000000013854                eeprom_read
                0x00000000000138c2                eeprom_write
 .text          0x000000000001393c       0x2d obj_cooja/mtype24.a(random.o)
                0x000000000001393c                random_init
                0x000000000001395c                random_rand
 .text          0x0000000000013969      0x29c obj_cooja/mtype24.a(sensors.o)
                0x00000000000139a4                sensors_first
                0x00000000000139ae                sensors_next
                0x00000000000139c8                sensors_changed
                0x00000000000139fc                sensors_find
 .text          0x0000000000013c05       0xf6 obj_cooja/mtype24.a(leds.o)
                0x0000000000013c05                leds_init
                0x0000000000013c13                leds_blink
                0x0000000000013c56                leds_get
                0x0000000000013c63                leds_set
                0x0000000000013c82                leds_on
                0x0000000000013ca8                leds_off
                0x0000000000013cd5                leds_toggle
 .text          0x0000000000013cfb     0x3779 obj_cooja/mtype24.a(mqtt.o)
                0x0000000000016e9e                mqtt_init
                0x0000000000016f5c                mqtt_register
                0x0000000000016ff9                mqtt_connect
                0x000000000001710b                mqtt_disconnect
                0x0000000000017149                mqtt_subscribe
                0x0000000000017206                mqtt_unsubscribe
                0x00000000000172b4                mqtt_publish
                0x0000000000017395                mqtt_set_username_password
                0x0000000000017420                mqtt_set_last_will
 .text          0x0000000000017474      0x328 obj_cooja/mtype24.a(contiki-main.o)
                0x0000000000017474                main
 .text          0x000000000001779c       0x92 obj_cooja/mtype24.a(autostart.o)
                0x000000000001779c                autostart_start
                0x00000000000177e6                autostart_exit
 .text          0x000000000001782e      0x355 obj_cooja/mtype24.a(ctimer.o)
                0x0000000000017956                ctimer_init
                0x0000000000017989                ctimer_set
                0x00000000000179af                ctimer_set_with_process
                0x0000000000017a2c                ctimer_reset
                0x0000000000017a80                ctimer_restart
                0x0000000000017ad4                ctimer_stop
                0x0000000000017b24                ctimer_expired
 .text          0x0000000000017b83       0x1b obj_cooja/mtype24.a(energest.o)
                0x0000000000017b83                energest_init
                0x0000000000017b89                energest_flush
                0x0000000000017b8f                energest_get_total_time
 .text          0x0000000000017b9e      0x43f obj_cooja/mtype24.a(etimer.o)
                0x0000000000017dc2                etimer_request_poll
                0x0000000000017e4b                etimer_set
                0x0000000000017e74                etimer_reset_with_new_interval
                0x0000000000017ea3                etimer_reset
                0x0000000000017ec9                etimer_restart
                0x0000000000017eef                etimer_adjust
                0x0000000000017f0c                etimer_expired
                0x0000000000017f1f                etimer_expiration_time
                0x0000000000017f31                etimer_start_time
                0x0000000000017f3b                etimer_pending
                0x0000000000017f4d                etimer_next_expiration_time
                0x0000000000017f67                etimer_stop
 .text          0x0000000000017fdd      0x394 obj_cooja/mtype24.a(log.o)
                0x0000000000017fdd                log_6addr
                0x0000000000018030                log_6addr_compact_snprint
                0x00000000000180ce                log_6addr_compact
                0x0000000000018121                log_lladdr
                0x0000000000018193                log_lladdr_compact
                0x00000000000181fb                log_set_level
                0x00000000000182b6                log_get_level
                0x000000000001832f                log_level_to_str
 .text          0x0000000000018371      0x4fb obj_cooja/mtype24.a(process.o)
                0x0000000000018371                process_alloc_event
                0x0000000000018386                process_start
                0x0000000000018560                process_exit
                0x000000000001857d                process_init
                0x0000000000018712                process_run
                0x0000000000018745                process_nevents
                0x0000000000018760                process_post
                0x00000000000187f3                process_post_synch
                0x0000000000018828                process_poll
                0x0000000000018858                process_is_running
 .text          0x000000000001886c       0xeb obj_cooja/mtype24.a(rtimer.o)
                0x000000000001886c                rtimer_init
                0x000000000001887a                rtimer_set
                0x00000000000188f5                rtimer_run_next
 .text          0x0000000000018957       0x25 obj_cooja/mtype24.a(node-id.o)
                0x0000000000018957                node_id_init
 .text          0x000000000001897c       0x9c obj_cooja/mtype24.a(timer.o)
                0x000000000001897c                timer_set
                0x000000000001899a                timer_reset
                0x00000000000189b2                timer_restart
                0x00000000000189c7                timer_expired
                0x00000000000189f4                timer_remaining
 .text          0x0000000000018a18      0x1eb obj_cooja/mtype24.a(serial-line.o)
                0x0000000000018a18                serial_line_input_byte
                0x0000000000018bce                serial_line_init
 .text          0x0000000000018c03      0x28f obj_cooja/mtype24.a(list.o)
                0x0000000000018c03                list_init
                0x0000000000018c12                list_head
                0x0000000000018c1c                list_copy
                0x0000000000018c2c                list_tail
                0x0000000000018c62                list_add
                0x0000000000018cae                list_push
                0x0000000000018cda                list_chop
                0x0000000000018d44                list_pop
                0x0000000000018d6c                list_remove
                0x0000000000018dd4                list_length
                0x0000000000018e02                list_insert
                0x0000000000018e47                list_item_next
                0x0000000000018e5e                list_contains
 .text          0x0000000000018e92      0x156 obj_cooja/mtype24.a(ringbuf.o)
                0x0000000000018e92                ringbuf_init
                0x0000000000018ec4                ringbuf_put
                0x0000000000018f42                ringbuf_get
                0x0000000000018faf                ringbuf_size
                0x0000000000018fc1                ringbuf_elements
 .text          0x0000000000018fe8      0x407 obj_cooja/mtype24.a(packetbuf.o)
                0x0000000000018fe8                packetbuf_clear
                0x0000000000019013                packetbuf_copyfrom
                0x0000000000019062                packetbuf_copyto
                0x00000000000190f5                packetbuf_hdralloc
                0x0000000000019171                packetbuf_hdrreduce
                0x00000000000191b7                packetbuf_set_datalen
                0x00000000000191d1                packetbuf_dataptr
                0x00000000000191ee                packetbuf_hdrptr
                0x00000000000191f8                packetbuf_datalen
                0x0000000000019204                packetbuf_hdrlen
                0x000000000001921b                packetbuf_totlen
                0x0000000000019231                packetbuf_remaininglen
                0x0000000000019244                packetbuf_attr_clear
                0x0000000000019290                packetbuf_attr_copyto
                0x00000000000192e8                packetbuf_attr_copyfrom
                0x0000000000019340                packetbuf_set_attr
                0x000000000001936a                packetbuf_attr
                0x0000000000019384                packetbuf_set_addr
                0x00000000000193b5                packetbuf_addr
                0x00000000000193d2                packetbuf_holds_broadcast
 .text          0x00000000000193ef       0xef obj_cooja/mtype24.a(netstack.o)
                0x00000000000193ef                netstack_process_ip_callback
                0x0000000000019480                netstack_ip_packet_processor_add
                0x00000000000194a3                uip_ds6_ip_packet_processor_rm
                0x00000000000194c0                netstack_init
 .text          0x00000000000194de       0x4f obj_cooja/mtype24.a(linkaddr.o)
                0x00000000000194de                linkaddr_copy
                0x00000000000194f4                linkaddr_cmp
                0x0000000000019517                linkaddr_set_node_addr
 .text          0x000000000001952d      0x165 obj_cooja/mtype24.a(csma.o)
 .text          0x0000000000019692      0x944 obj_cooja/mtype24.a(csma-output.o)
                0x0000000000019d0b                csma_output_packet
                0x0000000000019f98                csma_output_init
 .text          0x0000000000019fd6      0xb25 obj_cooja/mtype24.a(uip-ds6.o)
                0x0000000000019fd6                uip_ds6_init
                0x000000000001a181                uip_ds6_periodic
                0x000000000001a208                uip_ds6_list_loop
                0x000000000001a2c8                uip_ds6_prefix_add
                0x000000000001a374                uip_ds6_prefix_rm
                0x000000000001a387                uip_ds6_prefix_lookup
                0x000000000001a3c6                uip_ds6_is_addr_onlink
                0x000000000001a439                uip_ds6_addr_add
                0x000000000001a559                uip_ds6_addr_rm
                0x000000000001a602                uip_ds6_addr_lookup
                0x000000000001a63b                uip_ds6_get_link_local
                0x000000000001a6bc                uip_ds6_get_global
                0x000000000001a73d                uip_ds6_maddr_add
                0x000000000001a79d                uip_ds6_maddr_rm
                0x000000000001a7b0                uip_ds6_maddr_lookup
                0x000000000001a7e9                uip_ds6_aaddr_add
                0x000000000001a849                uip_ds6_aaddr_rm
                0x000000000001a85c                uip_ds6_aaddr_lookup
                0x000000000001a895                uip_ds6_select_src
                0x000000000001a9de                uip_ds6_set_addr_iid
                0x000000000001aa09                uip_ds6_set_lladdr_from_iid
                0x000000000001aa32                get_match_length
                0x000000000001aac3                uip_ds6_compute_reachable_time
 .text          0x000000000001aafb      0x9d5 obj_cooja/mtype24.a(tcp-socket.o)
                0x000000000001b146                tcp_socket_register
                0x000000000001b1d7                tcp_socket_connect
                0x000000000001b26e                tcp_socket_listen
                0x000000000001b2e5                tcp_socket_unlisten
                0x000000000001b359                tcp_socket_send
                0x000000000001b3f9                tcp_socket_send_str
                0x000000000001b421                tcp_socket_close
                0x000000000001b44a                tcp_socket_unregister
                0x000000000001b4a4                tcp_socket_max_sendlen
                0x000000000001b4c1                tcp_socket_queuelen
 .text          0x000000000001b4d0      0xa72 obj_cooja/mtype24.a(tcpip.o)
                0x000000000001b4ea                tcpip_output
                0x000000000001b5ce                tcp_connect
                0x000000000001b626                tcp_unlisten
                0x000000000001b686                tcp_listen
                0x000000000001b6e4                tcp_attach
                0x000000000001b6fc                udp_attach
                0x000000000001b714                udp_new
                0x000000000001b75e                udp_broadcast_new
                0x000000000001b9e3                tcpip_input
                0x000000000001bb83                tcpip_ipv6_output
                0x000000000001bd97                tcpip_poll_udp
                0x000000000001bdb5                tcpip_poll_tcp
                0x000000000001bdd3                tcpip_uipcall
 .text          0x000000000001bf42      0x35b obj_cooja/mtype24.a(uip-ds6-route.o)
                0x000000000001bf93                uip_ds6_route_init
                0x000000000001bfbd                uip_ds6_route_nexthop
                0x000000000001bfc7                uip_ds6_route_head
                0x000000000001bfd1                uip_ds6_route_next
                0x000000000001bfdb                uip_ds6_route_is_nexthop
                0x000000000001bfe5                uip_ds6_route_num_routes
                0x000000000001bfef                uip_ds6_route_lookup
                0x000000000001bff9                uip_ds6_route_add
                0x000000000001c00c                uip_ds6_route_rm
                0x000000000001c012                uip_ds6_route_rm_by_nexthop
                0x000000000001c018                uip_ds6_defrt_head
                0x000000000001c031                uip_ds6_defrt_add
                0x000000000001c0df                uip_ds6_defrt_rm
                0x000000000001c145                uip_ds6_defrt_lookup
                0x000000000001c1ac                uip_ds6_defrt_choose
                0x000000000001c222                uip_ds6_defrt_periodic
 .text          0x000000000001c29d     0x2802 obj_cooja/mtype24.a(uip6.o)
                0x000000000001c29d                uip_add32
                0x000000000001c437                uip_chksum
                0x000000000001c518                uip_icmp6chksum
                0x000000000001c52d                uip_tcpchksum
                0x000000000001c542                uip_udpchksum
                0x000000000001c557                uip_init
                0x000000000001c5e2                uip_connect
                0x000000000001c76b                remove_ext_hdr
                0x000000000001c850                uip_udp_new
                0x000000000001c972                uip_unlisten
                0x000000000001c9b4                uip_listen
                0x000000000001cc55                uip_process
                0x000000000001e99a                uip_htons
                0x000000000001e9bc                uip_htonl
                0x000000000001e9fa                uip_send
 .text          0x000000000001ea9f      0x374 obj_cooja/mtype24.a(uip-ds6-nbr.o)
                0x000000000001ea9f                uip_ds6_neighbors_init
                0x000000000001eac3                uip_ds6_nbr_add
                0x000000000001eb49                uip_ds6_nbr_rm
                0x000000000001eb94                uip_ds6_nbr_update_ll
                0x000000000001ec82                uip_ds6_nbr_get_ipaddr
                0x000000000001ec97                uip_ds6_nbr_get_ll
                0x000000000001ecb3                uip_ds6_nbr_num
                0x000000000001ecfc                uip_ds6_nbr_head
                0x000000000001ed15                uip_ds6_nbr_next
                0x000000000001ed31                uip_ds6_nbr_lookup
                0x000000000001ed94                uip_ds6_nbr_ll_lookup
                0x000000000001edb0                uip_ds6_nbr_ipaddr_from_lladdr
                0x000000000001edd9                uip_ds6_nbr_lladdr_from_ipaddr
                0x000000000001ee0d                uip_ds6_link_callback
 .text          0x000000000001ee13      0x6b5 obj_cooja/mtype24.a(uip-nd6.o)
                0x000000000001f4af                uip_nd6_init
 .text          0x000000000001f4c8     0x2a78 obj_cooja/mtype24.a(sicslowpan.o)
                0x000000000001f9c6                netstack_sniffer_add
                0x000000000001f9d4                netstack_sniffer_remove
                0x0000000000021f0c                sicslowpan_init
                0x0000000000021f36                sicslowpan_get_last_rssi
 .text          0x0000000000021f40      0x4d1 obj_cooja/mtype24.a(uiplib.o)
                0x0000000000021f40                uiplib_ip6addrconv
                0x00000000000220f8                uiplib_ip4addrconv
                0x00000000000221bb                uiplib_ipaddr_print
                0x000000000002220e                uiplib_ipaddr_snprint
 .text          0x0000000000022411      0x4c9 obj_cooja/mtype24.a(rpl.o)
                0x0000000000022411                rpl_lollipop_greater_than
                0x000000000002246b                rpl_get_global_address
                0x0000000000022563                rpl_link_callback
                0x00000000000225a7                rpl_has_joined
                0x00000000000225cc                rpl_is_reachable
                0x000000000002264d                rpl_reset_prefix
                0x00000000000226b7                rpl_set_prefix_from_addr
                0x000000000002279c                rpl_set_prefix
                0x00000000000228b6                rpl_set_leaf_only
                0x00000000000228ce                rpl_get_leaf_only
 .text          0x00000000000228da     0x13cb obj_cooja/mtype24.a(rpl-icmp6.o)
                0x00000000000229ff                rpl_icmp6_update_nbr_table
                0x0000000000022a98                rpl_icmp6_dis_output
                0x00000000000230ee                rpl_icmp6_dio_output
                0x00000000000238fb                rpl_icmp6_dao_output
                0x0000000000023bec                rpl_icmp6_dao_ack_output
                0x0000000000023c5c                rpl_icmp6_init
 .text          0x0000000000023ca5      0xe51 obj_cooja/mtype24.a(rpl-dag.o)
                0x0000000000023ca5                rpl_dag_state_to_str
                0x0000000000023ce4                rpl_dag_get_root_ipaddr
                0x0000000000023d2c                rpl_dag_leave
                0x0000000000023db5                rpl_dag_poison_and_leave
                0x0000000000023dcd                rpl_dag_periodic
                0x0000000000023e55                rpl_is_addr_in_our_dag
                0x0000000000023e99                rpl_get_default_instance
                0x0000000000023eb5                rpl_get_any_dag
                0x0000000000023f0e                rpl_refresh_routes
                0x0000000000023f4e                rpl_global_repair
                0x0000000000023fda                rpl_local_repair
                0x0000000000024024                rpl_dag_ready_to_advertise
                0x0000000000024067                rpl_dag_update_state
                0x000000000002478b                rpl_process_dio
                0x000000000002480c                rpl_process_dis
                0x0000000000024851                rpl_process_dao
                0x00000000000248e0                rpl_process_dao_ack
                0x0000000000024972                rpl_process_hbh
                0x00000000000249c2                rpl_dag_init_root
                0x0000000000024ad6                rpl_dag_init
 .text          0x0000000000024af6      0x286 obj_cooja/mtype24.a(rpl-dag-root.o)
                0x0000000000024af6                rpl_dag_root_print_links
                0x0000000000024c44                rpl_dag_root_set_prefix
                0x0000000000024c70                rpl_dag_root_start
                0x0000000000024d4d                rpl_dag_root_is_root
 .text          0x0000000000024d7c       0x1e obj_cooja/mtype24.a(watchdog.o)
                0x0000000000024d7c                watchdog_init
                0x0000000000024d82                watchdog_start
                0x0000000000024d88                watchdog_periodic
                0x0000000000024d8e                watchdog_stop
                0x0000000000024d94                watchdog_reboot
 .text          0x0000000000024d9a       0xb2 obj_cooja/mtype24.a(stimer.o)
                0x0000000000024d9a                stimer_set
                0x0000000000024db8                stimer_reset
                0x0000000000024dd0                stimer_restart
                0x0000000000024de5                stimer_expired
                0x0000000000024e10                stimer_remaining
                0x0000000000024e34                stimer_elapsed
 .text          0x0000000000024e4c      0x1b8 obj_cooja/mtype24.a(memb.o)
                0x0000000000024e4c                memb_init
                0x0000000000024ea1                memb_alloc
                0x0000000000024f06                memb_free
                0x0000000000024f81                memb_inmemb
                0x0000000000024fc0                memb_numfree
 .text          0x0000000000025004      0x2e7 obj_cooja/mtype24.a(queuebuf.o)
                0x000000000002500e                queuebuf_init
                0x0000000000025037                queuebuf_numfree
                0x000000000002504f                queuebuf_new_from_packetbuf
                0x00000000000250ee                queuebuf_update_attr_from_packetbuf
                0x0000000000025123                queuebuf_update_from_packetbuf
                0x0000000000025173                queuebuf_free
                0x00000000000251bc                queuebuf_to_packetbuf
                0x0000000000025228                queuebuf_dataptr
                0x0000000000025262                queuebuf_datalen
                0x0000000000025285                queuebuf_addr
                0x00000000000252ba                queuebuf_attr
                0x00000000000252e5                queuebuf_debug_print
 .text          0x00000000000252eb      0x78b obj_cooja/mtype24.a(nbr-table.o)
                0x0000000000025764                nbr_table_register
                0x00000000000257d1                nbr_table_is_registered
                0x000000000002580c                nbr_table_head
                0x0000000000025867                nbr_table_next
                0x00000000000258c8                nbr_table_add_lladdr
                0x0000000000025992                nbr_table_get_from_lladdr
                0x00000000000259de                nbr_table_remove
                0x0000000000025a16                nbr_table_lock
                0x0000000000025a30                nbr_table_unlock
                0x0000000000025a4a                nbr_table_get_lladdr
 .text          0x0000000000025a76      0x37c obj_cooja/mtype24.a(link-stats.o)
                0x0000000000025a76                link_stats_from_lladdr
                0x0000000000025a92                link_stats_is_fresh
                0x0000000000025ace                guess_etx_from_rssi
                0x0000000000025b4a                link_stats_packet_sent
                0x0000000000025c5d                link_stats_input_callback
                0x0000000000025d6d                link_stats_reset
                0x0000000000025dbd                link_stats_init
 .text          0x0000000000025df2      0x187 obj_cooja/mtype24.a(mac-sequence.o)
                0x0000000000025df2                mac_sequence_is_duplicate
                0x0000000000025e92                mac_sequence_register_seqno
 .text          0x0000000000025f79       0x23 obj_cooja/mtype24.a(mac.o)
                0x0000000000025f79                mac_call_sent_callback
 .text          0x0000000000025f9c      0x41d obj_cooja/mtype24.a(framer-802154.o)
                0x000000000002612b                framer_802154_setup_params
 .text          0x00000000000263b9      0xb6f obj_cooja/mtype24.a(frame802154.o)
                0x00000000000263ea                frame802154_get_pan_id
                0x00000000000263f6                frame802154_set_pan_id
                0x0000000000026410                frame802154_has_panid
                0x00000000000265bf                frame802154_check_dest_panid
                0x0000000000026647                frame802154_is_broadcast_addr
                0x0000000000026694                frame802154_extract_linkaddr
                0x00000000000268f9                frame802154_hdrlen
                0x000000000002696c                frame802154_create_fcf
                0x0000000000026a24                frame802154_create
                0x0000000000026b99                frame802154_parse_fcf
                0x0000000000026c7b                frame802154_parse
 .text          0x0000000000026f28      0x1ec obj_cooja/mtype24.a(uipbuf.o)
                0x0000000000026f28                uipbuf_get_next_header
                0x0000000000026f97                uipbuf_get_last_header
                0x000000000002701e                uipbuf_get_attr
                0x0000000000027045                uipbuf_set_attr
                0x000000000002707c                uipbuf_clear_attr
                0x00000000000270a8                uipbuf_set_attr_flag
                0x00000000000270c9                uipbuf_clr_attr_flag
                0x00000000000270f0                uipbuf_is_attr_flag
 .text          0x0000000000027114      0x96e obj_cooja/mtype24.a(uip-icmp6.o)
                0x0000000000027189                uip_icmp6_input
                0x00000000000271e0                uip_icmp6_register_input_handler
                0x00000000000273ec                uip_icmp6_error_output
                0x000000000002774b                uip_icmp6_send
                0x0000000000027a0a                uip_icmp6_echo_reply_callback_add
                0x0000000000027a3c                uip_icmp6_echo_reply_callback_rm
                0x0000000000027a59                uip_icmp6_init
 .text          0x0000000000027a82      0x69b obj_cooja/mtype24.a(uip-sr.o)
                0x0000000000027a82                uip_sr_num_nodes
                0x0000000000027b10                uip_sr_get_node
                0x0000000000027b67                uip_sr_is_addr_reachable
                0x0000000000027c15                uip_sr_expire_parent
                0x0000000000027c5e                uip_sr_update_node
                0x0000000000027d8e                uip_sr_init
                0x0000000000027dc2                uip_sr_node_head
                0x0000000000027ddb                uip_sr_node_next
                0x0000000000027df1                uip_sr_periodic
                0x0000000000027ef7                uip_sr_free_all
                0x0000000000027f67                uip_sr_link_snprint
 .text          0x000000000002811d      0x146 obj_cooja/mtype24.a(uip-packetqueue)
                0x000000000002814b                uip_packetqueue_new
                0x000000000002815a                uip_packetqueue_alloc
                0x00000000000281b5                uip_packetqueue_free
                0x00000000000281fc                uip_packetqueue_buf
                0x0000000000028219                uip_packetqueue_buflen
                0x000000000002823a                uip_packetqueue_set_buflen
 .text          0x0000000000028263      0x1c8 obj_cooja/mtype24.a(rpl-nbr-policy.)
                0x00000000000283e8                rpl_nbr_policy_find_removable
 .text          0x000000000002842b      0x8ed obj_cooja/mtype24.a(rpl-neighbor.o)
                0x00000000000284a7                rpl_neighbor_snprint
                0x0000000000028754                rpl_neighbor_print_list
                0x0000000000028809                rpl_neighbor_count
                0x00000000000288b0                rpl_neighbor_get_from_lladdr
                0x00000000000288cc                rpl_neighbor_is_acceptable_parent
                0x0000000000028900                rpl_neighbor_get_link_metric
                0x0000000000028934                rpl_neighbor_rank_via_nbr
                0x0000000000028968                rpl_neighbor_get_lladdr
                0x0000000000028984                rpl_neighbor_get_ipaddr
                0x00000000000289ab                rpl_neighbor_get_link_stats
                0x00000000000289d2                rpl_neighbor_is_fresh
                0x00000000000289f9                rpl_neighbor_is_reachable
                0x0000000000028a44                rpl_neighbor_is_parent
                0x0000000000028a6e                rpl_neighbor_set_preferred_parent
                0x0000000000028afa                rpl_neighbor_remove_all
                0x0000000000028b49                rpl_neighbor_get_from_ipaddr
                0x0000000000028c4d                rpl_neighbor_select_best
                0x0000000000028cf9                rpl_neighbor_init
 .text          0x0000000000028d18      0xa19 obj_cooja/mtype24.a(rpl-timers.o)
                0x0000000000028d18                rpl_timers_schedule_periodic_dis
                0x0000000000028e66                rpl_timers_dio_reset
                0x0000000000028f57                rpl_timers_schedule_unicast_dio
                0x00000000000290dd                rpl_timers_schedule_dao
                0x0000000000029217                rpl_timers_schedule_dao_ack
                0x000000000002929d                get_probing_delay
                0x00000000000292d1                get_probing_target
                0x00000000000294bb                rpl_schedule_probing
                0x00000000000294e9                rpl_schedule_probing_now
                0x0000000000029553                rpl_timers_unschedule_leaving
                0x000000000002958b                rpl_timers_schedule_leaving
                0x00000000000295cc                rpl_timers_init
                0x000000000002965c                rpl_timers_stop_dag_timers
                0x00000000000296d5                rpl_timers_unschedule_state_update
                0x00000000000296f9                rpl_timers_schedule_state_update
 .text          0x0000000000029731     0x102c obj_cooja/mtype24.a(rpl-ext-header.)
                0x0000000000029731                rpl_ext_header_srh_get_next_hop
                0x00000000000298ad                rpl_ext_header_srh_update
                0x0000000000029fa6                rpl_ext_header_hbh_update
                0x000000000002a4fb                rpl_ext_header_update
                0x000000000002a584                rpl_ext_header_remove
 .text          0x000000000002a75d      0x31b obj_cooja/mtype24.a(rpl-mrhof.o)
 .text          0x000000000002aa78        0x0 /usr/lib/gcc/i686-linux-gnu/5/crtendS.o
 .text          0x000000000002aa78        0x0 /usr/lib/gcc/i686-linux-gnu/5/../../../i386-linux-gnu/crtn.o
 *(.gnu.warning)

.fini           0x000000000002aa78       0x14
 *(SORT(.fini))
 .fini          0x000000000002aa78        0xf /usr/lib/gcc/i686-linux-gnu/5/../../../i386-linux-gnu/crti.o
                0x000000000002aa78                _fini
 .fini          0x000000000002aa87        0x5 /usr/lib/gcc/i686-linux-gnu/5/../../../i386-linux-gnu/crtn.o
                [!provide]                        PROVIDE (__etext, .)
                [!provide]                        PROVIDE (_etext, .)
                [!provide]                        PROVIDE (etext, .)

.rodata         0x000000000002aaa0      0xbc0
 *(.rodata .rodata.* .gnu.linkonce.r.*)
 .rodata        0x000000000002aaa0      0x43e mqtt-demo.o
                0x000000000002aaa8                autostart_processes
 *fill*         0x000000000002aede        0x2 
 .rodata        0x000000000002aee0        0x8 obj_cooja/mtype24.a(beep.o)
                0x000000000002aee0                beep_interface
 .rodata        0x000000000002aee8       0x20 obj_cooja/mtype24.a(button-sensor.o)
                0x000000000002aee8                button_interface
                0x000000000002aef8                button_sensor
 .rodata        0x000000000002af08        0x8 obj_cooja/mtype24.a(leds-arch.o)
                0x000000000002af08                leds_interface
 .rodata        0x000000000002af10        0x8 obj_cooja/mtype24.a(moteid.o)
                0x000000000002af10                moteid_interface
 .rodata        0x000000000002af18       0x1c obj_cooja/mtype24.a(pir-sensor.o)
                0x000000000002af18                pir_interface
                0x000000000002af24                pir_sensor
 .rodata        0x000000000002af34        0xe obj_cooja/mtype24.a(rs232.o)
                0x000000000002af34                rs232_interface
 *fill*         0x000000000002af42        0x2 
 .rodata        0x000000000002af44       0x24 obj_cooja/mtype24.a(vib-sensor.o)
                0x000000000002af44                vib_interface
                0x000000000002af58                vib_sensor
 .rodata        0x000000000002af68        0x8 obj_cooja/mtype24.a(clock.o)
                0x000000000002af68                clock_interface
 .rodata        0x000000000002af70        0x8 obj_cooja/mtype24.a(cooja-log.o)
                0x000000000002af70                simlog_interface
 .rodata        0x000000000002af78       0x2f obj_cooja/mtype24.a(cfs-cooja.o)
                0x000000000002af78                cfs_interface
 *fill*         0x000000000002afa7       0x19 
 .rodata        0x000000000002afc0       0x58 obj_cooja/mtype24.a(cooja-radio.o)
                0x000000000002afc0                radio_interface
                0x000000000002afe0                cooja_radio_driver
 .rodata        0x000000000002b018        0x8 obj_cooja/mtype24.a(eeprom.o)
                0x000000000002b018                eeprom_interface
 .rodata        0x000000000002b020        0x8 obj_cooja/mtype24.a(sensors.o)
 .rodata        0x000000000002b028       0x14 obj_cooja/mtype24.a(mqtt.o)
 .rodata        0x000000000002b03c       0xf8 obj_cooja/mtype24.a(contiki-main.o)
 .rodata        0x000000000002b134        0xf obj_cooja/mtype24.a(ctimer.o)
 .rodata        0x000000000002b143        0xc obj_cooja/mtype24.a(etimer.o)
 *fill*         0x000000000002b14f        0x1 
 .rodata        0x000000000002b150       0xc0 obj_cooja/mtype24.a(log.o)
 .rodata        0x000000000002b210        0xe obj_cooja/mtype24.a(serial-line.o)
 *fill*         0x000000000002b21e        0x2 
 .rodata        0x000000000002b220        0x8 obj_cooja/mtype24.a(linkaddr.o)
                0x000000000002b220                linkaddr_null
 .rodata        0x000000000002b228       0x20 obj_cooja/mtype24.a(csma.o)
                0x000000000002b230                csma_driver
 .rodata        0x000000000002b248       0x13 obj_cooja/mtype24.a(tcp-socket.o)
 .rodata        0x000000000002b25b        0xd obj_cooja/mtype24.a(tcpip.o)
 .rodata        0x000000000002b268       0x4d obj_cooja/mtype24.a(uip-ds6-route.o)
 *fill*         0x000000000002b2b5        0x3 
 .rodata        0x000000000002b2b8      0x13c obj_cooja/mtype24.a(uip6.o)
 .rodata        0x000000000002b3f4       0x30 obj_cooja/mtype24.a(sicslowpan.o)
                0x000000000002b3f4                unc_llconf
                0x000000000002b3f8                unc_ctxconf
                0x000000000002b3fc                unc_mxconf
                0x000000000002b400                llprefix
                0x000000000002b414                sicslowpan_driver
 .rodata        0x000000000002b424       0x2d obj_cooja/mtype24.a(uiplib.o)
 *fill*         0x000000000002b451        0xf 
 .rodata        0x000000000002b460       0x70 obj_cooja/mtype24.a(rpl.o)
                0x000000000002b480                rpl_lite_driver
 .rodata        0x000000000002b4d0       0xdb obj_cooja/mtype24.a(rpl-dag.o)
 *fill*         0x000000000002b5ab        0x1 
 .rodata        0x000000000002b5ac        0xc obj_cooja/mtype24.a(framer-802154.o)
                0x000000000002b5ac                framer_802154
 .rodata        0x000000000002b5b8       0x44 obj_cooja/mtype24.a(uip-sr.o)
 .rodata        0x000000000002b5fc       0x58 obj_cooja/mtype24.a(rpl-neighbor.o)
 .rodata        0x000000000002b654        0xc obj_cooja/mtype24.a(rpl-timers.o)

.rodata1
 *(.rodata1)

.eh_frame_hdr   0x000000000002b660     0x1684
 *(.eh_frame_hdr)
 .eh_frame_hdr  0x000000000002b660     0x1684 mqtt-demo.o
                0x000000000002b660                __GNU_EH_FRAME_HDR
 *(.eh_frame_entry .eh_frame_entry.*)

.eh_frame       0x000000000002cce4     0x5b30
 *(.eh_frame)
 .eh_frame      0x000000000002cce4       0x3c /usr/lib/gcc/i686-linux-gnu/5/../../../i386-linux-gnu/crti.o
                                         0x40 (size before relaxing)
 .eh_frame      0x000000000002cd20      0x280 mqtt-demo.o
                                        0x298 (size before relaxing)
 .eh_frame      0x000000000002cfa0      0x178 obj_cooja/mtype24.o
                                        0x190 (size before relaxing)
 .eh_frame      0x000000000002d118       0x40 obj_cooja/mtype24.a(simEnvChange.o)
                                         0x58 (size before relaxing)
 .eh_frame      0x000000000002d158       0x60 obj_cooja/mtype24.a(cooja_mt.o)
                                         0x78 (size before relaxing)
 .eh_frame      0x000000000002d1b8       0x80 obj_cooja/mtype24.a(cooja_mtarch.o)
                                         0x98 (size before relaxing)
 .eh_frame      0x000000000002d238       0xc8 obj_cooja/mtype24.a(rtimer-arch.o)
                                         0xe0 (size before relaxing)
 .eh_frame      0x000000000002d300      0x160 obj_cooja/mtype24.a(beep.o)
                                        0x178 (size before relaxing)
 .eh_frame      0x000000000002d460       0xa0 obj_cooja/mtype24.a(button-sensor.o)
                                         0xb8 (size before relaxing)
 .eh_frame      0x000000000002d500       0xa0 obj_cooja/mtype24.a(leds-arch.o)
                                         0xb8 (size before relaxing)
 .eh_frame      0x000000000002d5a0       0x40 obj_cooja/mtype24.a(moteid.o)
                                         0x58 (size before relaxing)
 .eh_frame      0x000000000002d5e0       0xa0 obj_cooja/mtype24.a(pir-sensor.o)
                                         0xb8 (size before relaxing)
 .eh_frame      0x000000000002d680      0x100 obj_cooja/mtype24.a(rs232.o)
                                        0x118 (size before relaxing)
 .eh_frame      0x000000000002d780       0xa0 obj_cooja/mtype24.a(vib-sensor.o)
                                         0xb8 (size before relaxing)
 .eh_frame      0x000000000002d820       0xc0 obj_cooja/mtype24.a(clock.o)
                                         0xd8 (size before relaxing)
 .eh_frame      0x000000000002d8e0      0x120 obj_cooja/mtype24.a(cooja-log.o)
                                        0x138 (size before relaxing)
 .eh_frame      0x000000000002da00      0x160 obj_cooja/mtype24.a(cfs-cooja.o)
                                        0x178 (size before relaxing)
 .eh_frame      0x000000000002db60      0x340 obj_cooja/mtype24.a(cooja-radio.o)
                                        0x358 (size before relaxing)
 .eh_frame      0x000000000002dea0       0xa0 obj_cooja/mtype24.a(eeprom.o)
                                         0xb8 (size before relaxing)
 .eh_frame      0x000000000002df40       0x40 obj_cooja/mtype24.a(random.o)
                                         0x58 (size before relaxing)
 .eh_frame      0x000000000002df80       0xc0 obj_cooja/mtype24.a(sensors.o)
                                         0xd8 (size before relaxing)
 .eh_frame      0x000000000002e040       0xe0 obj_cooja/mtype24.a(leds.o)
                                         0xf8 (size before relaxing)
 .eh_frame      0x000000000002e120      0x4a4 obj_cooja/mtype24.a(mqtt.o)
                                        0x4bc (size before relaxing)
 .eh_frame      0x000000000002e5c4       0x30 obj_cooja/mtype24.a(contiki-main.o)
                                         0x48 (size before relaxing)
 .eh_frame      0x000000000002e5f4       0x40 obj_cooja/mtype24.a(autostart.o)
                                         0x58 (size before relaxing)
 .eh_frame      0x000000000002e634      0x100 obj_cooja/mtype24.a(ctimer.o)
                                        0x118 (size before relaxing)
 .eh_frame      0x000000000002e734       0x60 obj_cooja/mtype24.a(energest.o)
                                         0x78 (size before relaxing)
 .eh_frame      0x000000000002e794      0x1e0 obj_cooja/mtype24.a(etimer.o)
                                        0x1f8 (size before relaxing)
 .eh_frame      0x000000000002e974      0x100 obj_cooja/mtype24.a(log.o)
                                        0x118 (size before relaxing)
 .eh_frame      0x000000000002ea74      0x1c4 obj_cooja/mtype24.a(process.o)
                                        0x1dc (size before relaxing)
 .eh_frame      0x000000000002ec38       0x60 obj_cooja/mtype24.a(rtimer.o)
                                         0x78 (size before relaxing)
 .eh_frame      0x000000000002ec98       0x20 obj_cooja/mtype24.a(node-id.o)
                                         0x38 (size before relaxing)
 .eh_frame      0x000000000002ecb8       0xa4 obj_cooja/mtype24.a(timer.o)
                                         0xbc (size before relaxing)
 .eh_frame      0x000000000002ed5c       0x60 obj_cooja/mtype24.a(serial-line.o)
                                         0x78 (size before relaxing)
 .eh_frame      0x000000000002edbc      0x1a0 obj_cooja/mtype24.a(list.o)
                                        0x1b8 (size before relaxing)
 .eh_frame      0x000000000002ef5c       0xa0 obj_cooja/mtype24.a(ringbuf.o)
                                         0xb8 (size before relaxing)
 .eh_frame      0x000000000002effc      0x28c obj_cooja/mtype24.a(packetbuf.o)
                                        0x2a4 (size before relaxing)
 .eh_frame      0x000000000002f288       0x80 obj_cooja/mtype24.a(netstack.o)
                                         0x98 (size before relaxing)
 .eh_frame      0x000000000002f308       0x60 obj_cooja/mtype24.a(linkaddr.o)
                                         0x78 (size before relaxing)
 .eh_frame      0x000000000002f368       0xa0 obj_cooja/mtype24.a(csma.o)
                                         0xb8 (size before relaxing)
 .eh_frame      0x000000000002f408      0x1d4 obj_cooja/mtype24.a(csma-output.o)
                                        0x1ec (size before relaxing)
 .eh_frame      0x000000000002f5dc      0x2e8 obj_cooja/mtype24.a(uip-ds6.o)
                                        0x300 (size before relaxing)
 .eh_frame      0x000000000002f8c4      0x248 obj_cooja/mtype24.a(tcp-socket.o)
                                        0x260 (size before relaxing)
 .eh_frame      0x000000000002fb0c      0x308 obj_cooja/mtype24.a(tcpip.o)
                                        0x320 (size before relaxing)
 .eh_frame      0x000000000002fe14      0x220 obj_cooja/mtype24.a(uip-ds6-route.o)
                                        0x238 (size before relaxing)
 .eh_frame      0x0000000000030034      0x274 obj_cooja/mtype24.a(uip6.o)
                                        0x28c (size before relaxing)
 .eh_frame      0x00000000000302a8      0x1c0 obj_cooja/mtype24.a(uip-ds6-nbr.o)
                                        0x1d8 (size before relaxing)
 .eh_frame      0x0000000000030468       0x84 obj_cooja/mtype24.a(uip-nd6.o)
                                         0x9c (size before relaxing)
 .eh_frame      0x00000000000304ec      0x2f8 obj_cooja/mtype24.a(sicslowpan.o)
                                        0x310 (size before relaxing)
 .eh_frame      0x00000000000307e4       0x88 obj_cooja/mtype24.a(uiplib.o)
                                         0xa0 (size before relaxing)
 .eh_frame      0x000000000003086c      0x1e0 obj_cooja/mtype24.a(rpl.o)
                                        0x1f8 (size before relaxing)
 .eh_frame      0x0000000000030a4c      0x1c4 obj_cooja/mtype24.a(rpl-icmp6.o)
                                        0x1dc (size before relaxing)
 .eh_frame      0x0000000000030c10      0x370 obj_cooja/mtype24.a(rpl-dag.o)
                                        0x388 (size before relaxing)
 .eh_frame      0x0000000000030f80       0xa0 obj_cooja/mtype24.a(rpl-dag-root.o)
                                         0xb8 (size before relaxing)
 .eh_frame      0x0000000000031020       0xa0 obj_cooja/mtype24.a(watchdog.o)
                                         0xb8 (size before relaxing)
 .eh_frame      0x00000000000310c0       0xc4 obj_cooja/mtype24.a(stimer.o)
                                         0xdc (size before relaxing)
 .eh_frame      0x0000000000031184       0xa0 obj_cooja/mtype24.a(memb.o)
                                         0xb8 (size before relaxing)
 .eh_frame      0x0000000000031224      0x1a0 obj_cooja/mtype24.a(queuebuf.o)
                                        0x1b8 (size before relaxing)
 .eh_frame      0x00000000000313c4      0x2ac obj_cooja/mtype24.a(nbr-table.o)
                                        0x2c4 (size before relaxing)
 .eh_frame      0x0000000000031670      0x100 obj_cooja/mtype24.a(link-stats.o)
                                        0x118 (size before relaxing)
 .eh_frame      0x0000000000031770       0x48 obj_cooja/mtype24.a(mac-sequence.o)
                                         0x60 (size before relaxing)
 .eh_frame      0x00000000000317b8       0x20 obj_cooja/mtype24.a(mac.o)
                                         0x38 (size before relaxing)
 .eh_frame      0x00000000000317d8       0xa4 obj_cooja/mtype24.a(framer-802154.o)
                                         0xbc (size before relaxing)
 .eh_frame      0x000000000003187c      0x1a4 obj_cooja/mtype24.a(frame802154.o)
                                        0x1bc (size before relaxing)
 .eh_frame      0x0000000000031a20      0x100 obj_cooja/mtype24.a(uipbuf.o)
                                        0x118 (size before relaxing)
 .eh_frame      0x0000000000031b20      0x160 obj_cooja/mtype24.a(uip-icmp6.o)
                                        0x178 (size before relaxing)
 .eh_frame      0x0000000000031c80      0x184 obj_cooja/mtype24.a(uip-sr.o)
                                        0x19c (size before relaxing)
 .eh_frame      0x0000000000031e04       0xe0 obj_cooja/mtype24.a(uip-packetqueue)
                                         0xf8 (size before relaxing)
 .eh_frame      0x0000000000031ee4       0x80 obj_cooja/mtype24.a(rpl-nbr-policy.)
                                         0x98 (size before relaxing)
 .eh_frame      0x0000000000031f64      0x2d4 obj_cooja/mtype24.a(rpl-neighbor.o)
                                        0x2ec (size before relaxing)
 .eh_frame      0x0000000000032238      0x368 obj_cooja/mtype24.a(rpl-timers.o)
                                        0x380 (size before relaxing)
 .eh_frame      0x00000000000325a0      0x128 obj_cooja/mtype24.a(rpl-ext-header.)
                                        0x140 (size before relaxing)
 .eh_frame      0x00000000000326c8      0x148 obj_cooja/mtype24.a(rpl-mrhof.o)
                                        0x160 (size before relaxing)
 .eh_frame      0x0000000000032810        0x4 /usr/lib/gcc/i686-linux-gnu/5/crtendS.o
 *(.eh_frame.*)

.gcc_except_table
 *(.gcc_except_table .gcc_except_table.*)

.gnu_extab
 *(.gnu_extab*)

.exception_ranges
 *(.exception_ranges .exception_ranges*)
                0x0000000000033f10                . = DATA_SEGMENT_ALIGN (0x1000, 0x1000)

.eh_frame
 *(.eh_frame)
 *(.eh_frame.*)

.gnu_extab
 *(.gnu_extab)

.gcc_except_table
 *(.gcc_except_table .gcc_except_table.*)

.exception_ranges
 *(.exception_ranges .exception_ranges*)

.tdata
 *(.tdata .tdata.* .gnu.linkonce.td.*)

.tbss
 *(.tbss .tbss.* .gnu.linkonce.tb.*)
 *(.tcommon)

.preinit_array
 *(.preinit_array)

.init_array     0x0000000000033f10        0x4
 *(SORT(.init_array.*) SORT(.ctors.*))
 *(.init_array EXCLUDE_FILE(*crtend?.o *crtend.o *crtbegin?.o *crtbegin.o) .ctors)
 .init_array    0x0000000000033f10        0x4 /usr/lib/gcc/i686-linux-gnu/5/crtbeginS.o

.fini_array     0x0000000000033f14        0x4
 *(SORT(.fini_array.*) SORT(.dtors.*))
 *(.fini_array EXCLUDE_FILE(*crtend?.o *crtend.o *crtbegin?.o *crtbegin.o) .dtors)
 .fini_array    0x0000000000033f14        0x4 /usr/lib/gcc/i686-linux-gnu/5/crtbeginS.o

.ctors
 *crtbegin.o(.ctors)
 *crtbegin?.o(.ctors)
 *(EXCLUDE_FILE(*crtend?.o *crtend.o) .ctors)
 *(SORT(.ctors.*))
 *(.ctors)

.dtors
 *crtbegin.o(.dtors)
 *crtbegin?.o(.dtors)
 *(EXCLUDE_FILE(*crtend?.o *crtend.o) .dtors)
 *(SORT(.dtors.*))
 *(.dtors)

.jcr            0x0000000000033f18        0x4
 *(.jcr)
 .jcr           0x0000000000033f18        0x0 /usr/lib/gcc/i686-linux-gnu/5/crtbeginS.o
 .jcr           0x0000000000033f18        0x4 /usr/lib/gcc/i686-linux-gnu/5/crtendS.o

.data.rel.ro
 *(.data.rel.ro.local* .gnu.linkonce.d.rel.ro.local.*)
 *(.data.rel.ro .data.rel.ro.* .gnu.linkonce.d.rel.ro.*)

.dynamic        0x0000000000033f1c       0xd0
 *(.dynamic)
 .dynamic       0x0000000000033f1c       0xd0 /usr/lib/gcc/i686-linux-gnu/5/../../../i386-linux-gnu/crti.o
                0x0000000000033f1c                _DYNAMIC

.got            0x0000000000033fec       0x14
 *(.got)
 .got           0x0000000000033fec       0x14 /usr/lib/gcc/i686-linux-gnu/5/../../../i386-linux-gnu/crti.o
 *(.igot)
                0x0000000000034ff4                . = DATA_SEGMENT_RELRO_END (., (SIZEOF (.got.plt) >= 0xc)?0xc:0x0)

.got.plt        0x0000000000034000        0xc
 *(.got.plt)
 .got.plt       0x0000000000034000        0xc /usr/lib/gcc/i686-linux-gnu/5/../../../i386-linux-gnu/crti.o
                0x0000000000034000                _GLOBAL_OFFSET_TABLE_
 *(.igot.plt)

.data           0x0000000000034020      0x324
 *(.data .data.* .gnu.linkonce.d.*)
 .data          0x0000000000034020        0x0 /usr/lib/gcc/i686-linux-gnu/5/../../../i386-linux-gnu/crti.o
 .data          0x0000000000034020        0x0 /usr/lib/gcc/i686-linux-gnu/5/crtbeginS.o
 .data.rel.local
                0x0000000000034020        0x4 /usr/lib/gcc/i686-linux-gnu/5/crtbeginS.o
                0x0000000000034020                __dso_handle
 .data          0x0000000000034024       0x18 mqtt-demo.o
                0x000000000003402c                mqtt_demo_process
 *fill*         0x000000000003403c        0x4 
 .data          0x0000000000034040       0x44 obj_cooja/mtype24.o
                0x0000000000034040                simInterfaces
                0x0000000000034074                sensors
 .data          0x0000000000034084        0x0 obj_cooja/mtype24.a(simEnvChange.o)
 .data          0x0000000000034084        0x0 obj_cooja/mtype24.a(cooja_mt.o)
 .data          0x0000000000034084        0x0 obj_cooja/mtype24.a(cooja_mtarch.o)
 .data          0x0000000000034084        0x0 obj_cooja/mtype24.a(rtimer-arch.o)
 .data          0x0000000000034084        0x0 obj_cooja/mtype24.a(beep.o)
 .data          0x0000000000034084        0x0 obj_cooja/mtype24.a(button-sensor.o)
 .data          0x0000000000034084        0x0 obj_cooja/mtype24.a(leds-arch.o)
 .data          0x0000000000034084        0x0 obj_cooja/mtype24.a(moteid.o)
 .data          0x0000000000034084        0x0 obj_cooja/mtype24.a(pir-sensor.o)
 .data          0x0000000000034084        0x0 obj_cooja/mtype24.a(rs232.o)
 .data          0x0000000000034084        0x0 obj_cooja/mtype24.a(vib-sensor.o)
 .data          0x0000000000034084        0x0 obj_cooja/mtype24.a(clock.o)
 .data          0x0000000000034084        0x0 obj_cooja/mtype24.a(cooja-log.o)
 .data          0x0000000000034084        0x0 obj_cooja/mtype24.a(cfs-cooja.o)
 .data          0x0000000000034084       0x2c obj_cooja/mtype24.a(cooja-radio.o)
                0x0000000000034084                simRadioHWOn
                0x0000000000034088                simSignalStrength
                0x000000000003408c                simLastSignalStrength
                0x0000000000034090                simPower
                0x0000000000034094                simRadioChannel
                0x0000000000034098                simLQI
                0x00000000000340a0                cooja_radio_process
 .data          0x00000000000340b0        0x0 obj_cooja/mtype24.a(eeprom.o)
 .data          0x00000000000340b0        0x0 obj_cooja/mtype24.a(random.o)
 .data          0x00000000000340b0       0x10 obj_cooja/mtype24.a(sensors.o)
                0x00000000000340b0                sensors_process
 .data          0x00000000000340c0        0x0 obj_cooja/mtype24.a(leds.o)
 .data          0x00000000000340c0       0x14 obj_cooja/mtype24.a(mqtt.o)
                0x00000000000340c4                mqtt_process
 .data          0x00000000000340d4        0x0 obj_cooja/mtype24.a(contiki-main.o)
 .data          0x00000000000340d4        0x0 obj_cooja/mtype24.a(autostart.o)
 .data          0x00000000000340d4       0x14 obj_cooja/mtype24.a(ctimer.o)
                0x00000000000340d8                ctimer_process
 .data          0x00000000000340e8        0x0 obj_cooja/mtype24.a(energest.o)
 .data          0x00000000000340e8       0x10 obj_cooja/mtype24.a(etimer.o)
                0x00000000000340e8                etimer_process
 *fill*         0x00000000000340f8        0x8 
 .data          0x0000000000034100       0xb0 obj_cooja/mtype24.a(log.o)
                0x0000000000034100                curr_log_level_main
                0x0000000000034120                all_modules
 .data          0x00000000000341b0        0x0 obj_cooja/mtype24.a(process.o)
 .data          0x00000000000341b0        0x0 obj_cooja/mtype24.a(rtimer.o)
 .data          0x00000000000341b0        0x0 obj_cooja/mtype24.a(node-id.o)
 .data          0x00000000000341b0        0x0 obj_cooja/mtype24.a(timer.o)
 .data          0x00000000000341b0       0x10 obj_cooja/mtype24.a(serial-line.o)
                0x00000000000341b0                serial_line_process
 .data          0x00000000000341c0        0x0 obj_cooja/mtype24.a(list.o)
 .data          0x00000000000341c0        0x0 obj_cooja/mtype24.a(ringbuf.o)
 .data          0x00000000000341c0        0x4 obj_cooja/mtype24.a(packetbuf.o)
 .data          0x00000000000341c4        0x4 obj_cooja/mtype24.a(netstack.o)
 .data          0x00000000000341c8        0x0 obj_cooja/mtype24.a(linkaddr.o)
 .data          0x00000000000341c8        0x0 obj_cooja/mtype24.a(csma.o)
 .data          0x00000000000341c8       0x28 obj_cooja/mtype24.a(csma-output.o)
 .data          0x00000000000341f0        0x0 obj_cooja/mtype24.a(uip-ds6.o)
 .data          0x00000000000341f0       0x14 obj_cooja/mtype24.a(tcp-socket.o)
                0x00000000000341f4                tcp_socket_process
 .data          0x0000000000034204       0x10 obj_cooja/mtype24.a(tcpip.o)
                0x0000000000034204                tcpip_process
 .data          0x0000000000034214       0x10 obj_cooja/mtype24.a(uip-ds6-route.o)
 .data          0x0000000000034224        0x0 obj_cooja/mtype24.a(uip6.o)
 .data          0x0000000000034224       0x14 obj_cooja/mtype24.a(uip-ds6-nbr.o)
                0x0000000000034234                ds6_neighbors
 .data          0x0000000000034238        0xc obj_cooja/mtype24.a(uip-nd6.o)
 .data          0x0000000000034244        0x0 obj_cooja/mtype24.a(sicslowpan.o)
 .data          0x0000000000034244        0x0 obj_cooja/mtype24.a(uiplib.o)
 .data          0x0000000000034244        0x0 obj_cooja/mtype24.a(rpl.o)
 .data          0x0000000000034244       0x30 obj_cooja/mtype24.a(rpl-icmp6.o)
 .data          0x0000000000034274        0x0 obj_cooja/mtype24.a(rpl-dag.o)
 .data          0x0000000000034274        0x0 obj_cooja/mtype24.a(rpl-dag-root.o)
 .data          0x0000000000034274        0x0 obj_cooja/mtype24.a(watchdog.o)
 .data          0x0000000000034274        0x0 obj_cooja/mtype24.a(stimer.o)
 .data          0x0000000000034274        0x0 obj_cooja/mtype24.a(memb.o)
 .data          0x0000000000034274       0x18 obj_cooja/mtype24.a(queuebuf.o)
 .data          0x000000000003428c       0x10 obj_cooja/mtype24.a(nbr-table.o)
 .data          0x000000000003429c       0x14 obj_cooja/mtype24.a(link-stats.o)
 .data          0x00000000000342b0        0x0 obj_cooja/mtype24.a(mac-sequence.o)
 .data          0x00000000000342b0        0x0 obj_cooja/mtype24.a(mac.o)
 .data          0x00000000000342b0        0x0 obj_cooja/mtype24.a(framer-802154.o)
 .data          0x00000000000342b0        0x2 obj_cooja/mtype24.a(frame802154.o)
 .data          0x00000000000342b2        0x0 obj_cooja/mtype24.a(uipbuf.o)
 *fill*         0x00000000000342b2        0x2 
 .data          0x00000000000342b4       0x20 obj_cooja/mtype24.a(uip-icmp6.o)
 .data          0x00000000000342d4       0x10 obj_cooja/mtype24.a(uip-sr.o)
 .data          0x00000000000342e4        0xc obj_cooja/mtype24.a(uip-packetqueue)
 .data          0x00000000000342f0        0x0 obj_cooja/mtype24.a(rpl-nbr-policy.)
 .data          0x00000000000342f0       0x14 obj_cooja/mtype24.a(rpl-neighbor.o)
                0x0000000000034300                rpl_neighbors
 .data          0x0000000000034304        0x0 obj_cooja/mtype24.a(rpl-timers.o)
 .data          0x0000000000034304        0x0 obj_cooja/mtype24.a(rpl-ext-header.)
 *fill*         0x0000000000034304       0x1c 
 .data          0x0000000000034320       0x24 obj_cooja/mtype24.a(rpl-mrhof.o)
                0x0000000000034320                rpl_mrhof
 .data          0x0000000000034344        0x0 /usr/lib/gcc/i686-linux-gnu/5/crtendS.o
 .data          0x0000000000034344        0x0 /usr/lib/gcc/i686-linux-gnu/5/../../../i386-linux-gnu/crtn.o

.tm_clone_table
                0x0000000000034344        0x0
 .tm_clone_table
                0x0000000000034344        0x0 /usr/lib/gcc/i686-linux-gnu/5/crtbeginS.o
 .tm_clone_table
                0x0000000000034344        0x0 /usr/lib/gcc/i686-linux-gnu/5/crtendS.o

.data1
 *(.data1)
                0x0000000000034344                _edata = .
                [!provide]                        PROVIDE (edata, .)
                0x0000000000034344                . = .
                0x0000000000034344                __bss_start = .

.bss            0x0000000000034360    0x14680
 *(.dynbss)
 .dynbss        0x0000000000034360        0x0 /usr/lib/gcc/i686-linux-gnu/5/../../../i386-linux-gnu/crti.o
 *(.bss .bss.* .gnu.linkonce.b.*)
 .bss           0x0000000000034360        0x0 /usr/lib/gcc/i686-linux-gnu/5/../../../i386-linux-gnu/crti.o
 .bss           0x0000000000034360        0x1 /usr/lib/gcc/i686-linux-gnu/5/crtbeginS.o
 *fill*         0x0000000000034361       0x1f 
 .bss           0x0000000000034380      0xbf0 mqtt-demo.o
 *fill*         0x0000000000034f70       0x10 
 .bss           0x0000000000034f80     0x2030 obj_cooja/mtype24.o
 .bss           0x0000000000036fb0        0x1 obj_cooja/mtype24.a(simEnvChange.o)
                0x0000000000036fb0                simDontFallAsleep
 *fill*         0x0000000000036fb1        0x3 
 .bss           0x0000000000036fb4        0x4 obj_cooja/mtype24.a(cooja_mt.o)
 .bss           0x0000000000036fb8        0x4 obj_cooja/mtype24.a(cooja_mtarch.o)
 .bss           0x0000000000036fbc        0x0 obj_cooja/mtype24.a(rtimer-arch.o)
 .bss           0x0000000000036fbc        0x0 obj_cooja/mtype24.a(beep.o)
 .bss           0x0000000000036fbc        0x8 obj_cooja/mtype24.a(button-sensor.o)
 .bss           0x0000000000036fc4        0x0 obj_cooja/mtype24.a(leds-arch.o)
 .bss           0x0000000000036fc4        0x0 obj_cooja/mtype24.a(moteid.o)
 .bss           0x0000000000036fc4        0x1 obj_cooja/mtype24.a(pir-sensor.o)
                0x0000000000036fc4                simPirValue
 *fill*         0x0000000000036fc5        0x3 
 .bss           0x0000000000036fc8        0x4 obj_cooja/mtype24.a(rs232.o)
 .bss           0x0000000000036fcc        0x1 obj_cooja/mtype24.a(vib-sensor.o)
                0x0000000000036fcc                simVibValue
 .bss           0x0000000000036fcd        0x0 obj_cooja/mtype24.a(clock.o)
 *fill*         0x0000000000036fcd       0x13 
 .bss           0x0000000000036fe0     0x2020 obj_cooja/mtype24.a(cooja-log.o)
 .bss           0x0000000000039000      0xfc0 obj_cooja/mtype24.a(cfs-cooja.o)
                0x0000000000039000                simCFSData
                0x0000000000039fa0                simCFSSize
                0x0000000000039fa4                simCFSChanged
                0x0000000000039fa8                simCFSRead
                0x0000000000039fac                simCFSWritten
 .bss           0x0000000000039fc0       0x24 obj_cooja/mtype24.a(cooja-radio.o)
                0x0000000000039fc0                simReceiving
                0x0000000000039fc4                simInSize
                0x0000000000039fc8                simLastPacketTimestamp
                0x0000000000039fd0                simOutSize
 .bss           0x0000000000039fe4        0xc obj_cooja/mtype24.a(eeprom.o)
                0x0000000000039fe4                simEEPROMChanged
                0x0000000000039fe8                simEEPROMRead
                0x0000000000039fec                simEEPROMWritten
 .bss           0x0000000000039ff0        0x0 obj_cooja/mtype24.a(random.o)
 .bss           0x0000000000039ff0        0xc obj_cooja/mtype24.a(sensors.o)
 .bss           0x0000000000039ffc        0x0 obj_cooja/mtype24.a(leds.o)
 .bss           0x0000000000039ffc       0x15 obj_cooja/mtype24.a(mqtt.o)
 .bss           0x000000000003a011        0x0 obj_cooja/mtype24.a(contiki-main.o)
 .bss           0x000000000003a011        0x0 obj_cooja/mtype24.a(autostart.o)
 *fill*         0x000000000003a011        0x3 
 .bss           0x000000000003a014        0x5 obj_cooja/mtype24.a(ctimer.o)
 .bss           0x000000000003a019        0x0 obj_cooja/mtype24.a(energest.o)
 *fill*         0x000000000003a019        0x3 
 .bss           0x000000000003a01c        0x8 obj_cooja/mtype24.a(etimer.o)
 .bss           0x000000000003a024       0x28 obj_cooja/mtype24.a(log.o)
                0x000000000003a024                curr_log_level_rpl
                0x000000000003a028                curr_log_level_tcpip
                0x000000000003a02c                curr_log_level_ipv6
                0x000000000003a030                curr_log_level_6lowpan
                0x000000000003a034                curr_log_level_nullnet
                0x000000000003a038                curr_log_level_mac
                0x000000000003a03c                curr_log_level_framer
                0x000000000003a040                curr_log_level_6top
                0x000000000003a044                curr_log_level_coap
                0x000000000003a048                curr_log_level_lwm2m
 *fill*         0x000000000003a04c       0x14 
 .bss           0x000000000003a060      0x1a1 obj_cooja/mtype24.a(process.o)
                0x000000000003a060                process_list
                0x000000000003a064                process_current
 *fill*         0x000000000003a201        0x3 
 .bss           0x000000000003a204        0x4 obj_cooja/mtype24.a(rtimer.o)
 .bss           0x000000000003a208        0x2 obj_cooja/mtype24.a(node-id.o)
                0x000000000003a208                node_id
 .bss           0x000000000003a20a        0x0 obj_cooja/mtype24.a(timer.o)
 *fill*         0x000000000003a20a       0x16 
 .bss           0x000000000003a220      0x140 obj_cooja/mtype24.a(serial-line.o)
 .bss           0x000000000003a360        0x0 obj_cooja/mtype24.a(list.o)
 .bss           0x000000000003a360        0x0 obj_cooja/mtype24.a(ringbuf.o)
 .bss           0x000000000003a360       0xa0 obj_cooja/mtype24.a(packetbuf.o)
 .bss           0x000000000003a400        0x4 obj_cooja/mtype24.a(netstack.o)
 .bss           0x000000000003a404        0x0 obj_cooja/mtype24.a(linkaddr.o)
 .bss           0x000000000003a404        0x0 obj_cooja/mtype24.a(csma.o)
 *fill*         0x000000000003a404       0x1c 
 .bss           0x000000000003a420      0x726 obj_cooja/mtype24.a(csma-output.o)
 *fill*         0x000000000003ab46        0x2 
 .bss           0x000000000003ab48       0x20 obj_cooja/mtype24.a(uip-ds6.o)
 .bss           0x000000000003ab68        0x5 obj_cooja/mtype24.a(tcp-socket.o)
 *fill*         0x000000000003ab6d       0x13 
 .bss           0x000000000003ab80       0xc4 obj_cooja/mtype24.a(tcpip.o)
 *fill*         0x000000000003ac44       0x1c 
 .bss           0x000000000003ac60       0x60 obj_cooja/mtype24.a(uip-ds6-route.o)
 .bss           0x000000000003acc0        0xc obj_cooja/mtype24.a(uip6.o)
                0x000000000003acc0                uip_ext_bitmap
                0x000000000003acc1                uip_ext_len
                0x000000000003acc2                uip_ext_opt_offset
 *fill*         0x000000000003accc       0x14 
 .bss           0x000000000003ace0     0x1c20 obj_cooja/mtype24.a(uip-ds6-nbr.o)
 .bss           0x000000000003c900       0x10 obj_cooja/mtype24.a(uip-nd6.o)
 *fill*         0x000000000003c910       0x10 
 .bss           0x000000000003c920      0x724 obj_cooja/mtype24.a(sicslowpan.o)
 .bss           0x000000000003d044        0x0 obj_cooja/mtype24.a(uiplib.o)
 .bss           0x000000000003d044        0x1 obj_cooja/mtype24.a(rpl.o)
 .bss           0x000000000003d045        0x0 obj_cooja/mtype24.a(rpl-icmp6.o)
 .bss           0x000000000003d045        0x0 obj_cooja/mtype24.a(rpl-dag.o)
 *fill*         0x000000000003d045        0x3 
 .bss           0x000000000003d048       0x11 obj_cooja/mtype24.a(rpl-dag-root.o)
 .bss           0x000000000003d059        0x0 obj_cooja/mtype24.a(watchdog.o)
 .bss           0x000000000003d059        0x0 obj_cooja/mtype24.a(stimer.o)
 .bss           0x000000000003d059        0x0 obj_cooja/mtype24.a(memb.o)
 *fill*         0x000000000003d059        0x7 
 .bss           0x000000000003d060     0x2c80 obj_cooja/mtype24.a(queuebuf.o)
 .bss           0x000000000003fce0     0x1214 obj_cooja/mtype24.a(nbr-table.o)
 *fill*         0x0000000000040ef4        0xc 
 .bss           0x0000000000040f00      0xe10 obj_cooja/mtype24.a(link-stats.o)
 *fill*         0x0000000000041d10       0x10 
 .bss           0x0000000000041d20      0x100 obj_cooja/mtype24.a(mac-sequence.o)
 .bss           0x0000000000041e20        0x0 obj_cooja/mtype24.a(mac.o)
 .bss           0x0000000000041e20        0x2 obj_cooja/mtype24.a(framer-802154.o)
 .bss           0x0000000000041e22        0x0 obj_cooja/mtype24.a(frame802154.o)
 *fill*         0x0000000000041e22        0x2 
 .bss           0x0000000000041e24        0xc obj_cooja/mtype24.a(uipbuf.o)
 .bss           0x0000000000041e30       0x18 obj_cooja/mtype24.a(uip-icmp6.o)
 *fill*         0x0000000000041e48       0x18 
 .bss           0x0000000000041e60     0x1d80 obj_cooja/mtype24.a(uip-sr.o)
 .bss           0x0000000000043be0      0xa78 obj_cooja/mtype24.a(uip-packetqueue)
 .bss           0x0000000000044658        0xe obj_cooja/mtype24.a(rpl-nbr-policy.)
 *fill*         0x0000000000044666       0x1a 
 .bss           0x0000000000044680      0x960 obj_cooja/mtype24.a(rpl-neighbor.o)
 .bss           0x0000000000044fe0       0x40 obj_cooja/mtype24.a(rpl-timers.o)
 .bss           0x0000000000045020        0x0 obj_cooja/mtype24.a(rpl-ext-header.)
 .bss           0x0000000000045020        0x0 obj_cooja/mtype24.a(rpl-mrhof.o)
 .bss           0x0000000000045020        0x0 /usr/lib/gcc/i686-linux-gnu/5/crtendS.o
 .bss           0x0000000000045020        0x0 /usr/lib/gcc/i686-linux-gnu/5/../../../i386-linux-gnu/crtn.o
 *(COMMON)
 COMMON         0x0000000000045020        0x8 obj_cooja/mtype24.o
                0x0000000000045020                referenceVar
                0x0000000000045024                sensors_flags
 COMMON         0x0000000000045028        0xc obj_cooja/mtype24.a(simEnvChange.o)
                0x0000000000045028                simEtimerPending
                0x000000000004502c                simProcessRunValue
                0x0000000000045030                simEtimerNextExpirationTime
 *fill*         0x0000000000045034        0x4 
 COMMON         0x0000000000045038       0x18 obj_cooja/mtype24.a(rtimer-arch.o)
                0x0000000000045038                simRtimerPending
                0x0000000000045040                simRtimerCurrentTicks
                0x0000000000045048                simRtimerNextExpirationTime
 COMMON         0x0000000000045050        0x1 obj_cooja/mtype24.a(beep.o)
                0x0000000000045050                simBeeped
 COMMON         0x0000000000045051        0x3 obj_cooja/mtype24.a(button-sensor.o)
                0x0000000000045051                simButtonIsActive
                0x0000000000045052                simButtonIsDown
                0x0000000000045053                simButtonChanged
 COMMON         0x0000000000045054        0x1 obj_cooja/mtype24.a(leds-arch.o)
                0x0000000000045054                simLedsValue
 *fill*         0x0000000000045055        0x3 
 COMMON         0x0000000000045058        0xc obj_cooja/mtype24.a(moteid.o)
                0x0000000000045058                simRandomSeed
                0x000000000004505c                simMoteIDChanged
                0x0000000000045060                simMoteID
 COMMON         0x0000000000045064        0x2 obj_cooja/mtype24.a(pir-sensor.o)
                0x0000000000045064                simPirIsActive
                0x0000000000045065                simPirChanged
 *fill*         0x0000000000045066       0x1a 
 COMMON         0x0000000000045080      0x820 obj_cooja/mtype24.a(rs232.o)
                0x0000000000045080                simSerialReceivingFlag
                0x0000000000045084                simSerialReceivingLength
                0x00000000000450a0                simSerialReceivingData
 COMMON         0x00000000000458a0        0x2 obj_cooja/mtype24.a(vib-sensor.o)
                0x00000000000458a0                simVibChanged
                0x00000000000458a1                simVibIsActive
 *fill*         0x00000000000458a2        0x2 
 COMMON         0x00000000000458a4        0x4 obj_cooja/mtype24.a(clock.o)
                0x00000000000458a4                simCurrentTime
 *fill*         0x00000000000458a8       0x18 
 COMMON         0x00000000000458c0     0x2020 obj_cooja/mtype24.a(cooja-log.o)
                0x00000000000458c0                simLoggedLength
                0x00000000000458c4                simLoggedFlag
                0x00000000000458e0                simLoggedData
 COMMON         0x00000000000478e0      0x100 obj_cooja/mtype24.a(cooja-radio.o)
                0x00000000000478e0                simOutDataBuffer
                0x0000000000047960                simInDataBuffer
 COMMON         0x00000000000479e0      0x400 obj_cooja/mtype24.a(eeprom.o)
                0x00000000000479e0                simEEPROMData
 COMMON         0x0000000000047de0        0x1 obj_cooja/mtype24.a(sensors.o)
                0x0000000000047de0                sensors_event
 COMMON         0x0000000000047de1        0x1 obj_cooja/mtype24.a(mqtt.o)
                0x0000000000047de1                mqtt_update_event
 *fill*         0x0000000000047de2        0x2 
 COMMON         0x0000000000047de4       0x50 obj_cooja/mtype24.a(contiki-main.o)
                0x0000000000047de4                eb_per_time_source
                0x0000000000047df8                unicast_per_neighbor_rpl_storing
                0x0000000000047e0c                unicast_per_neighbor_rpl_ns
                0x0000000000047e20                default_common
 COMMON         0x0000000000047e34        0x1 obj_cooja/mtype24.a(serial-line.o)
                0x0000000000047e34                serial_line_event_message
 *fill*         0x0000000000047e35        0x3 
 COMMON         0x0000000000047e38       0x2c obj_cooja/mtype24.a(packetbuf.o)
                0x0000000000047e38                packetbuf_attrs
                0x0000000000047e54                packetbuf_addrs
 COMMON         0x0000000000047e64        0x8 obj_cooja/mtype24.a(linkaddr.o)
                0x0000000000047e64                linkaddr_node_addr
 *fill*         0x0000000000047e6c       0x14 
 COMMON         0x0000000000047e80      0x181 obj_cooja/mtype24.a(uip-ds6.o)
                0x0000000000047e80                uip_ds6_prefix_list
                0x0000000000047ee0                uip_ds6_timer_periodic
                0x0000000000047ef0                uip_ds6_netif_addr_list_offset
                0x0000000000047f00                uip_ds6_if
                0x0000000000047ff8                uip_ds6_timer_ra
                0x0000000000048000                uip_ds6_addr_size
 COMMON         0x0000000000048001        0x1 obj_cooja/mtype24.a(tcpip.o)
                0x0000000000048001                tcpip_event
 *fill*         0x0000000000048002       0x1e 
 COMMON         0x0000000000048020      0x80c obj_cooja/mtype24.a(uip6.o)
                0x0000000000048020                uip_slen
                0x0000000000048024                uip_acc32
                0x0000000000048040                uip_conns
                0x00000000000481c0                uip_lladdr
                0x00000000000481c8                uip_appdata
                0x00000000000481cc                uip_flags
                0x00000000000481e0                uip_aligned_buf
                0x00000000000486e0                uip_listenports
                0x0000000000048708                uip_len
                0x000000000004870c                uip_sappdata
                0x0000000000048720                uip_udp_conns
                0x0000000000048820                uip_udp_conn
                0x0000000000048824                uip_next_hdr
                0x0000000000048828                uip_conn
 COMMON         0x000000000004882c       0x10 obj_cooja/mtype24.a(rpl.o)
                0x000000000004882c                rpl_multicast_addr
 *fill*         0x000000000004883c        0x4 
 COMMON         0x0000000000048840      0x164 obj_cooja/mtype24.a(rpl-dag.o)
                0x0000000000048840                curr_instance
 *fill*         0x00000000000489a4       0x1c 
 COMMON         0x00000000000489c0       0x20 obj_cooja/mtype24.a(link-stats.o)
                0x00000000000489c0                periodic_timer
                0x00000000000489e0                . = ALIGN ((. != 0x0)?0x4:0x1)
                0x00000000000489e0                . = ALIGN (0x4)
                0x00000000000489e0                . = SEGMENT_START ("ldata-segment", .)
                0x00000000000489e0                . = ALIGN (0x4)
                0x00000000000489e0                _end = .
                [!provide]                        PROVIDE (end, .)
                0x00000000000489e0                . = DATA_SEGMENT_END (.)

.stab
 *(.stab)

.stabstr
 *(.stabstr)

.stab.excl
 *(.stab.excl)

.stab.exclstr
 *(.stab.exclstr)

.stab.index
 *(.stab.index)

.stab.indexstr
 *(.stab.indexstr)

.comment        0x0000000000000000       0x35
 *(.comment)
 .comment       0x0000000000000000       0x35 /usr/lib/gcc/i686-linux-gnu/5/crtbeginS.o
                                         0x36 (size before relaxing)
 .comment       0x0000000000000035       0x36 mqtt-demo.o
 .comment       0x0000000000000035       0x36 obj_cooja/mtype24.o
 .comment       0x0000000000000035       0x36 obj_cooja/mtype24.a(simEnvChange.o)
 .comment       0x0000000000000035       0x36 obj_cooja/mtype24.a(cooja_mt.o)
 .comment       0x0000000000000035       0x36 obj_cooja/mtype24.a(cooja_mtarch.o)
 .comment       0x0000000000000035       0x36 obj_cooja/mtype24.a(rtimer-arch.o)
 .comment       0x0000000000000035       0x36 obj_cooja/mtype24.a(beep.o)
 .comment       0x0000000000000035       0x36 obj_cooja/mtype24.a(button-sensor.o)
 .comment       0x0000000000000035       0x36 obj_cooja/mtype24.a(leds-arch.o)
 .comment       0x0000000000000035       0x36 obj_cooja/mtype24.a(moteid.o)
 .comment       0x0000000000000035       0x36 obj_cooja/mtype24.a(pir-sensor.o)
 .comment       0x0000000000000035       0x36 obj_cooja/mtype24.a(rs232.o)
 .comment       0x0000000000000035       0x36 obj_cooja/mtype24.a(vib-sensor.o)
 .comment       0x0000000000000035       0x36 obj_cooja/mtype24.a(clock.o)
 .comment       0x0000000000000035       0x36 obj_cooja/mtype24.a(cooja-log.o)
 .comment       0x0000000000000035       0x36 obj_cooja/mtype24.a(cfs-cooja.o)
 .comment       0x0000000000000035       0x36 obj_cooja/mtype24.a(cooja-radio.o)
 .comment       0x0000000000000035       0x36 obj_cooja/mtype24.a(eeprom.o)
 .comment       0x0000000000000035       0x36 obj_cooja/mtype24.a(random.o)
 .comment       0x0000000000000035       0x36 obj_cooja/mtype24.a(sensors.o)
 .comment       0x0000000000000035       0x36 obj_cooja/mtype24.a(leds.o)
 .comment       0x0000000000000035       0x36 obj_cooja/mtype24.a(mqtt.o)
 .comment       0x0000000000000035       0x36 obj_cooja/mtype24.a(contiki-main.o)
 .comment       0x0000000000000035       0x36 obj_cooja/mtype24.a(autostart.o)
 .comment       0x0000000000000035       0x36 obj_cooja/mtype24.a(ctimer.o)
 .comment       0x0000000000000035       0x36 obj_cooja/mtype24.a(energest.o)
 .comment       0x0000000000000035       0x36 obj_cooja/mtype24.a(etimer.o)
 .comment       0x0000000000000035       0x36 obj_cooja/mtype24.a(log.o)
 .comment       0x0000000000000035       0x36 obj_cooja/mtype24.a(process.o)
 .comment       0x0000000000000035       0x36 obj_cooja/mtype24.a(rtimer.o)
 .comment       0x0000000000000035       0x36 obj_cooja/mtype24.a(node-id.o)
 .comment       0x0000000000000035       0x36 obj_cooja/mtype24.a(timer.o)
 .comment       0x0000000000000035       0x36 obj_cooja/mtype24.a(serial-line.o)
 .comment       0x0000000000000035       0x36 obj_cooja/mtype24.a(list.o)
 .comment       0x0000000000000035       0x36 obj_cooja/mtype24.a(ringbuf.o)
 .comment       0x0000000000000035       0x36 obj_cooja/mtype24.a(packetbuf.o)
 .comment       0x0000000000000035       0x36 obj_cooja/mtype24.a(netstack.o)
 .comment       0x0000000000000035       0x36 obj_cooja/mtype24.a(linkaddr.o)
 .comment       0x0000000000000035       0x36 obj_cooja/mtype24.a(csma.o)
 .comment       0x0000000000000035       0x36 obj_cooja/mtype24.a(csma-output.o)
 .comment       0x0000000000000035       0x36 obj_cooja/mtype24.a(uip-ds6.o)
 .comment       0x0000000000000035       0x36 obj_cooja/mtype24.a(tcp-socket.o)
 .comment       0x0000000000000035       0x36 obj_cooja/mtype24.a(tcpip.o)
 .comment       0x0000000000000035       0x36 obj_cooja/mtype24.a(uip-ds6-route.o)
 .comment       0x0000000000000035       0x36 obj_cooja/mtype24.a(uip6.o)
 .comment       0x0000000000000035       0x36 obj_cooja/mtype24.a(uip-ds6-nbr.o)
 .comment       0x0000000000000035       0x36 obj_cooja/mtype24.a(uip-nd6.o)
 .comment       0x0000000000000035       0x36 obj_cooja/mtype24.a(sicslowpan.o)
 .comment       0x0000000000000035       0x36 obj_cooja/mtype24.a(uiplib.o)
 .comment       0x0000000000000035       0x36 obj_cooja/mtype24.a(rpl.o)
 .comment       0x0000000000000035       0x36 obj_cooja/mtype24.a(rpl-icmp6.o)
 .comment       0x0000000000000035       0x36 obj_cooja/mtype24.a(rpl-dag.o)
 .comment       0x0000000000000035       0x36 obj_cooja/mtype24.a(rpl-dag-root.o)
 .comment       0x0000000000000035       0x36 obj_cooja/mtype24.a(watchdog.o)
 .comment       0x0000000000000035       0x36 obj_cooja/mtype24.a(stimer.o)
 .comment       0x0000000000000035       0x36 obj_cooja/mtype24.a(memb.o)
 .comment       0x0000000000000035       0x36 obj_cooja/mtype24.a(queuebuf.o)
 .comment       0x0000000000000035       0x36 obj_cooja/mtype24.a(nbr-table.o)
 .comment       0x0000000000000035       0x36 obj_cooja/mtype24.a(link-stats.o)
 .comment       0x0000000000000035       0x36 obj_cooja/mtype24.a(mac-sequence.o)
 .comment       0x0000000000000035       0x36 obj_cooja/mtype24.a(mac.o)
 .comment       0x0000000000000035       0x36 obj_cooja/mtype24.a(framer-802154.o)
 .comment       0x0000000000000035       0x36 obj_cooja/mtype24.a(frame802154.o)
 .comment       0x0000000000000035       0x36 obj_cooja/mtype24.a(uipbuf.o)
 .comment       0x0000000000000035       0x36 obj_cooja/mtype24.a(uip-icmp6.o)
 .comment       0x0000000000000035       0x36 obj_cooja/mtype24.a(uip-sr.o)
 .comment       0x0000000000000035       0x36 obj_cooja/mtype24.a(uip-packetqueue)
 .comment       0x0000000000000035       0x36 obj_cooja/mtype24.a(rpl-nbr-policy.)
 .comment       0x0000000000000035       0x36 obj_cooja/mtype24.a(rpl-neighbor.o)
 .comment       0x0000000000000035       0x36 obj_cooja/mtype24.a(rpl-timers.o)
 .comment       0x0000000000000035       0x36 obj_cooja/mtype24.a(rpl-ext-header.)
 .comment       0x0000000000000035       0x36 obj_cooja/mtype24.a(rpl-mrhof.o)
 .comment       0x0000000000000035       0x36 /usr/lib/gcc/i686-linux-gnu/5/crtendS.o

.debug
 *(.debug)

.line
 *(.line)

.debug_srcinfo
 *(.debug_srcinfo)

.debug_sfnames
 *(.debug_sfnames)

.debug_aranges  0x0000000000000000      0x900
 *(.debug_aranges)
 .debug_aranges
                0x0000000000000000       0x20 mqtt-demo.o
 .debug_aranges
                0x0000000000000020       0x20 obj_cooja/mtype24.o
 .debug_aranges
                0x0000000000000040       0x20 obj_cooja/mtype24.a(simEnvChange.o)
 .debug_aranges
                0x0000000000000060       0x20 obj_cooja/mtype24.a(cooja_mt.o)
 .debug_aranges
                0x0000000000000080       0x20 obj_cooja/mtype24.a(cooja_mtarch.o)
 .debug_aranges
                0x00000000000000a0       0x20 obj_cooja/mtype24.a(rtimer-arch.o)
 .debug_aranges
                0x00000000000000c0       0x20 obj_cooja/mtype24.a(beep.o)
 .debug_aranges
                0x00000000000000e0       0x20 obj_cooja/mtype24.a(button-sensor.o)
 .debug_aranges
                0x0000000000000100       0x20 obj_cooja/mtype24.a(leds-arch.o)
 .debug_aranges
                0x0000000000000120       0x20 obj_cooja/mtype24.a(moteid.o)
 .debug_aranges
                0x0000000000000140       0x20 obj_cooja/mtype24.a(pir-sensor.o)
 .debug_aranges
                0x0000000000000160       0x20 obj_cooja/mtype24.a(rs232.o)
 .debug_aranges
                0x0000000000000180       0x20 obj_cooja/mtype24.a(vib-sensor.o)
 .debug_aranges
                0x00000000000001a0       0x20 obj_cooja/mtype24.a(clock.o)
 .debug_aranges
                0x00000000000001c0       0x20 obj_cooja/mtype24.a(cooja-log.o)
 .debug_aranges
                0x00000000000001e0       0x20 obj_cooja/mtype24.a(cfs-cooja.o)
 .debug_aranges