Archive member included to satisfy reference by file (symbol)

obj_cooja/mtype511.a(simEnvChange.o)
                              obj_cooja/mtype511.o (simDontFallAsleep)
obj_cooja/mtype511.a(cooja_mt.o)
                              obj_cooja/mtype511.o (cooja_mt_start)
obj_cooja/mtype511.a(cooja_mtarch.o)
                              obj_cooja/mtype511.a(cooja_mt.o) (cooja_mtarch_start)
obj_cooja/mtype511.a(rtimer-arch.o)
                              obj_cooja/mtype511.o (rtimer_arch_check)
obj_cooja/mtype511.a(beep.o)  obj_cooja/mtype511.o (beep_interface)
obj_cooja/mtype511.a(button-sensor.o)
                              obj_cooja/mtype511.o (button_interface)
obj_cooja/mtype511.a(leds-arch.o)
                              obj_cooja/mtype511.o (leds_interface)
obj_cooja/mtype511.a(moteid.o)
                              obj_cooja/mtype511.o (moteid_interface)
obj_cooja/mtype511.a(pir-sensor.o)
                              obj_cooja/mtype511.o (pir_interface)
obj_cooja/mtype511.a(rs232.o)
                              obj_cooja/mtype511.o (rs232_interface)
obj_cooja/mtype511.a(vib-sensor.o)
                              obj_cooja/mtype511.o (vib_interface)
obj_cooja/mtype511.a(clock.o)
                              obj_cooja/mtype511.o (clock_interface)
obj_cooja/mtype511.a(cooja-log.o)
                              obj_cooja/mtype511.o (simlog_interface)
obj_cooja/mtype511.a(cfs-cooja.o)
                              obj_cooja/mtype511.o (cfs_interface)
obj_cooja/mtype511.a(cooja-radio.o)
                              obj_cooja/mtype511.o (radio_interface)
obj_cooja/mtype511.a(eeprom.o)
                              obj_cooja/mtype511.o (eeprom_interface)
obj_cooja/mtype511.a(random.o)
                              obj_cooja/mtype511.a(moteid.o) (random_init)
obj_cooja/mtype511.a(sensors.o)
                              obj_cooja/mtype511.a(button-sensor.o) (sensors_changed)
obj_cooja/mtype511.a(leds.o)  mqtt-demo.o (leds_on)
obj_cooja/mtype511.a(mqtt.o)  mqtt-demo.o (mqtt_disconnect)
obj_cooja/mtype511.a(contiki-main.o)
                              obj_cooja/mtype511.o (main)
obj_cooja/mtype511.a(autostart.o)
                              obj_cooja/mtype511.a(contiki-main.o) (autostart_start)
obj_cooja/mtype511.a(ctimer.o)
                              obj_cooja/mtype511.a(contiki-main.o) (ctimer_init)
obj_cooja/mtype511.a(energest.o)
                              obj_cooja/mtype511.a(contiki-main.o) (energest_init)
obj_cooja/mtype511.a(etimer.o)
                              obj_cooja/mtype511.a(contiki-main.o) (etimer_process)
obj_cooja/mtype511.a(log.o)   obj_cooja/mtype511.a(contiki-main.o) (curr_log_level_main)
obj_cooja/mtype511.a(process.o)
                              obj_cooja/mtype511.a(mqtt.o) (process_current)
obj_cooja/mtype511.a(rtimer.o)
                              obj_cooja/mtype511.a(contiki-main.o) (rtimer_init)
obj_cooja/mtype511.a(node-id.o)
                              obj_cooja/mtype511.a(contiki-main.o) (node_id)
obj_cooja/mtype511.a(timer.o)
                              mqtt-demo.o (timer_set)
obj_cooja/mtype511.a(serial-line.o)
                              obj_cooja/mtype511.a(rs232.o) (serial_line_input_byte)
obj_cooja/mtype511.a(list.o)  obj_cooja/mtype511.a(mqtt.o) (list_init)
obj_cooja/mtype511.a(ringbuf.o)
                              obj_cooja/mtype511.a(serial-line.o) (ringbuf_init)
obj_cooja/mtype511.a(packetbuf.o)
                              obj_cooja/mtype511.a(cooja-radio.o) (packetbuf_clear)
obj_cooja/mtype511.a(netstack.o)
                              obj_cooja/mtype511.a(contiki-main.o) (netstack_init)
obj_cooja/mtype511.a(linkaddr.o)
                              mqtt-demo.o (linkaddr_node_addr)
obj_cooja/mtype511.a(csma.o)  obj_cooja/mtype511.a(cooja-radio.o) (csma_driver)
obj_cooja/mtype511.a(csma-output.o)
                              obj_cooja/mtype511.a(csma.o) (csma_output_packet)
obj_cooja/mtype511.a(uip-ds6.o)
                              obj_cooja/mtype511.a(contiki-main.o) (uip_ds6_get_link_local)
obj_cooja/mtype511.a(tcp-socket.o)
                              obj_cooja/mtype511.a(mqtt.o) (tcp_socket_register)
obj_cooja/mtype511.a(tcpip.o)
                              obj_cooja/mtype511.a(tcp-socket.o) (tcpip_event)
obj_cooja/mtype511.a(uip-ds6-route.o)
                              obj_cooja/mtype511.a(uip-ds6.o) (uip_ds6_route_init)
obj_cooja/mtype511.a(uip6.o)  obj_cooja/mtype511.a(contiki-main.o) (uip_lladdr)
obj_cooja/mtype511.a(uip-ds6-nbr.o)
                              obj_cooja/mtype511.a(uip-ds6.o) (uip_ds6_neighbors_init)
obj_cooja/mtype511.a(uip-nd6.o)
                              obj_cooja/mtype511.a(uip6.o) (uip_nd6_init)
obj_cooja/mtype511.a(sicslowpan.o)
                              obj_cooja/mtype511.a(contiki-main.o) (sicslowpan_driver)
obj_cooja/mtype511.a(uiplib.o)
                              obj_cooja/mtype511.a(mqtt.o) (uiplib_ip6addrconv)
[...]
Memory Configuration

Name             Origin             Length             Attributes
*default*        0x0000000000000000 0xffffffffffffffff

Linker script and memory map

LOAD /usr/lib/gcc/i686-linux-gnu/5/../../../i386-linux-gnu/crti.o
LOAD /usr/lib/gcc/i686-linux-gnu/5/crtbeginS.o
LOAD mqtt-demo.o
LOAD obj_cooja/mtype511.o
LOAD obj_cooja/mtype511.a
LOAD /usr/lib/gcc/i686-linux-gnu/5/libgcc.a
LOAD /usr/lib/gcc/i686-linux-gnu/5/libgcc_s.so
LOAD /usr/lib/gcc/i686-linux-gnu/5/../../../i386-linux-gnu/libc.so
START GROUP
LOAD /lib/i386-linux-gnu/libc.so.6
LOAD /usr/lib/i386-linux-gnu/libc_nonshared.a
LOAD /lib/i386-linux-gnu/ld-linux.so.2
END GROUP
LOAD /usr/lib/gcc/i686-linux-gnu/5/libgcc.a
LOAD /usr/lib/gcc/i686-linux-gnu/5/libgcc_s.so
LOAD /usr/lib/gcc/i686-linux-gnu/5/crtendS.o
LOAD /usr/lib/gcc/i686-linux-gnu/5/../../../i386-linux-gnu/crtn.o
                0x0000000000000114                . = (0x0 + SIZEOF_HEADERS)

.note.gnu.build-id
                0x0000000000000114       0x24
 *(.note.gnu.build-id)
 .note.gnu.build-id
                0x0000000000000114       0x24 /usr/lib/gcc/i686-linux-gnu/5/../../../i386-linux-gnu/crti.o

.hash
 *(.hash)

.gnu.hash       0x0000000000000138     0x13c8
 *(.gnu.hash)
 .gnu.hash      0x0000000000000138     0x13c8 /usr/lib/gcc/i686-linux-gnu/5/../../../i386-linux-gnu/crti.o

.dynsym         0x0000000000001500     0x2770
 *(.dynsym)
 .dynsym        0x0000000000001500     0x2770 /usr/lib/gcc/i686-linux-gnu/5/../../../i386-linux-gnu/crti.o

.dynstr         0x0000000000003c70     0x2ade
 *(.dynstr)
 .dynstr        0x0000000000003c70     0x2ade /usr/lib/gcc/i686-linux-gnu/5/../../../i386-linux-gnu/crti.o

.gnu.version    0x000000000000674e      0x4ee
 *(.gnu.version)
 .gnu.version   0x000000000000674e      0x4ee /usr/lib/gcc/i686-linux-gnu/5/../../../i386-linux-gnu/crti.o

.gnu.version_d  0x0000000000006c3c        0x0
 *(.gnu.version_d)
 .gnu.version_d
                0x0000000000006c3c        0x0 /usr/lib/gcc/i686-linux-gnu/5/../../../i386-linux-gnu/crti.o

.gnu.version_r  0x0000000000006c3c       0x40
 *(.gnu.version_r)
 .gnu.version_r
                0x0000000000006c3c       0x40 /usr/lib/gcc/i686-linux-gnu/5/../../../i386-linux-gnu/crti.o

.rel.dyn        0x0000000000006c7c     0xa260
 *(.rel.init)
 .rel.init      0x0000000000006c7c        0x0 /usr/lib/gcc/i686-linux-gnu/5/../../../i386-linux-gnu/crti.o
 *(.rel.text .rel.text.* .rel.gnu.linkonce.t.*)
 .rel.text      0x0000000000006c7c     0x9958 /usr/lib/gcc/i686-linux-gnu/5/../../../i386-linux-gnu/crti.o
 *(.rel.fini)
 .rel.fini      0x00000000000105d4        0x0 /usr/lib/gcc/i686-linux-gnu/5/../../../i386-linux-gnu/crti.o
 *(.rel.rodata .rel.rodata.* .rel.gnu.linkonce.r.*)
 .rel.rodata    0x00000000000105d4      0x578 /usr/lib/gcc/i686-linux-gnu/5/../../../i386-linux-gnu/crti.o
 *(.rel.data.rel.ro .rel.data.rel.ro.* .rel.gnu.linkonce.d.rel.ro.*)
 *(.rel.data .rel.data.* .rel.gnu.linkonce.d.*)
 .rel.data.rel.local
                0x0000000000010b4c        0x8 /usr/lib/gcc/i686-linux-gnu/5/../../../i386-linux-gnu/crti.o
 .rel.data      0x0000000000010b54      0x350 /usr/lib/gcc/i686-linux-gnu/5/../../../i386-linux-gnu/crti.o
 *(.rel.tdata .rel.tdata.* .rel.gnu.linkonce.td.*)
 *(.rel.tbss .rel.tbss.* .rel.gnu.linkonce.tb.*)
 *(.rel.ctors)
 *(.rel.dtors)
 *(.rel.got)
 .rel.got       0x0000000000010ea4       0x28 /usr/lib/gcc/i686-linux-gnu/5/../../../i386-linux-gnu/crti.o
 *(.rel.bss .rel.bss.* .rel.gnu.linkonce.b.*)
 *(.rel.ifunc)
 .rel.ifunc     0x0000000000010ecc        0x0 /usr/lib/gcc/i686-linux-gnu/5/../../../i386-linux-gnu/crti.o
 .rel.fini_array
                0x0000000000010ecc        0x8 /usr/lib/gcc/i686-linux-gnu/5/../../../i386-linux-gnu/crti.o
 .rel.init_array
                0x0000000000010ed4        0x8 /usr/lib/gcc/i686-linux-gnu/5/../../../i386-linux-gnu/crti.o

.rel.plt        0x0000000000010edc        0x0
 *(.rel.plt)
 .rel.plt       0x0000000000010edc        0x0 /usr/lib/gcc/i686-linux-gnu/5/../../../i386-linux-gnu/crti.o
 *(.rel.iplt)

.init           0x0000000000010edc       0x23
 *(SORT(.init))
 .init          0x0000000000010edc       0x1e /usr/lib/gcc/i686-linux-gnu/5/../../../i386-linux-gnu/crti.o
                0x0000000000010edc                _init
 .init          0x0000000000010efa        0x5 /usr/lib/gcc/i686-linux-gnu/5/../../../i386-linux-gnu/crtn.o

.plt            0x0000000000010f00       0x10
 *(.plt)
 .plt           0x0000000000010f00       0x10 /usr/lib/gcc/i686-linux-gnu/5/../../../i386-linux-gnu/crti.o
 *(.iplt)

.plt.got        0x0000000000010f10       0x10
 *(.plt.got)
 .plt.got       0x0000000000010f10       0x10 /usr/lib/gcc/i686-linux-gnu/5/../../../i386-linux-gnu/crti.o

.text           0x0000000000010f20    0x1970b
 *(.text.unlikely .text.*_unlikely .text.unlikely.*)
 .text.unlikely
                0x0000000000010f20        0x0 /usr/lib/gcc/i686-linux-gnu/5/crtbeginS.o
 *(.text.exit .text.exit.*)
 *(.text.startup .text.startup.*)
 *(.text.hot .text.hot.*)
 *(.text .stub .text.* .gnu.linkonce.t.*)
 .text          0x0000000000010f20        0x0 /usr/lib/gcc/i686-linux-gnu/5/../../../i386-linux-gnu/crti.o
 .gnu.linkonce.t.__x86.get_pc_thunk.bx
                0x0000000000010f20        0x4 /usr/lib/gcc/i686-linux-gnu/5/../../../i386-linux-gnu/crti.o
                0x0000000000010f20                __x86.get_pc_thunk.bx
 *fill*         0x0000000000010f24        0xc 
 .text          0x0000000000010f30      0x11c /usr/lib/gcc/i686-linux-gnu/5/crtbeginS.o
 .text.__x86.get_pc_thunk.dx
                0x000000000001104c        0x4 /usr/lib/gcc/i686-linux-gnu/5/crtbeginS.o
                0x000000000001104c                __x86.get_pc_thunk.dx
 .text          0x0000000000011050      0xf04 mqtt-demo.o
                0x0000000000011050                ipaddr_sprintf
 .text          0x0000000000011f54      0x271 obj_cooja/mtype511.o
                0x0000000000011fe6                platform_init_stage_one
                0x0000000000011fec                platform_init_stage_two
                0x0000000000011ffa                platform_init_stage_three
                0x000000000001200d                platform_main_loop
                0x0000000000012080                Java_org_contikios_cooja_corecomm_Lib2_init
                0x00000000000120b7                Java_org_contikios_cooja_corecomm_Lib2_getMemory
                0x00000000000120ea                Java_org_contikios_cooja_corecomm_Lib2_setMemory
                0x000000000001214a                Java_org_contikios_cooja_corecomm_Lib2_tick
                0x00000000000121b2                Java_org_contikios_cooja_corecomm_Lib2_setReferenceAddress
 .text          0x00000000000121c5       0x65 obj_cooja/mtype511.a(simEnvChange.o)
                0x00000000000121c5                doActionsBeforeTick
                0x00000000000121f7                doActionsAfterTick
 .text          0x000000000001222a       0x83 obj_cooja/mtype511.a(cooja_mt.o)
                0x000000000001222a                cooja_mt_start
                0x0000000000012254                cooja_mt_exec
                0x000000000001228a                cooja_mt_yield
 .text          0x00000000000122ad       0xbe obj_cooja/mtype511.a(cooja_mtarch.o)
                0x00000000000122ad                cooja_mtarch_start
                0x0000000000012320                cooja_sw
                0x0000000000012343                cooja_mtarch_exec
                0x0000000000012360                cooja_mtarch_yield
 .text          0x000000000001236b       0xc5 obj_cooja/mtype511.a(rtimer-arch.o)
                0x000000000001236b                rtimer_arch_init
                0x000000000001238f                rtimer_arch_schedule
                0x00000000000123bf                rtimer_arch_next
                0x00000000000123cf                rtimer_arch_pending
                0x00000000000123d9                rtimer_arch_check
                0x0000000000012420                rtimer_arch_now
 .text          0x0000000000012430       0x81 obj_cooja/mtype511.a(beep.o)
                0x0000000000012430                beep_alarm
                0x000000000001243d                beep_beep
                0x000000000001244a                beep
                0x0000000000012457                beep_down
                0x0000000000012464                beep_on
                0x0000000000012471                beep_off
                0x000000000001247e                beep_spinup
                0x000000000001248b                beep_quick
                0x0000000000012498                beep_long
 .text          0x00000000000124b1      0x10d obj_cooja/mtype511.a(button-sensor.o)
 .text          0x00000000000125be       0x49 obj_cooja/mtype511.a(leds-arch.o)
                0x00000000000125be                leds_arch_init
                0x00000000000125cb                leds_arch_get
                0x00000000000125d7                leds_arch_set
 .text          0x0000000000012607       0x35 obj_cooja/mtype511.a(moteid.o)
 .text          0x000000000001263c       0xb7 obj_cooja/mtype511.a(pir-sensor.o)
 .text          0x00000000000126f3      0x148 obj_cooja/mtype511.a(rs232.o)
                0x00000000000126f3                rs232_init
                0x00000000000126f9                rs232_set_speed
                0x0000000000012708                rs232_set_input
                0x0000000000012716                rs232_send
                0x000000000001273a                rs232_print
                0x0000000000012756                slip_arch_writeb
 .text          0x000000000001283b       0xb7 obj_cooja/mtype511.a(vib-sensor.o)
 .text          0x00000000000128f2       0x38 obj_cooja/mtype511.a(clock.o)
                0x00000000000128f2                clock_init
                0x00000000000128f8                clock_time
                0x0000000000012902                clock_seconds
                0x0000000000012918                clock_delay
 .text          0x000000000001292a      0x219 obj_cooja/mtype511.a(cooja-log.o)
                0x000000000001292a                simlog_char
                0x000000000001296d                simlog
                0x00000000000129e3                log_message
                0x0000000000012a14                log_set_putchar_with_slip
                0x0000000000012a22                log_putchar
                0x0000000000012a9d                log_puts
                0x0000000000012ac5                log_printf
 .text          0x0000000000012b43      0x2b9 obj_cooja/mtype511.a(cfs-cooja.o)
                0x0000000000012b43                cfs_open
                0x0000000000012bac                cfs_close
                0x0000000000012bb9                cfs_read
                0x0000000000012c4e                cfs_write
                0x0000000000012d2a                cfs_seek
                0x0000000000012db2                cfs_remove
                0x0000000000012dd6                cfs_opendir
                0x0000000000012de0                cfs_readdir
                0x0000000000012dea                cfs_closedir
 .text          0x0000000000012dfc      0x605 obj_cooja/mtype511.a(cooja-radio.o)
                0x0000000000012e3e                radio_set_channel
                0x0000000000012e4c                radio_set_txpower
                0x0000000000012e64                radio_signal_strength_last
                0x0000000000012e6e                radio_signal_strength_current
                0x0000000000012e78                radio_LQI
 .text          0x0000000000013401       0xee obj_cooja/mtype511.a(eeprom.o)
                0x0000000000013401                eeprom_init
                0x0000000000013407                eeprom_read
                0x0000000000013475                eeprom_write
 .text          0x00000000000134ef       0x2d obj_cooja/mtype511.a(random.o)
                0x00000000000134ef                random_init
                0x000000000001350f                random_rand
 .text          0x000000000001351c      0x29c obj_cooja/mtype511.a(sensors.o)
                0x0000000000013557                sensors_first
                0x0000000000013561                sensors_next
                0x000000000001357b                sensors_changed
                0x00000000000135af                sensors_find
 .text          0x00000000000137b8       0xf6 obj_cooja/mtype511.a(leds.o)
                0x00000000000137b8                leds_init
                0x00000000000137c6                leds_blink
                0x0000000000013809                leds_get
                0x0000000000013816                leds_set
                0x0000000000013835                leds_on
                0x000000000001385b                leds_off
                0x0000000000013888                leds_toggle
 .text          0x00000000000138ae     0x3779 obj_cooja/mtype511.a(mqtt.o)
                0x0000000000016a51                mqtt_init
                0x0000000000016b0f                mqtt_register
                0x0000000000016bac                mqtt_connect
                0x0000000000016cbe                mqtt_disconnect
                0x0000000000016cfc                mqtt_subscribe
                0x0000000000016db9                mqtt_unsubscribe
                0x0000000000016e67                mqtt_publish
                0x0000000000016f48                mqtt_set_username_password
                0x0000000000016fd3                mqtt_set_last_will
 .text          0x0000000000017027      0x328 obj_cooja/mtype511.a(contiki-main.o)
                0x0000000000017027                main
 .text          0x000000000001734f       0x92 obj_cooja/mtype511.a(autostart.o)
                0x000000000001734f                autostart_start
                0x0000000000017399                autostart_exit
 .text          0x00000000000173e1      0x355 obj_cooja/mtype511.a(ctimer.o)
                0x0000000000017509                ctimer_init
                0x000000000001753c                ctimer_set
                0x0000000000017562                ctimer_set_with_process
                0x00000000000175df                ctimer_reset
                0x0000000000017633                ctimer_restart
                0x0000000000017687                ctimer_stop
                0x00000000000176d7                ctimer_expired
 .text          0x0000000000017736       0x1b obj_cooja/mtype511.a(energest.o)
                0x0000000000017736                energest_init
                0x000000000001773c                energest_flush
                0x0000000000017742                energest_get_total_time
 .text          0x0000000000017751      0x43f obj_cooja/mtype511.a(etimer.o)
                0x0000000000017975                etimer_request_poll
                0x00000000000179fe                etimer_set
                0x0000000000017a27                etimer_reset_with_new_interval
                0x0000000000017a56                etimer_reset
                0x0000000000017a7c                etimer_restart
                0x0000000000017aa2                etimer_adjust
                0x0000000000017abf                etimer_expired
                0x0000000000017ad2                etimer_expiration_time
                0x0000000000017ae4                etimer_start_time
                0x0000000000017aee                etimer_pending
                0x0000000000017b00                etimer_next_expiration_time
                0x0000000000017b1a                etimer_stop
 .text          0x0000000000017b90      0x394 obj_cooja/mtype511.a(log.o)
                0x0000000000017b90                log_6addr
                0x0000000000017be3                log_6addr_compact_snprint
                0x0000000000017c81                log_6addr_compact
                0x0000000000017cd4                log_lladdr
                0x0000000000017d46                log_lladdr_compact
                0x0000000000017dae                log_set_level
                0x0000000000017e69                log_get_level
                0x0000000000017ee2                log_level_to_str
 .text          0x0000000000017f24      0x4fb obj_cooja/mtype511.a(process.o)
                0x0000000000017f24                process_alloc_event
                0x0000000000017f39                process_start
                0x0000000000018113                process_exit
                0x0000000000018130                process_init
                0x00000000000182c5                process_run
                0x00000000000182f8                process_nevents
                0x0000000000018313                process_post
                0x00000000000183a6                process_post_synch
                0x00000000000183db                process_poll
                0x000000000001840b                process_is_running
 .text          0x000000000001841f       0xeb obj_cooja/mtype511.a(rtimer.o)
                0x000000000001841f                rtimer_init
                0x000000000001842d                rtimer_set
                0x00000000000184a8                rtimer_run_next
 .text          0x000000000001850a       0x25 obj_cooja/mtype511.a(node-id.o)
                0x000000000001850a                node_id_init
 .text          0x000000000001852f       0x9c obj_cooja/mtype511.a(timer.o)
                0x000000000001852f                timer_set
                0x000000000001854d                timer_reset
                0x0000000000018565                timer_restart
                0x000000000001857a                timer_expired
                0x00000000000185a7                timer_remaining
 .text          0x00000000000185cb      0x1eb obj_cooja/mtype511.a(serial-line.o)
                0x00000000000185cb                serial_line_input_byte
                0x0000000000018781                serial_line_init
 .text          0x00000000000187b6      0x28f obj_cooja/mtype511.a(list.o)
                0x00000000000187b6                list_init
                0x00000000000187c5                list_head
                0x00000000000187cf                list_copy
                0x00000000000187df                list_tail
                0x0000000000018815                list_add
                0x0000000000018861                list_push
                0x000000000001888d                list_chop
                0x00000000000188f7                list_pop
                0x000000000001891f                list_remove
                0x0000000000018987                list_length
                0x00000000000189b5                list_insert
                0x00000000000189fa                list_item_next
                0x0000000000018a11                list_contains
 .text          0x0000000000018a45      0x156 obj_cooja/mtype511.a(ringbuf.o)
                0x0000000000018a45                ringbuf_init
                0x0000000000018a77                ringbuf_put
                0x0000000000018af5                ringbuf_get
                0x0000000000018b62                ringbuf_size
                0x0000000000018b74                ringbuf_elements
 .text          0x0000000000018b9b      0x407 obj_cooja/mtype511.a(packetbuf.o)
                0x0000000000018b9b                packetbuf_clear
                0x0000000000018bc6                packetbuf_copyfrom
                0x0000000000018c15                packetbuf_copyto
                0x0000000000018ca8                packetbuf_hdralloc
                0x0000000000018d24                packetbuf_hdrreduce
                0x0000000000018d6a                packetbuf_set_datalen
                0x0000000000018d84                packetbuf_dataptr
                0x0000000000018da1                packetbuf_hdrptr
                0x0000000000018dab                packetbuf_datalen
                0x0000000000018db7                packetbuf_hdrlen
                0x0000000000018dce                packetbuf_totlen
                0x0000000000018de4                packetbuf_remaininglen
                0x0000000000018df7                packetbuf_attr_clear
                0x0000000000018e43                packetbuf_attr_copyto
                0x0000000000018e9b                packetbuf_attr_copyfrom
                0x0000000000018ef3                packetbuf_set_attr
                0x0000000000018f1d                packetbuf_attr
                0x0000000000018f37                packetbuf_set_addr
                0x0000000000018f68                packetbuf_addr
                0x0000000000018f85                packetbuf_holds_broadcast
 .text          0x0000000000018fa2       0xef obj_cooja/mtype511.a(netstack.o)
                0x0000000000018fa2                netstack_process_ip_callback
                0x0000000000019033                netstack_ip_packet_processor_add
                0x0000000000019056                uip_ds6_ip_packet_processor_rm
                0x0000000000019073                netstack_init
 .text          0x0000000000019091       0x4f obj_cooja/mtype511.a(linkaddr.o)
                0x0000000000019091                linkaddr_copy
                0x00000000000190a7                linkaddr_cmp
                0x00000000000190ca                linkaddr_set_node_addr
 .text          0x00000000000190e0      0x165 obj_cooja/mtype511.a(csma.o)
 .text          0x0000000000019245      0x944 obj_cooja/mtype511.a(csma-output.o)
                0x00000000000198be                csma_output_packet
                0x0000000000019b4b                csma_output_init
 .text          0x0000000000019b89      0xb25 obj_cooja/mtype511.a(uip-ds6.o)
                0x0000000000019b89                uip_ds6_init
                0x0000000000019d34                uip_ds6_periodic
                0x0000000000019dbb                uip_ds6_list_loop
                0x0000000000019e7b                uip_ds6_prefix_add
                0x0000000000019f27                uip_ds6_prefix_rm
                0x0000000000019f3a                uip_ds6_prefix_lookup
                0x0000000000019f79                uip_ds6_is_addr_onlink
                0x0000000000019fec                uip_ds6_addr_add
                0x000000000001a10c                uip_ds6_addr_rm
                0x000000000001a1b5                uip_ds6_addr_lookup
                0x000000000001a1ee                uip_ds6_get_link_local
                0x000000000001a26f                uip_ds6_get_global
                0x000000000001a2f0                uip_ds6_maddr_add
                0x000000000001a350                uip_ds6_maddr_rm
                0x000000000001a363                uip_ds6_maddr_lookup
                0x000000000001a39c                uip_ds6_aaddr_add
                0x000000000001a3fc                uip_ds6_aaddr_rm
                0x000000000001a40f                uip_ds6_aaddr_lookup
                0x000000000001a448                uip_ds6_select_src
                0x000000000001a591                uip_ds6_set_addr_iid
                0x000000000001a5bc                uip_ds6_set_lladdr_from_iid
                0x000000000001a5e5                get_match_length
                0x000000000001a676                uip_ds6_compute_reachable_time
 .text          0x000000000001a6ae      0x9d5 obj_cooja/mtype511.a(tcp-socket.o)
                0x000000000001acf9                tcp_socket_register
                0x000000000001ad8a                tcp_socket_connect
                0x000000000001ae21                tcp_socket_listen
                0x000000000001ae98                tcp_socket_unlisten
                0x000000000001af0c                tcp_socket_send
                0x000000000001afac                tcp_socket_send_str
                0x000000000001afd4                tcp_socket_close
                0x000000000001affd                tcp_socket_unregister
                0x000000000001b057                tcp_socket_max_sendlen
                0x000000000001b074                tcp_socket_queuelen
 .text          0x000000000001b083      0xa72 obj_cooja/mtype511.a(tcpip.o)
                0x000000000001b09d                tcpip_output
                0x000000000001b181                tcp_connect
                0x000000000001b1d9                tcp_unlisten
                0x000000000001b239                tcp_listen
                0x000000000001b297                tcp_attach
                0x000000000001b2af                udp_attach
                0x000000000001b2c7                udp_new
                0x000000000001b311                udp_broadcast_new
                0x000000000001b596                tcpip_input
                0x000000000001b736                tcpip_ipv6_output
                0x000000000001b94a                tcpip_poll_udp
                0x000000000001b968                tcpip_poll_tcp
                0x000000000001b986                tcpip_uipcall
 .text          0x000000000001baf5      0x35b obj_cooja/mtype511.a(uip-ds6-route.o)
                0x000000000001bb46                uip_ds6_route_init
                0x000000000001bb70                uip_ds6_route_nexthop
                0x000000000001bb7a                uip_ds6_route_head
                0x000000000001bb84                uip_ds6_route_next
                0x000000000001bb8e                uip_ds6_route_is_nexthop
                0x000000000001bb98                uip_ds6_route_num_routes
                0x000000000001bba2                uip_ds6_route_lookup
                0x000000000001bbac                uip_ds6_route_add
                0x000000000001bbbf                uip_ds6_route_rm
                0x000000000001bbc5                uip_ds6_route_rm_by_nexthop
                0x000000000001bbcb                uip_ds6_defrt_head
                0x000000000001bbe4                uip_ds6_defrt_add
                0x000000000001bc92                uip_ds6_defrt_rm
                0x000000000001bcf8                uip_ds6_defrt_lookup
                0x000000000001bd5f                uip_ds6_defrt_choose
                0x000000000001bdd5                uip_ds6_defrt_periodic
 .text          0x000000000001be50     0x2802 obj_cooja/mtype511.a(uip6.o)
                0x000000000001be50                uip_add32
                0x000000000001bfea                uip_chksum
                0x000000000001c0cb                uip_icmp6chksum
                0x000000000001c0e0                uip_tcpchksum
                0x000000000001c0f5                uip_udpchksum
                0x000000000001c10a                uip_init
                0x000000000001c195                uip_connect
                0x000000000001c31e                remove_ext_hdr
                0x000000000001c403                uip_udp_new
                0x000000000001c525                uip_unlisten
                0x000000000001c567                uip_listen
                0x000000000001c808                uip_process
                0x000000000001e54d                uip_htons
                0x000000000001e56f                uip_htonl
                0x000000000001e5ad                uip_send
 .text          0x000000000001e652      0x374 obj_cooja/mtype511.a(uip-ds6-nbr.o)
                0x000000000001e652                uip_ds6_neighbors_init
                0x000000000001e676                uip_ds6_nbr_add
                0x000000000001e6fc                uip_ds6_nbr_rm
                0x000000000001e747                uip_ds6_nbr_update_ll
                0x000000000001e835                uip_ds6_nbr_get_ipaddr
                0x000000000001e84a                uip_ds6_nbr_get_ll
                0x000000000001e866                uip_ds6_nbr_num
                0x000000000001e8af                uip_ds6_nbr_head
                0x000000000001e8c8                uip_ds6_nbr_next
                0x000000000001e8e4                uip_ds6_nbr_lookup
                0x000000000001e947                uip_ds6_nbr_ll_lookup
                0x000000000001e963                uip_ds6_nbr_ipaddr_from_lladdr
                0x000000000001e98c                uip_ds6_nbr_lladdr_from_ipaddr
                0x000000000001e9c0                uip_ds6_link_callback
 .text          0x000000000001e9c6      0x6b5 obj_cooja/mtype511.a(uip-nd6.o)
                0x000000000001f062                uip_nd6_init
 .text          0x000000000001f07b     0x2a78 obj_cooja/mtype511.a(sicslowpan.o)
                0x000000000001f579                netstack_sniffer_add
                0x000000000001f587                netstack_sniffer_remove
                0x0000000000021abf                sicslowpan_init
                0x0000000000021ae9                sicslowpan_get_last_rssi
 .text          0x0000000000021af3      0x4d1 obj_cooja/mtype511.a(uiplib.o)
                0x0000000000021af3                uiplib_ip6addrconv
                0x0000000000021cab                uiplib_ip4addrconv
                0x0000000000021d6e                uiplib_ipaddr_print
                0x0000000000021dc1                uiplib_ipaddr_snprint
 .text          0x0000000000021fc4      0x4c9 obj_cooja/mtype511.a(rpl.o)
                0x0000000000021fc4                rpl_lollipop_greater_than
                0x000000000002201e                rpl_get_global_address
                0x0000000000022116                rpl_link_callback
                0x000000000002215a                rpl_has_joined
                0x000000000002217f                rpl_is_reachable
                0x0000000000022200                rpl_reset_prefix
                0x000000000002226a                rpl_set_prefix_from_addr
                0x000000000002234f                rpl_set_prefix
                0x0000000000022469                rpl_set_leaf_only
                0x0000000000022481                rpl_get_leaf_only
 .text          0x000000000002248d     0x13cb obj_cooja/mtype511.a(rpl-icmp6.o)
                0x00000000000225b2                rpl_icmp6_update_nbr_table
                0x000000000002264b                rpl_icmp6_dis_output
                0x0000000000022ca1                rpl_icmp6_dio_output
                0x00000000000234ae                rpl_icmp6_dao_output
                0x000000000002379f                rpl_icmp6_dao_ack_output
                0x000000000002380f                rpl_icmp6_init
 .text          0x0000000000023858      0xe51 obj_cooja/mtype511.a(rpl-dag.o)
                0x0000000000023858                rpl_dag_state_to_str
                0x0000000000023897                rpl_dag_get_root_ipaddr
                0x00000000000238df                rpl_dag_leave
                0x0000000000023968                rpl_dag_poison_and_leave
                0x0000000000023980                rpl_dag_periodic
                0x0000000000023a08                rpl_is_addr_in_our_dag
                0x0000000000023a4c                rpl_get_default_instance
                0x0000000000023a68                rpl_get_any_dag
                0x0000000000023ac1                rpl_refresh_routes
                0x0000000000023b01                rpl_global_repair
                0x0000000000023b8d                rpl_local_repair
                0x0000000000023bd7                rpl_dag_ready_to_advertise
                0x0000000000023c1a                rpl_dag_update_state
                0x000000000002433e                rpl_process_dio
                0x00000000000243bf                rpl_process_dis
                0x0000000000024404                rpl_process_dao
                0x0000000000024493                rpl_process_dao_ack
                0x0000000000024525                rpl_process_hbh
                0x0000000000024575                rpl_dag_init_root
                0x0000000000024689                rpl_dag_init
 .text          0x00000000000246a9      0x286 obj_cooja/mtype511.a(rpl-dag-root.o)
                0x00000000000246a9                rpl_dag_root_print_links
                0x00000000000247f7                rpl_dag_root_set_prefix
                0x0000000000024823                rpl_dag_root_start
                0x0000000000024900                rpl_dag_root_is_root
 .text          0x000000000002492f       0x1e obj_cooja/mtype511.a(watchdog.o)
                0x000000000002492f                watchdog_init
                0x0000000000024935                watchdog_start
                0x000000000002493b                watchdog_periodic
                0x0000000000024941                watchdog_stop
                0x0000000000024947                watchdog_reboot
 .text          0x000000000002494d       0xb2 obj_cooja/mtype511.a(stimer.o)
                0x000000000002494d                stimer_set
                0x000000000002496b                stimer_reset
                0x0000000000024983                stimer_restart
                0x0000000000024998                stimer_expired
                0x00000000000249c3                stimer_remaining
                0x00000000000249e7                stimer_elapsed
 .text          0x00000000000249ff      0x1b8 obj_cooja/mtype511.a(memb.o)
                0x00000000000249ff                memb_init
                0x0000000000024a54                memb_alloc
                0x0000000000024ab9                memb_free
                0x0000000000024b34                memb_inmemb
                0x0000000000024b73                memb_numfree
 .text          0x0000000000024bb7      0x2e7 obj_cooja/mtype511.a(queuebuf.o)
                0x0000000000024bc1                queuebuf_init
                0x0000000000024bea                queuebuf_numfree
                0x0000000000024c02                queuebuf_new_from_packetbuf
                0x0000000000024ca1                queuebuf_update_attr_from_packetbuf
                0x0000000000024cd6                queuebuf_update_from_packetbuf
                0x0000000000024d26                queuebuf_free
                0x0000000000024d6f                queuebuf_to_packetbuf
                0x0000000000024ddb                queuebuf_dataptr
                0x0000000000024e15                queuebuf_datalen
                0x0000000000024e38                queuebuf_addr
                0x0000000000024e6d                queuebuf_attr
                0x0000000000024e98                queuebuf_debug_print
 .text          0x0000000000024e9e      0x78b obj_cooja/mtype511.a(nbr-table.o)
                0x0000000000025317                nbr_table_register
                0x0000000000025384                nbr_table_is_registered
                0x00000000000253bf                nbr_table_head
                0x000000000002541a                nbr_table_next
                0x000000000002547b                nbr_table_add_lladdr
                0x0000000000025545                nbr_table_get_from_lladdr
                0x0000000000025591                nbr_table_remove
                0x00000000000255c9                nbr_table_lock
                0x00000000000255e3                nbr_table_unlock
                0x00000000000255fd                nbr_table_get_lladdr
 .text          0x0000000000025629      0x37c obj_cooja/mtype511.a(link-stats.o)
                0x0000000000025629                link_stats_from_lladdr
                0x0000000000025645                link_stats_is_fresh
                0x0000000000025681                guess_etx_from_rssi
                0x00000000000256fd                link_stats_packet_sent
                0x0000000000025810                link_stats_input_callback
                0x0000000000025920                link_stats_reset
                0x0000000000025970                link_stats_init
 .text          0x00000000000259a5      0x187 obj_cooja/mtype511.a(mac-sequence.o)
                0x00000000000259a5                mac_sequence_is_duplicate
                0x0000000000025a45                mac_sequence_register_seqno
 .text          0x0000000000025b2c       0x23 obj_cooja/mtype511.a(mac.o)
                0x0000000000025b2c                mac_call_sent_callback
 .text          0x0000000000025b4f      0x41d obj_cooja/mtype511.a(framer-802154.o)
                0x0000000000025cde                framer_802154_setup_params
 .text          0x0000000000025f6c      0xb6f obj_cooja/mtype511.a(frame802154.o)
                0x0000000000025f9d                frame802154_get_pan_id
                0x0000000000025fa9                frame802154_set_pan_id
                0x0000000000025fc3                frame802154_has_panid
                0x0000000000026172                frame802154_check_dest_panid
                0x00000000000261fa                frame802154_is_broadcast_addr
                0x0000000000026247                frame802154_extract_linkaddr
                0x00000000000264ac                frame802154_hdrlen
                0x000000000002651f                frame802154_create_fcf
                0x00000000000265d7                frame802154_create
                0x000000000002674c                frame802154_parse_fcf
                0x000000000002682e                frame802154_parse
 .text          0x0000000000026adb      0x1ec obj_cooja/mtype511.a(uipbuf.o)
                0x0000000000026adb                uipbuf_get_next_header
                0x0000000000026b4a                uipbuf_get_last_header
                0x0000000000026bd1                uipbuf_get_attr
                0x0000000000026bf8                uipbuf_set_attr
                0x0000000000026c2f                uipbuf_clear_attr
                0x0000000000026c5b                uipbuf_set_attr_flag
                0x0000000000026c7c                uipbuf_clr_attr_flag
                0x0000000000026ca3                uipbuf_is_attr_flag
 .text          0x0000000000026cc7      0x96e obj_cooja/mtype511.a(uip-icmp6.o)
                0x0000000000026d3c                uip_icmp6_input
                0x0000000000026d93                uip_icmp6_register_input_handler
                0x0000000000026f9f                uip_icmp6_error_output
                0x00000000000272fe                uip_icmp6_send
                0x00000000000275bd                uip_icmp6_echo_reply_callback_add
                0x00000000000275ef                uip_icmp6_echo_reply_callback_rm
                0x000000000002760c                uip_icmp6_init
 .text          0x0000000000027635      0x69b obj_cooja/mtype511.a(uip-sr.o)
                0x0000000000027635                uip_sr_num_nodes
                0x00000000000276c3                uip_sr_get_node
                0x000000000002771a                uip_sr_is_addr_reachable
                0x00000000000277c8                uip_sr_expire_parent
                0x0000000000027811                uip_sr_update_node
                0x0000000000027941                uip_sr_init
                0x0000000000027975                uip_sr_node_head
                0x000000000002798e                uip_sr_node_next
                0x00000000000279a4                uip_sr_periodic
                0x0000000000027aaa                uip_sr_free_all
                0x0000000000027b1a                uip_sr_link_snprint
 .text          0x0000000000027cd0      0x146 obj_cooja/mtype511.a(uip-packetqueue)
                0x0000000000027cfe                uip_packetqueue_new
                0x0000000000027d0d                uip_packetqueue_alloc
                0x0000000000027d68                uip_packetqueue_free
                0x0000000000027daf                uip_packetqueue_buf
                0x0000000000027dcc                uip_packetqueue_buflen
                0x0000000000027ded                uip_packetqueue_set_buflen
 .text          0x0000000000027e16      0x1c8 obj_cooja/mtype511.a(rpl-nbr-policy.)
                0x0000000000027f9b                rpl_nbr_policy_find_removable
 .text          0x0000000000027fde      0x8ed obj_cooja/mtype511.a(rpl-neighbor.o)
                0x000000000002805a                rpl_neighbor_snprint
                0x0000000000028307                rpl_neighbor_print_list
                0x00000000000283bc                rpl_neighbor_count
                0x0000000000028463                rpl_neighbor_get_from_lladdr
                0x000000000002847f                rpl_neighbor_is_acceptable_parent
                0x00000000000284b3                rpl_neighbor_get_link_metric
                0x00000000000284e7                rpl_neighbor_rank_via_nbr
                0x000000000002851b                rpl_neighbor_get_lladdr
                0x0000000000028537                rpl_neighbor_get_ipaddr
                0x000000000002855e                rpl_neighbor_get_link_stats
                0x0000000000028585                rpl_neighbor_is_fresh
                0x00000000000285ac                rpl_neighbor_is_reachable
                0x00000000000285f7                rpl_neighbor_is_parent
                0x0000000000028621                rpl_neighbor_set_preferred_parent
                0x00000000000286ad                rpl_neighbor_remove_all
                0x00000000000286fc                rpl_neighbor_get_from_ipaddr
                0x0000000000028800                rpl_neighbor_select_best
                0x00000000000288ac                rpl_neighbor_init
 .text          0x00000000000288cb      0xa19 obj_cooja/mtype511.a(rpl-timers.o)
                0x00000000000288cb                rpl_timers_schedule_periodic_dis
                0x0000000000028a19                rpl_timers_dio_reset
                0x0000000000028b0a                rpl_timers_schedule_unicast_dio
                0x0000000000028c90                rpl_timers_schedule_dao
                0x0000000000028dca                rpl_timers_schedule_dao_ack
                0x0000000000028e50                get_probing_delay
                0x0000000000028e84                get_probing_target
                0x000000000002906e                rpl_schedule_probing
                0x000000000002909c                rpl_schedule_probing_now
                0x0000000000029106                rpl_timers_unschedule_leaving
                0x000000000002913e                rpl_timers_schedule_leaving
                0x000000000002917f                rpl_timers_init
                0x000000000002920f                rpl_timers_stop_dag_timers
                0x0000000000029288                rpl_timers_unschedule_state_update
                0x00000000000292ac                rpl_timers_schedule_state_update
 .text          0x00000000000292e4     0x102c obj_cooja/mtype511.a(rpl-ext-header.)
                0x00000000000292e4                rpl_ext_header_srh_get_next_hop
                0x0000000000029460                rpl_ext_header_srh_update
                0x0000000000029b59                rpl_ext_header_hbh_update
                0x000000000002a0ae                rpl_ext_header_update
                0x000000000002a137                rpl_ext_header_remove
 .text          0x000000000002a310      0x31b obj_cooja/mtype511.a(rpl-mrhof.o)
 .text          0x000000000002a62b        0x0 /usr/lib/gcc/i686-linux-gnu/5/crtendS.o
 .text          0x000000000002a62b        0x0 /usr/lib/gcc/i686-linux-gnu/5/../../../i386-linux-gnu/crtn.o
 *(.gnu.warning)

.fini           0x000000000002a62c       0x14
 *(SORT(.fini))
 .fini          0x000000000002a62c        0xf /usr/lib/gcc/i686-linux-gnu/5/../../../i386-linux-gnu/crti.o
                0x000000000002a62c                _fini
 .fini          0x000000000002a63b        0x5 /usr/lib/gcc/i686-linux-gnu/5/../../../i386-linux-gnu/crtn.o
                [!provide]                        PROVIDE (__etext, .)
                [!provide]                        PROVIDE (_etext, .)
                [!provide]                        PROVIDE (etext, .)

.rodata         0x000000000002a640      0xbc0
 *(.rodata .rodata.* .gnu.linkonce.r.*)
 .rodata        0x000000000002a640      0x442 mqtt-demo.o
                0x000000000002a648                autostart_processes
 *fill*         0x000000000002aa82        0x2 
 .rodata        0x000000000002aa84        0x8 obj_cooja/mtype511.a(beep.o)
                0x000000000002aa84                beep_interface
 .rodata        0x000000000002aa8c       0x20 obj_cooja/mtype511.a(button-sensor.o)
                0x000000000002aa8c                button_interface
                0x000000000002aa9c                button_sensor
 .rodata        0x000000000002aaac        0x8 obj_cooja/mtype511.a(leds-arch.o)
                0x000000000002aaac                leds_interface
 .rodata        0x000000000002aab4        0x8 obj_cooja/mtype511.a(moteid.o)
                0x000000000002aab4                moteid_interface
 .rodata        0x000000000002aabc       0x1c obj_cooja/mtype511.a(pir-sensor.o)
                0x000000000002aabc                pir_interface
                0x000000000002aac8                pir_sensor
 .rodata        0x000000000002aad8        0xe obj_cooja/mtype511.a(rs232.o)
                0x000000000002aad8                rs232_interface
 *fill*         0x000000000002aae6        0x2 
 .rodata        0x000000000002aae8       0x24 obj_cooja/mtype511.a(vib-sensor.o)
                0x000000000002aae8                vib_interface
                0x000000000002aafc                vib_sensor
 .rodata        0x000000000002ab0c        0x8 obj_cooja/mtype511.a(clock.o)
                0x000000000002ab0c                clock_interface
 .rodata        0x000000000002ab14        0x8 obj_cooja/mtype511.a(cooja-log.o)
                0x000000000002ab14                simlog_interface
 .rodata        0x000000000002ab1c       0x2f obj_cooja/mtype511.a(cfs-cooja.o)
                0x000000000002ab1c                cfs_interface
 *fill*         0x000000000002ab4b       0x15 
 .rodata        0x000000000002ab60       0x58 obj_cooja/mtype511.a(cooja-radio.o)
                0x000000000002ab60                radio_interface
                0x000000000002ab80                cooja_radio_driver
 .rodata        0x000000000002abb8        0x8 obj_cooja/mtype511.a(eeprom.o)
                0x000000000002abb8                eeprom_interface
 .rodata        0x000000000002abc0        0x8 obj_cooja/mtype511.a(sensors.o)
 .rodata        0x000000000002abc8       0x14 obj_cooja/mtype511.a(mqtt.o)
 .rodata        0x000000000002abdc       0xf8 obj_cooja/mtype511.a(contiki-main.o)
 .rodata        0x000000000002acd4        0xf obj_cooja/mtype511.a(ctimer.o)
 .rodata        0x000000000002ace3        0xc obj_cooja/mtype511.a(etimer.o)
 *fill*         0x000000000002acef        0x1 
 .rodata        0x000000000002acf0       0xc0 obj_cooja/mtype511.a(log.o)
 .rodata        0x000000000002adb0        0xe obj_cooja/mtype511.a(serial-line.o)
 *fill*         0x000000000002adbe        0x2 
 .rodata        0x000000000002adc0        0x8 obj_cooja/mtype511.a(linkaddr.o)
                0x000000000002adc0                linkaddr_null
 .rodata        0x000000000002adc8       0x20 obj_cooja/mtype511.a(csma.o)
                0x000000000002add0                csma_driver
 .rodata        0x000000000002ade8       0x13 obj_cooja/mtype511.a(tcp-socket.o)
 .rodata        0x000000000002adfb        0xd obj_cooja/mtype511.a(tcpip.o)
 .rodata        0x000000000002ae08       0x4d obj_cooja/mtype511.a(uip-ds6-route.o)
 *fill*         0x000000000002ae55        0x3 
 .rodata        0x000000000002ae58      0x13c obj_cooja/mtype511.a(uip6.o)
 .rodata        0x000000000002af94       0x30 obj_cooja/mtype511.a(sicslowpan.o)
                0x000000000002af94                unc_llconf
                0x000000000002af98                unc_ctxconf
                0x000000000002af9c                unc_mxconf
                0x000000000002afa0                llprefix
                0x000000000002afb4                sicslowpan_driver
 .rodata        0x000000000002afc4       0x2d obj_cooja/mtype511.a(uiplib.o)
 *fill*         0x000000000002aff1        0xf 
 .rodata        0x000000000002b000       0x70 obj_cooja/mtype511.a(rpl.o)
                0x000000000002b020                rpl_lite_driver
 .rodata        0x000000000002b070       0xdb obj_cooja/mtype511.a(rpl-dag.o)
 *fill*         0x000000000002b14b        0x1 
 .rodata        0x000000000002b14c        0xc obj_cooja/mtype511.a(framer-802154.o)
                0x000000000002b14c                framer_802154
 .rodata        0x000000000002b158       0x44 obj_cooja/mtype511.a(uip-sr.o)
 .rodata        0x000000000002b19c       0x58 obj_cooja/mtype511.a(rpl-neighbor.o)
 .rodata        0x000000000002b1f4        0xc obj_cooja/mtype511.a(rpl-timers.o)

.rodata1
 *(.rodata1)

.eh_frame_hdr   0x000000000002b200     0x1674
 *(.eh_frame_hdr)
 .eh_frame_hdr  0x000000000002b200     0x1674 mqtt-demo.o
                0x000000000002b200                __GNU_EH_FRAME_HDR
 *(.eh_frame_entry .eh_frame_entry.*)

.eh_frame       0x000000000002c874     0x5b08
 *(.eh_frame)
 .eh_frame      0x000000000002c874       0x3c /usr/lib/gcc/i686-linux-gnu/5/../../../i386-linux-gnu/crti.o
                                         0x40 (size before relaxing)
 .eh_frame      0x000000000002c8b0      0x258 mqtt-demo.o
                                        0x270 (size before relaxing)
 .eh_frame      0x000000000002cb08      0x178 obj_cooja/mtype511.o
                                        0x190 (size before relaxing)
 .eh_frame      0x000000000002cc80       0x40 obj_cooja/mtype511.a(simEnvChange.o)
                                         0x58 (size before relaxing)
 .eh_frame      0x000000000002ccc0       0x60 obj_cooja/mtype511.a(cooja_mt.o)
                                         0x78 (size before relaxing)
 .eh_frame      0x000000000002cd20       0x80 obj_cooja/mtype511.a(cooja_mtarch.o)
                                         0x98 (size before relaxing)
 .eh_frame      0x000000000002cda0       0xc8 obj_cooja/mtype511.a(rtimer-arch.o)
                                         0xe0 (size before relaxing)
 .eh_frame      0x000000000002ce68      0x160 obj_cooja/mtype511.a(beep.o)
                                        0x178 (size before relaxing)
 .eh_frame      0x000000000002cfc8       0xa0 obj_cooja/mtype511.a(button-sensor.o)
                                         0xb8 (size before relaxing)
 .eh_frame      0x000000000002d068       0xa0 obj_cooja/mtype511.a(leds-arch.o)
                                         0xb8 (size before relaxing)
 .eh_frame      0x000000000002d108       0x40 obj_cooja/mtype511.a(moteid.o)
                                         0x58 (size before relaxing)
 .eh_frame      0x000000000002d148       0xa0 obj_cooja/mtype511.a(pir-sensor.o)
                                         0xb8 (size before relaxing)
 .eh_frame      0x000000000002d1e8      0x100 obj_cooja/mtype511.a(rs232.o)
                                        0x118 (size before relaxing)
 .eh_frame      0x000000000002d2e8       0xa0 obj_cooja/mtype511.a(vib-sensor.o)
                                         0xb8 (size before relaxing)
 .eh_frame      0x000000000002d388       0xc0 obj_cooja/mtype511.a(clock.o)
                                         0xd8 (size before relaxing)
 .eh_frame      0x000000000002d448      0x120 obj_cooja/mtype511.a(cooja-log.o)
                                        0x138 (size before relaxing)
 .eh_frame      0x000000000002d568      0x160 obj_cooja/mtype511.a(cfs-cooja.o)
                                        0x178 (size before relaxing)
 .eh_frame      0x000000000002d6c8      0x340 obj_cooja/mtype511.a(cooja-radio.o)
                                        0x358 (size before relaxing)
 .eh_frame      0x000000000002da08       0xa0 obj_cooja/mtype511.a(eeprom.o)
                                         0xb8 (size before relaxing)
 .eh_frame      0x000000000002daa8       0x40 obj_cooja/mtype511.a(random.o)
                                         0x58 (size before relaxing)
 .eh_frame      0x000000000002dae8       0xc0 obj_cooja/mtype511.a(sensors.o)
                                         0xd8 (size before relaxing)
 .eh_frame      0x000000000002dba8       0xe0 obj_cooja/mtype511.a(leds.o)
                                         0xf8 (size before relaxing)
 .eh_frame      0x000000000002dc88      0x4a4 obj_cooja/mtype511.a(mqtt.o)
                                        0x4bc (size before relaxing)
 .eh_frame      0x000000000002e12c       0x30 obj_cooja/mtype511.a(contiki-main.o)
                                         0x48 (size before relaxing)
 .eh_frame      0x000000000002e15c       0x40 obj_cooja/mtype511.a(autostart.o)
                                         0x58 (size before relaxing)
 .eh_frame      0x000000000002e19c      0x100 obj_cooja/mtype511.a(ctimer.o)
                                        0x118 (size before relaxing)
 .eh_frame      0x000000000002e29c       0x60 obj_cooja/mtype511.a(energest.o)
                                         0x78 (size before relaxing)
 .eh_frame      0x000000000002e2fc      0x1e0 obj_cooja/mtype511.a(etimer.o)
                                        0x1f8 (size before relaxing)
 .eh_frame      0x000000000002e4dc      0x100 obj_cooja/mtype511.a(log.o)
                                        0x118 (size before relaxing)
 .eh_frame      0x000000000002e5dc      0x1c4 obj_cooja/mtype511.a(process.o)
                                        0x1dc (size before relaxing)
 .eh_frame      0x000000000002e7a0       0x60 obj_cooja/mtype511.a(rtimer.o)
                                         0x78 (size before relaxing)
 .eh_frame      0x000000000002e800       0x20 obj_cooja/mtype511.a(node-id.o)
                                         0x38 (size before relaxing)
 .eh_frame      0x000000000002e820       0xa4 obj_cooja/mtype511.a(timer.o)
                                         0xbc (size before relaxing)
 .eh_frame      0x000000000002e8c4       0x60 obj_cooja/mtype511.a(serial-line.o)
                                         0x78 (size before relaxing)
 .eh_frame      0x000000000002e924      0x1a0 obj_cooja/mtype511.a(list.o)
                                        0x1b8 (size before relaxing)
 .eh_frame      0x000000000002eac4       0xa0 obj_cooja/mtype511.a(ringbuf.o)
                                         0xb8 (size before relaxing)
 .eh_frame      0x000000000002eb64      0x28c obj_cooja/mtype511.a(packetbuf.o)
                                        0x2a4 (size before relaxing)
 .eh_frame      0x000000000002edf0       0x80 obj_cooja/mtype511.a(netstack.o)
                                         0x98 (size before relaxing)
 .eh_frame      0x000000000002ee70       0x60 obj_cooja/mtype511.a(linkaddr.o)
                                         0x78 (size before relaxing)
 .eh_frame      0x000000000002eed0       0xa0 obj_cooja/mtype511.a(csma.o)
                                         0xb8 (size before relaxing)
 .eh_frame      0x000000000002ef70      0x1d4 obj_cooja/mtype511.a(csma-output.o)
                                        0x1ec (size before relaxing)
 .eh_frame      0x000000000002f144      0x2e8 obj_cooja/mtype511.a(uip-ds6.o)
                                        0x300 (size before relaxing)
 .eh_frame      0x000000000002f42c      0x248 obj_cooja/mtype511.a(tcp-socket.o)
                                        0x260 (size before relaxing)
 .eh_frame      0x000000000002f674      0x308 obj_cooja/mtype511.a(tcpip.o)
                                        0x320 (size before relaxing)
 .eh_frame      0x000000000002f97c      0x220 obj_cooja/mtype511.a(uip-ds6-route.o)
                                        0x238 (size before relaxing)
 .eh_frame      0x000000000002fb9c      0x274 obj_cooja/mtype511.a(uip6.o)
                                        0x28c (size before relaxing)
 .eh_frame      0x000000000002fe10      0x1c0 obj_cooja/mtype511.a(uip-ds6-nbr.o)
                                        0x1d8 (size before relaxing)
 .eh_frame      0x000000000002ffd0       0x84 obj_cooja/mtype511.a(uip-nd6.o)
                                         0x9c (size before relaxing)
 .eh_frame      0x0000000000030054      0x2f8 obj_cooja/mtype511.a(sicslowpan.o)
                                        0x310 (size before relaxing)
 .eh_frame      0x000000000003034c       0x88 obj_cooja/mtype511.a(uiplib.o)
                                         0xa0 (size before relaxing)
 .eh_frame      0x00000000000303d4      0x1e0 obj_cooja/mtype511.a(rpl.o)
                                        0x1f8 (size before relaxing)
 .eh_frame      0x00000000000305b4      0x1c4 obj_cooja/mtype511.a(rpl-icmp6.o)
                                        0x1dc (size before relaxing)
 .eh_frame      0x0000000000030778      0x370 obj_cooja/mtype511.a(rpl-dag.o)
                                        0x388 (size before relaxing)
 .eh_frame      0x0000000000030ae8       0xa0 obj_cooja/mtype511.a(rpl-dag-root.o)
                                         0xb8 (size before relaxing)
 .eh_frame      0x0000000000030b88       0xa0 obj_cooja/mtype511.a(watchdog.o)
                                         0xb8 (size before relaxing)
 .eh_frame      0x0000000000030c28       0xc4 obj_cooja/mtype511.a(stimer.o)
                                         0xdc (size before relaxing)
 .eh_frame      0x0000000000030cec       0xa0 obj_cooja/mtype511.a(memb.o)
                                         0xb8 (size before relaxing)
 .eh_frame      0x0000000000030d8c      0x1a0 obj_cooja/mtype511.a(queuebuf.o)
                                        0x1b8 (size before relaxing)
 .eh_frame      0x0000000000030f2c      0x2ac obj_cooja/mtype511.a(nbr-table.o)
                                        0x2c4 (size before relaxing)
 .eh_frame      0x00000000000311d8      0x100 obj_cooja/mtype511.a(link-stats.o)
                                        0x118 (size before relaxing)
 .eh_frame      0x00000000000312d8       0x48 obj_cooja/mtype511.a(mac-sequence.o)
                                         0x60 (size before relaxing)
 .eh_frame      0x0000000000031320       0x20 obj_cooja/mtype511.a(mac.o)
                                         0x38 (size before relaxing)
 .eh_frame      0x0000000000031340       0xa4 obj_cooja/mtype511.a(framer-802154.o)
                                         0xbc (size before relaxing)
 .eh_frame      0x00000000000313e4      0x1a4 obj_cooja/mtype511.a(frame802154.o)
                                        0x1bc (size before relaxing)
 .eh_frame      0x0000000000031588      0x100 obj_cooja/mtype511.a(uipbuf.o)
                                        0x118 (size before relaxing)
 .eh_frame      0x0000000000031688      0x160 obj_cooja/mtype511.a(uip-icmp6.o)
                                        0x178 (size before relaxing)
 .eh_frame      0x00000000000317e8      0x184 obj_cooja/mtype511.a(uip-sr.o)
                                        0x19c (size before relaxing)
 .eh_frame      0x000000000003196c       0xe0 obj_cooja/mtype511.a(uip-packetqueue)
                                         0xf8 (size before relaxing)
 .eh_frame      0x0000000000031a4c       0x80 obj_cooja/mtype511.a(rpl-nbr-policy.)
                                         0x98 (size before relaxing)
 .eh_frame      0x0000000000031acc      0x2d4 obj_cooja/mtype511.a(rpl-neighbor.o)
                                        0x2ec (size before relaxing)
 .eh_frame      0x0000000000031da0      0x368 obj_cooja/mtype511.a(rpl-timers.o)
                                        0x380 (size before relaxing)
 .eh_frame      0x0000000000032108      0x128 obj_cooja/mtype511.a(rpl-ext-header.)
                                        0x140 (size before relaxing)
 .eh_frame      0x0000000000032230      0x148 obj_cooja/mtype511.a(rpl-mrhof.o)
                                        0x160 (size before relaxing)
 .eh_frame      0x0000000000032378        0x4 /usr/lib/gcc/i686-linux-gnu/5/crtendS.o
 *(.eh_frame.*)

.gcc_except_table
 *(.gcc_except_table .gcc_except_table.*)

.gnu_extab
 *(.gnu_extab*)

.exception_ranges
 *(.exception_ranges .exception_ranges*)
                0x0000000000033f10                . = DATA_SEGMENT_ALIGN (0x1000, 0x1000)

.eh_frame
 *(.eh_frame)
 *(.eh_frame.*)

.gnu_extab
 *(.gnu_extab)

.gcc_except_table
 *(.gcc_except_table .gcc_except_table.*)

.exception_ranges
 *(.exception_ranges .exception_ranges*)

.tdata
 *(.tdata .tdata.* .gnu.linkonce.td.*)

.tbss
 *(.tbss .tbss.* .gnu.linkonce.tb.*)
 *(.tcommon)

.preinit_array
 *(.preinit_array)

.init_array     0x0000000000033f10        0x4
 *(SORT(.init_array.*) SORT(.ctors.*))
 *(.init_array EXCLUDE_FILE(*crtend?.o *crtend.o *crtbegin?.o *crtbegin.o) .ctors)
 .init_array    0x0000000000033f10        0x4 /usr/lib/gcc/i686-linux-gnu/5/crtbeginS.o

.fini_array     0x0000000000033f14        0x4
 *(SORT(.fini_array.*) SORT(.dtors.*))
 *(.fini_array EXCLUDE_FILE(*crtend?.o *crtend.o *crtbegin?.o *crtbegin.o) .dtors)
 .fini_array    0x0000000000033f14        0x4 /usr/lib/gcc/i686-linux-gnu/5/crtbeginS.o

.ctors
 *crtbegin.o(.ctors)
 *crtbegin?.o(.ctors)
 *(EXCLUDE_FILE(*crtend?.o *crtend.o) .ctors)
 *(SORT(.ctors.*))
 *(.ctors)

.dtors
 *crtbegin.o(.dtors)
 *crtbegin?.o(.dtors)
 *(EXCLUDE_FILE(*crtend?.o *crtend.o) .dtors)
 *(SORT(.dtors.*))
 *(.dtors)

.jcr            0x0000000000033f18        0x4
 *(.jcr)
 .jcr           0x0000000000033f18        0x0 /usr/lib/gcc/i686-linux-gnu/5/crtbeginS.o
 .jcr           0x0000000000033f18        0x4 /usr/lib/gcc/i686-linux-gnu/5/crtendS.o

.data.rel.ro
 *(.data.rel.ro.local* .gnu.linkonce.d.rel.ro.local.*)
 *(.data.rel.ro .data.rel.ro.* .gnu.linkonce.d.rel.ro.*)

.dynamic        0x0000000000033f1c       0xd0
 *(.dynamic)
 .dynamic       0x0000000000033f1c       0xd0 /usr/lib/gcc/i686-linux-gnu/5/../../../i386-linux-gnu/crti.o
                0x0000000000033f1c                _DYNAMIC

.got            0x0000000000033fec       0x14
 *(.got)
 .got           0x0000000000033fec       0x14 /usr/lib/gcc/i686-linux-gnu/5/../../../i386-linux-gnu/crti.o
 *(.igot)
                0x0000000000034ff4                . = DATA_SEGMENT_RELRO_END (., (SIZEOF (.got.plt) >= 0xc)?0xc:0x0)

.got.plt        0x0000000000034000        0xc
 *(.got.plt)
 .got.plt       0x0000000000034000        0xc /usr/lib/gcc/i686-linux-gnu/5/../../../i386-linux-gnu/crti.o
                0x0000000000034000                _GLOBAL_OFFSET_TABLE_
 *(.igot.plt)

.data           0x0000000000034020      0x324
 *(.data .data.* .gnu.linkonce.d.*)
 .data          0x0000000000034020        0x0 /usr/lib/gcc/i686-linux-gnu/5/../../../i386-linux-gnu/crti.o
 .data          0x0000000000034020        0x0 /usr/lib/gcc/i686-linux-gnu/5/crtbeginS.o
 .data.rel.local
                0x0000000000034020        0x4 /usr/lib/gcc/i686-linux-gnu/5/crtbeginS.o
                0x0000000000034020                __dso_handle
 .data          0x0000000000034024       0x14 mqtt-demo.o
                0x0000000000034028                mqtt_demo_process
 *fill*         0x0000000000034038        0x8 
 .data          0x0000000000034040       0x44 obj_cooja/mtype511.o
                0x0000000000034040                simInterfaces
                0x0000000000034074                sensors
 .data          0x0000000000034084        0x0 obj_cooja/mtype511.a(simEnvChange.o)
 .data          0x0000000000034084        0x0 obj_cooja/mtype511.a(cooja_mt.o)
 .data          0x0000000000034084        0x0 obj_cooja/mtype511.a(cooja_mtarch.o)
 .data          0x0000000000034084        0x0 obj_cooja/mtype511.a(rtimer-arch.o)
 .data          0x0000000000034084        0x0 obj_cooja/mtype511.a(beep.o)
 .data          0x0000000000034084        0x0 obj_cooja/mtype511.a(button-sensor.o)
 .data          0x0000000000034084        0x0 obj_cooja/mtype511.a(leds-arch.o)
 .data          0x0000000000034084        0x0 obj_cooja/mtype511.a(moteid.o)
 .data          0x0000000000034084        0x0 obj_cooja/mtype511.a(pir-sensor.o)
 .data          0x0000000000034084        0x0 obj_cooja/mtype511.a(rs232.o)
 .data          0x0000000000034084        0x0 obj_cooja/mtype511.a(vib-sensor.o)
 .data          0x0000000000034084        0x0 obj_cooja/mtype511.a(clock.o)
 .data          0x0000000000034084        0x0 obj_cooja/mtype511.a(cooja-log.o)
 .data          0x0000000000034084        0x0 obj_cooja/mtype511.a(cfs-cooja.o)
 .data          0x0000000000034084       0x2c obj_cooja/mtype511.a(cooja-radio.o)
                0x0000000000034084                simRadioHWOn
                0x0000000000034088                simSignalStrength
                0x000000000003408c                simLastSignalStrength
                0x0000000000034090                simPower
                0x0000000000034094                simRadioChannel
                0x0000000000034098                simLQI
                0x00000000000340a0                cooja_radio_process
 .data          0x00000000000340b0        0x0 obj_cooja/mtype511.a(eeprom.o)
 .data          0x00000000000340b0        0x0 obj_cooja/mtype511.a(random.o)
 .data          0x00000000000340b0       0x10 obj_cooja/mtype511.a(sensors.o)
                0x00000000000340b0                sensors_process
 .data          0x00000000000340c0        0x0 obj_cooja/mtype511.a(leds.o)
 .data          0x00000000000340c0       0x14 obj_cooja/mtype511.a(mqtt.o)
                0x00000000000340c4                mqtt_process
 .data          0x00000000000340d4        0x0 obj_cooja/mtype511.a(contiki-main.o)
 .data          0x00000000000340d4        0x0 obj_cooja/mtype511.a(autostart.o)
 .data          0x00000000000340d4       0x14 obj_cooja/mtype511.a(ctimer.o)
                0x00000000000340d8                ctimer_process
 .data          0x00000000000340e8        0x0 obj_cooja/mtype511.a(energest.o)
 .data          0x00000000000340e8       0x10 obj_cooja/mtype511.a(etimer.o)
                0x00000000000340e8                etimer_process
 *fill*         0x00000000000340f8        0x8 
 .data          0x0000000000034100       0xb0 obj_cooja/mtype511.a(log.o)
                0x0000000000034100                curr_log_level_main
                0x0000000000034120                all_modules
 .data          0x00000000000341b0        0x0 obj_cooja/mtype511.a(process.o)
 .data          0x00000000000341b0        0x0 obj_cooja/mtype511.a(rtimer.o)
 .data          0x00000000000341b0        0x0 obj_cooja/mtype511.a(node-id.o)
 .data          0x00000000000341b0        0x0 obj_cooja/mtype511.a(timer.o)
 .data          0x00000000000341b0       0x10 obj_cooja/mtype511.a(serial-line.o)
                0x00000000000341b0                serial_line_process
 .data          0x00000000000341c0        0x0 obj_cooja/mtype511.a(list.o)
 .data          0x00000000000341c0        0x0 obj_cooja/mtype511.a(ringbuf.o)
 .data          0x00000000000341c0        0x4 obj_cooja/mtype511.a(packetbuf.o)
 .data          0x00000000000341c4        0x4 obj_cooja/mtype511.a(netstack.o)
 .data          0x00000000000341c8        0x0 obj_cooja/mtype511.a(linkaddr.o)
 .data          0x00000000000341c8        0x0 obj_cooja/mtype511.a(csma.o)
 .data          0x00000000000341c8       0x28 obj_cooja/mtype511.a(csma-output.o)
 .data          0x00000000000341f0        0x0 obj_cooja/mtype511.a(uip-ds6.o)
 .data          0x00000000000341f0       0x14 obj_cooja/mtype511.a(tcp-socket.o)
                0x00000000000341f4                tcp_socket_process
 .data          0x0000000000034204       0x10 obj_cooja/mtype511.a(tcpip.o)
                0x0000000000034204                tcpip_process
 .data          0x0000000000034214       0x10 obj_cooja/mtype511.a(uip-ds6-route.o)
 .data          0x0000000000034224        0x0 obj_cooja/mtype511.a(uip6.o)
 .data          0x0000000000034224       0x14 obj_cooja/mtype511.a(uip-ds6-nbr.o)
                0x0000000000034234                ds6_neighbors
 .data          0x0000000000034238        0xc obj_cooja/mtype511.a(uip-nd6.o)
 .data          0x0000000000034244        0x0 obj_cooja/mtype511.a(sicslowpan.o)
 .data          0x0000000000034244        0x0 obj_cooja/mtype511.a(uiplib.o)
 .data          0x0000000000034244        0x0 obj_cooja/mtype511.a(rpl.o)
 .data          0x0000000000034244       0x30 obj_cooja/mtype511.a(rpl-icmp6.o)
 .data          0x0000000000034274        0x0 obj_cooja/mtype511.a(rpl-dag.o)
 .data          0x0000000000034274        0x0 obj_cooja/mtype511.a(rpl-dag-root.o)
 .data          0x0000000000034274        0x0 obj_cooja/mtype511.a(watchdog.o)
 .data          0x0000000000034274        0x0 obj_cooja/mtype511.a(stimer.o)
 .data          0x0000000000034274        0x0 obj_cooja/mtype511.a(memb.o)
 .data          0x0000000000034274       0x18 obj_cooja/mtype511.a(queuebuf.o)
 .data          0x000000000003428c       0x10 obj_cooja/mtype511.a(nbr-table.o)
 .data          0x000000000003429c       0x14 obj_cooja/mtype511.a(link-stats.o)
 .data          0x00000000000342b0        0x0 obj_cooja/mtype511.a(mac-sequence.o)
 .data          0x00000000000342b0        0x0 obj_cooja/mtype511.a(mac.o)
 .data          0x00000000000342b0        0x0 obj_cooja/mtype511.a(framer-802154.o)
 .data          0x00000000000342b0        0x2 obj_cooja/mtype511.a(frame802154.o)
 .data          0x00000000000342b2        0x0 obj_cooja/mtype511.a(uipbuf.o)
 *fill*         0x00000000000342b2        0x2 
 .data          0x00000000000342b4       0x20 obj_cooja/mtype511.a(uip-icmp6.o)
 .data          0x00000000000342d4       0x10 obj_cooja/mtype511.a(uip-sr.o)
 .data          0x00000000000342e4        0xc obj_cooja/mtype511.a(uip-packetqueue)
 .data          0x00000000000342f0        0x0 obj_cooja/mtype511.a(rpl-nbr-policy.)
 .data          0x00000000000342f0       0x14 obj_cooja/mtype511.a(rpl-neighbor.o)
                0x0000000000034300                rpl_neighbors
 .data          0x0000000000034304        0x0 obj_cooja/mtype511.a(rpl-timers.o)
 .data          0x0000000000034304        0x0 obj_cooja/mtype511.a(rpl-ext-header.)
 *fill*         0x0000000000034304       0x1c 
 .data          0x0000000000034320       0x24 obj_cooja/mtype511.a(rpl-mrhof.o)
                0x0000000000034320                rpl_mrhof
 .data          0x0000000000034344        0x0 /usr/lib/gcc/i686-linux-gnu/5/crtendS.o
 .data          0x0000000000034344        0x0 /usr/lib/gcc/i686-linux-gnu/5/../../../i386-linux-gnu/crtn.o

.tm_clone_table
                0x0000000000034344        0x0
 .tm_clone_table
                0x0000000000034344        0x0 /usr/lib/gcc/i686-linux-gnu/5/crtbeginS.o
 .tm_clone_table
                0x0000000000034344        0x0 /usr/lib/gcc/i686-linux-gnu/5/crtendS.o

.data1
 *(.data1)
                0x0000000000034344                _edata = .
                [!provide]                        PROVIDE (edata, .)
                0x0000000000034344                . = .
                0x0000000000034344                __bss_start = .

.bss            0x0000000000034360    0x14600
 *(.dynbss)
 .dynbss        0x0000000000034360        0x0 /usr/lib/gcc/i686-linux-gnu/5/../../../i386-linux-gnu/crti.o
 *(.bss .bss.* .gnu.linkonce.b.*)
 .bss           0x0000000000034360        0x0 /usr/lib/gcc/i686-linux-gnu/5/../../../i386-linux-gnu/crti.o
 .bss           0x0000000000034360        0x1 /usr/lib/gcc/i686-linux-gnu/5/crtbeginS.o
 *fill*         0x0000000000034361       0x1f 
 .bss           0x0000000000034380      0xb70 mqtt-demo.o
 *fill*         0x0000000000034ef0       0x10 
 .bss           0x0000000000034f00     0x2030 obj_cooja/mtype511.o
 .bss           0x0000000000036f30        0x1 obj_cooja/mtype511.a(simEnvChange.o)
                0x0000000000036f30                simDontFallAsleep
 *fill*         0x0000000000036f31        0x3 
 .bss           0x0000000000036f34        0x4 obj_cooja/mtype511.a(cooja_mt.o)
 .bss           0x0000000000036f38        0x4 obj_cooja/mtype511.a(cooja_mtarch.o)
 .bss           0x0000000000036f3c        0x0 obj_cooja/mtype511.a(rtimer-arch.o)
 .bss           0x0000000000036f3c        0x0 obj_cooja/mtype511.a(beep.o)
 .bss           0x0000000000036f3c        0x8 obj_cooja/mtype511.a(button-sensor.o)
 .bss           0x0000000000036f44        0x0 obj_cooja/mtype511.a(leds-arch.o)
 .bss           0x0000000000036f44        0x0 obj_cooja/mtype511.a(moteid.o)
 .bss           0x0000000000036f44        0x1 obj_cooja/mtype511.a(pir-sensor.o)
                0x0000000000036f44                simPirValue
 *fill*         0x0000000000036f45        0x3 
 .bss           0x0000000000036f48        0x4 obj_cooja/mtype511.a(rs232.o)
 .bss           0x0000000000036f4c        0x1 obj_cooja/mtype511.a(vib-sensor.o)
                0x0000000000036f4c                simVibValue
 .bss           0x0000000000036f4d        0x0 obj_cooja/mtype511.a(clock.o)
 *fill*         0x0000000000036f4d       0x13 
 .bss           0x0000000000036f60     0x2020 obj_cooja/mtype511.a(cooja-log.o)
 .bss           0x0000000000038f80      0xfc0 obj_cooja/mtype511.a(cfs-cooja.o)
                0x0000000000038f80                simCFSData
                0x0000000000039f20                simCFSSize
                0x0000000000039f24                simCFSChanged
                0x0000000000039f28                simCFSRead
                0x0000000000039f2c                simCFSWritten
 .bss           0x0000000000039f40       0x24 obj_cooja/mtype511.a(cooja-radio.o)
                0x0000000000039f40                simReceiving
                0x0000000000039f44                simInSize
                0x0000000000039f48                simLastPacketTimestamp
                0x0000000000039f50                simOutSize
 .bss           0x0000000000039f64        0xc obj_cooja/mtype511.a(eeprom.o)
                0x0000000000039f64                simEEPROMChanged
                0x0000000000039f68                simEEPROMRead
                0x0000000000039f6c                simEEPROMWritten
 .bss           0x0000000000039f70        0x0 obj_cooja/mtype511.a(random.o)
 .bss           0x0000000000039f70        0xc obj_cooja/mtype511.a(sensors.o)
 .bss           0x0000000000039f7c        0x0 obj_cooja/mtype511.a(leds.o)
 .bss           0x0000000000039f7c       0x15 obj_cooja/mtype511.a(mqtt.o)
 .bss           0x0000000000039f91        0x0 obj_cooja/mtype511.a(contiki-main.o)
 .bss           0x0000000000039f91        0x0 obj_cooja/mtype511.a(autostart.o)
 *fill*         0x0000000000039f91        0x3 
 .bss           0x0000000000039f94        0x5 obj_cooja/mtype511.a(ctimer.o)
 .bss           0x0000000000039f99        0x0 obj_cooja/mtype511.a(energest.o)
 *fill*         0x0000000000039f99        0x3 
 .bss           0x0000000000039f9c        0x8 obj_cooja/mtype511.a(etimer.o)
 .bss           0x0000000000039fa4       0x28 obj_cooja/mtype511.a(log.o)
                0x0000000000039fa4                curr_log_level_rpl
                0x0000000000039fa8                curr_log_level_tcpip
                0x0000000000039fac                curr_log_level_ipv6
                0x0000000000039fb0                curr_log_level_6lowpan
                0x0000000000039fb4                curr_log_level_nullnet
                0x0000000000039fb8                curr_log_level_mac
                0x0000000000039fbc                curr_log_level_framer
                0x0000000000039fc0                curr_log_level_6top
                0x0000000000039fc4                curr_log_level_coap
                0x0000000000039fc8                curr_log_level_lwm2m
 *fill*         0x0000000000039fcc       0x14 
 .bss           0x0000000000039fe0      0x1a1 obj_cooja/mtype511.a(process.o)
                0x0000000000039fe0                process_list
                0x0000000000039fe4                process_current
 *fill*         0x000000000003a181        0x3 
 .bss           0x000000000003a184        0x4 obj_cooja/mtype511.a(rtimer.o)
 .bss           0x000000000003a188        0x2 obj_cooja/mtype511.a(node-id.o)
                0x000000000003a188                node_id
 .bss           0x000000000003a18a        0x0 obj_cooja/mtype511.a(timer.o)
 *fill*         0x000000000003a18a       0x16 
 .bss           0x000000000003a1a0      0x140 obj_cooja/mtype511.a(serial-line.o)
 .bss           0x000000000003a2e0        0x0 obj_cooja/mtype511.a(list.o)
 .bss           0x000000000003a2e0        0x0 obj_cooja/mtype511.a(ringbuf.o)
 .bss           0x000000000003a2e0       0xa0 obj_cooja/mtype511.a(packetbuf.o)
 .bss           0x000000000003a380        0x4 obj_cooja/mtype511.a(netstack.o)
 .bss           0x000000000003a384        0x0 obj_cooja/mtype511.a(linkaddr.o)
 .bss           0x000000000003a384        0x0 obj_cooja/mtype511.a(csma.o)
 *fill*         0x000000000003a384       0x1c 
 .bss           0x000000000003a3a0      0x726 obj_cooja/mtype511.a(csma-output.o)
 *fill*         0x000000000003aac6        0x2 
 .bss           0x000000000003aac8       0x20 obj_cooja/mtype511.a(uip-ds6.o)
 .bss           0x000000000003aae8        0x5 obj_cooja/mtype511.a(tcp-socket.o)
 *fill*         0x000000000003aaed       0x13 
 .bss           0x000000000003ab00       0xc4 obj_cooja/mtype511.a(tcpip.o)
 *fill*         0x000000000003abc4       0x1c 
 .bss           0x000000000003abe0       0x60 obj_cooja/mtype511.a(uip-ds6-route.o)
 .bss           0x000000000003ac40        0xc obj_cooja/mtype511.a(uip6.o)
                0x000000000003ac40                uip_ext_bitmap
                0x000000000003ac41                uip_ext_len
                0x000000000003ac42                uip_ext_opt_offset
 *fill*         0x000000000003ac4c       0x14 
 .bss           0x000000000003ac60     0x1c20 obj_cooja/mtype511.a(uip-ds6-nbr.o)
 .bss           0x000000000003c880       0x10 obj_cooja/mtype511.a(uip-nd6.o)
 *fill*         0x000000000003c890       0x10 
 .bss           0x000000000003c8a0      0x724 obj_cooja/mtype511.a(sicslowpan.o)
 .bss           0x000000000003cfc4        0x0 obj_cooja/mtype511.a(uiplib.o)
 .bss           0x000000000003cfc4        0x1 obj_cooja/mtype511.a(rpl.o)
 .bss           0x000000000003cfc5        0x0 obj_cooja/mtype511.a(rpl-icmp6.o)
 .bss           0x000000000003cfc5        0x0 obj_cooja/mtype511.a(rpl-dag.o)
 *fill*         0x000000000003cfc5        0x3 
 .bss           0x000000000003cfc8       0x11 obj_cooja/mtype511.a(rpl-dag-root.o)
 .bss           0x000000000003cfd9        0x0 obj_cooja/mtype511.a(watchdog.o)
 .bss           0x000000000003cfd9        0x0 obj_cooja/mtype511.a(stimer.o)
 .bss           0x000000000003cfd9        0x0 obj_cooja/mtype511.a(memb.o)
 *fill*         0x000000000003cfd9        0x7 
 .bss           0x000000000003cfe0     0x2c80 obj_cooja/mtype511.a(queuebuf.o)
 .bss           0x000000000003fc60     0x1214 obj_cooja/mtype511.a(nbr-table.o)
 *fill*         0x0000000000040e74        0xc 
 .bss           0x0000000000040e80      0xe10 obj_cooja/mtype511.a(link-stats.o)
 *fill*         0x0000000000041c90       0x10 
 .bss           0x0000000000041ca0      0x100 obj_cooja/mtype511.a(mac-sequence.o)
 .bss           0x0000000000041da0        0x0 obj_cooja/mtype511.a(mac.o)
 .bss           0x0000000000041da0        0x2 obj_cooja/mtype511.a(framer-802154.o)
 .bss           0x0000000000041da2        0x0 obj_cooja/mtype511.a(frame802154.o)
 *fill*         0x0000000000041da2        0x2 
 .bss           0x0000000000041da4        0xc obj_cooja/mtype511.a(uipbuf.o)
 .bss           0x0000000000041db0       0x18 obj_cooja/mtype511.a(uip-icmp6.o)
 *fill*         0x0000000000041dc8       0x18 
 .bss           0x0000000000041de0     0x1d80 obj_cooja/mtype511.a(uip-sr.o)
 .bss           0x0000000000043b60      0xa78 obj_cooja/mtype511.a(uip-packetqueue)
 .bss           0x00000000000445d8        0xe obj_cooja/mtype511.a(rpl-nbr-policy.)
 *fill*         0x00000000000445e6       0x1a 
 .bss           0x0000000000044600      0x960 obj_cooja/mtype511.a(rpl-neighbor.o)
 .bss           0x0000000000044f60       0x40 obj_cooja/mtype511.a(rpl-timers.o)
 .bss           0x0000000000044fa0        0x0 obj_cooja/mtype511.a(rpl-ext-header.)
 .bss           0x0000000000044fa0        0x0 obj_cooja/mtype511.a(rpl-mrhof.o)
 .bss           0x0000000000044fa0        0x0 /usr/lib/gcc/i686-linux-gnu/5/crtendS.o
 .bss           0x0000000000044fa0        0x0 /usr/lib/gcc/i686-linux-gnu/5/../../../i386-linux-gnu/crtn.o
 *(COMMON)
 COMMON         0x0000000000044fa0        0x8 obj_cooja/mtype511.o
                0x0000000000044fa0                referenceVar
                0x0000000000044fa4                sensors_flags
 COMMON         0x0000000000044fa8        0xc obj_cooja/mtype511.a(simEnvChange.o)
                0x0000000000044fa8                simEtimerPending
                0x0000000000044fac                simProcessRunValue
                0x0000000000044fb0                simEtimerNextExpirationTime
 *fill*         0x0000000000044fb4        0x4 
 COMMON         0x0000000000044fb8       0x18 obj_cooja/mtype511.a(rtimer-arch.o)
                0x0000000000044fb8                simRtimerPending
                0x0000000000044fc0                simRtimerCurrentTicks
                0x0000000000044fc8                simRtimerNextExpirationTime
 COMMON         0x0000000000044fd0        0x1 obj_cooja/mtype511.a(beep.o)
                0x0000000000044fd0                simBeeped
 COMMON         0x0000000000044fd1        0x3 obj_cooja/mtype511.a(button-sensor.o)
                0x0000000000044fd1                simButtonIsActive
                0x0000000000044fd2                simButtonIsDown
                0x0000000000044fd3                simButtonChanged
 COMMON         0x0000000000044fd4        0x1 obj_cooja/mtype511.a(leds-arch.o)
                0x0000000000044fd4                simLedsValue
 *fill*         0x0000000000044fd5        0x3 
 COMMON         0x0000000000044fd8        0xc obj_cooja/mtype511.a(moteid.o)
                0x0000000000044fd8                simRandomSeed
                0x0000000000044fdc                simMoteIDChanged
                0x0000000000044fe0                simMoteID
 COMMON         0x0000000000044fe4        0x2 obj_cooja/mtype511.a(pir-sensor.o)
                0x0000000000044fe4                simPirIsActive
                0x0000000000044fe5                simPirChanged
 *fill*         0x0000000000044fe6       0x1a 
 COMMON         0x0000000000045000      0x820 obj_cooja/mtype511.a(rs232.o)
                0x0000000000045000                simSerialReceivingFlag
                0x0000000000045004                simSerialReceivingLength
                0x0000000000045020                simSerialReceivingData
 COMMON         0x0000000000045820        0x2 obj_cooja/mtype511.a(vib-sensor.o)
                0x0000000000045820                simVibChanged
                0x0000000000045821                simVibIsActive
 *fill*         0x0000000000045822        0x2 
 COMMON         0x0000000000045824        0x4 obj_cooja/mtype511.a(clock.o)
                0x0000000000045824                simCurrentTime
 *fill*         0x0000000000045828       0x18 
 COMMON         0x0000000000045840     0x2020 obj_cooja/mtype511.a(cooja-log.o)
                0x0000000000045840                simLoggedLength
                0x0000000000045844                simLoggedFlag
                0x0000000000045860                simLoggedData
 COMMON         0x0000000000047860      0x100 obj_cooja/mtype511.a(cooja-radio.o)
                0x0000000000047860                simOutDataBuffer
                0x00000000000478e0                simInDataBuffer
 COMMON         0x0000000000047960      0x400 obj_cooja/mtype511.a(eeprom.o)
                0x0000000000047960                simEEPROMData
 COMMON         0x0000000000047d60        0x1 obj_cooja/mtype511.a(sensors.o)
                0x0000000000047d60                sensors_event
 COMMON         0x0000000000047d61        0x1 obj_cooja/mtype511.a(mqtt.o)
                0x0000000000047d61                mqtt_update_event
 *fill*         0x0000000000047d62        0x2 
 COMMON         0x0000000000047d64       0x50 obj_cooja/mtype511.a(contiki-main.o)
                0x0000000000047d64                eb_per_time_source
                0x0000000000047d78                unicast_per_neighbor_rpl_storing
                0x0000000000047d8c                unicast_per_neighbor_rpl_ns
                0x0000000000047da0                default_common
 COMMON         0x0000000000047db4        0x1 obj_cooja/mtype511.a(serial-line.o)
                0x0000000000047db4                serial_line_event_message
 *fill*         0x0000000000047db5        0x3 
 COMMON         0x0000000000047db8       0x2c obj_cooja/mtype511.a(packetbuf.o)
                0x0000000000047db8                packetbuf_attrs
                0x0000000000047dd4                packetbuf_addrs
 COMMON         0x0000000000047de4        0x8 obj_cooja/mtype511.a(linkaddr.o)
                0x0000000000047de4                linkaddr_node_addr
 *fill*         0x0000000000047dec       0x14 
 COMMON         0x0000000000047e00      0x181 obj_cooja/mtype511.a(uip-ds6.o)
                0x0000000000047e00                uip_ds6_prefix_list
                0x0000000000047e60                uip_ds6_timer_periodic
                0x0000000000047e70                uip_ds6_netif_addr_list_offset
                0x0000000000047e80                uip_ds6_if
                0x0000000000047f78                uip_ds6_timer_ra
                0x0000000000047f80                uip_ds6_addr_size
 COMMON         0x0000000000047f81        0x1 obj_cooja/mtype511.a(tcpip.o)
                0x0000000000047f81                tcpip_event
 *fill*         0x0000000000047f82       0x1e 
 COMMON         0x0000000000047fa0      0x80c obj_cooja/mtype511.a(uip6.o)
                0x0000000000047fa0                uip_slen
                0x0000000000047fa4                uip_acc32
                0x0000000000047fc0                uip_conns
                0x0000000000048140                uip_lladdr
                0x0000000000048148                uip_appdata
                0x000000000004814c                uip_flags
                0x0000000000048160                uip_aligned_buf
                0x0000000000048660                uip_listenports
                0x0000000000048688                uip_len
                0x000000000004868c                uip_sappdata
                0x00000000000486a0                uip_udp_conns
                0x00000000000487a0                uip_udp_conn
                0x00000000000487a4                uip_next_hdr
                0x00000000000487a8                uip_conn
 COMMON         0x00000000000487ac       0x10 obj_cooja/mtype511.a(rpl.o)
                0x00000000000487ac                rpl_multicast_addr
 *fill*         0x00000000000487bc        0x4 
 COMMON         0x00000000000487c0      0x164 obj_cooja/mtype511.a(rpl-dag.o)
                0x00000000000487c0                curr_instance
 *fill*         0x0000000000048924       0x1c 
 COMMON         0x0000000000048940       0x20 obj_cooja/mtype511.a(link-stats.o)
                0x0000000000048940                periodic_timer
                0x0000000000048960                . = ALIGN ((. != 0x0)?0x4:0x1)
                0x0000000000048960                . = ALIGN (0x4)
                0x0000000000048960                . = SEGMENT_START ("ldata-segment", .)
                0x0000000000048960                . = ALIGN (0x4)
                0x0000000000048960                _end = .
                [!provide]                        PROVIDE (end, .)
                0x0000000000048960                . = DATA_SEGMENT_END (.)

.stab
 *(.stab)

.stabstr
 *(.stabstr)

.stab.excl
 *(.stab.excl)

.stab.exclstr
 *(.stab.exclstr)

.stab.index
 *(.stab.index)

.stab.indexstr
 *(.stab.indexstr)

.comment        0x0000000000000000       0x35
 *(.comment)
 .comment       0x0000000000000000       0x35 /usr/lib/gcc/i686-linux-gnu/5/crtbeginS.o
                                         0x36 (size before relaxing)
 .comment       0x0000000000000035       0x36 mqtt-demo.o
 .comment       0x0000000000000035       0x36 obj_cooja/mtype511.o
 .comment       0x0000000000000035       0x36 obj_cooja/mtype511.a(simEnvChange.o)
 .comment       0x0000000000000035       0x36 obj_cooja/mtype511.a(cooja_mt.o)
 .comment       0x0000000000000035       0x36 obj_cooja/mtype511.a(cooja_mtarch.o)
 .comment       0x0000000000000035       0x36 obj_cooja/mtype511.a(rtimer-arch.o)
 .comment       0x0000000000000035       0x36 obj_cooja/mtype511.a(beep.o)
 .comment       0x0000000000000035       0x36 obj_cooja/mtype511.a(button-sensor.o)
 .comment       0x0000000000000035       0x36 obj_cooja/mtype511.a(leds-arch.o)
 .comment       0x0000000000000035       0x36 obj_cooja/mtype511.a(moteid.o)
 .comment       0x0000000000000035       0x36 obj_cooja/mtype511.a(pir-sensor.o)
 .comment       0x0000000000000035       0x36 obj_cooja/mtype511.a(rs232.o)
 .comment       0x0000000000000035       0x36 obj_cooja/mtype511.a(vib-sensor.o)
 .comment       0x0000000000000035       0x36 obj_cooja/mtype511.a(clock.o)
 .comment       0x0000000000000035       0x36 obj_cooja/mtype511.a(cooja-log.o)
 .comment       0x0000000000000035       0x36 obj_cooja/mtype511.a(cfs-cooja.o)
 .comment       0x0000000000000035       0x36 obj_cooja/mtype511.a(cooja-radio.o)
 .comment       0x0000000000000035       0x36 obj_cooja/mtype511.a(eeprom.o)
 .comment       0x0000000000000035       0x36 obj_cooja/mtype511.a(random.o)
 .comment       0x0000000000000035       0x36 obj_cooja/mtype511.a(sensors.o)
 .comment       0x0000000000000035       0x36 obj_cooja/mtype511.a(leds.o)
 .comment       0x0000000000000035       0x36 obj_cooja/mtype511.a(mqtt.o)
 .comment       0x0000000000000035       0x36 obj_cooja/mtype511.a(contiki-main.o)
 .comment       0x0000000000000035       0x36 obj_cooja/mtype511.a(autostart.o)
 .comment       0x0000000000000035       0x36 obj_cooja/mtype511.a(ctimer.o)
 .comment       0x0000000000000035       0x36 obj_cooja/mtype511.a(energest.o)
 .comment       0x0000000000000035       0x36 obj_cooja/mtype511.a(etimer.o)
 .comment       0x0000000000000035       0x36 obj_cooja/mtype511.a(log.o)
 .comment       0x0000000000000035       0x36 obj_cooja/mtype511.a(process.o)
 .comment       0x0000000000000035       0x36 obj_cooja/mtype511.a(rtimer.o)
 .comment       0x0000000000000035       0x36 obj_cooja/mtype511.a(node-id.o)
 .comment       0x0000000000000035       0x36 obj_cooja/mtype511.a(timer.o)
 .comment       0x0000000000000035       0x36 obj_cooja/mtype511.a(serial-line.o)
 .comment       0x0000000000000035       0x36 obj_cooja/mtype511.a(list.o)
 .comment       0x0000000000000035       0x36 obj_cooja/mtype511.a(ringbuf.o)
 .comment       0x0000000000000035       0x36 obj_cooja/mtype511.a(packetbuf.o)
 .comment       0x0000000000000035       0x36 obj_cooja/mtype511.a(netstack.o)
 .comment       0x0000000000000035       0x36 obj_cooja/mtype511.a(linkaddr.o)
 .comment       0x0000000000000035       0x36 obj_cooja/mtype511.a(csma.o)
 .comment       0x0000000000000035       0x36 obj_cooja/mtype511.a(csma-output.o)
 .comment       0x0000000000000035       0x36 obj_cooja/mtype511.a(uip-ds6.o)
 .comment       0x0000000000000035       0x36 obj_cooja/mtype511.a(tcp-socket.o)
 .comment       0x0000000000000035       0x36 obj_cooja/mtype511.a(tcpip.o)
 .comment       0x0000000000000035       0x36 obj_cooja/mtype511.a(uip-ds6-route.o)
 .comment       0x0000000000000035       0x36 obj_cooja/mtype511.a(uip6.o)
 .comment       0x0000000000000035       0x36 obj_cooja/mtype511.a(uip-ds6-nbr.o)
 .comment       0x0000000000000035       0x36 obj_cooja/mtype511.a(uip-nd6.o)
 .comment       0x0000000000000035       0x36 obj_cooja/mtype511.a(sicslowpan.o)
 .comment       0x0000000000000035       0x36 obj_cooja/mtype511.a(uiplib.o)
 .comment       0x0000000000000035       0x36 obj_cooja/mtype511.a(rpl.o)
 .comment       0x0000000000000035       0x36 obj_cooja/mtype511.a(rpl-icmp6.o)
 .comment       0x0000000000000035       0x36 obj_cooja/mtype511.a(rpl-dag.o)
 .comment       0x0000000000000035       0x36 obj_cooja/mtype511.a(rpl-dag-root.o)
 .comment       0x0000000000000035       0x36 obj_cooja/mtype511.a(watchdog.o)
 .comment       0x0000000000000035       0x36 obj_cooja/mtype511.a(stimer.o)
 .comment       0x0000000000000035       0x36 obj_cooja/mtype511.a(memb.o)
 .comment       0x0000000000000035       0x36 obj_cooja/mtype511.a(queuebuf.o)
 .comment       0x0000000000000035       0x36 obj_cooja/mtype511.a(nbr-table.o)
 .comment       0x0000000000000035       0x36 obj_cooja/mtype511.a(link-stats.o)
 .comment       0x0000000000000035       0x36 obj_cooja/mtype511.a(mac-sequence.o)
 .comment       0x0000000000000035       0x36 obj_cooja/mtype511.a(mac.o)
 .comment       0x0000000000000035       0x36 obj_cooja/mtype511.a(framer-802154.o)
 .comment       0x0000000000000035       0x36 obj_cooja/mtype511.a(frame802154.o)
 .comment       0x0000000000000035       0x36 obj_cooja/mtype511.a(uipbuf.o)
 .comment       0x0000000000000035       0x36 obj_cooja/mtype511.a(uip-icmp6.o)
 .comment       0x0000000000000035       0x36 obj_cooja/mtype511.a(uip-sr.o)
 .comment       0x0000000000000035       0x36 obj_cooja/mtype511.a(uip-packetqueue)
 .comment       0x0000000000000035       0x36 obj_cooja/mtype511.a(rpl-nbr-policy.)
 .comment       0x0000000000000035       0x36 obj_cooja/mtype511.a(rpl-neighbor.o)
 .comment       0x0000000000000035       0x36 obj_cooja/mtype511.a(rpl-timers.o)
 .comment       0x0000000000000035       0x36 obj_cooja/mtype511.a(rpl-ext-header.)
 .comment       0x0000000000000035       0x36 obj_cooja/mtype511.a(rpl-mrhof.o)
 .comment       0x0000000000000035       0x36 /usr/lib/gcc/i686-linux-gnu/5/crtendS.o

.debug
 *(.debug)

.line
 *(.line)

.debug_srcinfo
 *(.debug_srcinfo)

.debug_sfnames
 *(.debug_sfnames)

.debug_aranges  0x0000000000000000      0x900
 *(.debug_aranges)
 .debug_aranges
                0x0000000000000000       0x20 mqtt-demo.o
 .debug_aranges
                0x0000000000000020       0x20 obj_cooja/mtype511.o
 .debug_aranges
                0x0000000000000040       0x20 obj_cooja/mtype511.a(simEnvChange.o)
 .debug_aranges
                0x0000000000000060       0x20 obj_cooja/mtype511.a(cooja_mt.o)
 .debug_aranges
                0x0000000000000080       0x20 obj_cooja/mtype511.a(cooja_mtarch.o)
 .debug_aranges
                0x00000000000000a0       0x20 obj_cooja/mtype511.a(rtimer-arch.o)
 .debug_aranges
                0x00000000000000c0       0x20 obj_cooja/mtype511.a(beep.o)
 .debug_aranges
                0x00000000000000e0       0x20 obj_cooja/mtype511.a(button-sensor.o)
 .debug_aranges
                0x0000000000000100       0x20 obj_cooja/mtype511.a(leds-arch.o)
 .debug_aranges
                0x0000000000000120       0x20 obj_cooja/mtype511.a(moteid.o)
 .debug_aranges
                0x0000000000000140       0x20 obj_cooja/mtype511.a(pir-sensor.o)
 .debug_aranges
                0x0000000000000160       0x20 obj_cooja/mtype511.a(rs232.o)
 .debug_aranges