Archive member included to satisfy reference by file (symbol)

obj_cooja/mtype20.a(simEnvChange.o)
                              obj_cooja/mtype20.o (simDontFallAsleep)
obj_cooja/mtype20.a(cooja_mt.o)
                              obj_cooja/mtype20.o (cooja_mt_start)
obj_cooja/mtype20.a(cooja_mtarch.o)
                              obj_cooja/mtype20.a(cooja_mt.o) (cooja_mtarch_start)
obj_cooja/mtype20.a(rtimer-arch.o)
                              obj_cooja/mtype20.o (rtimer_arch_check)
obj_cooja/mtype20.a(beep.o)   obj_cooja/mtype20.o (beep_interface)
obj_cooja/mtype20.a(button-sensor.o)
                              obj_cooja/mtype20.o (button_interface)
obj_cooja/mtype20.a(leds-arch.o)
                              obj_cooja/mtype20.o (leds_interface)
obj_cooja/mtype20.a(moteid.o)
                              obj_cooja/mtype20.o (moteid_interface)
obj_cooja/mtype20.a(pir-sensor.o)
                              obj_cooja/mtype20.o (pir_interface)
obj_cooja/mtype20.a(rs232.o)  obj_cooja/mtype20.o (rs232_interface)
obj_cooja/mtype20.a(vib-sensor.o)
                              obj_cooja/mtype20.o (vib_interface)
obj_cooja/mtype20.a(clock.o)  obj_cooja/mtype20.o (clock_interface)
obj_cooja/mtype20.a(cooja-log.o)
                              obj_cooja/mtype20.o (simlog_interface)
obj_cooja/mtype20.a(cfs-cooja.o)
                              obj_cooja/mtype20.o (cfs_interface)
obj_cooja/mtype20.a(cooja-radio.o)
                              obj_cooja/mtype20.o (radio_interface)
obj_cooja/mtype20.a(eeprom.o)
                              obj_cooja/mtype20.o (eeprom_interface)
obj_cooja/mtype20.a(random.o)
                              obj_cooja/mtype20.a(moteid.o) (random_init)
obj_cooja/mtype20.a(sensors.o)
                              obj_cooja/mtype20.a(button-sensor.o) (sensors_changed)
obj_cooja/mtype20.a(leds.o)   mqtt-demo.o (leds_on)
obj_cooja/mtype20.a(mqtt.o)   mqtt-demo.o (mqtt_disconnect)
obj_cooja/mtype20.a(contiki-main.o)
                              obj_cooja/mtype20.o (main)
obj_cooja/mtype20.a(autostart.o)
                              obj_cooja/mtype20.a(contiki-main.o) (autostart_start)
obj_cooja/mtype20.a(ctimer.o)
                              obj_cooja/mtype20.a(contiki-main.o) (ctimer_init)
obj_cooja/mtype20.a(energest.o)
                              obj_cooja/mtype20.a(contiki-main.o) (energest_init)
obj_cooja/mtype20.a(etimer.o)
                              obj_cooja/mtype20.a(contiki-main.o) (etimer_process)
obj_cooja/mtype20.a(log.o)    obj_cooja/mtype20.a(contiki-main.o) (curr_log_level_main)
obj_cooja/mtype20.a(process.o)
                              obj_cooja/mtype20.a(mqtt.o) (process_current)
obj_cooja/mtype20.a(rtimer.o)
                              obj_cooja/mtype20.a(contiki-main.o) (rtimer_init)
obj_cooja/mtype20.a(node-id.o)
                              obj_cooja/mtype20.a(contiki-main.o) (node_id)
obj_cooja/mtype20.a(timer.o)  mqtt-demo.o (timer_set)
obj_cooja/mtype20.a(serial-line.o)
                              obj_cooja/mtype20.a(rs232.o) (serial_line_input_byte)
obj_cooja/mtype20.a(list.o)   obj_cooja/mtype20.a(mqtt.o) (list_init)
obj_cooja/mtype20.a(ringbuf.o)
                              obj_cooja/mtype20.a(serial-line.o) (ringbuf_init)
obj_cooja/mtype20.a(packetbuf.o)
                              obj_cooja/mtype20.a(cooja-radio.o) (packetbuf_clear)
obj_cooja/mtype20.a(netstack.o)
                              obj_cooja/mtype20.a(contiki-main.o) (netstack_init)
obj_cooja/mtype20.a(linkaddr.o)
                              mqtt-demo.o (linkaddr_node_addr)
obj_cooja/mtype20.a(csma.o)   obj_cooja/mtype20.a(cooja-radio.o) (csma_driver)
obj_cooja/mtype20.a(csma-output.o)
                              obj_cooja/mtype20.a(csma.o) (csma_output_packet)
obj_cooja/mtype20.a(uip-ds6.o)
                              obj_cooja/mtype20.a(contiki-main.o) (uip_ds6_get_link_local)
obj_cooja/mtype20.a(tcp-socket.o)
                              obj_cooja/mtype20.a(mqtt.o) (tcp_socket_register)
obj_cooja/mtype20.a(tcpip.o)  obj_cooja/mtype20.a(tcp-socket.o) (tcpip_event)
obj_cooja/mtype20.a(uip-ds6-route.o)
                              obj_cooja/mtype20.a(uip-ds6.o) (uip_ds6_route_init)
obj_cooja/mtype20.a(uip6.o)   obj_cooja/mtype20.a(contiki-main.o) (uip_lladdr)
obj_cooja/mtype20.a(uip-ds6-nbr.o)
                              obj_cooja/mtype20.a(uip-ds6.o) (uip_ds6_neighbors_init)
obj_cooja/mtype20.a(uip-nd6.o)
                              obj_cooja/mtype20.a(uip6.o) (uip_nd6_init)
obj_cooja/mtype20.a(sicslowpan.o)
                              obj_cooja/mtype20.a(contiki-main.o) (sicslowpan_driver)
obj_cooja/mtype20.a(uiplib.o)
                              obj_cooja/mtype20.a(mqtt.o) (uiplib_ip6addrconv)
obj_cooja/mtype20.a(rpl.o)    obj_cooja/mtype20.a(contiki-main.o) (rpl_lite_driver)
obj_cooja/mtype20.a(rpl-icmp6.o)
                              obj_cooja/mtype20.a(rpl.o) (rpl_icmp6_init)
obj_cooja/mtype20.a(rpl-dag.o)
[...]
Memory Configuration

Name             Origin             Length             Attributes
*default*        0x0000000000000000 0xffffffffffffffff

Linker script and memory map

LOAD /usr/lib/gcc/i686-linux-gnu/5/../../../i386-linux-gnu/crti.o
LOAD /usr/lib/gcc/i686-linux-gnu/5/crtbeginS.o
LOAD mqtt-demo.o
LOAD obj_cooja/mtype20.o
LOAD obj_cooja/mtype20.a
LOAD /usr/lib/gcc/i686-linux-gnu/5/libgcc.a
LOAD /usr/lib/gcc/i686-linux-gnu/5/libgcc_s.so
LOAD /usr/lib/gcc/i686-linux-gnu/5/../../../i386-linux-gnu/libc.so
START GROUP
LOAD /lib/i386-linux-gnu/libc.so.6
LOAD /usr/lib/i386-linux-gnu/libc_nonshared.a
LOAD /lib/i386-linux-gnu/ld-linux.so.2
END GROUP
LOAD /usr/lib/gcc/i686-linux-gnu/5/libgcc.a
LOAD /usr/lib/gcc/i686-linux-gnu/5/libgcc_s.so
LOAD /usr/lib/gcc/i686-linux-gnu/5/crtendS.o
LOAD /usr/lib/gcc/i686-linux-gnu/5/../../../i386-linux-gnu/crtn.o
                0x0000000000000114                . = (0x0 + SIZEOF_HEADERS)

.note.gnu.build-id
                0x0000000000000114       0x24
 *(.note.gnu.build-id)
 .note.gnu.build-id
                0x0000000000000114       0x24 /usr/lib/gcc/i686-linux-gnu/5/../../../i386-linux-gnu/crti.o

.hash
 *(.hash)

.gnu.hash       0x0000000000000138     0x13c8
 *(.gnu.hash)
 .gnu.hash      0x0000000000000138     0x13c8 /usr/lib/gcc/i686-linux-gnu/5/../../../i386-linux-gnu/crti.o

.dynsym         0x0000000000001500     0x2770
 *(.dynsym)
 .dynsym        0x0000000000001500     0x2770 /usr/lib/gcc/i686-linux-gnu/5/../../../i386-linux-gnu/crti.o

.dynstr         0x0000000000003c70     0x2ade
 *(.dynstr)
 .dynstr        0x0000000000003c70     0x2ade /usr/lib/gcc/i686-linux-gnu/5/../../../i386-linux-gnu/crti.o

.gnu.version    0x000000000000674e      0x4ee
 *(.gnu.version)
 .gnu.version   0x000000000000674e      0x4ee /usr/lib/gcc/i686-linux-gnu/5/../../../i386-linux-gnu/crti.o

.gnu.version_d  0x0000000000006c3c        0x0
 *(.gnu.version_d)
 .gnu.version_d
                0x0000000000006c3c        0x0 /usr/lib/gcc/i686-linux-gnu/5/../../../i386-linux-gnu/crti.o

.gnu.version_r  0x0000000000006c3c       0x40
 *(.gnu.version_r)
 .gnu.version_r
                0x0000000000006c3c       0x40 /usr/lib/gcc/i686-linux-gnu/5/../../../i386-linux-gnu/crti.o

.rel.dyn        0x0000000000006c7c     0xa240
 *(.rel.init)
 .rel.init      0x0000000000006c7c        0x0 /usr/lib/gcc/i686-linux-gnu/5/../../../i386-linux-gnu/crti.o
 *(.rel.text .rel.text.* .rel.gnu.linkonce.t.*)
 .rel.text      0x0000000000006c7c     0x9938 /usr/lib/gcc/i686-linux-gnu/5/../../../i386-linux-gnu/crti.o
 *(.rel.fini)
 .rel.fini      0x00000000000105b4        0x0 /usr/lib/gcc/i686-linux-gnu/5/../../../i386-linux-gnu/crti.o
 *(.rel.rodata .rel.rodata.* .rel.gnu.linkonce.r.*)
 .rel.rodata    0x00000000000105b4      0x578 /usr/lib/gcc/i686-linux-gnu/5/../../../i386-linux-gnu/crti.o
 *(.rel.data.rel.ro .rel.data.rel.ro.* .rel.gnu.linkonce.d.rel.ro.*)
 *(.rel.data .rel.data.* .rel.gnu.linkonce.d.*)
 .rel.data.rel.local
                0x0000000000010b2c        0x8 /usr/lib/gcc/i686-linux-gnu/5/../../../i386-linux-gnu/crti.o
 .rel.data      0x0000000000010b34      0x350 /usr/lib/gcc/i686-linux-gnu/5/../../../i386-linux-gnu/crti.o
 *(.rel.tdata .rel.tdata.* .rel.gnu.linkonce.td.*)
 *(.rel.tbss .rel.tbss.* .rel.gnu.linkonce.tb.*)
 *(.rel.ctors)
 *(.rel.dtors)
 *(.rel.got)
 .rel.got       0x0000000000010e84       0x28 /usr/lib/gcc/i686-linux-gnu/5/../../../i386-linux-gnu/crti.o
 *(.rel.bss .rel.bss.* .rel.gnu.linkonce.b.*)
 *(.rel.ifunc)
 .rel.ifunc     0x0000000000010eac        0x0 /usr/lib/gcc/i686-linux-gnu/5/../../../i386-linux-gnu/crti.o
 .rel.fini_array
                0x0000000000010eac        0x8 /usr/lib/gcc/i686-linux-gnu/5/../../../i386-linux-gnu/crti.o
 .rel.init_array
                0x0000000000010eb4        0x8 /usr/lib/gcc/i686-linux-gnu/5/../../../i386-linux-gnu/crti.o

.rel.plt        0x0000000000010ebc        0x0
 *(.rel.plt)
 .rel.plt       0x0000000000010ebc        0x0 /usr/lib/gcc/i686-linux-gnu/5/../../../i386-linux-gnu/crti.o
 *(.rel.iplt)

.init           0x0000000000010ebc       0x23
 *(SORT(.init))
 .init          0x0000000000010ebc       0x1e /usr/lib/gcc/i686-linux-gnu/5/../../../i386-linux-gnu/crti.o
                0x0000000000010ebc                _init
 .init          0x0000000000010eda        0x5 /usr/lib/gcc/i686-linux-gnu/5/../../../i386-linux-gnu/crtn.o

.plt            0x0000000000010ee0       0x10
 *(.plt)
 .plt           0x0000000000010ee0       0x10 /usr/lib/gcc/i686-linux-gnu/5/../../../i386-linux-gnu/crti.o
 *(.iplt)

.plt.got        0x0000000000010ef0       0x10
 *(.plt.got)
 .plt.got       0x0000000000010ef0       0x10 /usr/lib/gcc/i686-linux-gnu/5/../../../i386-linux-gnu/crti.o

.text           0x0000000000010f00    0x196cb
 *(.text.unlikely .text.*_unlikely .text.unlikely.*)
 .text.unlikely
                0x0000000000010f00        0x0 /usr/lib/gcc/i686-linux-gnu/5/crtbeginS.o
 *(.text.exit .text.exit.*)
 *(.text.startup .text.startup.*)
 *(.text.hot .text.hot.*)
 *(.text .stub .text.* .gnu.linkonce.t.*)
 .text          0x0000000000010f00        0x0 /usr/lib/gcc/i686-linux-gnu/5/../../../i386-linux-gnu/crti.o
 .gnu.linkonce.t.__x86.get_pc_thunk.bx
                0x0000000000010f00        0x4 /usr/lib/gcc/i686-linux-gnu/5/../../../i386-linux-gnu/crti.o
                0x0000000000010f00                __x86.get_pc_thunk.bx
 *fill*         0x0000000000010f04        0xc 
 .text          0x0000000000010f10      0x11c /usr/lib/gcc/i686-linux-gnu/5/crtbeginS.o
 .text.__x86.get_pc_thunk.dx
                0x000000000001102c        0x4 /usr/lib/gcc/i686-linux-gnu/5/crtbeginS.o
                0x000000000001102c                __x86.get_pc_thunk.dx
 .text          0x0000000000011030      0xec4 mqtt-demo.o
                0x0000000000011030                ipaddr_sprintf
 .text          0x0000000000011ef4      0x271 obj_cooja/mtype20.o
                0x0000000000011f86                platform_init_stage_one
                0x0000000000011f8c                platform_init_stage_two
                0x0000000000011f9a                platform_init_stage_three
                0x0000000000011fad                platform_main_loop
                0x0000000000012020                Java_org_contikios_cooja_corecomm_Lib6_init
                0x0000000000012057                Java_org_contikios_cooja_corecomm_Lib6_getMemory
                0x000000000001208a                Java_org_contikios_cooja_corecomm_Lib6_setMemory
                0x00000000000120ea                Java_org_contikios_cooja_corecomm_Lib6_tick
                0x0000000000012152                Java_org_contikios_cooja_corecomm_Lib6_setReferenceAddress
 .text          0x0000000000012165       0x65 obj_cooja/mtype20.a(simEnvChange.o)
                0x0000000000012165                doActionsBeforeTick
                0x0000000000012197                doActionsAfterTick
 .text          0x00000000000121ca       0x83 obj_cooja/mtype20.a(cooja_mt.o)
                0x00000000000121ca                cooja_mt_start
                0x00000000000121f4                cooja_mt_exec
                0x000000000001222a                cooja_mt_yield
 .text          0x000000000001224d       0xbe obj_cooja/mtype20.a(cooja_mtarch.o)
                0x000000000001224d                cooja_mtarch_start
                0x00000000000122c0                cooja_sw
                0x00000000000122e3                cooja_mtarch_exec
                0x0000000000012300                cooja_mtarch_yield
 .text          0x000000000001230b       0xc5 obj_cooja/mtype20.a(rtimer-arch.o)
                0x000000000001230b                rtimer_arch_init
                0x000000000001232f                rtimer_arch_schedule
                0x000000000001235f                rtimer_arch_next
                0x000000000001236f                rtimer_arch_pending
                0x0000000000012379                rtimer_arch_check
                0x00000000000123c0                rtimer_arch_now
 .text          0x00000000000123d0       0x81 obj_cooja/mtype20.a(beep.o)
                0x00000000000123d0                beep_alarm
                0x00000000000123dd                beep_beep
                0x00000000000123ea                beep
                0x00000000000123f7                beep_down
                0x0000000000012404                beep_on
                0x0000000000012411                beep_off
                0x000000000001241e                beep_spinup
                0x000000000001242b                beep_quick
                0x0000000000012438                beep_long
 .text          0x0000000000012451      0x10d obj_cooja/mtype20.a(button-sensor.o)
 .text          0x000000000001255e       0x49 obj_cooja/mtype20.a(leds-arch.o)
                0x000000000001255e                leds_arch_init
                0x000000000001256b                leds_arch_get
                0x0000000000012577                leds_arch_set
 .text          0x00000000000125a7       0x35 obj_cooja/mtype20.a(moteid.o)
 .text          0x00000000000125dc       0xb7 obj_cooja/mtype20.a(pir-sensor.o)
 .text          0x0000000000012693      0x148 obj_cooja/mtype20.a(rs232.o)
                0x0000000000012693                rs232_init
                0x0000000000012699                rs232_set_speed
                0x00000000000126a8                rs232_set_input
                0x00000000000126b6                rs232_send
                0x00000000000126da                rs232_print
                0x00000000000126f6                slip_arch_writeb
 .text          0x00000000000127db       0xb7 obj_cooja/mtype20.a(vib-sensor.o)
 .text          0x0000000000012892       0x38 obj_cooja/mtype20.a(clock.o)
                0x0000000000012892                clock_init
                0x0000000000012898                clock_time
                0x00000000000128a2                clock_seconds
                0x00000000000128b8                clock_delay
 .text          0x00000000000128ca      0x219 obj_cooja/mtype20.a(cooja-log.o)
                0x00000000000128ca                simlog_char
                0x000000000001290d                simlog
                0x0000000000012983                log_message
                0x00000000000129b4                log_set_putchar_with_slip
                0x00000000000129c2                log_putchar
                0x0000000000012a3d                log_puts
                0x0000000000012a65                log_printf
 .text          0x0000000000012ae3      0x2b9 obj_cooja/mtype20.a(cfs-cooja.o)
                0x0000000000012ae3                cfs_open
                0x0000000000012b4c                cfs_close
                0x0000000000012b59                cfs_read
                0x0000000000012bee                cfs_write
                0x0000000000012cca                cfs_seek
                0x0000000000012d52                cfs_remove
                0x0000000000012d76                cfs_opendir
                0x0000000000012d80                cfs_readdir
                0x0000000000012d8a                cfs_closedir
 .text          0x0000000000012d9c      0x605 obj_cooja/mtype20.a(cooja-radio.o)
                0x0000000000012dde                radio_set_channel
                0x0000000000012dec                radio_set_txpower
                0x0000000000012e04                radio_signal_strength_last
                0x0000000000012e0e                radio_signal_strength_current
                0x0000000000012e18                radio_LQI
 .text          0x00000000000133a1       0xee obj_cooja/mtype20.a(eeprom.o)
                0x00000000000133a1                eeprom_init
                0x00000000000133a7                eeprom_read
                0x0000000000013415                eeprom_write
 .text          0x000000000001348f       0x2d obj_cooja/mtype20.a(random.o)
                0x000000000001348f                random_init
                0x00000000000134af                random_rand
 .text          0x00000000000134bc      0x29c obj_cooja/mtype20.a(sensors.o)
                0x00000000000134f7                sensors_first
                0x0000000000013501                sensors_next
                0x000000000001351b                sensors_changed
                0x000000000001354f                sensors_find
 .text          0x0000000000013758       0xf6 obj_cooja/mtype20.a(leds.o)
                0x0000000000013758                leds_init
                0x0000000000013766                leds_blink
                0x00000000000137a9                leds_get
                0x00000000000137b6                leds_set
                0x00000000000137d5                leds_on
                0x00000000000137fb                leds_off
                0x0000000000013828                leds_toggle
 .text          0x000000000001384e     0x3779 obj_cooja/mtype20.a(mqtt.o)
                0x00000000000169f1                mqtt_init
                0x0000000000016aaf                mqtt_register
                0x0000000000016b4c                mqtt_connect
                0x0000000000016c5e                mqtt_disconnect
                0x0000000000016c9c                mqtt_subscribe
                0x0000000000016d59                mqtt_unsubscribe
                0x0000000000016e07                mqtt_publish
                0x0000000000016ee8                mqtt_set_username_password
                0x0000000000016f73                mqtt_set_last_will
 .text          0x0000000000016fc7      0x328 obj_cooja/mtype20.a(contiki-main.o)
                0x0000000000016fc7                main
 .text          0x00000000000172ef       0x92 obj_cooja/mtype20.a(autostart.o)
                0x00000000000172ef                autostart_start
                0x0000000000017339                autostart_exit
 .text          0x0000000000017381      0x355 obj_cooja/mtype20.a(ctimer.o)
                0x00000000000174a9                ctimer_init
                0x00000000000174dc                ctimer_set
                0x0000000000017502                ctimer_set_with_process
                0x000000000001757f                ctimer_reset
                0x00000000000175d3                ctimer_restart
                0x0000000000017627                ctimer_stop
                0x0000000000017677                ctimer_expired
 .text          0x00000000000176d6       0x1b obj_cooja/mtype20.a(energest.o)
                0x00000000000176d6                energest_init
                0x00000000000176dc                energest_flush
                0x00000000000176e2                energest_get_total_time
 .text          0x00000000000176f1      0x43f obj_cooja/mtype20.a(etimer.o)
                0x0000000000017915                etimer_request_poll
                0x000000000001799e                etimer_set
                0x00000000000179c7                etimer_reset_with_new_interval
                0x00000000000179f6                etimer_reset
                0x0000000000017a1c                etimer_restart
                0x0000000000017a42                etimer_adjust
                0x0000000000017a5f                etimer_expired
                0x0000000000017a72                etimer_expiration_time
                0x0000000000017a84                etimer_start_time
                0x0000000000017a8e                etimer_pending
                0x0000000000017aa0                etimer_next_expiration_time
                0x0000000000017aba                etimer_stop
 .text          0x0000000000017b30      0x394 obj_cooja/mtype20.a(log.o)
                0x0000000000017b30                log_6addr
                0x0000000000017b83                log_6addr_compact_snprint
                0x0000000000017c21                log_6addr_compact
                0x0000000000017c74                log_lladdr
                0x0000000000017ce6                log_lladdr_compact
                0x0000000000017d4e                log_set_level
                0x0000000000017e09                log_get_level
                0x0000000000017e82                log_level_to_str
 .text          0x0000000000017ec4      0x4fb obj_cooja/mtype20.a(process.o)
                0x0000000000017ec4                process_alloc_event
                0x0000000000017ed9                process_start
                0x00000000000180b3                process_exit
                0x00000000000180d0                process_init
                0x0000000000018265                process_run
                0x0000000000018298                process_nevents
                0x00000000000182b3                process_post
                0x0000000000018346                process_post_synch
                0x000000000001837b                process_poll
                0x00000000000183ab                process_is_running
 .text          0x00000000000183bf       0xeb obj_cooja/mtype20.a(rtimer.o)
                0x00000000000183bf                rtimer_init
                0x00000000000183cd                rtimer_set
                0x0000000000018448                rtimer_run_next
 .text          0x00000000000184aa       0x25 obj_cooja/mtype20.a(node-id.o)
                0x00000000000184aa                node_id_init
 .text          0x00000000000184cf       0x9c obj_cooja/mtype20.a(timer.o)
                0x00000000000184cf                timer_set
                0x00000000000184ed                timer_reset
                0x0000000000018505                timer_restart
                0x000000000001851a                timer_expired
                0x0000000000018547                timer_remaining
 .text          0x000000000001856b      0x1eb obj_cooja/mtype20.a(serial-line.o)
                0x000000000001856b                serial_line_input_byte
                0x0000000000018721                serial_line_init
 .text          0x0000000000018756      0x28f obj_cooja/mtype20.a(list.o)
                0x0000000000018756                list_init
                0x0000000000018765                list_head
                0x000000000001876f                list_copy
                0x000000000001877f                list_tail
                0x00000000000187b5                list_add
                0x0000000000018801                list_push
                0x000000000001882d                list_chop
                0x0000000000018897                list_pop
                0x00000000000188bf                list_remove
                0x0000000000018927                list_length
                0x0000000000018955                list_insert
                0x000000000001899a                list_item_next
                0x00000000000189b1                list_contains
 .text          0x00000000000189e5      0x156 obj_cooja/mtype20.a(ringbuf.o)
                0x00000000000189e5                ringbuf_init
                0x0000000000018a17                ringbuf_put
                0x0000000000018a95                ringbuf_get
                0x0000000000018b02                ringbuf_size
                0x0000000000018b14                ringbuf_elements
 .text          0x0000000000018b3b      0x407 obj_cooja/mtype20.a(packetbuf.o)
                0x0000000000018b3b                packetbuf_clear
                0x0000000000018b66                packetbuf_copyfrom
                0x0000000000018bb5                packetbuf_copyto
                0x0000000000018c48                packetbuf_hdralloc
                0x0000000000018cc4                packetbuf_hdrreduce
                0x0000000000018d0a                packetbuf_set_datalen
                0x0000000000018d24                packetbuf_dataptr
                0x0000000000018d41                packetbuf_hdrptr
                0x0000000000018d4b                packetbuf_datalen
                0x0000000000018d57                packetbuf_hdrlen
                0x0000000000018d6e                packetbuf_totlen
                0x0000000000018d84                packetbuf_remaininglen
                0x0000000000018d97                packetbuf_attr_clear
                0x0000000000018de3                packetbuf_attr_copyto
                0x0000000000018e3b                packetbuf_attr_copyfrom
                0x0000000000018e93                packetbuf_set_attr
                0x0000000000018ebd                packetbuf_attr
                0x0000000000018ed7                packetbuf_set_addr
                0x0000000000018f08                packetbuf_addr
                0x0000000000018f25                packetbuf_holds_broadcast
 .text          0x0000000000018f42       0xef obj_cooja/mtype20.a(netstack.o)
                0x0000000000018f42                netstack_process_ip_callback
                0x0000000000018fd3                netstack_ip_packet_processor_add
                0x0000000000018ff6                uip_ds6_ip_packet_processor_rm
                0x0000000000019013                netstack_init
 .text          0x0000000000019031       0x4f obj_cooja/mtype20.a(linkaddr.o)
                0x0000000000019031                linkaddr_copy
                0x0000000000019047                linkaddr_cmp
                0x000000000001906a                linkaddr_set_node_addr
 .text          0x0000000000019080      0x165 obj_cooja/mtype20.a(csma.o)
 .text          0x00000000000191e5      0x944 obj_cooja/mtype20.a(csma-output.o)
                0x000000000001985e                csma_output_packet
                0x0000000000019aeb                csma_output_init
 .text          0x0000000000019b29      0xb25 obj_cooja/mtype20.a(uip-ds6.o)
                0x0000000000019b29                uip_ds6_init
                0x0000000000019cd4                uip_ds6_periodic
                0x0000000000019d5b                uip_ds6_list_loop
                0x0000000000019e1b                uip_ds6_prefix_add
                0x0000000000019ec7                uip_ds6_prefix_rm
                0x0000000000019eda                uip_ds6_prefix_lookup
                0x0000000000019f19                uip_ds6_is_addr_onlink
                0x0000000000019f8c                uip_ds6_addr_add
                0x000000000001a0ac                uip_ds6_addr_rm
                0x000000000001a155                uip_ds6_addr_lookup
                0x000000000001a18e                uip_ds6_get_link_local
                0x000000000001a20f                uip_ds6_get_global
                0x000000000001a290                uip_ds6_maddr_add
                0x000000000001a2f0                uip_ds6_maddr_rm
                0x000000000001a303                uip_ds6_maddr_lookup
                0x000000000001a33c                uip_ds6_aaddr_add
                0x000000000001a39c                uip_ds6_aaddr_rm
                0x000000000001a3af                uip_ds6_aaddr_lookup
                0x000000000001a3e8                uip_ds6_select_src
                0x000000000001a531                uip_ds6_set_addr_iid
                0x000000000001a55c                uip_ds6_set_lladdr_from_iid
                0x000000000001a585                get_match_length
                0x000000000001a616                uip_ds6_compute_reachable_time
 .text          0x000000000001a64e      0x9d5 obj_cooja/mtype20.a(tcp-socket.o)
                0x000000000001ac99                tcp_socket_register
                0x000000000001ad2a                tcp_socket_connect
                0x000000000001adc1                tcp_socket_listen
                0x000000000001ae38                tcp_socket_unlisten
                0x000000000001aeac                tcp_socket_send
                0x000000000001af4c                tcp_socket_send_str
                0x000000000001af74                tcp_socket_close
                0x000000000001af9d                tcp_socket_unregister
                0x000000000001aff7                tcp_socket_max_sendlen
                0x000000000001b014                tcp_socket_queuelen
 .text          0x000000000001b023      0xa72 obj_cooja/mtype20.a(tcpip.o)
                0x000000000001b03d                tcpip_output
                0x000000000001b121                tcp_connect
                0x000000000001b179                tcp_unlisten
                0x000000000001b1d9                tcp_listen
                0x000000000001b237                tcp_attach
                0x000000000001b24f                udp_attach
                0x000000000001b267                udp_new
                0x000000000001b2b1                udp_broadcast_new
                0x000000000001b536                tcpip_input
                0x000000000001b6d6                tcpip_ipv6_output
                0x000000000001b8ea                tcpip_poll_udp
                0x000000000001b908                tcpip_poll_tcp
                0x000000000001b926                tcpip_uipcall
 .text          0x000000000001ba95      0x35b obj_cooja/mtype20.a(uip-ds6-route.o)
                0x000000000001bae6                uip_ds6_route_init
                0x000000000001bb10                uip_ds6_route_nexthop
                0x000000000001bb1a                uip_ds6_route_head
                0x000000000001bb24                uip_ds6_route_next
                0x000000000001bb2e                uip_ds6_route_is_nexthop
                0x000000000001bb38                uip_ds6_route_num_routes
                0x000000000001bb42                uip_ds6_route_lookup
                0x000000000001bb4c                uip_ds6_route_add
                0x000000000001bb5f                uip_ds6_route_rm
                0x000000000001bb65                uip_ds6_route_rm_by_nexthop
                0x000000000001bb6b                uip_ds6_defrt_head
                0x000000000001bb84                uip_ds6_defrt_add
                0x000000000001bc32                uip_ds6_defrt_rm
                0x000000000001bc98                uip_ds6_defrt_lookup
                0x000000000001bcff                uip_ds6_defrt_choose
                0x000000000001bd75                uip_ds6_defrt_periodic
 .text          0x000000000001bdf0     0x2802 obj_cooja/mtype20.a(uip6.o)
                0x000000000001bdf0                uip_add32
                0x000000000001bf8a                uip_chksum
                0x000000000001c06b                uip_icmp6chksum
                0x000000000001c080                uip_tcpchksum
                0x000000000001c095                uip_udpchksum
                0x000000000001c0aa                uip_init
                0x000000000001c135                uip_connect
                0x000000000001c2be                remove_ext_hdr
                0x000000000001c3a3                uip_udp_new
                0x000000000001c4c5                uip_unlisten
                0x000000000001c507                uip_listen
                0x000000000001c7a8                uip_process
                0x000000000001e4ed                uip_htons
                0x000000000001e50f                uip_htonl
                0x000000000001e54d                uip_send
 .text          0x000000000001e5f2      0x374 obj_cooja/mtype20.a(uip-ds6-nbr.o)
                0x000000000001e5f2                uip_ds6_neighbors_init
                0x000000000001e616                uip_ds6_nbr_add
                0x000000000001e69c                uip_ds6_nbr_rm
                0x000000000001e6e7                uip_ds6_nbr_update_ll
                0x000000000001e7d5                uip_ds6_nbr_get_ipaddr
                0x000000000001e7ea                uip_ds6_nbr_get_ll
                0x000000000001e806                uip_ds6_nbr_num
                0x000000000001e84f                uip_ds6_nbr_head
                0x000000000001e868                uip_ds6_nbr_next
                0x000000000001e884                uip_ds6_nbr_lookup
                0x000000000001e8e7                uip_ds6_nbr_ll_lookup
                0x000000000001e903                uip_ds6_nbr_ipaddr_from_lladdr
                0x000000000001e92c                uip_ds6_nbr_lladdr_from_ipaddr
                0x000000000001e960                uip_ds6_link_callback
 .text          0x000000000001e966      0x6b5 obj_cooja/mtype20.a(uip-nd6.o)
                0x000000000001f002                uip_nd6_init
 .text          0x000000000001f01b     0x2a78 obj_cooja/mtype20.a(sicslowpan.o)
                0x000000000001f519                netstack_sniffer_add
                0x000000000001f527                netstack_sniffer_remove
                0x0000000000021a5f                sicslowpan_init
                0x0000000000021a89                sicslowpan_get_last_rssi
 .text          0x0000000000021a93      0x4d1 obj_cooja/mtype20.a(uiplib.o)
                0x0000000000021a93                uiplib_ip6addrconv
                0x0000000000021c4b                uiplib_ip4addrconv
                0x0000000000021d0e                uiplib_ipaddr_print
                0x0000000000021d61                uiplib_ipaddr_snprint
 .text          0x0000000000021f64      0x4c9 obj_cooja/mtype20.a(rpl.o)
                0x0000000000021f64                rpl_lollipop_greater_than
                0x0000000000021fbe                rpl_get_global_address
                0x00000000000220b6                rpl_link_callback
                0x00000000000220fa                rpl_has_joined
                0x000000000002211f                rpl_is_reachable
                0x00000000000221a0                rpl_reset_prefix
                0x000000000002220a                rpl_set_prefix_from_addr
                0x00000000000222ef                rpl_set_prefix
                0x0000000000022409                rpl_set_leaf_only
                0x0000000000022421                rpl_get_leaf_only
 .text          0x000000000002242d     0x13cb obj_cooja/mtype20.a(rpl-icmp6.o)
                0x0000000000022552                rpl_icmp6_update_nbr_table
                0x00000000000225eb                rpl_icmp6_dis_output
                0x0000000000022c41                rpl_icmp6_dio_output
                0x000000000002344e                rpl_icmp6_dao_output
                0x000000000002373f                rpl_icmp6_dao_ack_output
                0x00000000000237af                rpl_icmp6_init
 .text          0x00000000000237f8      0xe51 obj_cooja/mtype20.a(rpl-dag.o)
                0x00000000000237f8                rpl_dag_state_to_str
                0x0000000000023837                rpl_dag_get_root_ipaddr
                0x000000000002387f                rpl_dag_leave
                0x0000000000023908                rpl_dag_poison_and_leave
                0x0000000000023920                rpl_dag_periodic
                0x00000000000239a8                rpl_is_addr_in_our_dag
                0x00000000000239ec                rpl_get_default_instance
                0x0000000000023a08                rpl_get_any_dag
                0x0000000000023a61                rpl_refresh_routes
                0x0000000000023aa1                rpl_global_repair
                0x0000000000023b2d                rpl_local_repair
                0x0000000000023b77                rpl_dag_ready_to_advertise
                0x0000000000023bba                rpl_dag_update_state
                0x00000000000242de                rpl_process_dio
                0x000000000002435f                rpl_process_dis
                0x00000000000243a4                rpl_process_dao
                0x0000000000024433                rpl_process_dao_ack
                0x00000000000244c5                rpl_process_hbh
                0x0000000000024515                rpl_dag_init_root
                0x0000000000024629                rpl_dag_init
 .text          0x0000000000024649      0x286 obj_cooja/mtype20.a(rpl-dag-root.o)
                0x0000000000024649                rpl_dag_root_print_links
                0x0000000000024797                rpl_dag_root_set_prefix
                0x00000000000247c3                rpl_dag_root_start
                0x00000000000248a0                rpl_dag_root_is_root
 .text          0x00000000000248cf       0x1e obj_cooja/mtype20.a(watchdog.o)
                0x00000000000248cf                watchdog_init
                0x00000000000248d5                watchdog_start
                0x00000000000248db                watchdog_periodic
                0x00000000000248e1                watchdog_stop
                0x00000000000248e7                watchdog_reboot
 .text          0x00000000000248ed       0xb2 obj_cooja/mtype20.a(stimer.o)
                0x00000000000248ed                stimer_set
                0x000000000002490b                stimer_reset
                0x0000000000024923                stimer_restart
                0x0000000000024938                stimer_expired
                0x0000000000024963                stimer_remaining
                0x0000000000024987                stimer_elapsed
 .text          0x000000000002499f      0x1b8 obj_cooja/mtype20.a(memb.o)
                0x000000000002499f                memb_init
                0x00000000000249f4                memb_alloc
                0x0000000000024a59                memb_free
                0x0000000000024ad4                memb_inmemb
                0x0000000000024b13                memb_numfree
 .text          0x0000000000024b57      0x2e7 obj_cooja/mtype20.a(queuebuf.o)
                0x0000000000024b61                queuebuf_init
                0x0000000000024b8a                queuebuf_numfree
                0x0000000000024ba2                queuebuf_new_from_packetbuf
                0x0000000000024c41                queuebuf_update_attr_from_packetbuf
                0x0000000000024c76                queuebuf_update_from_packetbuf
                0x0000000000024cc6                queuebuf_free
                0x0000000000024d0f                queuebuf_to_packetbuf
                0x0000000000024d7b                queuebuf_dataptr
                0x0000000000024db5                queuebuf_datalen
                0x0000000000024dd8                queuebuf_addr
                0x0000000000024e0d                queuebuf_attr
                0x0000000000024e38                queuebuf_debug_print
 .text          0x0000000000024e3e      0x78b obj_cooja/mtype20.a(nbr-table.o)
                0x00000000000252b7                nbr_table_register
                0x0000000000025324                nbr_table_is_registered
                0x000000000002535f                nbr_table_head
                0x00000000000253ba                nbr_table_next
                0x000000000002541b                nbr_table_add_lladdr
                0x00000000000254e5                nbr_table_get_from_lladdr
                0x0000000000025531                nbr_table_remove
                0x0000000000025569                nbr_table_lock
                0x0000000000025583                nbr_table_unlock
                0x000000000002559d                nbr_table_get_lladdr
 .text          0x00000000000255c9      0x37c obj_cooja/mtype20.a(link-stats.o)
                0x00000000000255c9                link_stats_from_lladdr
                0x00000000000255e5                link_stats_is_fresh
                0x0000000000025621                guess_etx_from_rssi
                0x000000000002569d                link_stats_packet_sent
                0x00000000000257b0                link_stats_input_callback
                0x00000000000258c0                link_stats_reset
                0x0000000000025910                link_stats_init
 .text          0x0000000000025945      0x187 obj_cooja/mtype20.a(mac-sequence.o)
                0x0000000000025945                mac_sequence_is_duplicate
                0x00000000000259e5                mac_sequence_register_seqno
 .text          0x0000000000025acc       0x23 obj_cooja/mtype20.a(mac.o)
                0x0000000000025acc                mac_call_sent_callback
 .text          0x0000000000025aef      0x41d obj_cooja/mtype20.a(framer-802154.o)
                0x0000000000025c7e                framer_802154_setup_params
 .text          0x0000000000025f0c      0xb6f obj_cooja/mtype20.a(frame802154.o)
                0x0000000000025f3d                frame802154_get_pan_id
                0x0000000000025f49                frame802154_set_pan_id
                0x0000000000025f63                frame802154_has_panid
                0x0000000000026112                frame802154_check_dest_panid
                0x000000000002619a                frame802154_is_broadcast_addr
                0x00000000000261e7                frame802154_extract_linkaddr
                0x000000000002644c                frame802154_hdrlen
                0x00000000000264bf                frame802154_create_fcf
                0x0000000000026577                frame802154_create
                0x00000000000266ec                frame802154_parse_fcf
                0x00000000000267ce                frame802154_parse
 .text          0x0000000000026a7b      0x1ec obj_cooja/mtype20.a(uipbuf.o)
                0x0000000000026a7b                uipbuf_get_next_header
                0x0000000000026aea                uipbuf_get_last_header
                0x0000000000026b71                uipbuf_get_attr
                0x0000000000026b98                uipbuf_set_attr
                0x0000000000026bcf                uipbuf_clear_attr
                0x0000000000026bfb                uipbuf_set_attr_flag
                0x0000000000026c1c                uipbuf_clr_attr_flag
                0x0000000000026c43                uipbuf_is_attr_flag
 .text          0x0000000000026c67      0x96e obj_cooja/mtype20.a(uip-icmp6.o)
                0x0000000000026cdc                uip_icmp6_input
                0x0000000000026d33                uip_icmp6_register_input_handler
                0x0000000000026f3f                uip_icmp6_error_output
                0x000000000002729e                uip_icmp6_send
                0x000000000002755d                uip_icmp6_echo_reply_callback_add
                0x000000000002758f                uip_icmp6_echo_reply_callback_rm
                0x00000000000275ac                uip_icmp6_init
 .text          0x00000000000275d5      0x69b obj_cooja/mtype20.a(uip-sr.o)
                0x00000000000275d5                uip_sr_num_nodes
                0x0000000000027663                uip_sr_get_node
                0x00000000000276ba                uip_sr_is_addr_reachable
                0x0000000000027768                uip_sr_expire_parent
                0x00000000000277b1                uip_sr_update_node
                0x00000000000278e1                uip_sr_init
                0x0000000000027915                uip_sr_node_head
                0x000000000002792e                uip_sr_node_next
                0x0000000000027944                uip_sr_periodic
                0x0000000000027a4a                uip_sr_free_all
                0x0000000000027aba                uip_sr_link_snprint
 .text          0x0000000000027c70      0x146 obj_cooja/mtype20.a(uip-packetqueue)
                0x0000000000027c9e                uip_packetqueue_new
                0x0000000000027cad                uip_packetqueue_alloc
                0x0000000000027d08                uip_packetqueue_free
                0x0000000000027d4f                uip_packetqueue_buf
                0x0000000000027d6c                uip_packetqueue_buflen
                0x0000000000027d8d                uip_packetqueue_set_buflen
 .text          0x0000000000027db6      0x1c8 obj_cooja/mtype20.a(rpl-nbr-policy.)
                0x0000000000027f3b                rpl_nbr_policy_find_removable
 .text          0x0000000000027f7e      0x8ed obj_cooja/mtype20.a(rpl-neighbor.o)
                0x0000000000027ffa                rpl_neighbor_snprint
                0x00000000000282a7                rpl_neighbor_print_list
                0x000000000002835c                rpl_neighbor_count
                0x0000000000028403                rpl_neighbor_get_from_lladdr
                0x000000000002841f                rpl_neighbor_is_acceptable_parent
                0x0000000000028453                rpl_neighbor_get_link_metric
                0x0000000000028487                rpl_neighbor_rank_via_nbr
                0x00000000000284bb                rpl_neighbor_get_lladdr
                0x00000000000284d7                rpl_neighbor_get_ipaddr
                0x00000000000284fe                rpl_neighbor_get_link_stats
                0x0000000000028525                rpl_neighbor_is_fresh
                0x000000000002854c                rpl_neighbor_is_reachable
                0x0000000000028597                rpl_neighbor_is_parent
                0x00000000000285c1                rpl_neighbor_set_preferred_parent
                0x000000000002864d                rpl_neighbor_remove_all
                0x000000000002869c                rpl_neighbor_get_from_ipaddr
                0x00000000000287a0                rpl_neighbor_select_best
                0x000000000002884c                rpl_neighbor_init
 .text          0x000000000002886b      0xa19 obj_cooja/mtype20.a(rpl-timers.o)
                0x000000000002886b                rpl_timers_schedule_periodic_dis
                0x00000000000289b9                rpl_timers_dio_reset
                0x0000000000028aaa                rpl_timers_schedule_unicast_dio
                0x0000000000028c30                rpl_timers_schedule_dao
                0x0000000000028d6a                rpl_timers_schedule_dao_ack
                0x0000000000028df0                get_probing_delay
                0x0000000000028e24                get_probing_target
                0x000000000002900e                rpl_schedule_probing
                0x000000000002903c                rpl_schedule_probing_now
                0x00000000000290a6                rpl_timers_unschedule_leaving
                0x00000000000290de                rpl_timers_schedule_leaving
                0x000000000002911f                rpl_timers_init
                0x00000000000291af                rpl_timers_stop_dag_timers
                0x0000000000029228                rpl_timers_unschedule_state_update
                0x000000000002924c                rpl_timers_schedule_state_update
 .text          0x0000000000029284     0x102c obj_cooja/mtype20.a(rpl-ext-header.)
                0x0000000000029284                rpl_ext_header_srh_get_next_hop
                0x0000000000029400                rpl_ext_header_srh_update
                0x0000000000029af9                rpl_ext_header_hbh_update
                0x000000000002a04e                rpl_ext_header_update
                0x000000000002a0d7                rpl_ext_header_remove
 .text          0x000000000002a2b0      0x31b obj_cooja/mtype20.a(rpl-mrhof.o)
 .text          0x000000000002a5cb        0x0 /usr/lib/gcc/i686-linux-gnu/5/crtendS.o
 .text          0x000000000002a5cb        0x0 /usr/lib/gcc/i686-linux-gnu/5/../../../i386-linux-gnu/crtn.o
 *(.gnu.warning)

.fini           0x000000000002a5cc       0x14
 *(SORT(.fini))
 .fini          0x000000000002a5cc        0xf /usr/lib/gcc/i686-linux-gnu/5/../../../i386-linux-gnu/crti.o
                0x000000000002a5cc                _fini
 .fini          0x000000000002a5db        0x5 /usr/lib/gcc/i686-linux-gnu/5/../../../i386-linux-gnu/crtn.o
                [!provide]                        PROVIDE (__etext, .)
                [!provide]                        PROVIDE (_etext, .)
                [!provide]                        PROVIDE (etext, .)

.rodata         0x000000000002a5e0      0xbc0
 *(.rodata .rodata.* .gnu.linkonce.r.*)
 .rodata        0x000000000002a5e0      0x44e mqtt-demo.o
                0x000000000002a5e8                autostart_processes
 *fill*         0x000000000002aa2e        0x2 
 .rodata        0x000000000002aa30        0x8 obj_cooja/mtype20.a(beep.o)
                0x000000000002aa30                beep_interface
 .rodata        0x000000000002aa38       0x20 obj_cooja/mtype20.a(button-sensor.o)
                0x000000000002aa38                button_interface
                0x000000000002aa48                button_sensor
 .rodata        0x000000000002aa58        0x8 obj_cooja/mtype20.a(leds-arch.o)
                0x000000000002aa58                leds_interface
 .rodata        0x000000000002aa60        0x8 obj_cooja/mtype20.a(moteid.o)
                0x000000000002aa60                moteid_interface
 .rodata        0x000000000002aa68       0x1c obj_cooja/mtype20.a(pir-sensor.o)
                0x000000000002aa68                pir_interface
                0x000000000002aa74                pir_sensor
 .rodata        0x000000000002aa84        0xe obj_cooja/mtype20.a(rs232.o)
                0x000000000002aa84                rs232_interface
 *fill*         0x000000000002aa92        0x2 
 .rodata        0x000000000002aa94       0x24 obj_cooja/mtype20.a(vib-sensor.o)
                0x000000000002aa94                vib_interface
                0x000000000002aaa8                vib_sensor
 .rodata        0x000000000002aab8        0x8 obj_cooja/mtype20.a(clock.o)
                0x000000000002aab8                clock_interface
 .rodata        0x000000000002aac0        0x8 obj_cooja/mtype20.a(cooja-log.o)
                0x000000000002aac0                simlog_interface
 .rodata        0x000000000002aac8       0x2f obj_cooja/mtype20.a(cfs-cooja.o)
                0x000000000002aac8                cfs_interface
 *fill*         0x000000000002aaf7        0x9 
 .rodata        0x000000000002ab00       0x58 obj_cooja/mtype20.a(cooja-radio.o)
                0x000000000002ab00                radio_interface
                0x000000000002ab20                cooja_radio_driver
 .rodata        0x000000000002ab58        0x8 obj_cooja/mtype20.a(eeprom.o)
                0x000000000002ab58                eeprom_interface
 .rodata        0x000000000002ab60        0x8 obj_cooja/mtype20.a(sensors.o)
 .rodata        0x000000000002ab68       0x14 obj_cooja/mtype20.a(mqtt.o)
 .rodata        0x000000000002ab7c       0xf8 obj_cooja/mtype20.a(contiki-main.o)
 .rodata        0x000000000002ac74        0xf obj_cooja/mtype20.a(ctimer.o)
 .rodata        0x000000000002ac83        0xc obj_cooja/mtype20.a(etimer.o)
 *fill*         0x000000000002ac8f        0x1 
 .rodata        0x000000000002ac90       0xc0 obj_cooja/mtype20.a(log.o)
 .rodata        0x000000000002ad50        0xe obj_cooja/mtype20.a(serial-line.o)
 *fill*         0x000000000002ad5e        0x2 
 .rodata        0x000000000002ad60        0x8 obj_cooja/mtype20.a(linkaddr.o)
                0x000000000002ad60                linkaddr_null
 .rodata        0x000000000002ad68       0x20 obj_cooja/mtype20.a(csma.o)
                0x000000000002ad70                csma_driver
 .rodata        0x000000000002ad88       0x13 obj_cooja/mtype20.a(tcp-socket.o)
 .rodata        0x000000000002ad9b        0xd obj_cooja/mtype20.a(tcpip.o)
 .rodata        0x000000000002ada8       0x4d obj_cooja/mtype20.a(uip-ds6-route.o)
 *fill*         0x000000000002adf5        0x3 
 .rodata        0x000000000002adf8      0x13c obj_cooja/mtype20.a(uip6.o)
 .rodata        0x000000000002af34       0x30 obj_cooja/mtype20.a(sicslowpan.o)
                0x000000000002af34                unc_llconf
                0x000000000002af38                unc_ctxconf
                0x000000000002af3c                unc_mxconf
                0x000000000002af40                llprefix
                0x000000000002af54                sicslowpan_driver
 .rodata        0x000000000002af64       0x2d obj_cooja/mtype20.a(uiplib.o)
 *fill*         0x000000000002af91        0xf 
 .rodata        0x000000000002afa0       0x70 obj_cooja/mtype20.a(rpl.o)
                0x000000000002afc0                rpl_lite_driver
 .rodata        0x000000000002b010       0xdb obj_cooja/mtype20.a(rpl-dag.o)
 *fill*         0x000000000002b0eb        0x1 
 .rodata        0x000000000002b0ec        0xc obj_cooja/mtype20.a(framer-802154.o)
                0x000000000002b0ec                framer_802154
 .rodata        0x000000000002b0f8       0x44 obj_cooja/mtype20.a(uip-sr.o)
 .rodata        0x000000000002b13c       0x58 obj_cooja/mtype20.a(rpl-neighbor.o)
 .rodata        0x000000000002b194        0xc obj_cooja/mtype20.a(rpl-timers.o)

.rodata1
 *(.rodata1)

.eh_frame_hdr   0x000000000002b1a0     0x1674
 *(.eh_frame_hdr)
 .eh_frame_hdr  0x000000000002b1a0     0x1674 mqtt-demo.o
                0x000000000002b1a0                __GNU_EH_FRAME_HDR
 *(.eh_frame_entry .eh_frame_entry.*)

.eh_frame       0x000000000002c814     0x5afc
 *(.eh_frame)
 .eh_frame      0x000000000002c814       0x3c /usr/lib/gcc/i686-linux-gnu/5/../../../i386-linux-gnu/crti.o
                                         0x40 (size before relaxing)
 .eh_frame      0x000000000002c850      0x24c mqtt-demo.o
                                        0x264 (size before relaxing)
 .eh_frame      0x000000000002ca9c      0x178 obj_cooja/mtype20.o
                                        0x190 (size before relaxing)
 .eh_frame      0x000000000002cc14       0x40 obj_cooja/mtype20.a(simEnvChange.o)
                                         0x58 (size before relaxing)
 .eh_frame      0x000000000002cc54       0x60 obj_cooja/mtype20.a(cooja_mt.o)
                                         0x78 (size before relaxing)
 .eh_frame      0x000000000002ccb4       0x80 obj_cooja/mtype20.a(cooja_mtarch.o)
                                         0x98 (size before relaxing)
 .eh_frame      0x000000000002cd34       0xc8 obj_cooja/mtype20.a(rtimer-arch.o)
                                         0xe0 (size before relaxing)
 .eh_frame      0x000000000002cdfc      0x160 obj_cooja/mtype20.a(beep.o)
                                        0x178 (size before relaxing)
 .eh_frame      0x000000000002cf5c       0xa0 obj_cooja/mtype20.a(button-sensor.o)
                                         0xb8 (size before relaxing)
 .eh_frame      0x000000000002cffc       0xa0 obj_cooja/mtype20.a(leds-arch.o)
                                         0xb8 (size before relaxing)
 .eh_frame      0x000000000002d09c       0x40 obj_cooja/mtype20.a(moteid.o)
                                         0x58 (size before relaxing)
 .eh_frame      0x000000000002d0dc       0xa0 obj_cooja/mtype20.a(pir-sensor.o)
                                         0xb8 (size before relaxing)
 .eh_frame      0x000000000002d17c      0x100 obj_cooja/mtype20.a(rs232.o)
                                        0x118 (size before relaxing)
 .eh_frame      0x000000000002d27c       0xa0 obj_cooja/mtype20.a(vib-sensor.o)
                                         0xb8 (size before relaxing)
 .eh_frame      0x000000000002d31c       0xc0 obj_cooja/mtype20.a(clock.o)
                                         0xd8 (size before relaxing)
 .eh_frame      0x000000000002d3dc      0x120 obj_cooja/mtype20.a(cooja-log.o)
                                        0x138 (size before relaxing)
 .eh_frame      0x000000000002d4fc      0x160 obj_cooja/mtype20.a(cfs-cooja.o)
                                        0x178 (size before relaxing)
 .eh_frame      0x000000000002d65c      0x340 obj_cooja/mtype20.a(cooja-radio.o)
                                        0x358 (size before relaxing)
 .eh_frame      0x000000000002d99c       0xa0 obj_cooja/mtype20.a(eeprom.o)
                                         0xb8 (size before relaxing)
 .eh_frame      0x000000000002da3c       0x40 obj_cooja/mtype20.a(random.o)
                                         0x58 (size before relaxing)
 .eh_frame      0x000000000002da7c       0xc0 obj_cooja/mtype20.a(sensors.o)
                                         0xd8 (size before relaxing)
 .eh_frame      0x000000000002db3c       0xe0 obj_cooja/mtype20.a(leds.o)
                                         0xf8 (size before relaxing)
 .eh_frame      0x000000000002dc1c      0x4a4 obj_cooja/mtype20.a(mqtt.o)
                                        0x4bc (size before relaxing)
 .eh_frame      0x000000000002e0c0       0x30 obj_cooja/mtype20.a(contiki-main.o)
                                         0x48 (size before relaxing)
 .eh_frame      0x000000000002e0f0       0x40 obj_cooja/mtype20.a(autostart.o)
                                         0x58 (size before relaxing)
 .eh_frame      0x000000000002e130      0x100 obj_cooja/mtype20.a(ctimer.o)
                                        0x118 (size before relaxing)
 .eh_frame      0x000000000002e230       0x60 obj_cooja/mtype20.a(energest.o)
                                         0x78 (size before relaxing)
 .eh_frame      0x000000000002e290      0x1e0 obj_cooja/mtype20.a(etimer.o)
                                        0x1f8 (size before relaxing)
 .eh_frame      0x000000000002e470      0x100 obj_cooja/mtype20.a(log.o)
                                        0x118 (size before relaxing)
 .eh_frame      0x000000000002e570      0x1c4 obj_cooja/mtype20.a(process.o)
                                        0x1dc (size before relaxing)
 .eh_frame      0x000000000002e734       0x60 obj_cooja/mtype20.a(rtimer.o)
                                         0x78 (size before relaxing)
 .eh_frame      0x000000000002e794       0x20 obj_cooja/mtype20.a(node-id.o)
                                         0x38 (size before relaxing)
 .eh_frame      0x000000000002e7b4       0xa4 obj_cooja/mtype20.a(timer.o)
                                         0xbc (size before relaxing)
 .eh_frame      0x000000000002e858       0x60 obj_cooja/mtype20.a(serial-line.o)
                                         0x78 (size before relaxing)
 .eh_frame      0x000000000002e8b8      0x1a0 obj_cooja/mtype20.a(list.o)
                                        0x1b8 (size before relaxing)
 .eh_frame      0x000000000002ea58       0xa0 obj_cooja/mtype20.a(ringbuf.o)
                                         0xb8 (size before relaxing)
 .eh_frame      0x000000000002eaf8      0x28c obj_cooja/mtype20.a(packetbuf.o)
                                        0x2a4 (size before relaxing)
 .eh_frame      0x000000000002ed84       0x80 obj_cooja/mtype20.a(netstack.o)
                                         0x98 (size before relaxing)
 .eh_frame      0x000000000002ee04       0x60 obj_cooja/mtype20.a(linkaddr.o)
                                         0x78 (size before relaxing)
 .eh_frame      0x000000000002ee64       0xa0 obj_cooja/mtype20.a(csma.o)
                                         0xb8 (size before relaxing)
 .eh_frame      0x000000000002ef04      0x1d4 obj_cooja/mtype20.a(csma-output.o)
                                        0x1ec (size before relaxing)
 .eh_frame      0x000000000002f0d8      0x2e8 obj_cooja/mtype20.a(uip-ds6.o)
                                        0x300 (size before relaxing)
 .eh_frame      0x000000000002f3c0      0x248 obj_cooja/mtype20.a(tcp-socket.o)
                                        0x260 (size before relaxing)
 .eh_frame      0x000000000002f608      0x308 obj_cooja/mtype20.a(tcpip.o)
                                        0x320 (size before relaxing)
 .eh_frame      0x000000000002f910      0x220 obj_cooja/mtype20.a(uip-ds6-route.o)
                                        0x238 (size before relaxing)
 .eh_frame      0x000000000002fb30      0x274 obj_cooja/mtype20.a(uip6.o)
                                        0x28c (size before relaxing)
 .eh_frame      0x000000000002fda4      0x1c0 obj_cooja/mtype20.a(uip-ds6-nbr.o)
                                        0x1d8 (size before relaxing)
 .eh_frame      0x000000000002ff64       0x84 obj_cooja/mtype20.a(uip-nd6.o)
                                         0x9c (size before relaxing)
 .eh_frame      0x000000000002ffe8      0x2f8 obj_cooja/mtype20.a(sicslowpan.o)
                                        0x310 (size before relaxing)
 .eh_frame      0x00000000000302e0       0x88 obj_cooja/mtype20.a(uiplib.o)
                                         0xa0 (size before relaxing)
 .eh_frame      0x0000000000030368      0x1e0 obj_cooja/mtype20.a(rpl.o)
                                        0x1f8 (size before relaxing)
 .eh_frame      0x0000000000030548      0x1c4 obj_cooja/mtype20.a(rpl-icmp6.o)
                                        0x1dc (size before relaxing)
 .eh_frame      0x000000000003070c      0x370 obj_cooja/mtype20.a(rpl-dag.o)
                                        0x388 (size before relaxing)
 .eh_frame      0x0000000000030a7c       0xa0 obj_cooja/mtype20.a(rpl-dag-root.o)
                                         0xb8 (size before relaxing)
 .eh_frame      0x0000000000030b1c       0xa0 obj_cooja/mtype20.a(watchdog.o)
                                         0xb8 (size before relaxing)
 .eh_frame      0x0000000000030bbc       0xc4 obj_cooja/mtype20.a(stimer.o)
                                         0xdc (size before relaxing)
 .eh_frame      0x0000000000030c80       0xa0 obj_cooja/mtype20.a(memb.o)
                                         0xb8 (size before relaxing)
 .eh_frame      0x0000000000030d20      0x1a0 obj_cooja/mtype20.a(queuebuf.o)
                                        0x1b8 (size before relaxing)
 .eh_frame      0x0000000000030ec0      0x2ac obj_cooja/mtype20.a(nbr-table.o)
                                        0x2c4 (size before relaxing)
 .eh_frame      0x000000000003116c      0x100 obj_cooja/mtype20.a(link-stats.o)
                                        0x118 (size before relaxing)
 .eh_frame      0x000000000003126c       0x48 obj_cooja/mtype20.a(mac-sequence.o)
                                         0x60 (size before relaxing)
 .eh_frame      0x00000000000312b4       0x20 obj_cooja/mtype20.a(mac.o)
                                         0x38 (size before relaxing)
 .eh_frame      0x00000000000312d4       0xa4 obj_cooja/mtype20.a(framer-802154.o)
                                         0xbc (size before relaxing)
 .eh_frame      0x0000000000031378      0x1a4 obj_cooja/mtype20.a(frame802154.o)
                                        0x1bc (size before relaxing)
 .eh_frame      0x000000000003151c      0x100 obj_cooja/mtype20.a(uipbuf.o)
                                        0x118 (size before relaxing)
 .eh_frame      0x000000000003161c      0x160 obj_cooja/mtype20.a(uip-icmp6.o)
                                        0x178 (size before relaxing)
 .eh_frame      0x000000000003177c      0x184 obj_cooja/mtype20.a(uip-sr.o)
                                        0x19c (size before relaxing)
 .eh_frame      0x0000000000031900       0xe0 obj_cooja/mtype20.a(uip-packetqueue)
                                         0xf8 (size before relaxing)
 .eh_frame      0x00000000000319e0       0x80 obj_cooja/mtype20.a(rpl-nbr-policy.)
                                         0x98 (size before relaxing)
 .eh_frame      0x0000000000031a60      0x2d4 obj_cooja/mtype20.a(rpl-neighbor.o)
                                        0x2ec (size before relaxing)
 .eh_frame      0x0000000000031d34      0x368 obj_cooja/mtype20.a(rpl-timers.o)
                                        0x380 (size before relaxing)
 .eh_frame      0x000000000003209c      0x128 obj_cooja/mtype20.a(rpl-ext-header.)
                                        0x140 (size before relaxing)
 .eh_frame      0x00000000000321c4      0x148 obj_cooja/mtype20.a(rpl-mrhof.o)
                                        0x160 (size before relaxing)
 .eh_frame      0x000000000003230c        0x4 /usr/lib/gcc/i686-linux-gnu/5/crtendS.o
 *(.eh_frame.*)

.gcc_except_table
 *(.gcc_except_table .gcc_except_table.*)

.gnu_extab
 *(.gnu_extab*)

.exception_ranges
 *(.exception_ranges .exception_ranges*)
                0x0000000000033f10                . = DATA_SEGMENT_ALIGN (0x1000, 0x1000)

.eh_frame
 *(.eh_frame)
 *(.eh_frame.*)

.gnu_extab
 *(.gnu_extab)

.gcc_except_table
 *(.gcc_except_table .gcc_except_table.*)

.exception_ranges
 *(.exception_ranges .exception_ranges*)

.tdata
 *(.tdata .tdata.* .gnu.linkonce.td.*)

.tbss
 *(.tbss .tbss.* .gnu.linkonce.tb.*)
 *(.tcommon)

.preinit_array
 *(.preinit_array)

.init_array     0x0000000000033f10        0x4
 *(SORT(.init_array.*) SORT(.ctors.*))
 *(.init_array EXCLUDE_FILE(*crtend?.o *crtend.o *crtbegin?.o *crtbegin.o) .ctors)
 .init_array    0x0000000000033f10        0x4 /usr/lib/gcc/i686-linux-gnu/5/crtbeginS.o

.fini_array     0x0000000000033f14        0x4
 *(SORT(.fini_array.*) SORT(.dtors.*))
 *(.fini_array EXCLUDE_FILE(*crtend?.o *crtend.o *crtbegin?.o *crtbegin.o) .dtors)
 .fini_array    0x0000000000033f14        0x4 /usr/lib/gcc/i686-linux-gnu/5/crtbeginS.o

.ctors
 *crtbegin.o(.ctors)
 *crtbegin?.o(.ctors)
 *(EXCLUDE_FILE(*crtend?.o *crtend.o) .ctors)
 *(SORT(.ctors.*))
 *(.ctors)

.dtors
 *crtbegin.o(.dtors)
 *crtbegin?.o(.dtors)
 *(EXCLUDE_FILE(*crtend?.o *crtend.o) .dtors)
 *(SORT(.dtors.*))
 *(.dtors)

.jcr            0x0000000000033f18        0x4
 *(.jcr)
 .jcr           0x0000000000033f18        0x0 /usr/lib/gcc/i686-linux-gnu/5/crtbeginS.o
 .jcr           0x0000000000033f18        0x4 /usr/lib/gcc/i686-linux-gnu/5/crtendS.o

.data.rel.ro
 *(.data.rel.ro.local* .gnu.linkonce.d.rel.ro.local.*)
 *(.data.rel.ro .data.rel.ro.* .gnu.linkonce.d.rel.ro.*)

.dynamic        0x0000000000033f1c       0xd0
 *(.dynamic)
 .dynamic       0x0000000000033f1c       0xd0 /usr/lib/gcc/i686-linux-gnu/5/../../../i386-linux-gnu/crti.o
                0x0000000000033f1c                _DYNAMIC

.got            0x0000000000033fec       0x14
 *(.got)
 .got           0x0000000000033fec       0x14 /usr/lib/gcc/i686-linux-gnu/5/../../../i386-linux-gnu/crti.o
 *(.igot)
                0x0000000000034ff4                . = DATA_SEGMENT_RELRO_END (., (SIZEOF (.got.plt) >= 0xc)?0xc:0x0)

.got.plt        0x0000000000034000        0xc
 *(.got.plt)
 .got.plt       0x0000000000034000        0xc /usr/lib/gcc/i686-linux-gnu/5/../../../i386-linux-gnu/crti.o
                0x0000000000034000                _GLOBAL_OFFSET_TABLE_
 *(.igot.plt)

.data           0x0000000000034020      0x324
 *(.data .data.* .gnu.linkonce.d.*)
 .data          0x0000000000034020        0x0 /usr/lib/gcc/i686-linux-gnu/5/../../../i386-linux-gnu/crti.o
 .data          0x0000000000034020        0x0 /usr/lib/gcc/i686-linux-gnu/5/crtbeginS.o
 .data.rel.local
                0x0000000000034020        0x4 /usr/lib/gcc/i686-linux-gnu/5/crtbeginS.o
                0x0000000000034020                __dso_handle
 .data          0x0000000000034024       0x14 mqtt-demo.o
                0x0000000000034028                mqtt_demo_process
 *fill*         0x0000000000034038        0x8 
 .data          0x0000000000034040       0x44 obj_cooja/mtype20.o
                0x0000000000034040                simInterfaces
                0x0000000000034074                sensors
 .data          0x0000000000034084        0x0 obj_cooja/mtype20.a(simEnvChange.o)
 .data          0x0000000000034084        0x0 obj_cooja/mtype20.a(cooja_mt.o)
 .data          0x0000000000034084        0x0 obj_cooja/mtype20.a(cooja_mtarch.o)
 .data          0x0000000000034084        0x0 obj_cooja/mtype20.a(rtimer-arch.o)
 .data          0x0000000000034084        0x0 obj_cooja/mtype20.a(beep.o)
 .data          0x0000000000034084        0x0 obj_cooja/mtype20.a(button-sensor.o)
 .data          0x0000000000034084        0x0 obj_cooja/mtype20.a(leds-arch.o)
 .data          0x0000000000034084        0x0 obj_cooja/mtype20.a(moteid.o)
 .data          0x0000000000034084        0x0 obj_cooja/mtype20.a(pir-sensor.o)
 .data          0x0000000000034084        0x0 obj_cooja/mtype20.a(rs232.o)
 .data          0x0000000000034084        0x0 obj_cooja/mtype20.a(vib-sensor.o)
 .data          0x0000000000034084        0x0 obj_cooja/mtype20.a(clock.o)
 .data          0x0000000000034084        0x0 obj_cooja/mtype20.a(cooja-log.o)
 .data          0x0000000000034084        0x0 obj_cooja/mtype20.a(cfs-cooja.o)
 .data          0x0000000000034084       0x2c obj_cooja/mtype20.a(cooja-radio.o)
                0x0000000000034084                simRadioHWOn
                0x0000000000034088                simSignalStrength
                0x000000000003408c                simLastSignalStrength
                0x0000000000034090                simPower
                0x0000000000034094                simRadioChannel
                0x0000000000034098                simLQI
                0x00000000000340a0                cooja_radio_process
 .data          0x00000000000340b0        0x0 obj_cooja/mtype20.a(eeprom.o)
 .data          0x00000000000340b0        0x0 obj_cooja/mtype20.a(random.o)
 .data          0x00000000000340b0       0x10 obj_cooja/mtype20.a(sensors.o)
                0x00000000000340b0                sensors_process
 .data          0x00000000000340c0        0x0 obj_cooja/mtype20.a(leds.o)
 .data          0x00000000000340c0       0x14 obj_cooja/mtype20.a(mqtt.o)
                0x00000000000340c4                mqtt_process
 .data          0x00000000000340d4        0x0 obj_cooja/mtype20.a(contiki-main.o)
 .data          0x00000000000340d4        0x0 obj_cooja/mtype20.a(autostart.o)
 .data          0x00000000000340d4       0x14 obj_cooja/mtype20.a(ctimer.o)
                0x00000000000340d8                ctimer_process
 .data          0x00000000000340e8        0x0 obj_cooja/mtype20.a(energest.o)
 .data          0x00000000000340e8       0x10 obj_cooja/mtype20.a(etimer.o)
                0x00000000000340e8                etimer_process
 *fill*         0x00000000000340f8        0x8 
 .data          0x0000000000034100       0xb0 obj_cooja/mtype20.a(log.o)
                0x0000000000034100                curr_log_level_main
                0x0000000000034120                all_modules
 .data          0x00000000000341b0        0x0 obj_cooja/mtype20.a(process.o)
 .data          0x00000000000341b0        0x0 obj_cooja/mtype20.a(rtimer.o)
 .data          0x00000000000341b0        0x0 obj_cooja/mtype20.a(node-id.o)
 .data          0x00000000000341b0        0x0 obj_cooja/mtype20.a(timer.o)
 .data          0x00000000000341b0       0x10 obj_cooja/mtype20.a(serial-line.o)
                0x00000000000341b0                serial_line_process
 .data          0x00000000000341c0        0x0 obj_cooja/mtype20.a(list.o)
 .data          0x00000000000341c0        0x0 obj_cooja/mtype20.a(ringbuf.o)
 .data          0x00000000000341c0        0x4 obj_cooja/mtype20.a(packetbuf.o)
 .data          0x00000000000341c4        0x4 obj_cooja/mtype20.a(netstack.o)
 .data          0x00000000000341c8        0x0 obj_cooja/mtype20.a(linkaddr.o)
 .data          0x00000000000341c8        0x0 obj_cooja/mtype20.a(csma.o)
 .data          0x00000000000341c8       0x28 obj_cooja/mtype20.a(csma-output.o)
 .data          0x00000000000341f0        0x0 obj_cooja/mtype20.a(uip-ds6.o)
 .data          0x00000000000341f0       0x14 obj_cooja/mtype20.a(tcp-socket.o)
                0x00000000000341f4                tcp_socket_process
 .data          0x0000000000034204       0x10 obj_cooja/mtype20.a(tcpip.o)
                0x0000000000034204                tcpip_process
 .data          0x0000000000034214       0x10 obj_cooja/mtype20.a(uip-ds6-route.o)
 .data          0x0000000000034224        0x0 obj_cooja/mtype20.a(uip6.o)
 .data          0x0000000000034224       0x14 obj_cooja/mtype20.a(uip-ds6-nbr.o)
                0x0000000000034234                ds6_neighbors
 .data          0x0000000000034238        0xc obj_cooja/mtype20.a(uip-nd6.o)
 .data          0x0000000000034244        0x0 obj_cooja/mtype20.a(sicslowpan.o)
 .data          0x0000000000034244        0x0 obj_cooja/mtype20.a(uiplib.o)
 .data          0x0000000000034244        0x0 obj_cooja/mtype20.a(rpl.o)
 .data          0x0000000000034244       0x30 obj_cooja/mtype20.a(rpl-icmp6.o)
 .data          0x0000000000034274        0x0 obj_cooja/mtype20.a(rpl-dag.o)
 .data          0x0000000000034274        0x0 obj_cooja/mtype20.a(rpl-dag-root.o)
 .data          0x0000000000034274        0x0 obj_cooja/mtype20.a(watchdog.o)
 .data          0x0000000000034274        0x0 obj_cooja/mtype20.a(stimer.o)
 .data          0x0000000000034274        0x0 obj_cooja/mtype20.a(memb.o)
 .data          0x0000000000034274       0x18 obj_cooja/mtype20.a(queuebuf.o)
 .data          0x000000000003428c       0x10 obj_cooja/mtype20.a(nbr-table.o)
 .data          0x000000000003429c       0x14 obj_cooja/mtype20.a(link-stats.o)
 .data          0x00000000000342b0        0x0 obj_cooja/mtype20.a(mac-sequence.o)
 .data          0x00000000000342b0        0x0 obj_cooja/mtype20.a(mac.o)
 .data          0x00000000000342b0        0x0 obj_cooja/mtype20.a(framer-802154.o)
 .data          0x00000000000342b0        0x2 obj_cooja/mtype20.a(frame802154.o)
 .data          0x00000000000342b2        0x0 obj_cooja/mtype20.a(uipbuf.o)
 *fill*         0x00000000000342b2        0x2 
 .data          0x00000000000342b4       0x20 obj_cooja/mtype20.a(uip-icmp6.o)
 .data          0x00000000000342d4       0x10 obj_cooja/mtype20.a(uip-sr.o)
 .data          0x00000000000342e4        0xc obj_cooja/mtype20.a(uip-packetqueue)
 .data          0x00000000000342f0        0x0 obj_cooja/mtype20.a(rpl-nbr-policy.)
 .data          0x00000000000342f0       0x14 obj_cooja/mtype20.a(rpl-neighbor.o)
                0x0000000000034300                rpl_neighbors
 .data          0x0000000000034304        0x0 obj_cooja/mtype20.a(rpl-timers.o)
 .data          0x0000000000034304        0x0 obj_cooja/mtype20.a(rpl-ext-header.)
 *fill*         0x0000000000034304       0x1c 
 .data          0x0000000000034320       0x24 obj_cooja/mtype20.a(rpl-mrhof.o)
                0x0000000000034320                rpl_mrhof
 .data          0x0000000000034344        0x0 /usr/lib/gcc/i686-linux-gnu/5/crtendS.o
 .data          0x0000000000034344        0x0 /usr/lib/gcc/i686-linux-gnu/5/../../../i386-linux-gnu/crtn.o

.tm_clone_table
                0x0000000000034344        0x0
 .tm_clone_table
                0x0000000000034344        0x0 /usr/lib/gcc/i686-linux-gnu/5/crtbeginS.o
 .tm_clone_table
                0x0000000000034344        0x0 /usr/lib/gcc/i686-linux-gnu/5/crtendS.o

.data1
 *(.data1)
                0x0000000000034344                _edata = .
                [!provide]                        PROVIDE (edata, .)
                0x0000000000034344                . = .
                0x0000000000034344                __bss_start = .

.bss            0x0000000000034360    0x14640
 *(.dynbss)
 .dynbss        0x0000000000034360        0x0 /usr/lib/gcc/i686-linux-gnu/5/../../../i386-linux-gnu/crti.o
 *(.bss .bss.* .gnu.linkonce.b.*)
 .bss           0x0000000000034360        0x0 /usr/lib/gcc/i686-linux-gnu/5/../../../i386-linux-gnu/crti.o
 .bss           0x0000000000034360        0x1 /usr/lib/gcc/i686-linux-gnu/5/crtbeginS.o
 *fill*         0x0000000000034361       0x1f 
 .bss           0x0000000000034380      0xbb0 mqtt-demo.o
 *fill*         0x0000000000034f30       0x10 
 .bss           0x0000000000034f40     0x2030 obj_cooja/mtype20.o
 .bss           0x0000000000036f70        0x1 obj_cooja/mtype20.a(simEnvChange.o)
                0x0000000000036f70                simDontFallAsleep
 *fill*         0x0000000000036f71        0x3 
 .bss           0x0000000000036f74        0x4 obj_cooja/mtype20.a(cooja_mt.o)
 .bss           0x0000000000036f78        0x4 obj_cooja/mtype20.a(cooja_mtarch.o)
 .bss           0x0000000000036f7c        0x0 obj_cooja/mtype20.a(rtimer-arch.o)
 .bss           0x0000000000036f7c        0x0 obj_cooja/mtype20.a(beep.o)
 .bss           0x0000000000036f7c        0x8 obj_cooja/mtype20.a(button-sensor.o)
 .bss           0x0000000000036f84        0x0 obj_cooja/mtype20.a(leds-arch.o)
 .bss           0x0000000000036f84        0x0 obj_cooja/mtype20.a(moteid.o)
 .bss           0x0000000000036f84        0x1 obj_cooja/mtype20.a(pir-sensor.o)
                0x0000000000036f84                simPirValue
 *fill*         0x0000000000036f85        0x3 
 .bss           0x0000000000036f88        0x4 obj_cooja/mtype20.a(rs232.o)
 .bss           0x0000000000036f8c        0x1 obj_cooja/mtype20.a(vib-sensor.o)
                0x0000000000036f8c                simVibValue
 .bss           0x0000000000036f8d        0x0 obj_cooja/mtype20.a(clock.o)
 *fill*         0x0000000000036f8d       0x13 
 .bss           0x0000000000036fa0     0x2020 obj_cooja/mtype20.a(cooja-log.o)
 .bss           0x0000000000038fc0      0xfc0 obj_cooja/mtype20.a(cfs-cooja.o)
                0x0000000000038fc0                simCFSData
                0x0000000000039f60                simCFSSize
                0x0000000000039f64                simCFSChanged
                0x0000000000039f68                simCFSRead
                0x0000000000039f6c                simCFSWritten
 .bss           0x0000000000039f80       0x24 obj_cooja/mtype20.a(cooja-radio.o)
                0x0000000000039f80                simReceiving
                0x0000000000039f84                simInSize
                0x0000000000039f88                simLastPacketTimestamp
                0x0000000000039f90                simOutSize
 .bss           0x0000000000039fa4        0xc obj_cooja/mtype20.a(eeprom.o)
                0x0000000000039fa4                simEEPROMChanged
                0x0000000000039fa8                simEEPROMRead
                0x0000000000039fac                simEEPROMWritten
 .bss           0x0000000000039fb0        0x0 obj_cooja/mtype20.a(random.o)
 .bss           0x0000000000039fb0        0xc obj_cooja/mtype20.a(sensors.o)
 .bss           0x0000000000039fbc        0x0 obj_cooja/mtype20.a(leds.o)
 .bss           0x0000000000039fbc       0x15 obj_cooja/mtype20.a(mqtt.o)
 .bss           0x0000000000039fd1        0x0 obj_cooja/mtype20.a(contiki-main.o)
 .bss           0x0000000000039fd1        0x0 obj_cooja/mtype20.a(autostart.o)
 *fill*         0x0000000000039fd1        0x3 
 .bss           0x0000000000039fd4        0x5 obj_cooja/mtype20.a(ctimer.o)
 .bss           0x0000000000039fd9        0x0 obj_cooja/mtype20.a(energest.o)
 *fill*         0x0000000000039fd9        0x3 
 .bss           0x0000000000039fdc        0x8 obj_cooja/mtype20.a(etimer.o)
 .bss           0x0000000000039fe4       0x28 obj_cooja/mtype20.a(log.o)
                0x0000000000039fe4                curr_log_level_rpl
                0x0000000000039fe8                curr_log_level_tcpip
                0x0000000000039fec                curr_log_level_ipv6
                0x0000000000039ff0                curr_log_level_6lowpan
                0x0000000000039ff4                curr_log_level_nullnet
                0x0000000000039ff8                curr_log_level_mac
                0x0000000000039ffc                curr_log_level_framer
                0x000000000003a000                curr_log_level_6top
                0x000000000003a004                curr_log_level_coap
                0x000000000003a008                curr_log_level_lwm2m
 *fill*         0x000000000003a00c       0x14 
 .bss           0x000000000003a020      0x1a1 obj_cooja/mtype20.a(process.o)
                0x000000000003a020                process_list
                0x000000000003a024                process_current
 *fill*         0x000000000003a1c1        0x3 
 .bss           0x000000000003a1c4        0x4 obj_cooja/mtype20.a(rtimer.o)
 .bss           0x000000000003a1c8        0x2 obj_cooja/mtype20.a(node-id.o)
                0x000000000003a1c8                node_id
 .bss           0x000000000003a1ca        0x0 obj_cooja/mtype20.a(timer.o)
 *fill*         0x000000000003a1ca       0x16 
 .bss           0x000000000003a1e0      0x140 obj_cooja/mtype20.a(serial-line.o)
 .bss           0x000000000003a320        0x0 obj_cooja/mtype20.a(list.o)
 .bss           0x000000000003a320        0x0 obj_cooja/mtype20.a(ringbuf.o)
 .bss           0x000000000003a320       0xa0 obj_cooja/mtype20.a(packetbuf.o)
 .bss           0x000000000003a3c0        0x4 obj_cooja/mtype20.a(netstack.o)
 .bss           0x000000000003a3c4        0x0 obj_cooja/mtype20.a(linkaddr.o)
 .bss           0x000000000003a3c4        0x0 obj_cooja/mtype20.a(csma.o)
 *fill*         0x000000000003a3c4       0x1c 
 .bss           0x000000000003a3e0      0x726 obj_cooja/mtype20.a(csma-output.o)
 *fill*         0x000000000003ab06        0x2 
 .bss           0x000000000003ab08       0x20 obj_cooja/mtype20.a(uip-ds6.o)
 .bss           0x000000000003ab28        0x5 obj_cooja/mtype20.a(tcp-socket.o)
 *fill*         0x000000000003ab2d       0x13 
 .bss           0x000000000003ab40       0xc4 obj_cooja/mtype20.a(tcpip.o)
 *fill*         0x000000000003ac04       0x1c 
 .bss           0x000000000003ac20       0x60 obj_cooja/mtype20.a(uip-ds6-route.o)
 .bss           0x000000000003ac80        0xc obj_cooja/mtype20.a(uip6.o)
                0x000000000003ac80                uip_ext_bitmap
                0x000000000003ac81                uip_ext_len
                0x000000000003ac82                uip_ext_opt_offset
 *fill*         0x000000000003ac8c       0x14 
 .bss           0x000000000003aca0     0x1c20 obj_cooja/mtype20.a(uip-ds6-nbr.o)
 .bss           0x000000000003c8c0       0x10 obj_cooja/mtype20.a(uip-nd6.o)
 *fill*         0x000000000003c8d0       0x10 
 .bss           0x000000000003c8e0      0x724 obj_cooja/mtype20.a(sicslowpan.o)
 .bss           0x000000000003d004        0x0 obj_cooja/mtype20.a(uiplib.o)
 .bss           0x000000000003d004        0x1 obj_cooja/mtype20.a(rpl.o)
 .bss           0x000000000003d005        0x0 obj_cooja/mtype20.a(rpl-icmp6.o)
 .bss           0x000000000003d005        0x0 obj_cooja/mtype20.a(rpl-dag.o)
 *fill*         0x000000000003d005        0x3 
 .bss           0x000000000003d008       0x11 obj_cooja/mtype20.a(rpl-dag-root.o)
 .bss           0x000000000003d019        0x0 obj_cooja/mtype20.a(watchdog.o)
 .bss           0x000000000003d019        0x0 obj_cooja/mtype20.a(stimer.o)
 .bss           0x000000000003d019        0x0 obj_cooja/mtype20.a(memb.o)
 *fill*         0x000000000003d019        0x7 
 .bss           0x000000000003d020     0x2c80 obj_cooja/mtype20.a(queuebuf.o)
 .bss           0x000000000003fca0     0x1214 obj_cooja/mtype20.a(nbr-table.o)
 *fill*         0x0000000000040eb4        0xc 
 .bss           0x0000000000040ec0      0xe10 obj_cooja/mtype20.a(link-stats.o)
 *fill*         0x0000000000041cd0       0x10 
 .bss           0x0000000000041ce0      0x100 obj_cooja/mtype20.a(mac-sequence.o)
 .bss           0x0000000000041de0        0x0 obj_cooja/mtype20.a(mac.o)
 .bss           0x0000000000041de0        0x2 obj_cooja/mtype20.a(framer-802154.o)
 .bss           0x0000000000041de2        0x0 obj_cooja/mtype20.a(frame802154.o)
 *fill*         0x0000000000041de2        0x2 
 .bss           0x0000000000041de4        0xc obj_cooja/mtype20.a(uipbuf.o)
 .bss           0x0000000000041df0       0x18 obj_cooja/mtype20.a(uip-icmp6.o)
 *fill*         0x0000000000041e08       0x18 
 .bss           0x0000000000041e20     0x1d80 obj_cooja/mtype20.a(uip-sr.o)
 .bss           0x0000000000043ba0      0xa78 obj_cooja/mtype20.a(uip-packetqueue)
 .bss           0x0000000000044618        0xe obj_cooja/mtype20.a(rpl-nbr-policy.)
 *fill*         0x0000000000044626       0x1a 
 .bss           0x0000000000044640      0x960 obj_cooja/mtype20.a(rpl-neighbor.o)
 .bss           0x0000000000044fa0       0x40 obj_cooja/mtype20.a(rpl-timers.o)
 .bss           0x0000000000044fe0        0x0 obj_cooja/mtype20.a(rpl-ext-header.)
 .bss           0x0000000000044fe0        0x0 obj_cooja/mtype20.a(rpl-mrhof.o)
 .bss           0x0000000000044fe0        0x0 /usr/lib/gcc/i686-linux-gnu/5/crtendS.o
 .bss           0x0000000000044fe0        0x0 /usr/lib/gcc/i686-linux-gnu/5/../../../i386-linux-gnu/crtn.o
 *(COMMON)
 COMMON         0x0000000000044fe0        0x8 obj_cooja/mtype20.o
                0x0000000000044fe0                referenceVar
                0x0000000000044fe4                sensors_flags
 COMMON         0x0000000000044fe8        0xc obj_cooja/mtype20.a(simEnvChange.o)
                0x0000000000044fe8                simEtimerPending
                0x0000000000044fec                simProcessRunValue
                0x0000000000044ff0                simEtimerNextExpirationTime
 *fill*         0x0000000000044ff4        0x4 
 COMMON         0x0000000000044ff8       0x18 obj_cooja/mtype20.a(rtimer-arch.o)
                0x0000000000044ff8                simRtimerPending
                0x0000000000045000                simRtimerCurrentTicks
                0x0000000000045008                simRtimerNextExpirationTime
 COMMON         0x0000000000045010        0x1 obj_cooja/mtype20.a(beep.o)
                0x0000000000045010                simBeeped
 COMMON         0x0000000000045011        0x3 obj_cooja/mtype20.a(button-sensor.o)
                0x0000000000045011                simButtonIsActive
                0x0000000000045012                simButtonIsDown
                0x0000000000045013                simButtonChanged
 COMMON         0x0000000000045014        0x1 obj_cooja/mtype20.a(leds-arch.o)
                0x0000000000045014                simLedsValue
 *fill*         0x0000000000045015        0x3 
 COMMON         0x0000000000045018        0xc obj_cooja/mtype20.a(moteid.o)
                0x0000000000045018                simRandomSeed
                0x000000000004501c                simMoteIDChanged
                0x0000000000045020                simMoteID
 COMMON         0x0000000000045024        0x2 obj_cooja/mtype20.a(pir-sensor.o)
                0x0000000000045024                simPirIsActive
                0x0000000000045025                simPirChanged
 *fill*         0x0000000000045026       0x1a 
 COMMON         0x0000000000045040      0x820 obj_cooja/mtype20.a(rs232.o)
                0x0000000000045040                simSerialReceivingFlag
                0x0000000000045044                simSerialReceivingLength
                0x0000000000045060                simSerialReceivingData
 COMMON         0x0000000000045860        0x2 obj_cooja/mtype20.a(vib-sensor.o)
                0x0000000000045860                simVibChanged
                0x0000000000045861                simVibIsActive
 *fill*         0x0000000000045862        0x2 
 COMMON         0x0000000000045864        0x4 obj_cooja/mtype20.a(clock.o)
                0x0000000000045864                simCurrentTime
 *fill*         0x0000000000045868       0x18 
 COMMON         0x0000000000045880     0x2020 obj_cooja/mtype20.a(cooja-log.o)
                0x0000000000045880                simLoggedLength
                0x0000000000045884                simLoggedFlag
                0x00000000000458a0                simLoggedData
 COMMON         0x00000000000478a0      0x100 obj_cooja/mtype20.a(cooja-radio.o)
                0x00000000000478a0                simOutDataBuffer
                0x0000000000047920                simInDataBuffer
 COMMON         0x00000000000479a0      0x400 obj_cooja/mtype20.a(eeprom.o)
                0x00000000000479a0                simEEPROMData
 COMMON         0x0000000000047da0        0x1 obj_cooja/mtype20.a(sensors.o)
                0x0000000000047da0                sensors_event
 COMMON         0x0000000000047da1        0x1 obj_cooja/mtype20.a(mqtt.o)
                0x0000000000047da1                mqtt_update_event
 *fill*         0x0000000000047da2        0x2 
 COMMON         0x0000000000047da4       0x50 obj_cooja/mtype20.a(contiki-main.o)
                0x0000000000047da4                eb_per_time_source
                0x0000000000047db8                unicast_per_neighbor_rpl_storing
                0x0000000000047dcc                unicast_per_neighbor_rpl_ns
                0x0000000000047de0                default_common
 COMMON         0x0000000000047df4        0x1 obj_cooja/mtype20.a(serial-line.o)
                0x0000000000047df4                serial_line_event_message
 *fill*         0x0000000000047df5        0x3 
 COMMON         0x0000000000047df8       0x2c obj_cooja/mtype20.a(packetbuf.o)
                0x0000000000047df8                packetbuf_attrs
                0x0000000000047e14                packetbuf_addrs
 COMMON         0x0000000000047e24        0x8 obj_cooja/mtype20.a(linkaddr.o)
                0x0000000000047e24                linkaddr_node_addr
 *fill*         0x0000000000047e2c       0x14 
 COMMON         0x0000000000047e40      0x181 obj_cooja/mtype20.a(uip-ds6.o)
                0x0000000000047e40                uip_ds6_prefix_list
                0x0000000000047ea0                uip_ds6_timer_periodic
                0x0000000000047eb0                uip_ds6_netif_addr_list_offset
                0x0000000000047ec0                uip_ds6_if
                0x0000000000047fb8                uip_ds6_timer_ra
                0x0000000000047fc0                uip_ds6_addr_size
 COMMON         0x0000000000047fc1        0x1 obj_cooja/mtype20.a(tcpip.o)
                0x0000000000047fc1                tcpip_event
 *fill*         0x0000000000047fc2       0x1e 
 COMMON         0x0000000000047fe0      0x80c obj_cooja/mtype20.a(uip6.o)
                0x0000000000047fe0                uip_slen
                0x0000000000047fe4                uip_acc32
                0x0000000000048000                uip_conns
                0x0000000000048180                uip_lladdr
                0x0000000000048188                uip_appdata
                0x000000000004818c                uip_flags
                0x00000000000481a0                uip_aligned_buf
                0x00000000000486a0                uip_listenports
                0x00000000000486c8                uip_len
                0x00000000000486cc                uip_sappdata
                0x00000000000486e0                uip_udp_conns
                0x00000000000487e0                uip_udp_conn
                0x00000000000487e4                uip_next_hdr
                0x00000000000487e8                uip_conn
 COMMON         0x00000000000487ec       0x10 obj_cooja/mtype20.a(rpl.o)
                0x00000000000487ec                rpl_multicast_addr
 *fill*         0x00000000000487fc        0x4 
 COMMON         0x0000000000048800      0x164 obj_cooja/mtype20.a(rpl-dag.o)
                0x0000000000048800                curr_instance
 *fill*         0x0000000000048964       0x1c 
 COMMON         0x0000000000048980       0x20 obj_cooja/mtype20.a(link-stats.o)
                0x0000000000048980                periodic_timer
                0x00000000000489a0                . = ALIGN ((. != 0x0)?0x4:0x1)
                0x00000000000489a0                . = ALIGN (0x4)
                0x00000000000489a0                . = SEGMENT_START ("ldata-segment", .)
                0x00000000000489a0                . = ALIGN (0x4)
                0x00000000000489a0                _end = .
                [!provide]                        PROVIDE (end, .)
                0x00000000000489a0                . = DATA_SEGMENT_END (.)

.stab
 *(.stab)

.stabstr
 *(.stabstr)

.stab.excl
 *(.stab.excl)

.stab.exclstr
 *(.stab.exclstr)

.stab.index
 *(.stab.index)

.stab.indexstr
 *(.stab.indexstr)

.comment        0x0000000000000000       0x35
 *(.comment)
 .comment       0x0000000000000000       0x35 /usr/lib/gcc/i686-linux-gnu/5/crtbeginS.o
                                         0x36 (size before relaxing)
 .comment       0x0000000000000035       0x36 mqtt-demo.o
 .comment       0x0000000000000035       0x36 obj_cooja/mtype20.o
 .comment       0x0000000000000035       0x36 obj_cooja/mtype20.a(simEnvChange.o)
 .comment       0x0000000000000035       0x36 obj_cooja/mtype20.a(cooja_mt.o)
 .comment       0x0000000000000035       0x36 obj_cooja/mtype20.a(cooja_mtarch.o)
 .comment       0x0000000000000035       0x36 obj_cooja/mtype20.a(rtimer-arch.o)
 .comment       0x0000000000000035       0x36 obj_cooja/mtype20.a(beep.o)
 .comment       0x0000000000000035       0x36 obj_cooja/mtype20.a(button-sensor.o)
 .comment       0x0000000000000035       0x36 obj_cooja/mtype20.a(leds-arch.o)
 .comment       0x0000000000000035       0x36 obj_cooja/mtype20.a(moteid.o)
 .comment       0x0000000000000035       0x36 obj_cooja/mtype20.a(pir-sensor.o)
 .comment       0x0000000000000035       0x36 obj_cooja/mtype20.a(rs232.o)
 .comment       0x0000000000000035       0x36 obj_cooja/mtype20.a(vib-sensor.o)
 .comment       0x0000000000000035       0x36 obj_cooja/mtype20.a(clock.o)
 .comment       0x0000000000000035       0x36 obj_cooja/mtype20.a(cooja-log.o)
 .comment       0x0000000000000035       0x36 obj_cooja/mtype20.a(cfs-cooja.o)
 .comment       0x0000000000000035       0x36 obj_cooja/mtype20.a(cooja-radio.o)
 .comment       0x0000000000000035       0x36 obj_cooja/mtype20.a(eeprom.o)
 .comment       0x0000000000000035       0x36 obj_cooja/mtype20.a(random.o)
 .comment       0x0000000000000035       0x36 obj_cooja/mtype20.a(sensors.o)
 .comment       0x0000000000000035       0x36 obj_cooja/mtype20.a(leds.o)
 .comment       0x0000000000000035       0x36 obj_cooja/mtype20.a(mqtt.o)
 .comment       0x0000000000000035       0x36 obj_cooja/mtype20.a(contiki-main.o)
 .comment       0x0000000000000035       0x36 obj_cooja/mtype20.a(autostart.o)
 .comment       0x0000000000000035       0x36 obj_cooja/mtype20.a(ctimer.o)
 .comment       0x0000000000000035       0x36 obj_cooja/mtype20.a(energest.o)
 .comment       0x0000000000000035       0x36 obj_cooja/mtype20.a(etimer.o)
 .comment       0x0000000000000035       0x36 obj_cooja/mtype20.a(log.o)
 .comment       0x0000000000000035       0x36 obj_cooja/mtype20.a(process.o)
 .comment       0x0000000000000035       0x36 obj_cooja/mtype20.a(rtimer.o)
 .comment       0x0000000000000035       0x36 obj_cooja/mtype20.a(node-id.o)
 .comment       0x0000000000000035       0x36 obj_cooja/mtype20.a(timer.o)
 .comment       0x0000000000000035       0x36 obj_cooja/mtype20.a(serial-line.o)
 .comment       0x0000000000000035       0x36 obj_cooja/mtype20.a(list.o)
 .comment       0x0000000000000035       0x36 obj_cooja/mtype20.a(ringbuf.o)
 .comment       0x0000000000000035       0x36 obj_cooja/mtype20.a(packetbuf.o)
 .comment       0x0000000000000035       0x36 obj_cooja/mtype20.a(netstack.o)
 .comment       0x0000000000000035       0x36 obj_cooja/mtype20.a(linkaddr.o)
 .comment       0x0000000000000035       0x36 obj_cooja/mtype20.a(csma.o)
 .comment       0x0000000000000035       0x36 obj_cooja/mtype20.a(csma-output.o)
 .comment       0x0000000000000035       0x36 obj_cooja/mtype20.a(uip-ds6.o)
 .comment       0x0000000000000035       0x36 obj_cooja/mtype20.a(tcp-socket.o)
 .comment       0x0000000000000035       0x36 obj_cooja/mtype20.a(tcpip.o)
 .comment       0x0000000000000035       0x36 obj_cooja/mtype20.a(uip-ds6-route.o)
 .comment       0x0000000000000035       0x36 obj_cooja/mtype20.a(uip6.o)
 .comment       0x0000000000000035       0x36 obj_cooja/mtype20.a(uip-ds6-nbr.o)
 .comment       0x0000000000000035       0x36 obj_cooja/mtype20.a(uip-nd6.o)
 .comment       0x0000000000000035       0x36 obj_cooja/mtype20.a(sicslowpan.o)
 .comment       0x0000000000000035       0x36 obj_cooja/mtype20.a(uiplib.o)
 .comment       0x0000000000000035       0x36 obj_cooja/mtype20.a(rpl.o)
 .comment       0x0000000000000035       0x36 obj_cooja/mtype20.a(rpl-icmp6.o)
 .comment       0x0000000000000035       0x36 obj_cooja/mtype20.a(rpl-dag.o)
 .comment       0x0000000000000035       0x36 obj_cooja/mtype20.a(rpl-dag-root.o)
 .comment       0x0000000000000035       0x36 obj_cooja/mtype20.a(watchdog.o)
 .comment       0x0000000000000035       0x36 obj_cooja/mtype20.a(stimer.o)
 .comment       0x0000000000000035       0x36 obj_cooja/mtype20.a(memb.o)
 .comment       0x0000000000000035       0x36 obj_cooja/mtype20.a(queuebuf.o)
 .comment       0x0000000000000035       0x36 obj_cooja/mtype20.a(nbr-table.o)
 .comment       0x0000000000000035       0x36 obj_cooja/mtype20.a(link-stats.o)
 .comment       0x0000000000000035       0x36 obj_cooja/mtype20.a(mac-sequence.o)
 .comment       0x0000000000000035       0x36 obj_cooja/mtype20.a(mac.o)
 .comment       0x0000000000000035       0x36 obj_cooja/mtype20.a(framer-802154.o)
 .comment       0x0000000000000035       0x36 obj_cooja/mtype20.a(frame802154.o)
 .comment       0x0000000000000035       0x36 obj_cooja/mtype20.a(uipbuf.o)
 .comment       0x0000000000000035       0x36 obj_cooja/mtype20.a(uip-icmp6.o)
 .comment       0x0000000000000035       0x36 obj_cooja/mtype20.a(uip-sr.o)
 .comment       0x0000000000000035       0x36 obj_cooja/mtype20.a(uip-packetqueue)
 .comment       0x0000000000000035       0x36 obj_cooja/mtype20.a(rpl-nbr-policy.)
 .comment       0x0000000000000035       0x36 obj_cooja/mtype20.a(rpl-neighbor.o)
 .comment       0x0000000000000035       0x36 obj_cooja/mtype20.a(rpl-timers.o)
 .comment       0x0000000000000035       0x36 obj_cooja/mtype20.a(rpl-ext-header.)
 .comment       0x0000000000000035       0x36 obj_cooja/mtype20.a(rpl-mrhof.o)
 .comment       0x0000000000000035       0x36 /usr/lib/gcc/i686-linux-gnu/5/crtendS.o

.debug
 *(.debug)

.line
 *(.line)

.debug_srcinfo
 *(.debug_srcinfo)

.debug_sfnames
 *(.debug_sfnames)

.debug_aranges  0x0000000000000000      0x900
 *(.debug_aranges)
 .debug_aranges
                0x0000000000000000       0x20 mqtt-demo.o
 .debug_aranges
                0x0000000000000020       0x20 obj_cooja/mtype20.o
 .debug_aranges
                0x0000000000000040       0x20 obj_cooja/mtype20.a(simEnvChange.o)
 .debug_aranges
                0x0000000000000060       0x20 obj_cooja/mtype20.a(cooja_mt.o)
 .debug_aranges
                0x0000000000000080       0x20 obj_cooja/mtype20.a(cooja_mtarch.o)
 .debug_aranges
                0x00000000000000a0       0x20 obj_cooja/mtype20.a(rtimer-arch.o)
 .debug_aranges
                0x00000000000000c0       0x20 obj_cooja/mtype20.a(beep.o)
 .debug_aranges
                0x00000000000000e0       0x20 obj_cooja/mtype20.a(button-sensor.o)
 .debug_aranges
                0x0000000000000100       0x20 obj_cooja/mtype20.a(leds-arch.o)
 .debug_aranges
                0x0000000000000120       0x20 obj_cooja/mtype20.a(moteid.o)
 .debug_aranges
                0x0000000000000140       0x20 obj_cooja/mtype20.a(pir-sensor.o)
 .debug_aranges
                0x0000000000000160       0x20 obj_cooja/mtype20.a(rs232.o)
 .debug_aranges
                0x0000000000000180       0x20 obj_cooja/mtype20.a(vib-sensor.o)
 .debug_aranges
                0x00000000000001a0       0x20 obj_cooja/mtype20.a(clock.o)
 .debug_aranges
                0x00000000000001c0       0x20 obj_cooja/mtype20.a(cooja-log.o)
 .debug_aranges
                0x00000000000001e0       0x20 obj_cooja/mtype20.a(cfs-cooja.o)
 .debug_aranges